Archive member included to satisfy reference by file (symbol)

C:/ST/STM32CubeIDE_1.18.1/STM32CubeIDE/plugins/com.st.stm32cube.ide.mcu.externaltools.gnu-tools-for-stm32.13.3.rel1.win32_1.0.0.202411081344/tools/bin/../lib/gcc/arm-none-eabi/13.3.1/../../../../arm-none-eabi/lib/thumb/v7e-m+fp/hard\libc_nano.a(libc_a-exit.o)
                              C:/ST/STM32CubeIDE_1.18.1/STM32CubeIDE/plugins/com.st.stm32cube.ide.mcu.externaltools.gnu-tools-for-stm32.13.3.rel1.win32_1.0.0.202411081344/tools/bin/../lib/gcc/arm-none-eabi/13.3.1/../../../../arm-none-eabi/lib/thumb/v7e-m+fp/hard/crt0.o (exit)
C:/ST/STM32CubeIDE_1.18.1/STM32CubeIDE/plugins/com.st.stm32cube.ide.mcu.externaltools.gnu-tools-for-stm32.13.3.rel1.win32_1.0.0.202411081344/tools/bin/../lib/gcc/arm-none-eabi/13.3.1/../../../../arm-none-eabi/lib/thumb/v7e-m+fp/hard\libc_nano.a(libc_a-findfp.o)
                              C:/ST/STM32CubeIDE_1.18.1/STM32CubeIDE/plugins/com.st.stm32cube.ide.mcu.externaltools.gnu-tools-for-stm32.13.3.rel1.win32_1.0.0.202411081344/tools/bin/../lib/gcc/arm-none-eabi/13.3.1/../../../../arm-none-eabi/lib/thumb/v7e-m+fp/hard\libc_nano.a(libc_a-exit.o) (__stdio_exit_handler)
C:/ST/STM32CubeIDE_1.18.1/STM32CubeIDE/plugins/com.st.stm32cube.ide.mcu.externaltools.gnu-tools-for-stm32.13.3.rel1.win32_1.0.0.202411081344/tools/bin/../lib/gcc/arm-none-eabi/13.3.1/../../../../arm-none-eabi/lib/thumb/v7e-m+fp/hard\libc_nano.a(libc_a-fwalk.o)
                              C:/ST/STM32CubeIDE_1.18.1/STM32CubeIDE/plugins/com.st.stm32cube.ide.mcu.externaltools.gnu-tools-for-stm32.13.3.rel1.win32_1.0.0.202411081344/tools/bin/../lib/gcc/arm-none-eabi/13.3.1/../../../../arm-none-eabi/lib/thumb/v7e-m+fp/hard\libc_nano.a(libc_a-findfp.o) (_fwalk_sglue)
C:/ST/STM32CubeIDE_1.18.1/STM32CubeIDE/plugins/com.st.stm32cube.ide.mcu.externaltools.gnu-tools-for-stm32.13.3.rel1.win32_1.0.0.202411081344/tools/bin/../lib/gcc/arm-none-eabi/13.3.1/../../../../arm-none-eabi/lib/thumb/v7e-m+fp/hard\libc_nano.a(libc_a-stdio.o)
                              C:/ST/STM32CubeIDE_1.18.1/STM32CubeIDE/plugins/com.st.stm32cube.ide.mcu.externaltools.gnu-tools-for-stm32.13.3.rel1.win32_1.0.0.202411081344/tools/bin/../lib/gcc/arm-none-eabi/13.3.1/../../../../arm-none-eabi/lib/thumb/v7e-m+fp/hard\libc_nano.a(libc_a-findfp.o) (__sread)
C:/ST/STM32CubeIDE_1.18.1/STM32CubeIDE/plugins/com.st.stm32cube.ide.mcu.externaltools.gnu-tools-for-stm32.13.3.rel1.win32_1.0.0.202411081344/tools/bin/../lib/gcc/arm-none-eabi/13.3.1/../../../../arm-none-eabi/lib/thumb/v7e-m+fp/hard\libc_nano.a(libc_a-memset.o)
                              C:/ST/STM32CubeIDE_1.18.1/STM32CubeIDE/plugins/com.st.stm32cube.ide.mcu.externaltools.gnu-tools-for-stm32.13.3.rel1.win32_1.0.0.202411081344/tools/bin/../lib/gcc/arm-none-eabi/13.3.1/../../../../arm-none-eabi/lib/thumb/v7e-m+fp/hard/crt0.o (memset)
C:/ST/STM32CubeIDE_1.18.1/STM32CubeIDE/plugins/com.st.stm32cube.ide.mcu.externaltools.gnu-tools-for-stm32.13.3.rel1.win32_1.0.0.202411081344/tools/bin/../lib/gcc/arm-none-eabi/13.3.1/../../../../arm-none-eabi/lib/thumb/v7e-m+fp/hard\libc_nano.a(libc_a-closer.o)
                              C:/ST/STM32CubeIDE_1.18.1/STM32CubeIDE/plugins/com.st.stm32cube.ide.mcu.externaltools.gnu-tools-for-stm32.13.3.rel1.win32_1.0.0.202411081344/tools/bin/../lib/gcc/arm-none-eabi/13.3.1/../../../../arm-none-eabi/lib/thumb/v7e-m+fp/hard\libc_nano.a(libc_a-stdio.o) (_close_r)
C:/ST/STM32CubeIDE_1.18.1/STM32CubeIDE/plugins/com.st.stm32cube.ide.mcu.externaltools.gnu-tools-for-stm32.13.3.rel1.win32_1.0.0.202411081344/tools/bin/../lib/gcc/arm-none-eabi/13.3.1/../../../../arm-none-eabi/lib/thumb/v7e-m+fp/hard\libc_nano.a(libc_a-reent.o)
                              C:/ST/STM32CubeIDE_1.18.1/STM32CubeIDE/plugins/com.st.stm32cube.ide.mcu.externaltools.gnu-tools-for-stm32.13.3.rel1.win32_1.0.0.202411081344/tools/bin/../lib/gcc/arm-none-eabi/13.3.1/../../../../arm-none-eabi/lib/thumb/v7e-m+fp/hard\libc_nano.a(libc_a-closer.o) (errno)
C:/ST/STM32CubeIDE_1.18.1/STM32CubeIDE/plugins/com.st.stm32cube.ide.mcu.externaltools.gnu-tools-for-stm32.13.3.rel1.win32_1.0.0.202411081344/tools/bin/../lib/gcc/arm-none-eabi/13.3.1/../../../../arm-none-eabi/lib/thumb/v7e-m+fp/hard\libc_nano.a(libc_a-impure.o)
                              C:/ST/STM32CubeIDE_1.18.1/STM32CubeIDE/plugins/com.st.stm32cube.ide.mcu.externaltools.gnu-tools-for-stm32.13.3.rel1.win32_1.0.0.202411081344/tools/bin/../lib/gcc/arm-none-eabi/13.3.1/../../../../arm-none-eabi/lib/thumb/v7e-m+fp/hard\libc_nano.a(libc_a-reent.o) (_impure_ptr)
C:/ST/STM32CubeIDE_1.18.1/STM32CubeIDE/plugins/com.st.stm32cube.ide.mcu.externaltools.gnu-tools-for-stm32.13.3.rel1.win32_1.0.0.202411081344/tools/bin/../lib/gcc/arm-none-eabi/13.3.1/../../../../arm-none-eabi/lib/thumb/v7e-m+fp/hard\libc_nano.a(libc_a-lseekr.o)
[...]
Memory Configuration

Name             Origin             Length             Attributes
RAM              0x20000000         0x00020000         xrw
FLASH            0x08000000         0x00080000         xr
*default*        0x00000000         0xffffffff

Linker script and memory map

LOAD C:/ST/STM32CubeIDE_1.18.1/STM32CubeIDE/plugins/com.st.stm32cube.ide.mcu.externaltools.gnu-tools-for-stm32.13.3.rel1.win32_1.0.0.202411081344/tools/bin/../lib/gcc/arm-none-eabi/13.3.1/thumb/v7e-m+fp/hard/crti.o
LOAD C:/ST/STM32CubeIDE_1.18.1/STM32CubeIDE/plugins/com.st.stm32cube.ide.mcu.externaltools.gnu-tools-for-stm32.13.3.rel1.win32_1.0.0.202411081344/tools/bin/../lib/gcc/arm-none-eabi/13.3.1/thumb/v7e-m+fp/hard/crtbegin.o
LOAD C:/ST/STM32CubeIDE_1.18.1/STM32CubeIDE/plugins/com.st.stm32cube.ide.mcu.externaltools.gnu-tools-for-stm32.13.3.rel1.win32_1.0.0.202411081344/tools/bin/../lib/gcc/arm-none-eabi/13.3.1/../../../../arm-none-eabi/lib/thumb/v7e-m+fp/hard/crt0.o
LOAD ./Src/AP/AP_main.o
LOAD ./Src/driver/FND/FND.o
LOAD ./Src/driver/GPIO/GPIO.o
LOAD ./Src/driver/LedBar/LedBar.o
LOAD ./Src/driver/SystemClock/SystemClock.o
LOAD ./Src/driver/TICK/sys_tick.o
LOAD ./Src/driver/TIM/TIM.o
LOAD ./Src/driver/button/Button.o
LOAD ./Src/main.o
LOAD ./Src/syscalls.o
LOAD ./Src/sysmem.o
LOAD ./Startup/startup_stm32f411retx.o
START GROUP
LOAD C:/ST/STM32CubeIDE_1.18.1/STM32CubeIDE/plugins/com.st.stm32cube.ide.mcu.externaltools.gnu-tools-for-stm32.13.3.rel1.win32_1.0.0.202411081344/tools/bin/../lib/gcc/arm-none-eabi/13.3.1/../../../../arm-none-eabi/lib/thumb/v7e-m+fp/hard\libc_nano.a
LOAD C:/ST/STM32CubeIDE_1.18.1/STM32CubeIDE/plugins/com.st.stm32cube.ide.mcu.externaltools.gnu-tools-for-stm32.13.3.rel1.win32_1.0.0.202411081344/tools/bin/../lib/gcc/arm-none-eabi/13.3.1/../../../../arm-none-eabi/lib/thumb/v7e-m+fp/hard\libm.a
END GROUP
START GROUP
LOAD C:/ST/STM32CubeIDE_1.18.1/STM32CubeIDE/plugins/com.st.stm32cube.ide.mcu.externaltools.gnu-tools-for-stm32.13.3.rel1.win32_1.0.0.202411081344/tools/bin/../lib/gcc/arm-none-eabi/13.3.1/thumb/v7e-m+fp/hard\libgcc.a
LOAD C:/ST/STM32CubeIDE_1.18.1/STM32CubeIDE/plugins/com.st.stm32cube.ide.mcu.externaltools.gnu-tools-for-stm32.13.3.rel1.win32_1.0.0.202411081344/tools/bin/../lib/gcc/arm-none-eabi/13.3.1/../../../../arm-none-eabi/lib/thumb/v7e-m+fp/hard\libc_nano.a
END GROUP
START GROUP
LOAD C:/ST/STM32CubeIDE_1.18.1/STM32CubeIDE/plugins/com.st.stm32cube.ide.mcu.externaltools.gnu-tools-for-stm32.13.3.rel1.win32_1.0.0.202411081344/tools/bin/../lib/gcc/arm-none-eabi/13.3.1/thumb/v7e-m+fp/hard\libgcc.a
LOAD C:/ST/STM32CubeIDE_1.18.1/STM32CubeIDE/plugins/com.st.stm32cube.ide.mcu.externaltools.gnu-tools-for-stm32.13.3.rel1.win32_1.0.0.202411081344/tools/bin/../lib/gcc/arm-none-eabi/13.3.1/../../../../arm-none-eabi/lib/thumb/v7e-m+fp/hard\libc_nano.a
LOAD C:/ST/STM32CubeIDE_1.18.1/STM32CubeIDE/plugins/com.st.stm32cube.ide.mcu.externaltools.gnu-tools-for-stm32.13.3.rel1.win32_1.0.0.202411081344/tools/bin/../lib/gcc/arm-none-eabi/13.3.1/../../../../arm-none-eabi/lib/thumb/v7e-m+fp/hard\libnosys.a
END GROUP
START GROUP
LOAD C:/ST/STM32CubeIDE_1.18.1/STM32CubeIDE/plugins/com.st.stm32cube.ide.mcu.externaltools.gnu-tools-for-stm32.13.3.rel1.win32_1.0.0.202411081344/tools/bin/../lib/gcc/arm-none-eabi/13.3.1/thumb/v7e-m+fp/hard\libgcc.a
LOAD C:/ST/STM32CubeIDE_1.18.1/STM32CubeIDE/plugins/com.st.stm32cube.ide.mcu.externaltools.gnu-tools-for-stm32.13.3.rel1.win32_1.0.0.202411081344/tools/bin/../lib/gcc/arm-none-eabi/13.3.1/../../../../arm-none-eabi/lib/thumb/v7e-m+fp/hard\libc_nano.a
LOAD C:/ST/STM32CubeIDE_1.18.1/STM32CubeIDE/plugins/com.st.stm32cube.ide.mcu.externaltools.gnu-tools-for-stm32.13.3.rel1.win32_1.0.0.202411081344/tools/bin/../lib/gcc/arm-none-eabi/13.3.1/../../../../arm-none-eabi/lib/thumb/v7e-m+fp/hard\libnosys.a
END GROUP
LOAD C:/ST/STM32CubeIDE_1.18.1/STM32CubeIDE/plugins/com.st.stm32cube.ide.mcu.externaltools.gnu-tools-for-stm32.13.3.rel1.win32_1.0.0.202411081344/tools/bin/../lib/gcc/arm-none-eabi/13.3.1/thumb/v7e-m+fp/hard/crtend.o
LOAD C:/ST/STM32CubeIDE_1.18.1/STM32CubeIDE/plugins/com.st.stm32cube.ide.mcu.externaltools.gnu-tools-for-stm32.13.3.rel1.win32_1.0.0.202411081344/tools/bin/../lib/gcc/arm-none-eabi/13.3.1/thumb/v7e-m+fp/hard/crtn.o
                0x20020000                        _estack = (ORIGIN (RAM) + LENGTH (RAM))
                0x00000200                        _Min_Heap_Size = 0x200
                0x00000400                        _Min_Stack_Size = 0x400

.isr_vector     0x08000000      0x198
                0x08000000                        . = ALIGN (0x4)
 *(.isr_vector)
 .isr_vector    0x08000000      0x198 ./Startup/startup_stm32f411retx.o
                0x08000000                g_pfnVectors
                0x08000198                        . = ALIGN (0x4)

.text           0x08000198      0xaac
                0x08000198                        . = ALIGN (0x4)
 *(.text)
 .text          0x08000198       0x40 C:/ST/STM32CubeIDE_1.18.1/STM32CubeIDE/plugins/com.st.stm32cube.ide.mcu.externaltools.gnu-tools-for-stm32.13.3.rel1.win32_1.0.0.202411081344/tools/bin/../lib/gcc/arm-none-eabi/13.3.1/thumb/v7e-m+fp/hard/crtbegin.o
 *(.text*)
 .text.__NVIC_EnableIRQ
                0x080001d8       0x3c ./Src/AP/AP_main.o
 .text.TIM2_IRQHandler
                0x08000214       0x18 ./Src/AP/AP_main.o
                0x08000214                TIM2_IRQHandler
 .text.ap_main  0x0800022c      0x298 ./Src/AP/AP_main.o
                0x0800022c                ap_main
 .text.ap_init  0x080004c4       0x6c ./Src/AP/AP_main.o
                0x080004c4                ap_init
 .text.FND_Decode
                0x08000530       0xc8 ./Src/driver/FND/FND.o
 .text.FND_DisOffAll
                0x080005f8       0x28 ./Src/driver/FND/FND.o
 .text.FND_DisOff
                0x08000620       0x30 ./Src/driver/FND/FND.o
 .text.FND_DisOn
                0x08000650       0x30 ./Src/driver/FND/FND.o
 .text.FND_printDot
                0x08000680       0x3c ./Src/driver/FND/FND.o
 .text.FND_PrintDigit
                0x080006bc       0x88 ./Src/driver/FND/FND.o
 .text.FND_Init
                0x08000744       0x70 ./Src/driver/FND/FND.o
                0x08000744                FND_Init
 .text.FND_WtireData
                0x080007b4       0x30 ./Src/driver/FND/FND.o
                0x080007b4                FND_WtireData
 .text.FND_DisplayData
                0x080007e4       0x58 ./Src/driver/FND/FND.o
                0x080007e4                FND_DisplayData
 .text.GPIO_Init
                0x0800083c       0x62 ./Src/driver/GPIO/GPIO.o
                0x0800083c                GPIO_Init
 .text.GPIO_WritePin
                0x0800089e       0x48 ./Src/driver/GPIO/GPIO.o
                0x0800089e                GPIO_WritePin
 .text.GPIO_ReadPin
                0x080008e6       0x2e ./Src/driver/GPIO/GPIO.o
                0x080008e6                GPIO_ReadPin
 .text.LedBar_Init
                0x08000914       0x40 ./Src/driver/LedBar/LedBar.o
                0x08000914                LedBar_Init
 .text.SystemClock_init
                0x08000954       0x44 ./Src/driver/SystemClock/SystemClock.o
                0x08000954                SystemClock_init
 .text.delay    0x08000998       0x3e ./Src/driver/SystemClock/SystemClock.o
                0x08000998                delay
 *fill*         0x080009d6        0x2 
 .text.getTick  0x080009d8       0x18 ./Src/driver/TICK/sys_tick.o
                0x080009d8                getTick
 .text.incTick  0x080009f0       0x1c ./Src/driver/TICK/sys_tick.o
                0x080009f0                incTick
 .text.TIM_Init
                0x08000a0c       0x2c ./Src/driver/TIM/TIM.o
                0x08000a0c                TIM_Init
 .text.TIM_CntStart
                0x08000a38       0x20 ./Src/driver/TIM/TIM.o
                0x08000a38                TIM_CntStart
 .text.TIM_UIEnable
                0x08000a58       0x20 ./Src/driver/TIM/TIM.o
                0x08000a58                TIM_UIEnable
 .text.TIM_WriteCNT
                0x08000a78       0x1c ./Src/driver/TIM/TIM.o
                0x08000a78                TIM_WriteCNT
 .text.TIM_WritePSC
                0x08000a94       0x1c ./Src/driver/TIM/TIM.o
                0x08000a94                TIM_WritePSC
 .text.TIM_WriteARR
                0x08000ab0       0x1c ./Src/driver/TIM/TIM.o
                0x08000ab0                TIM_WriteARR
 .text.TIM_ClearUIF
                0x08000acc       0x20 ./Src/driver/TIM/TIM.o
                0x08000acc                TIM_ClearUIF
 .text.Button_Init
                0x08000aec       0x30 ./Src/driver/button/Button.o
                0x08000aec                Button_Init
 .text.Button_GetState
                0x08000b1c       0x60 ./Src/driver/button/Button.o
                0x08000b1c                Button_GetState
 .text.main     0x08000b7c       0x12 ./Src/main.o
                0x08000b7c                main
 *fill*         0x08000b8e        0x2 
 .text.Reset_Handler
                0x08000b90       0x50 ./Startup/startup_stm32f411retx.o
                0x08000b90                Reset_Handler
 .text.Default_Handler
                0x08000be0        0x2 ./Startup/startup_stm32f411retx.o
                0x08000be0                RTC_Alarm_IRQHandler
                0x08000be0                EXTI2_IRQHandler
                0x08000be0                DebugMon_Handler
                0x08000be0                SPI4_IRQHandler
                0x08000be0                TIM1_CC_IRQHandler
                0x08000be0                DMA2_Stream5_IRQHandler
                0x08000be0                HardFault_Handler
                0x08000be0                DMA1_Stream5_IRQHandler
                0x08000be0                SysTick_Handler
                0x08000be0                PVD_IRQHandler
                0x08000be0                SDIO_IRQHandler
                0x08000be0                TAMP_STAMP_IRQHandler
                0x08000be0                PendSV_Handler
                0x08000be0                NMI_Handler
                0x08000be0                EXTI3_IRQHandler
                0x08000be0                TIM1_UP_TIM10_IRQHandler
                0x08000be0                I2C3_ER_IRQHandler
                0x08000be0                EXTI0_IRQHandler
                0x08000be0                I2C2_EV_IRQHandler
                0x08000be0                DMA1_Stream2_IRQHandler
                0x08000be0                UsageFault_Handler
                0x08000be0                DMA2_Stream2_IRQHandler
                0x08000be0                SPI1_IRQHandler
                0x08000be0                TIM1_BRK_TIM9_IRQHandler
                0x08000be0                DMA2_Stream3_IRQHandler
                0x08000be0                USART6_IRQHandler
                0x08000be0                DMA2_Stream0_IRQHandler
                0x08000be0                TIM4_IRQHandler
                0x08000be0                I2C1_EV_IRQHandler
                0x08000be0                DMA1_Stream6_IRQHandler
                0x08000be0                DMA1_Stream1_IRQHandler
                0x08000be0                TIM3_IRQHandler
                0x08000be0                RCC_IRQHandler
                0x08000be0                Default_Handler
                0x08000be0                EXTI15_10_IRQHandler
                0x08000be0                ADC_IRQHandler
                0x08000be0                DMA1_Stream7_IRQHandler
                0x08000be0                SPI5_IRQHandler
                0x08000be0                TIM5_IRQHandler
                0x08000be0                DMA2_Stream7_IRQHandler
                0x08000be0                I2C3_EV_IRQHandler
                0x08000be0                EXTI9_5_IRQHandler
                0x08000be0                RTC_WKUP_IRQHandler
                0x08000be0                SPI2_IRQHandler
                0x08000be0                MemManage_Handler
                0x08000be0                DMA1_Stream0_IRQHandler
                0x08000be0                SVC_Handler
                0x08000be0                EXTI4_IRQHandler
                0x08000be0                WWDG_IRQHandler
                0x08000be0                OTG_FS_WKUP_IRQHandler
                0x08000be0                TIM1_TRG_COM_TIM11_IRQHandler
                0x08000be0                EXTI1_IRQHandler
                0x08000be0                USART2_IRQHandler
                0x08000be0                I2C2_ER_IRQHandler
                0x08000be0                DMA2_Stream1_IRQHandler
                0x08000be0                FLASH_IRQHandler
                0x08000be0                DMA2_Stream4_IRQHandler
                0x08000be0                BusFault_Handler
                0x08000be0                USART1_IRQHandler
                0x08000be0                OTG_FS_IRQHandler
                0x08000be0                SPI3_IRQHandler
                0x08000be0                DMA1_Stream4_IRQHandler
                0x08000be0                I2C1_ER_IRQHandler
                0x08000be0                DMA2_Stream6_IRQHandler
                0x08000be0                DMA1_Stream3_IRQHandler
 *fill*         0x08000be2        0x2 
 .text.__libc_init_array
                0x08000be4       0x48 C:/ST/STM32CubeIDE_1.18.1/STM32CubeIDE/plugins/com.st.stm32cube.ide.mcu.externaltools.gnu-tools-for-stm32.13.3.rel1.win32_1.0.0.202411081344/tools/bin/../lib/gcc/arm-none-eabi/13.3.1/../../../../arm-none-eabi/lib/thumb/v7e-m+fp/hard\libc_nano.a(libc_a-init.o)
                0x08000be4                __libc_init_array
 *(.glue_7)
 .glue_7        0x08000c2c        0x0 linker stubs
 *(.glue_7t)
 .glue_7t       0x08000c2c        0x0 linker stubs
 *(.eh_frame)
 .eh_frame      0x08000c2c        0x0 C:/ST/STM32CubeIDE_1.18.1/STM32CubeIDE/plugins/com.st.stm32cube.ide.mcu.externaltools.gnu-tools-for-stm32.13.3.rel1.win32_1.0.0.202411081344/tools/bin/../lib/gcc/arm-none-eabi/13.3.1/thumb/v7e-m+fp/hard/crtbegin.o
 *(.init)
 .init          0x08000c2c        0x4 C:/ST/STM32CubeIDE_1.18.1/STM32CubeIDE/plugins/com.st.stm32cube.ide.mcu.externaltools.gnu-tools-for-stm32.13.3.rel1.win32_1.0.0.202411081344/tools/bin/../lib/gcc/arm-none-eabi/13.3.1/thumb/v7e-m+fp/hard/crti.o
                0x08000c2c                _init
 .init          0x08000c30        0x8 C:/ST/STM32CubeIDE_1.18.1/STM32CubeIDE/plugins/com.st.stm32cube.ide.mcu.externaltools.gnu-tools-for-stm32.13.3.rel1.win32_1.0.0.202411081344/tools/bin/../lib/gcc/arm-none-eabi/13.3.1/thumb/v7e-m+fp/hard/crtn.o
 *(.fini)
 .fini          0x08000c38        0x4 C:/ST/STM32CubeIDE_1.18.1/STM32CubeIDE/plugins/com.st.stm32cube.ide.mcu.externaltools.gnu-tools-for-stm32.13.3.rel1.win32_1.0.0.202411081344/tools/bin/../lib/gcc/arm-none-eabi/13.3.1/thumb/v7e-m+fp/hard/crti.o
                0x08000c38                _fini
 .fini          0x08000c3c        0x8 C:/ST/STM32CubeIDE_1.18.1/STM32CubeIDE/plugins/com.st.stm32cube.ide.mcu.externaltools.gnu-tools-for-stm32.13.3.rel1.win32_1.0.0.202411081344/tools/bin/../lib/gcc/arm-none-eabi/13.3.1/thumb/v7e-m+fp/hard/crtn.o
                0x08000c44                        . = ALIGN (0x4)
                0x08000c44                        _etext = .

.vfp11_veneer   0x08000c44        0x0
 .vfp11_veneer  0x08000c44        0x0 linker stubs

.v4_bx          0x08000c44        0x0
 .v4_bx         0x08000c44        0x0 linker stubs

.iplt           0x08000c44        0x0
 .iplt          0x08000c44        0x0 C:/ST/STM32CubeIDE_1.18.1/STM32CubeIDE/plugins/com.st.stm32cube.ide.mcu.externaltools.gnu-tools-for-stm32.13.3.rel1.win32_1.0.0.202411081344/tools/bin/../lib/gcc/arm-none-eabi/13.3.1/thumb/v7e-m+fp/hard/crtbegin.o

.rodata         0x08000c44        0xc
                0x08000c44                        . = ALIGN (0x4)
 *(.rodata)
 .rodata        0x08000c44        0xa ./Src/driver/FND/FND.o
 *(.rodata*)
                0x08000c50                        . = ALIGN (0x4)
 *fill*         0x08000c4e        0x2 

.ARM.extab      0x08000c50        0x0
                0x08000c50                        . = ALIGN (0x4)
 *(.ARM.extab* .gnu.linkonce.armextab.*)
                0x08000c50                        . = ALIGN (0x4)

.ARM            0x08000c50        0x0
                0x08000c50                        . = ALIGN (0x4)
                0x08000c50                        __exidx_start = .
 *(.ARM.exidx*)
                0x08000c50                        __exidx_end = .
                0x08000c50                        . = ALIGN (0x4)

.preinit_array  0x08000c50        0x0
                0x08000c50                        . = ALIGN (0x4)
                0x08000c50                        PROVIDE (__preinit_array_start = .)
 *(.preinit_array*)
                0x08000c50                        PROVIDE (__preinit_array_end = .)
                0x08000c50                        . = ALIGN (0x4)

.init_array     0x08000c50        0x4
                0x08000c50                        . = ALIGN (0x4)
                0x08000c50                        PROVIDE (__init_array_start = .)
 *(SORT_BY_NAME(.init_array.*))
 *(.init_array*)
 .init_array    0x08000c50        0x4 C:/ST/STM32CubeIDE_1.18.1/STM32CubeIDE/plugins/com.st.stm32cube.ide.mcu.externaltools.gnu-tools-for-stm32.13.3.rel1.win32_1.0.0.202411081344/tools/bin/../lib/gcc/arm-none-eabi/13.3.1/thumb/v7e-m+fp/hard/crtbegin.o
                0x08000c54                        PROVIDE (__init_array_end = .)
                0x08000c54                        . = ALIGN (0x4)

.fini_array     0x08000c54        0x4
                0x08000c54                        . = ALIGN (0x4)
                [!provide]                        PROVIDE (__fini_array_start = .)
 *(SORT_BY_NAME(.fini_array.*))
 *(.fini_array*)
 .fini_array    0x08000c54        0x4 C:/ST/STM32CubeIDE_1.18.1/STM32CubeIDE/plugins/com.st.stm32cube.ide.mcu.externaltools.gnu-tools-for-stm32.13.3.rel1.win32_1.0.0.202411081344/tools/bin/../lib/gcc/arm-none-eabi/13.3.1/thumb/v7e-m+fp/hard/crtbegin.o
                [!provide]                        PROVIDE (__fini_array_end = .)
                0x08000c58                        . = ALIGN (0x4)
                0x08000c58                        _sidata = LOADADDR (.data)

.rel.dyn        0x08000c58        0x0
 .rel.iplt      0x08000c58        0x0 C:/ST/STM32CubeIDE_1.18.1/STM32CubeIDE/plugins/com.st.stm32cube.ide.mcu.externaltools.gnu-tools-for-stm32.13.3.rel1.win32_1.0.0.202411081344/tools/bin/../lib/gcc/arm-none-eabi/13.3.1/thumb/v7e-m+fp/hard/crtbegin.o

.data           0x20000000       0xa0 load address 0x08000c58
                0x20000000                        . = ALIGN (0x4)
                0x20000000                        _sdata = .
 *(.data)
 *(.data*)
 .data.FND_cmm  0x20000000       0x20 ./Src/driver/FND/FND.o
                0x20000000                FND_cmm
 .data.FND_seg  0x20000020       0x40 ./Src/driver/FND/FND.o
                0x20000020                FND_seg
 .data.ledBar   0x20000060       0x40 ./Src/driver/LedBar/LedBar.o
                0x20000060                ledBar
 *(.RamFunc)
 *(.RamFunc*)
                0x200000a0                        . = ALIGN (0x4)
                0x200000a0                        _edata = .

.igot.plt       0x200000a0        0x0 load address 0x08000cf8
 .igot.plt      0x200000a0        0x0 C:/ST/STM32CubeIDE_1.18.1/STM32CubeIDE/plugins/com.st.stm32cube.ide.mcu.externaltools.gnu-tools-for-stm32.13.3.rel1.win32_1.0.0.202411081344/tools/bin/../lib/gcc/arm-none-eabi/13.3.1/thumb/v7e-m+fp/hard/crtbegin.o
                0x200000a0                        . = ALIGN (0x4)

.bss            0x200000a0       0x4c load address 0x08000cf8
                0x200000a0                        _sbss = .
                0x200000a0                        __bss_start__ = _sbss
 *(.bss)
 .bss           0x200000a0       0x1c C:/ST/STM32CubeIDE_1.18.1/STM32CubeIDE/plugins/com.st.stm32cube.ide.mcu.externaltools.gnu-tools-for-stm32.13.3.rel1.win32_1.0.0.202411081344/tools/bin/../lib/gcc/arm-none-eabi/13.3.1/thumb/v7e-m+fp/hard/crtbegin.o
 *(.bss*)
 .bss.hBtnA     0x200000bc        0xc ./Src/AP/AP_main.o
                0x200000bc                hBtnA
 .bss.hBtnB     0x200000c8        0xc ./Src/AP/AP_main.o
                0x200000c8                hBtnB
 .bss.hBtnC     0x200000d4        0xc ./Src/AP/AP_main.o
                0x200000d4                hBtnC
 .bss.fndDisplayNum
                0x200000e0        0x2 ./Src/driver/FND/FND.o
 .bss.dotPos    0x200000e2        0x2 ./Src/driver/FND/FND.o
 .bss.digitPos.0
                0x200000e4        0x4 ./Src/driver/FND/FND.o
 .bss.tick      0x200000e8        0x4 ./Src/driver/TICK/sys_tick.o
 *(COMMON)
                0x200000ec                        . = ALIGN (0x4)
                0x200000ec                        _ebss = .
                0x200000ec                        __bss_end__ = _ebss

._user_heap_stack
                0x200000ec      0x604 load address 0x08000cf8
                0x200000f0                        . = ALIGN (0x8)
 *fill*         0x200000ec        0x4 
                [!provide]                        PROVIDE (end = .)
                0x200000f0                        PROVIDE (_end = .)
                0x200002f0                        . = (. + _Min_Heap_Size)
 *fill*         0x200000f0      0x200 
                0x200006f0                        . = (. + _Min_Stack_Size)
 *fill*         0x200002f0      0x400 
                0x200006f0                        . = ALIGN (0x8)

/DISCARD/
 libc.a(*)
 libm.a(*)
 libgcc.a(*)

.ARM.attributes
                0x00000000       0x30
 *(.ARM.attributes)
 .ARM.attributes
                0x00000000       0x22 C:/ST/STM32CubeIDE_1.18.1/STM32CubeIDE/plugins/com.st.stm32cube.ide.mcu.externaltools.gnu-tools-for-stm32.13.3.rel1.win32_1.0.0.202411081344/tools/bin/../lib/gcc/arm-none-eabi/13.3.1/thumb/v7e-m+fp/hard/crti.o
 .ARM.attributes
                0x00000022       0x34 C:/ST/STM32CubeIDE_1.18.1/STM32CubeIDE/plugins/com.st.stm32cube.ide.mcu.externaltools.gnu-tools-for-stm32.13.3.rel1.win32_1.0.0.202411081344/tools/bin/../lib/gcc/arm-none-eabi/13.3.1/thumb/v7e-m+fp/hard/crtbegin.o
 .ARM.attributes
                0x00000056       0x34 ./Src/AP/AP_main.o
 .ARM.attributes
                0x0000008a       0x34 ./Src/driver/FND/FND.o
 .ARM.attributes
                0x000000be       0x34 ./Src/driver/GPIO/GPIO.o
 .ARM.attributes
                0x000000f2       0x34 ./Src/driver/LedBar/LedBar.o
 .ARM.attributes
                0x00000126       0x34 ./Src/driver/SystemClock/SystemClock.o
 .ARM.attributes
                0x0000015a       0x34 ./Src/driver/TICK/sys_tick.o
 .ARM.attributes
                0x0000018e       0x34 ./Src/driver/TIM/TIM.o
 .ARM.attributes
                0x000001c2       0x34 ./Src/driver/button/Button.o
 .ARM.attributes
                0x000001f6       0x34 ./Src/main.o
 .ARM.attributes
                0x0000022a       0x21 ./Startup/startup_stm32f411retx.o
 .ARM.attributes
                0x0000024b       0x34 C:/ST/STM32CubeIDE_1.18.1/STM32CubeIDE/plugins/com.st.stm32cube.ide.mcu.externaltools.gnu-tools-for-stm32.13.3.rel1.win32_1.0.0.202411081344/tools/bin/../lib/gcc/arm-none-eabi/13.3.1/../../../../arm-none-eabi/lib/thumb/v7e-m+fp/hard\libc_nano.a(libc_a-init.o)
 .ARM.attributes
                0x0000027f       0x22 C:/ST/STM32CubeIDE_1.18.1/STM32CubeIDE/plugins/com.st.stm32cube.ide.mcu.externaltools.gnu-tools-for-stm32.13.3.rel1.win32_1.0.0.202411081344/tools/bin/../lib/gcc/arm-none-eabi/13.3.1/thumb/v7e-m+fp/hard/crtn.o
OUTPUT(20250620_HW.elf elf32-littlearm)
LOAD linker stubs
LOAD C:/ST/STM32CubeIDE_1.18.1/STM32CubeIDE/plugins/com.st.stm32cube.ide.mcu.externaltools.gnu-tools-for-stm32.13.3.rel1.win32_1.0.0.202411081344/tools/bin/../lib/gcc/arm-none-eabi/13.3.1/../../../../arm-none-eabi/lib/thumb/v7e-m+fp/hard\libc.a
LOAD C:/ST/STM32CubeIDE_1.18.1/STM32CubeIDE/plugins/com.st.stm32cube.ide.mcu.externaltools.gnu-tools-for-stm32.13.3.rel1.win32_1.0.0.202411081344/tools/bin/../lib/gcc/arm-none-eabi/13.3.1/../../../../arm-none-eabi/lib/thumb/v7e-m+fp/hard\libm.a
LOAD C:/ST/STM32CubeIDE_1.18.1/STM32CubeIDE/plugins/com.st.stm32cube.ide.mcu.externaltools.gnu-tools-for-stm32.13.3.rel1.win32_1.0.0.202411081344/tools/bin/../lib/gcc/arm-none-eabi/13.3.1/thumb/v7e-m+fp/hard\libgcc.a

.debug_info     0x00000000     0x1c3d
 .debug_info    0x00000000      0x84a ./Src/AP/AP_main.o
 .debug_info    0x0000084a      0x465 ./Src/driver/FND/FND.o
 .debug_info    0x00000caf      0x257 ./Src/driver/GPIO/GPIO.o
 .debug_info    0x00000f06      0x2b5 ./Src/driver/LedBar/LedBar.o
 .debug_info    0x000011bb      0x2ab ./Src/driver/SystemClock/SystemClock.o
 .debug_info    0x00001466       0xc3 ./Src/driver/TICK/sys_tick.o
 .debug_info    0x00001529      0x39a ./Src/driver/TIM/TIM.o
 .debug_info    0x000018c3      0x284 ./Src/driver/button/Button.o
 .debug_info    0x00001b47       0xc6 ./Src/main.o
 .debug_info    0x00001c0d       0x30 ./Startup/startup_stm32f411retx.o

.debug_abbrev   0x00000000      0xb8d
 .debug_abbrev  0x00000000      0x245 ./Src/AP/AP_main.o
 .debug_abbrev  0x00000245      0x211 ./Src/driver/FND/FND.o
 .debug_abbrev  0x00000456      0x126 ./Src/driver/GPIO/GPIO.o
 .debug_abbrev  0x0000057c      0x18f ./Src/driver/LedBar/LedBar.o
 .debug_abbrev  0x0000070b       0xf6 ./Src/driver/SystemClock/SystemClock.o
 .debug_abbrev  0x00000801       0x7c ./Src/driver/TICK/sys_tick.o
 .debug_abbrev  0x0000087d      0x108 ./Src/driver/TIM/TIM.o
 .debug_abbrev  0x00000985      0x16e ./Src/driver/button/Button.o
 .debug_abbrev  0x00000af3       0x76 ./Src/main.o
 .debug_abbrev  0x00000b69       0x24 ./Startup/startup_stm32f411retx.o

.debug_aranges  0x00000000      0x240
 .debug_aranges
                0x00000000       0x38 ./Src/AP/AP_main.o
 .debug_aranges
                0x00000038       0x68 ./Src/driver/FND/FND.o
 .debug_aranges
                0x000000a0       0x38 ./Src/driver/GPIO/GPIO.o
 .debug_aranges
                0x000000d8       0x30 ./Src/driver/LedBar/LedBar.o
 .debug_aranges
                0x00000108       0x28 ./Src/driver/SystemClock/SystemClock.o
 .debug_aranges
                0x00000130       0x28 ./Src/driver/TICK/sys_tick.o
 .debug_aranges
                0x00000158       0x78 ./Src/driver/TIM/TIM.o
 .debug_aranges
                0x000001d0       0x28 ./Src/driver/button/Button.o
 .debug_aranges
                0x000001f8       0x20 ./Src/main.o
 .debug_aranges
                0x00000218       0x28 ./Startup/startup_stm32f411retx.o

.debug_rnglists
                0x00000000      0x181
 .debug_rnglists
                0x00000000       0x26 ./Src/AP/AP_main.o
 .debug_rnglists
                0x00000026       0x4b ./Src/driver/FND/FND.o
 .debug_rnglists
                0x00000071       0x25 ./Src/driver/GPIO/GPIO.o
 .debug_rnglists
                0x00000096       0x1f ./Src/driver/LedBar/LedBar.o
 .debug_rnglists
                0x000000b5       0x19 ./Src/driver/SystemClock/SystemClock.o
 .debug_rnglists
                0x000000ce       0x19 ./Src/driver/TICK/sys_tick.o
 .debug_rnglists
                0x000000e7       0x55 ./Src/driver/TIM/TIM.o
 .debug_rnglists
                0x0000013c       0x19 ./Src/driver/button/Button.o
 .debug_rnglists
                0x00000155       0x13 ./Src/main.o
 .debug_rnglists
                0x00000168       0x19 ./Startup/startup_stm32f411retx.o

.debug_macro    0x00000000     0xe2e9
 .debug_macro   0x00000000      0x10f ./Src/AP/AP_main.o
 .debug_macro   0x0000010f      0xade ./Src/AP/AP_main.o
 .debug_macro   0x00000bed       0x28 ./Src/AP/AP_main.o
 .debug_macro   0x00000c15       0x22 ./Src/AP/AP_main.o
 .debug_macro   0x00000c37       0x8e ./Src/AP/AP_main.o
 .debug_macro   0x00000cc5       0x51 ./Src/AP/AP_main.o
 .debug_macro   0x00000d16      0x103 ./Src/AP/AP_main.o
 .debug_macro   0x00000e19       0x6a ./Src/AP/AP_main.o
 .debug_macro   0x00000e83      0x1df ./Src/AP/AP_main.o
 .debug_macro   0x00001062       0x1c ./Src/AP/AP_main.o
 .debug_macro   0x0000107e       0x22 ./Src/AP/AP_main.o
 .debug_macro   0x000010a0       0xfb ./Src/AP/AP_main.o
 .debug_macro   0x0000119b     0x1011 ./Src/AP/AP_main.o
 .debug_macro   0x000021ac      0x11f ./Src/AP/AP_main.o
 .debug_macro   0x000022cb     0xb968 ./Src/AP/AP_main.o
 .debug_macro   0x0000dc33       0xd3 ./Src/driver/FND/FND.o
 .debug_macro   0x0000dd06       0xc9 ./Src/driver/GPIO/GPIO.o
 .debug_macro   0x0000ddcf       0xd3 ./Src/driver/LedBar/LedBar.o
 .debug_macro   0x0000dea2       0xc9 ./Src/driver/SystemClock/SystemClock.o
 .debug_macro   0x0000df6b       0xc9 ./Src/driver/TICK/sys_tick.o
 .debug_macro   0x0000e034       0xc9 ./Src/driver/TIM/TIM.o
 .debug_macro   0x0000e0fd       0xdd ./Src/driver/button/Button.o
 .debug_macro   0x0000e1da      0x10f ./Src/main.o

.debug_line     0x00000000     0x34e8
 .debug_line    0x00000000      0x871 ./Src/AP/AP_main.o
 .debug_line    0x00000871      0x641 ./Src/driver/FND/FND.o
 .debug_line    0x00000eb2      0x532 ./Src/driver/GPIO/GPIO.o
 .debug_line    0x000013e4      0x54f ./Src/driver/LedBar/LedBar.o
 .debug_line    0x00001933      0x501 ./Src/driver/SystemClock/SystemClock.o
 .debug_line    0x00001e34      0x4ba ./Src/driver/TICK/sys_tick.o
 .debug_line    0x000022ee      0x5a7 ./Src/driver/TIM/TIM.o
 .debug_line    0x00002895      0x572 ./Src/driver/button/Button.o
 .debug_line    0x00002e07      0x666 ./Src/main.o
 .debug_line    0x0000346d       0x7b ./Startup/startup_stm32f411retx.o

.debug_str      0x00000000    0x500c9
 .debug_str     0x00000000    0x500c9 ./Src/AP/AP_main.o
                              0x4fe47 (size before relaxing)
 .debug_str     0x000500c9    0x4f90b ./Src/driver/FND/FND.o
 .debug_str     0x000500c9    0x4f800 ./Src/driver/GPIO/GPIO.o
 .debug_str     0x000500c9    0x4f846 ./Src/driver/LedBar/LedBar.o
 .debug_str     0x000500c9    0x4f885 ./Src/driver/SystemClock/SystemClock.o
 .debug_str     0x000500c9    0x4f763 ./Src/driver/TICK/sys_tick.o
 .debug_str     0x000500c9    0x4f821 ./Src/driver/TIM/TIM.o
 .debug_str     0x000500c9    0x4f876 ./Src/driver/button/Button.o
 .debug_str     0x000500c9    0x4f7d0 ./Src/main.o
 .debug_str     0x000500c9       0x65 ./Startup/startup_stm32f411retx.o

.comment        0x00000000       0x43
 .comment       0x00000000       0x43 ./Src/AP/AP_main.o
                                 0x44 (size before relaxing)
 .comment       0x00000043       0x44 ./Src/driver/FND/FND.o
 .comment       0x00000043       0x44 ./Src/driver/GPIO/GPIO.o
 .comment       0x00000043       0x44 ./Src/driver/LedBar/LedBar.o
 .comment       0x00000043       0x44 ./Src/driver/SystemClock/SystemClock.o
 .comment       0x00000043       0x44 ./Src/driver/TICK/sys_tick.o
 .comment       0x00000043       0x44 ./Src/driver/TIM/TIM.o
 .comment       0x00000043       0x44 ./Src/driver/button/Button.o
 .comment       0x00000043       0x44 ./Src/main.o

.debug_frame    0x00000000      0x680
 .debug_frame   0x00000000       0x90 ./Src/AP/AP_main.o
 .debug_frame   0x00000090      0x17c ./Src/driver/FND/FND.o
 .debug_frame   0x0000020c       0xb0 ./Src/driver/GPIO/GPIO.o
 .debug_frame   0x000002bc       0x80 ./Src/driver/LedBar/LedBar.o
 .debug_frame   0x0000033c       0x58 ./Src/driver/SystemClock/SystemClock.o
 .debug_frame   0x00000394       0x50 ./Src/driver/TICK/sys_tick.o
 .debug_frame   0x000003e4      0x1ec ./Src/driver/TIM/TIM.o
 .debug_frame   0x000005d0       0x58 ./Src/driver/button/Button.o
 .debug_frame   0x00000628       0x2c ./Src/main.o
 .debug_frame   0x00000654       0x2c C:/ST/STM32CubeIDE_1.18.1/STM32CubeIDE/plugins/com.st.stm32cube.ide.mcu.externaltools.gnu-tools-for-stm32.13.3.rel1.win32_1.0.0.202411081344/tools/bin/../lib/gcc/arm-none-eabi/13.3.1/../../../../arm-none-eabi/lib/thumb/v7e-m+fp/hard\libc_nano.a(libc_a-init.o)

.debug_line_str
                0x00000000       0x49
 .debug_line_str
                0x00000000       0x49 ./Startup/startup_stm32f411retx.o
