Archive member included to satisfy reference by file (symbol)

C:/ST/STM32CubeIDE_1.18.1/STM32CubeIDE/plugins/com.st.stm32cube.ide.mcu.externaltools.gnu-tools-for-stm32.13.3.rel1.win32_1.0.0.202411081344/tools/bin/../lib/gcc/arm-none-eabi/13.3.1/../../../../arm-none-eabi/lib/thumb/v7e-m+dp/hard\libc_nano.a(libc_a-exit.o)
                              C:/ST/STM32CubeIDE_1.18.1/STM32CubeIDE/plugins/com.st.stm32cube.ide.mcu.externaltools.gnu-tools-for-stm32.13.3.rel1.win32_1.0.0.202411081344/tools/bin/../lib/gcc/arm-none-eabi/13.3.1/../../../../arm-none-eabi/lib/thumb/v7e-m+dp/hard/crt0.o (exit)
C:/ST/STM32CubeIDE_1.18.1/STM32CubeIDE/plugins/com.st.stm32cube.ide.mcu.externaltools.gnu-tools-for-stm32.13.3.rel1.win32_1.0.0.202411081344/tools/bin/../lib/gcc/arm-none-eabi/13.3.1/../../../../arm-none-eabi/lib/thumb/v7e-m+dp/hard\libc_nano.a(libc_a-findfp.o)
                              C:/ST/STM32CubeIDE_1.18.1/STM32CubeIDE/plugins/com.st.stm32cube.ide.mcu.externaltools.gnu-tools-for-stm32.13.3.rel1.win32_1.0.0.202411081344/tools/bin/../lib/gcc/arm-none-eabi/13.3.1/../../../../arm-none-eabi/lib/thumb/v7e-m+dp/hard\libc_nano.a(libc_a-exit.o) (__stdio_exit_handler)
C:/ST/STM32CubeIDE_1.18.1/STM32CubeIDE/plugins/com.st.stm32cube.ide.mcu.externaltools.gnu-tools-for-stm32.13.3.rel1.win32_1.0.0.202411081344/tools/bin/../lib/gcc/arm-none-eabi/13.3.1/../../../../arm-none-eabi/lib/thumb/v7e-m+dp/hard\libc_nano.a(libc_a-fwalk.o)
                              C:/ST/STM32CubeIDE_1.18.1/STM32CubeIDE/plugins/com.st.stm32cube.ide.mcu.externaltools.gnu-tools-for-stm32.13.3.rel1.win32_1.0.0.202411081344/tools/bin/../lib/gcc/arm-none-eabi/13.3.1/../../../../arm-none-eabi/lib/thumb/v7e-m+dp/hard\libc_nano.a(libc_a-findfp.o) (_fwalk_sglue)
C:/ST/STM32CubeIDE_1.18.1/STM32CubeIDE/plugins/com.st.stm32cube.ide.mcu.externaltools.gnu-tools-for-stm32.13.3.rel1.win32_1.0.0.202411081344/tools/bin/../lib/gcc/arm-none-eabi/13.3.1/../../../../arm-none-eabi/lib/thumb/v7e-m+dp/hard\libc_nano.a(libc_a-puts.o)
                              ./Core/Src/main.o (puts)
C:/ST/STM32CubeIDE_1.18.1/STM32CubeIDE/plugins/com.st.stm32cube.ide.mcu.externaltools.gnu-tools-for-stm32.13.3.rel1.win32_1.0.0.202411081344/tools/bin/../lib/gcc/arm-none-eabi/13.3.1/../../../../arm-none-eabi/lib/thumb/v7e-m+dp/hard\libc_nano.a(libc_a-stdio.o)
                              C:/ST/STM32CubeIDE_1.18.1/STM32CubeIDE/plugins/com.st.stm32cube.ide.mcu.externaltools.gnu-tools-for-stm32.13.3.rel1.win32_1.0.0.202411081344/tools/bin/../lib/gcc/arm-none-eabi/13.3.1/../../../../arm-none-eabi/lib/thumb/v7e-m+dp/hard\libc_nano.a(libc_a-findfp.o) (__sread)
C:/ST/STM32CubeIDE_1.18.1/STM32CubeIDE/plugins/com.st.stm32cube.ide.mcu.externaltools.gnu-tools-for-stm32.13.3.rel1.win32_1.0.0.202411081344/tools/bin/../lib/gcc/arm-none-eabi/13.3.1/../../../../arm-none-eabi/lib/thumb/v7e-m+dp/hard\libc_nano.a(libc_a-wbuf.o)
                              C:/ST/STM32CubeIDE_1.18.1/STM32CubeIDE/plugins/com.st.stm32cube.ide.mcu.externaltools.gnu-tools-for-stm32.13.3.rel1.win32_1.0.0.202411081344/tools/bin/../lib/gcc/arm-none-eabi/13.3.1/../../../../arm-none-eabi/lib/thumb/v7e-m+dp/hard\libc_nano.a(libc_a-puts.o) (__swbuf_r)
C:/ST/STM32CubeIDE_1.18.1/STM32CubeIDE/plugins/com.st.stm32cube.ide.mcu.externaltools.gnu-tools-for-stm32.13.3.rel1.win32_1.0.0.202411081344/tools/bin/../lib/gcc/arm-none-eabi/13.3.1/../../../../arm-none-eabi/lib/thumb/v7e-m+dp/hard\libc_nano.a(libc_a-wsetup.o)
                              C:/ST/STM32CubeIDE_1.18.1/STM32CubeIDE/plugins/com.st.stm32cube.ide.mcu.externaltools.gnu-tools-for-stm32.13.3.rel1.win32_1.0.0.202411081344/tools/bin/../lib/gcc/arm-none-eabi/13.3.1/../../../../arm-none-eabi/lib/thumb/v7e-m+dp/hard\libc_nano.a(libc_a-puts.o) (__swsetup_r)
C:/ST/STM32CubeIDE_1.18.1/STM32CubeIDE/plugins/com.st.stm32cube.ide.mcu.externaltools.gnu-tools-for-stm32.13.3.rel1.win32_1.0.0.202411081344/tools/bin/../lib/gcc/arm-none-eabi/13.3.1/../../../../arm-none-eabi/lib/thumb/v7e-m+dp/hard\libc_nano.a(libc_a-memset.o)
                              C:/ST/STM32CubeIDE_1.18.1/STM32CubeIDE/plugins/com.st.stm32cube.ide.mcu.externaltools.gnu-tools-for-stm32.13.3.rel1.win32_1.0.0.202411081344/tools/bin/../lib/gcc/arm-none-eabi/13.3.1/../../../../arm-none-eabi/lib/thumb/v7e-m+dp/hard/crt0.o (memset)
C:/ST/STM32CubeIDE_1.18.1/STM32CubeIDE/plugins/com.st.stm32cube.ide.mcu.externaltools.gnu-tools-for-stm32.13.3.rel1.win32_1.0.0.202411081344/tools/bin/../lib/gcc/arm-none-eabi/13.3.1/../../../../arm-none-eabi/lib/thumb/v7e-m+dp/hard\libc_nano.a(libc_a-closer.o)
                              C:/ST/STM32CubeIDE_1.18.1/STM32CubeIDE/plugins/com.st.stm32cube.ide.mcu.externaltools.gnu-tools-for-stm32.13.3.rel1.win32_1.0.0.202411081344/tools/bin/../lib/gcc/arm-none-eabi/13.3.1/../../../../arm-none-eabi/lib/thumb/v7e-m+dp/hard\libc_nano.a(libc_a-stdio.o) (_close_r)
[...]
Memory Configuration

Name             Origin             Length             Attributes
FLASH            0x08000000         0x00200000         xr
DTCMRAM          0x20000000         0x00020000         xrw
RAM_D1           0x24000000         0x00080000         xrw
RAM_D2           0x30000000         0x00048000         xrw
RAM_D3           0x38000000         0x00010000         xrw
ITCMRAM          0x00000000         0x00010000         xrw
*default*        0x00000000         0xffffffff

Linker script and memory map

LOAD C:/ST/STM32CubeIDE_1.18.1/STM32CubeIDE/plugins/com.st.stm32cube.ide.mcu.externaltools.gnu-tools-for-stm32.13.3.rel1.win32_1.0.0.202411081344/tools/bin/../lib/gcc/arm-none-eabi/13.3.1/thumb/v7e-m+dp/hard/crti.o
LOAD C:/ST/STM32CubeIDE_1.18.1/STM32CubeIDE/plugins/com.st.stm32cube.ide.mcu.externaltools.gnu-tools-for-stm32.13.3.rel1.win32_1.0.0.202411081344/tools/bin/../lib/gcc/arm-none-eabi/13.3.1/thumb/v7e-m+dp/hard/crtbegin.o
LOAD C:/ST/STM32CubeIDE_1.18.1/STM32CubeIDE/plugins/com.st.stm32cube.ide.mcu.externaltools.gnu-tools-for-stm32.13.3.rel1.win32_1.0.0.202411081344/tools/bin/../lib/gcc/arm-none-eabi/13.3.1/../../../../arm-none-eabi/lib/thumb/v7e-m+dp/hard/crt0.o
LOAD ./Core/Src/dcmi.o
LOAD ./Core/Src/dma.o
LOAD ./Core/Src/fmc.o
LOAD ./Core/Src/gpio.o
LOAD ./Core/Src/i2c.o
LOAD ./Core/Src/main.o
LOAD ./Core/Src/memorymap.o
LOAD ./Core/Src/spi.o
LOAD ./Core/Src/stm32h7xx_hal_msp.o
LOAD ./Core/Src/stm32h7xx_it.o
LOAD ./Core/Src/syscalls.o
LOAD ./Core/Src/sysmem.o
LOAD ./Core/Src/system_stm32h7xx.o
LOAD ./Core/Src/usart.o
LOAD ./Core/Startup/startup_stm32h743xihx.o
LOAD ./Drivers/STM32H7xx_HAL_Driver/Src/stm32h7xx_hal.o
LOAD ./Drivers/STM32H7xx_HAL_Driver/Src/stm32h7xx_hal_cortex.o
LOAD ./Drivers/STM32H7xx_HAL_Driver/Src/stm32h7xx_hal_dcmi.o
LOAD ./Drivers/STM32H7xx_HAL_Driver/Src/stm32h7xx_hal_dma.o
LOAD ./Drivers/STM32H7xx_HAL_Driver/Src/stm32h7xx_hal_dma_ex.o
LOAD ./Drivers/STM32H7xx_HAL_Driver/Src/stm32h7xx_hal_exti.o
LOAD ./Drivers/STM32H7xx_HAL_Driver/Src/stm32h7xx_hal_flash.o
LOAD ./Drivers/STM32H7xx_HAL_Driver/Src/stm32h7xx_hal_flash_ex.o
LOAD ./Drivers/STM32H7xx_HAL_Driver/Src/stm32h7xx_hal_gpio.o
LOAD ./Drivers/STM32H7xx_HAL_Driver/Src/stm32h7xx_hal_hsem.o
LOAD ./Drivers/STM32H7xx_HAL_Driver/Src/stm32h7xx_hal_i2c.o
LOAD ./Drivers/STM32H7xx_HAL_Driver/Src/stm32h7xx_hal_i2c_ex.o
LOAD ./Drivers/STM32H7xx_HAL_Driver/Src/stm32h7xx_hal_mdma.o
LOAD ./Drivers/STM32H7xx_HAL_Driver/Src/stm32h7xx_hal_nand.o
LOAD ./Drivers/STM32H7xx_HAL_Driver/Src/stm32h7xx_hal_nor.o
LOAD ./Drivers/STM32H7xx_HAL_Driver/Src/stm32h7xx_hal_pwr.o
LOAD ./Drivers/STM32H7xx_HAL_Driver/Src/stm32h7xx_hal_pwr_ex.o
LOAD ./Drivers/STM32H7xx_HAL_Driver/Src/stm32h7xx_hal_rcc.o
LOAD ./Drivers/STM32H7xx_HAL_Driver/Src/stm32h7xx_hal_rcc_ex.o
LOAD ./Drivers/STM32H7xx_HAL_Driver/Src/stm32h7xx_hal_sdram.o
LOAD ./Drivers/STM32H7xx_HAL_Driver/Src/stm32h7xx_hal_spi.o
LOAD ./Drivers/STM32H7xx_HAL_Driver/Src/stm32h7xx_hal_spi_ex.o
LOAD ./Drivers/STM32H7xx_HAL_Driver/Src/stm32h7xx_hal_sram.o
LOAD ./Drivers/STM32H7xx_HAL_Driver/Src/stm32h7xx_hal_uart.o
LOAD ./Drivers/STM32H7xx_HAL_Driver/Src/stm32h7xx_hal_uart_ex.o
LOAD ./Drivers/STM32H7xx_HAL_Driver/Src/stm32h7xx_ll_fmc.o
START GROUP
LOAD C:/ST/STM32CubeIDE_1.18.1/STM32CubeIDE/plugins/com.st.stm32cube.ide.mcu.externaltools.gnu-tools-for-stm32.13.3.rel1.win32_1.0.0.202411081344/tools/bin/../lib/gcc/arm-none-eabi/13.3.1/../../../../arm-none-eabi/lib/thumb/v7e-m+dp/hard\libc_nano.a
LOAD C:/ST/STM32CubeIDE_1.18.1/STM32CubeIDE/plugins/com.st.stm32cube.ide.mcu.externaltools.gnu-tools-for-stm32.13.3.rel1.win32_1.0.0.202411081344/tools/bin/../lib/gcc/arm-none-eabi/13.3.1/../../../../arm-none-eabi/lib/thumb/v7e-m+dp/hard\libm.a
END GROUP
START GROUP
LOAD C:/ST/STM32CubeIDE_1.18.1/STM32CubeIDE/plugins/com.st.stm32cube.ide.mcu.externaltools.gnu-tools-for-stm32.13.3.rel1.win32_1.0.0.202411081344/tools/bin/../lib/gcc/arm-none-eabi/13.3.1/thumb/v7e-m+dp/hard\libgcc.a
LOAD C:/ST/STM32CubeIDE_1.18.1/STM32CubeIDE/plugins/com.st.stm32cube.ide.mcu.externaltools.gnu-tools-for-stm32.13.3.rel1.win32_1.0.0.202411081344/tools/bin/../lib/gcc/arm-none-eabi/13.3.1/../../../../arm-none-eabi/lib/thumb/v7e-m+dp/hard\libc_nano.a
END GROUP
START GROUP
LOAD C:/ST/STM32CubeIDE_1.18.1/STM32CubeIDE/plugins/com.st.stm32cube.ide.mcu.externaltools.gnu-tools-for-stm32.13.3.rel1.win32_1.0.0.202411081344/tools/bin/../lib/gcc/arm-none-eabi/13.3.1/thumb/v7e-m+dp/hard\libgcc.a
LOAD C:/ST/STM32CubeIDE_1.18.1/STM32CubeIDE/plugins/com.st.stm32cube.ide.mcu.externaltools.gnu-tools-for-stm32.13.3.rel1.win32_1.0.0.202411081344/tools/bin/../lib/gcc/arm-none-eabi/13.3.1/../../../../arm-none-eabi/lib/thumb/v7e-m+dp/hard\libc_nano.a
LOAD C:/ST/STM32CubeIDE_1.18.1/STM32CubeIDE/plugins/com.st.stm32cube.ide.mcu.externaltools.gnu-tools-for-stm32.13.3.rel1.win32_1.0.0.202411081344/tools/bin/../lib/gcc/arm-none-eabi/13.3.1/../../../../arm-none-eabi/lib/thumb/v7e-m+dp/hard\libnosys.a
END GROUP
START GROUP
LOAD C:/ST/STM32CubeIDE_1.18.1/STM32CubeIDE/plugins/com.st.stm32cube.ide.mcu.externaltools.gnu-tools-for-stm32.13.3.rel1.win32_1.0.0.202411081344/tools/bin/../lib/gcc/arm-none-eabi/13.3.1/thumb/v7e-m+dp/hard\libgcc.a
LOAD C:/ST/STM32CubeIDE_1.18.1/STM32CubeIDE/plugins/com.st.stm32cube.ide.mcu.externaltools.gnu-tools-for-stm32.13.3.rel1.win32_1.0.0.202411081344/tools/bin/../lib/gcc/arm-none-eabi/13.3.1/../../../../arm-none-eabi/lib/thumb/v7e-m+dp/hard\libc_nano.a
LOAD C:/ST/STM32CubeIDE_1.18.1/STM32CubeIDE/plugins/com.st.stm32cube.ide.mcu.externaltools.gnu-tools-for-stm32.13.3.rel1.win32_1.0.0.202411081344/tools/bin/../lib/gcc/arm-none-eabi/13.3.1/../../../../arm-none-eabi/lib/thumb/v7e-m+dp/hard\libnosys.a
END GROUP
LOAD C:/ST/STM32CubeIDE_1.18.1/STM32CubeIDE/plugins/com.st.stm32cube.ide.mcu.externaltools.gnu-tools-for-stm32.13.3.rel1.win32_1.0.0.202411081344/tools/bin/../lib/gcc/arm-none-eabi/13.3.1/thumb/v7e-m+dp/hard/crtend.o
LOAD C:/ST/STM32CubeIDE_1.18.1/STM32CubeIDE/plugins/com.st.stm32cube.ide.mcu.externaltools.gnu-tools-for-stm32.13.3.rel1.win32_1.0.0.202411081344/tools/bin/../lib/gcc/arm-none-eabi/13.3.1/thumb/v7e-m+dp/hard/crtn.o
                0x24080000                        _estack = (ORIGIN (RAM_D1) + LENGTH (RAM_D1))
                0x00000200                        _Min_Heap_Size = 0x200
                0x00000400                        _Min_Stack_Size = 0x400

.isr_vector     0x08000000      0x298
                0x08000000                        . = ALIGN (0x4)
 *(.isr_vector)
 .isr_vector    0x08000000      0x298 ./Core/Startup/startup_stm32h743xihx.o
                0x08000000                g_pfnVectors
                0x08000298                        . = ALIGN (0x4)

.text           0x08000298     0x94c0
                0x08000298                        . = ALIGN (0x4)
 *(.text)
 .text          0x08000298       0x40 C:/ST/STM32CubeIDE_1.18.1/STM32CubeIDE/plugins/com.st.stm32cube.ide.mcu.externaltools.gnu-tools-for-stm32.13.3.rel1.win32_1.0.0.202411081344/tools/bin/../lib/gcc/arm-none-eabi/13.3.1/thumb/v7e-m+dp/hard/crtbegin.o
 .text          0x080002d8       0x30 C:/ST/STM32CubeIDE_1.18.1/STM32CubeIDE/plugins/com.st.stm32cube.ide.mcu.externaltools.gnu-tools-for-stm32.13.3.rel1.win32_1.0.0.202411081344/tools/bin/../lib/gcc/arm-none-eabi/13.3.1/thumb/v7e-m+dp/hard\libgcc.a(_aeabi_uldivmod.o)
                0x080002d8                __aeabi_uldivmod
 .text          0x08000308      0x2f8 C:/ST/STM32CubeIDE_1.18.1/STM32CubeIDE/plugins/com.st.stm32cube.ide.mcu.externaltools.gnu-tools-for-stm32.13.3.rel1.win32_1.0.0.202411081344/tools/bin/../lib/gcc/arm-none-eabi/13.3.1/thumb/v7e-m+dp/hard\libgcc.a(_udivmoddi4.o)
                0x08000308                __udivmoddi4
 .text          0x08000600        0x4 C:/ST/STM32CubeIDE_1.18.1/STM32CubeIDE/plugins/com.st.stm32cube.ide.mcu.externaltools.gnu-tools-for-stm32.13.3.rel1.win32_1.0.0.202411081344/tools/bin/../lib/gcc/arm-none-eabi/13.3.1/thumb/v7e-m+dp/hard\libgcc.a(_dvmd_tls.o)
                0x08000600                __aeabi_idiv0
                0x08000600                __aeabi_ldiv0
 *(.text*)
 .text.MX_DCMI_Init
                0x08000604       0x68 ./Core/Src/dcmi.o
                0x08000604                MX_DCMI_Init
 .text.HAL_DCMI_MspInit
                0x0800066c      0x190 ./Core/Src/dcmi.o
                0x0800066c                HAL_DCMI_MspInit
 .text.MX_DMA_Init
                0x080007fc       0x50 ./Core/Src/dma.o
                0x080007fc                MX_DMA_Init
 .text.MX_FMC_Init
                0x0800084c       0xa0 ./Core/Src/fmc.o
                0x0800084c                MX_FMC_Init
 .text.HAL_FMC_MspInit
                0x080008ec      0x1a4 ./Core/Src/fmc.o
 .text.HAL_SDRAM_MspInit
                0x08000a90       0x14 ./Core/Src/fmc.o
                0x08000a90                HAL_SDRAM_MspInit
 .text.MX_GPIO_Init
                0x08000aa4      0x204 ./Core/Src/gpio.o
                0x08000aa4                MX_GPIO_Init
 .text.MX_I2C1_Init
                0x08000ca8       0x80 ./Core/Src/i2c.o
                0x08000ca8                MX_I2C1_Init
 .text.HAL_I2C_MspInit
                0x08000d28       0xd0 ./Core/Src/i2c.o
                0x08000d28                HAL_I2C_MspInit
 .text.__io_putchar
                0x08000df8       0x24 ./Core/Src/main.o
                0x08000df8                __io_putchar
 .text.main     0x08000e1c      0x10c ./Core/Src/main.o
                0x08000e1c                main
 .text.SystemClock_Config
                0x08000f28      0x114 ./Core/Src/main.o
                0x08000f28                SystemClock_Config
 .text.PeriphCommonClock_Config
                0x0800103c       0x50 ./Core/Src/main.o
                0x0800103c                PeriphCommonClock_Config
 .text.MPU_Config
                0x0800108c       0x7a ./Core/Src/main.o
 .text.Error_Handler
                0x08001106        0xc ./Core/Src/main.o
                0x08001106                Error_Handler
 *fill*         0x08001112        0x2 
 .text.MX_SPI1_Init
                0x08001114       0xac ./Core/Src/spi.o
                0x08001114                MX_SPI1_Init
 .text.HAL_SPI_MspInit
                0x080011c0      0x1b4 ./Core/Src/spi.o
                0x080011c0                HAL_SPI_MspInit
 .text.HAL_MspInit
                0x08001374       0x34 ./Core/Src/stm32h7xx_hal_msp.o
                0x08001374                HAL_MspInit
 .text.NMI_Handler
                0x080013a8        0x8 ./Core/Src/stm32h7xx_it.o
                0x080013a8                NMI_Handler
 .text.HardFault_Handler
                0x080013b0        0x8 ./Core/Src/stm32h7xx_it.o
                0x080013b0                HardFault_Handler
 .text.MemManage_Handler
                0x080013b8        0x8 ./Core/Src/stm32h7xx_it.o
                0x080013b8                MemManage_Handler
 .text.BusFault_Handler
                0x080013c0        0x8 ./Core/Src/stm32h7xx_it.o
                0x080013c0                BusFault_Handler
 .text.UsageFault_Handler
                0x080013c8        0x8 ./Core/Src/stm32h7xx_it.o
                0x080013c8                UsageFault_Handler
 .text.SVC_Handler
                0x080013d0        0xe ./Core/Src/stm32h7xx_it.o
                0x080013d0                SVC_Handler
 .text.DebugMon_Handler
                0x080013de        0xe ./Core/Src/stm32h7xx_it.o
                0x080013de                DebugMon_Handler
 .text.PendSV_Handler
                0x080013ec        0xe ./Core/Src/stm32h7xx_it.o
                0x080013ec                PendSV_Handler
 .text.SysTick_Handler
                0x080013fa        0xc ./Core/Src/stm32h7xx_it.o
                0x080013fa                SysTick_Handler
 *fill*         0x08001406        0x2 
 .text.DMA1_Stream0_IRQHandler
                0x08001408       0x14 ./Core/Src/stm32h7xx_it.o
                0x08001408                DMA1_Stream0_IRQHandler
 .text.DMA1_Stream1_IRQHandler
                0x0800141c       0x14 ./Core/Src/stm32h7xx_it.o
                0x0800141c                DMA1_Stream1_IRQHandler
 .text.SPI1_IRQHandler
                0x08001430       0x14 ./Core/Src/stm32h7xx_it.o
                0x08001430                SPI1_IRQHandler
 .text.DCMI_IRQHandler
                0x08001444       0x14 ./Core/Src/stm32h7xx_it.o
                0x08001444                DCMI_IRQHandler
 .text._read    0x08001458       0x3a ./Core/Src/syscalls.o
                0x08001458                _read
 .text._write   0x08001492       0x38 ./Core/Src/syscalls.o
                0x08001492                _write
 .text._close   0x080014ca       0x18 ./Core/Src/syscalls.o
                0x080014ca                _close
 .text._fstat   0x080014e2       0x20 ./Core/Src/syscalls.o
                0x080014e2                _fstat
 .text._isatty  0x08001502       0x16 ./Core/Src/syscalls.o
                0x08001502                _isatty
 .text._lseek   0x08001518       0x1a ./Core/Src/syscalls.o
                0x08001518                _lseek
 *fill*         0x08001532        0x2 
 .text._sbrk    0x08001534       0x6c ./Core/Src/sysmem.o
                0x08001534                _sbrk
 .text.SystemInit
                0x080015a0      0x140 ./Core/Src/system_stm32h7xx.o
                0x080015a0                SystemInit
 .text.ExitRun0Mode
                0x080016e0       0x30 ./Core/Src/system_stm32h7xx.o
                0x080016e0                ExitRun0Mode
 .text.MX_USART1_UART_Init
                0x08001710       0x98 ./Core/Src/usart.o
                0x08001710                MX_USART1_UART_Init
 .text.HAL_UART_MspInit
                0x080017a8       0xd4 ./Core/Src/usart.o
                0x080017a8                HAL_UART_MspInit
 .text.Reset_Handler
                0x0800187c       0x54 ./Core/Startup/startup_stm32h743xihx.o
                0x0800187c                Reset_Handler
 .text.Default_Handler
                0x080018d0        0x2 ./Core/Startup/startup_stm32h743xihx.o
                0x080018d0                RTC_Alarm_IRQHandler
                0x080018d0                EXTI2_IRQHandler
                0x080018d0                TIM8_CC_IRQHandler
                0x080018d0                HRTIM1_Master_IRQHandler
                0x080018d0                UART8_IRQHandler
                0x080018d0                SPI4_IRQHandler
                0x080018d0                TIM1_CC_IRQHandler
                0x080018d0                BDMA_Channel6_IRQHandler
                0x080018d0                DMA2_Stream5_IRQHandler
                0x080018d0                HRTIM1_FLT_IRQHandler
                0x080018d0                JPEG_IRQHandler
                0x080018d0                DMA1_Stream5_IRQHandler
                0x080018d0                BDMA_Channel1_IRQHandler
                0x080018d0                HRTIM1_TIMD_IRQHandler
                0x080018d0                TAMP_STAMP_IRQHandler
                0x080018d0                EXTI3_IRQHandler
                0x080018d0                LPTIM4_IRQHandler
                0x080018d0                TIM8_TRG_COM_TIM14_IRQHandler
                0x080018d0                LPTIM2_IRQHandler
                0x080018d0                DFSDM1_FLT1_IRQHandler
                0x080018d0                DMAMUX2_OVR_IRQHandler
                0x080018d0                TIM8_UP_TIM13_IRQHandler
                0x080018d0                I2C3_ER_IRQHandler
                0x080018d0                DFSDM1_FLT2_IRQHandler
                0x080018d0                MDMA_IRQHandler
                0x080018d0                LPTIM3_IRQHandler
                0x080018d0                HSEM1_IRQHandler
                0x080018d0                EXTI0_IRQHandler
                0x080018d0                I2C2_EV_IRQHandler
                0x080018d0                DMA1_Stream2_IRQHandler
                0x080018d0                FPU_IRQHandler
                0x080018d0                OTG_HS_WKUP_IRQHandler
                0x080018d0                FDCAN1_IT1_IRQHandler
                0x080018d0                LTDC_ER_IRQHandler
                0x080018d0                DMA2_Stream2_IRQHandler
                0x080018d0                HRTIM1_TIME_IRQHandler
                0x080018d0                TIM6_DAC_IRQHandler
                0x080018d0                HRTIM1_TIMC_IRQHandler
                0x080018d0                DMA2_Stream3_IRQHandler
                0x080018d0                SAI2_IRQHandler
                0x080018d0                DFSDM1_FLT3_IRQHandler
                0x080018d0                USART6_IRQHandler
                0x080018d0                TIM17_IRQHandler
                0x080018d0                USART3_IRQHandler
                0x080018d0                BDMA_Channel7_IRQHandler
                0x080018d0                LPTIM5_IRQHandler
                0x080018d0                UART5_IRQHandler
                0x080018d0                ADC3_IRQHandler
                0x080018d0                DMA2_Stream0_IRQHandler
                0x080018d0                TIM4_IRQHandler
                0x080018d0                BDMA_Channel2_IRQHandler
                0x080018d0                QUADSPI_IRQHandler
                0x080018d0                I2C1_EV_IRQHandler
                0x080018d0                DMA1_Stream6_IRQHandler
                0x080018d0                DMAMUX1_OVR_IRQHandler
                0x080018d0                TIM16_IRQHandler
                0x080018d0                UART4_IRQHandler
                0x080018d0                BDMA_Channel5_IRQHandler
                0x080018d0                TIM3_IRQHandler
                0x080018d0                RCC_IRQHandler
                0x080018d0                TIM8_BRK_TIM12_IRQHandler
                0x080018d0                TIM1_TRG_COM_IRQHandler
                0x080018d0                Default_Handler
                0x080018d0                ECC_IRQHandler
                0x080018d0                CEC_IRQHandler
                0x080018d0                EXTI15_10_IRQHandler
                0x080018d0                BDMA_Channel0_IRQHandler
                0x080018d0                ADC_IRQHandler
                0x080018d0                DMA1_Stream7_IRQHandler
                0x080018d0                HRTIM1_TIMA_IRQHandler
                0x080018d0                SPI5_IRQHandler
                0x080018d0                TIM7_IRQHandler
                0x080018d0                SDMMC1_IRQHandler
                0x080018d0                TIM5_IRQHandler
                0x080018d0                DMA2_Stream7_IRQHandler
                0x080018d0                TIM15_IRQHandler
                0x080018d0                PVD_AVD_IRQHandler
                0x080018d0                I2C3_EV_IRQHandler
                0x080018d0                EXTI9_5_IRQHandler
                0x080018d0                RTC_WKUP_IRQHandler
                0x080018d0                LTDC_IRQHandler
                0x080018d0                SAI3_IRQHandler
                0x080018d0                ETH_WKUP_IRQHandler
                0x080018d0                SPDIF_RX_IRQHandler
                0x080018d0                SPI2_IRQHandler
                0x080018d0                OTG_HS_EP1_IN_IRQHandler
                0x080018d0                CRS_IRQHandler
                0x080018d0                EXTI4_IRQHandler
                0x080018d0                RNG_IRQHandler
                0x080018d0                HRTIM1_TIMB_IRQHandler
                0x080018d0                FDCAN2_IT1_IRQHandler
                0x080018d0                ETH_IRQHandler
                0x080018d0                TIM1_UP_IRQHandler
                0x080018d0                BDMA_Channel4_IRQHandler
                0x080018d0                OTG_HS_EP1_OUT_IRQHandler
                0x080018d0                WWDG_IRQHandler
                0x080018d0                SPI6_IRQHandler
                0x080018d0                MDIOS_IRQHandler
                0x080018d0                I2C4_EV_IRQHandler
                0x080018d0                FDCAN2_IT0_IRQHandler
                0x080018d0                LPUART1_IRQHandler
                0x080018d0                FDCAN1_IT0_IRQHandler
                0x080018d0                TIM2_IRQHandler
                0x080018d0                OTG_FS_WKUP_IRQHandler
                0x080018d0                OTG_HS_IRQHandler
                0x080018d0                DMA2D_IRQHandler
                0x080018d0                TIM1_BRK_IRQHandler
                0x080018d0                EXTI1_IRQHandler
                0x080018d0                SDMMC2_IRQHandler
                0x080018d0                OTG_FS_EP1_OUT_IRQHandler
                0x080018d0                BDMA_Channel3_IRQHandler
                0x080018d0                UART7_IRQHandler
                0x080018d0                MDIOS_WKUP_IRQHandler
                0x080018d0                USART2_IRQHandler
                0x080018d0                DFSDM1_FLT0_IRQHandler
                0x080018d0                SAI4_IRQHandler
                0x080018d0                I2C2_ER_IRQHandler
                0x080018d0                DMA2_Stream1_IRQHandler
                0x080018d0                FLASH_IRQHandler
                0x080018d0                DMA2_Stream4_IRQHandler
                0x080018d0                USART1_IRQHandler
                0x080018d0                OTG_FS_IRQHandler
                0x080018d0                SPI3_IRQHandler
                0x080018d0                WAKEUP_PIN_IRQHandler
                0x080018d0                DMA1_Stream4_IRQHandler
                0x080018d0                OTG_FS_EP1_IN_IRQHandler
                0x080018d0                I2C1_ER_IRQHandler
                0x080018d0                FMC_IRQHandler
                0x080018d0                FDCAN_CAL_IRQHandler
                0x080018d0                SWPMI1_IRQHandler
                0x080018d0                COMP1_IRQHandler
                0x080018d0                LPTIM1_IRQHandler
                0x080018d0                I2C4_ER_IRQHandler
                0x080018d0                DMA2_Stream6_IRQHandler
                0x080018d0                SAI1_IRQHandler
                0x080018d0                DMA1_Stream3_IRQHandler
 *fill*         0x080018d2        0x2 
 .text.HAL_Init
                0x080018d4       0x78 ./Drivers/STM32H7xx_HAL_Driver/Src/stm32h7xx_hal.o
                0x080018d4                HAL_Init
 .text.HAL_InitTick
                0x0800194c       0x6c ./Drivers/STM32H7xx_HAL_Driver/Src/stm32h7xx_hal.o
                0x0800194c                HAL_InitTick
 .text.HAL_IncTick
                0x080019b8       0x28 ./Drivers/STM32H7xx_HAL_Driver/Src/stm32h7xx_hal.o
                0x080019b8                HAL_IncTick
 .text.HAL_GetTick
                0x080019e0       0x18 ./Drivers/STM32H7xx_HAL_Driver/Src/stm32h7xx_hal.o
                0x080019e0                HAL_GetTick
 .text.HAL_GetREVID
                0x080019f8       0x18 ./Drivers/STM32H7xx_HAL_Driver/Src/stm32h7xx_hal.o
                0x080019f8                HAL_GetREVID
 .text.__NVIC_SetPriorityGrouping
                0x08001a10       0x48 ./Drivers/STM32H7xx_HAL_Driver/Src/stm32h7xx_hal_cortex.o
 .text.__NVIC_GetPriorityGrouping
                0x08001a58       0x1c ./Drivers/STM32H7xx_HAL_Driver/Src/stm32h7xx_hal_cortex.o
 .text.__NVIC_EnableIRQ
                0x08001a74       0x3c ./Drivers/STM32H7xx_HAL_Driver/Src/stm32h7xx_hal_cortex.o
 .text.__NVIC_SetPriority
                0x08001ab0       0x54 ./Drivers/STM32H7xx_HAL_Driver/Src/stm32h7xx_hal_cortex.o
 .text.NVIC_EncodePriority
                0x08001b04       0x66 ./Drivers/STM32H7xx_HAL_Driver/Src/stm32h7xx_hal_cortex.o
 *fill*         0x08001b6a        0x2 
 .text.SysTick_Config
                0x08001b6c       0x44 ./Drivers/STM32H7xx_HAL_Driver/Src/stm32h7xx_hal_cortex.o
 .text.HAL_NVIC_SetPriorityGrouping
                0x08001bb0       0x16 ./Drivers/STM32H7xx_HAL_Driver/Src/stm32h7xx_hal_cortex.o
                0x08001bb0                HAL_NVIC_SetPriorityGrouping
 .text.HAL_NVIC_SetPriority
                0x08001bc6       0x34 ./Drivers/STM32H7xx_HAL_Driver/Src/stm32h7xx_hal_cortex.o
                0x08001bc6                HAL_NVIC_SetPriority
 .text.HAL_NVIC_EnableIRQ
                0x08001bfa       0x1c ./Drivers/STM32H7xx_HAL_Driver/Src/stm32h7xx_hal_cortex.o
                0x08001bfa                HAL_NVIC_EnableIRQ
 .text.HAL_SYSTICK_Config
                0x08001c16       0x18 ./Drivers/STM32H7xx_HAL_Driver/Src/stm32h7xx_hal_cortex.o
                0x08001c16                HAL_SYSTICK_Config
 *fill*         0x08001c2e        0x2 
 .text.HAL_MPU_Disable
                0x08001c30       0x30 ./Drivers/STM32H7xx_HAL_Driver/Src/stm32h7xx_hal_cortex.o
                0x08001c30                HAL_MPU_Disable
 .text.HAL_MPU_Enable
                0x08001c60       0x40 ./Drivers/STM32H7xx_HAL_Driver/Src/stm32h7xx_hal_cortex.o
                0x08001c60                HAL_MPU_Enable
 .text.HAL_MPU_ConfigRegion
                0x08001ca0       0x80 ./Drivers/STM32H7xx_HAL_Driver/Src/stm32h7xx_hal_cortex.o
                0x08001ca0                HAL_MPU_ConfigRegion
 .text.HAL_DCMI_Init
                0x08001d20       0xf4 ./Drivers/STM32H7xx_HAL_Driver/Src/stm32h7xx_hal_dcmi.o
                0x08001d20                HAL_DCMI_Init
 .text.HAL_DCMI_IRQHandler
                0x08001e14      0x104 ./Drivers/STM32H7xx_HAL_Driver/Src/stm32h7xx_hal_dcmi.o
                0x08001e14                HAL_DCMI_IRQHandler
 .text.HAL_DCMI_ErrorCallback
                0x08001f18       0x14 ./Drivers/STM32H7xx_HAL_Driver/Src/stm32h7xx_hal_dcmi.o
                0x08001f18                HAL_DCMI_ErrorCallback
 .text.HAL_DCMI_LineEventCallback
                0x08001f2c       0x14 ./Drivers/STM32H7xx_HAL_Driver/Src/stm32h7xx_hal_dcmi.o
                0x08001f2c                HAL_DCMI_LineEventCallback
 .text.HAL_DCMI_VsyncEventCallback
                0x08001f40       0x14 ./Drivers/STM32H7xx_HAL_Driver/Src/stm32h7xx_hal_dcmi.o
                0x08001f40                HAL_DCMI_VsyncEventCallback
 .text.HAL_DCMI_FrameEventCallback
                0x08001f54       0x14 ./Drivers/STM32H7xx_HAL_Driver/Src/stm32h7xx_hal_dcmi.o
                0x08001f54                HAL_DCMI_FrameEventCallback
 .text.DCMI_DMAError
                0x08001f68       0x3a ./Drivers/STM32H7xx_HAL_Driver/Src/stm32h7xx_hal_dcmi.o
 *fill*         0x08001fa2        0x2 
 .text.HAL_DMA_Init
                0x08001fa4      0x6b8 ./Drivers/STM32H7xx_HAL_Driver/Src/stm32h7xx_hal_dma.o
                0x08001fa4                HAL_DMA_Init
 .text.HAL_DMA_Abort_IT
                0x0800265c      0x48c ./Drivers/STM32H7xx_HAL_Driver/Src/stm32h7xx_hal_dma.o
                0x0800265c                HAL_DMA_Abort_IT
 .text.HAL_DMA_IRQHandler
                0x08002ae8      0xe54 ./Drivers/STM32H7xx_HAL_Driver/Src/stm32h7xx_hal_dma.o
                0x08002ae8                HAL_DMA_IRQHandler
 .text.DMA_CalcBaseAndBitshift
                0x0800393c      0x164 ./Drivers/STM32H7xx_HAL_Driver/Src/stm32h7xx_hal_dma.o
 .text.DMA_CheckFifoParam
                0x08003aa0       0xf8 ./Drivers/STM32H7xx_HAL_Driver/Src/stm32h7xx_hal_dma.o
 .text.DMA_CalcDMAMUXChannelBaseAndMask
                0x08003b98      0x134 ./Drivers/STM32H7xx_HAL_Driver/Src/stm32h7xx_hal_dma.o
 .text.DMA_CalcDMAMUXRequestGenBaseAndMask
                0x08003ccc       0xe8 ./Drivers/STM32H7xx_HAL_Driver/Src/stm32h7xx_hal_dma.o
 .text.HAL_GPIO_Init
                0x08003db4      0x360 ./Drivers/STM32H7xx_HAL_Driver/Src/stm32h7xx_hal_gpio.o
                0x08003db4                HAL_GPIO_Init
 .text.HAL_GPIO_WritePin
                0x08004114       0x32 ./Drivers/STM32H7xx_HAL_Driver/Src/stm32h7xx_hal_gpio.o
                0x08004114                HAL_GPIO_WritePin
 *fill*         0x08004146        0x2 
 .text.HAL_I2C_Init
                0x08004148      0x138 ./Drivers/STM32H7xx_HAL_Driver/Src/stm32h7xx_hal_i2c.o
                0x08004148                HAL_I2C_Init
 .text.HAL_I2CEx_ConfigAnalogFilter
                0x08004280       0x96 ./Drivers/STM32H7xx_HAL_Driver/Src/stm32h7xx_hal_i2c_ex.o
                0x08004280                HAL_I2CEx_ConfigAnalogFilter
 .text.HAL_I2CEx_ConfigDigitalFilter
                0x08004316       0x98 ./Drivers/STM32H7xx_HAL_Driver/Src/stm32h7xx_hal_i2c_ex.o
                0x08004316                HAL_I2CEx_ConfigDigitalFilter
 *fill*         0x080043ae        0x2 
 .text.HAL_PWREx_ConfigSupply
                0x080043b0       0x74 ./Drivers/STM32H7xx_HAL_Driver/Src/stm32h7xx_hal_pwr_ex.o
                0x080043b0                HAL_PWREx_ConfigSupply
 .text.HAL_RCC_OscConfig
                0x08004424      0x8b4 ./Drivers/STM32H7xx_HAL_Driver/Src/stm32h7xx_hal_rcc.o
                0x08004424                HAL_RCC_OscConfig
 .text.HAL_RCC_ClockConfig
                0x08004cd8      0x36c ./Drivers/STM32H7xx_HAL_Driver/Src/stm32h7xx_hal_rcc.o
                0x08004cd8                HAL_RCC_ClockConfig
 .text.HAL_RCC_MCOConfig
                0x08005044       0xd4 ./Drivers/STM32H7xx_HAL_Driver/Src/stm32h7xx_hal_rcc.o
                0x08005044                HAL_RCC_MCOConfig
 .text.HAL_RCC_GetSysClockFreq
                0x08005118      0x2f4 ./Drivers/STM32H7xx_HAL_Driver/Src/stm32h7xx_hal_rcc.o
                0x08005118                HAL_RCC_GetSysClockFreq
 .text.HAL_RCC_GetHCLKFreq
                0x0800540c       0x60 ./Drivers/STM32H7xx_HAL_Driver/Src/stm32h7xx_hal_rcc.o
                0x0800540c                HAL_RCC_GetHCLKFreq
 .text.HAL_RCC_GetPCLK1Freq
                0x0800546c       0x2c ./Drivers/STM32H7xx_HAL_Driver/Src/stm32h7xx_hal_rcc.o
                0x0800546c                HAL_RCC_GetPCLK1Freq
 .text.HAL_RCC_GetPCLK2Freq
                0x08005498       0x2c ./Drivers/STM32H7xx_HAL_Driver/Src/stm32h7xx_hal_rcc.o
                0x08005498                HAL_RCC_GetPCLK2Freq
 .text.HAL_RCCEx_PeriphCLKConfig
                0x080054c4     0x1414 ./Drivers/STM32H7xx_HAL_Driver/Src/stm32h7xx_hal_rcc_ex.o
                0x080054c4                HAL_RCCEx_PeriphCLKConfig
 .text.HAL_RCCEx_GetD3PCLK1Freq
                0x080068d8       0x2c ./Drivers/STM32H7xx_HAL_Driver/Src/stm32h7xx_hal_rcc_ex.o
                0x080068d8                HAL_RCCEx_GetD3PCLK1Freq
 .text.HAL_RCCEx_GetPLL2ClockFreq
                0x08006904      0x2a8 ./Drivers/STM32H7xx_HAL_Driver/Src/stm32h7xx_hal_rcc_ex.o
                0x08006904                HAL_RCCEx_GetPLL2ClockFreq
 .text.HAL_RCCEx_GetPLL3ClockFreq
                0x08006bac      0x2a8 ./Drivers/STM32H7xx_HAL_Driver/Src/stm32h7xx_hal_rcc_ex.o
                0x08006bac                HAL_RCCEx_GetPLL3ClockFreq
 .text.RCCEx_PLL2_Config
                0x08006e54      0x164 ./Drivers/STM32H7xx_HAL_Driver/Src/stm32h7xx_hal_rcc_ex.o
 .text.RCCEx_PLL3_Config
                0x08006fb8      0x164 ./Drivers/STM32H7xx_HAL_Driver/Src/stm32h7xx_hal_rcc_ex.o
 .text.HAL_SDRAM_Init
                0x0800711c       0x78 ./Drivers/STM32H7xx_HAL_Driver/Src/stm32h7xx_hal_sdram.o
                0x0800711c                HAL_SDRAM_Init
 .text.HAL_SPI_Init
                0x08007194      0x248 ./Drivers/STM32H7xx_HAL_Driver/Src/stm32h7xx_hal_spi.o
                0x08007194                HAL_SPI_Init
 .text.HAL_SPI_IRQHandler
                0x080073dc      0x39c ./Drivers/STM32H7xx_HAL_Driver/Src/stm32h7xx_hal_spi.o
                0x080073dc                HAL_SPI_IRQHandler
 .text.HAL_SPI_TxCpltCallback
                0x08007778       0x14 ./Drivers/STM32H7xx_HAL_Driver/Src/stm32h7xx_hal_spi.o
                0x08007778                HAL_SPI_TxCpltCallback
 .text.HAL_SPI_RxCpltCallback
                0x0800778c       0x14 ./Drivers/STM32H7xx_HAL_Driver/Src/stm32h7xx_hal_spi.o
                0x0800778c                HAL_SPI_RxCpltCallback
 .text.HAL_SPI_TxRxCpltCallback
                0x080077a0       0x14 ./Drivers/STM32H7xx_HAL_Driver/Src/stm32h7xx_hal_spi.o
                0x080077a0                HAL_SPI_TxRxCpltCallback
 .text.HAL_SPI_ErrorCallback
                0x080077b4       0x14 ./Drivers/STM32H7xx_HAL_Driver/Src/stm32h7xx_hal_spi.o
                0x080077b4                HAL_SPI_ErrorCallback
 .text.HAL_SPI_SuspendCallback
                0x080077c8       0x14 ./Drivers/STM32H7xx_HAL_Driver/Src/stm32h7xx_hal_spi.o
                0x080077c8                HAL_SPI_SuspendCallback
 .text.SPI_DMAAbortOnError
                0x080077dc       0x34 ./Drivers/STM32H7xx_HAL_Driver/Src/stm32h7xx_hal_spi.o
 .text.SPI_CloseTransfer
                0x08007810      0x140 ./Drivers/STM32H7xx_HAL_Driver/Src/stm32h7xx_hal_spi.o
 .text.SPI_GetPacketSize
                0x08007950       0x36 ./Drivers/STM32H7xx_HAL_Driver/Src/stm32h7xx_hal_spi.o
 .text.HAL_UART_Init
                0x08007986       0xa0 ./Drivers/STM32H7xx_HAL_Driver/Src/stm32h7xx_hal_uart.o
                0x08007986                HAL_UART_Init
 .text.HAL_UART_Transmit
                0x08007a26      0x11c ./Drivers/STM32H7xx_HAL_Driver/Src/stm32h7xx_hal_uart.o
                0x08007a26                HAL_UART_Transmit
 *fill*         0x08007b42        0x2 
 .text.UART_SetConfig
                0x08007b44      0xad0 ./Drivers/STM32H7xx_HAL_Driver/Src/stm32h7xx_hal_uart.o
                0x08007b44                UART_SetConfig
 .text.UART_AdvFeatureConfig
                0x08008614      0x144 ./Drivers/STM32H7xx_HAL_Driver/Src/stm32h7xx_hal_uart.o
                0x08008614                UART_AdvFeatureConfig
 .text.UART_CheckIdleState
                0x08008758      0x154 ./Drivers/STM32H7xx_HAL_Driver/Src/stm32h7xx_hal_uart.o
                0x08008758                UART_CheckIdleState
 .text.UART_WaitOnFlagUntilTimeout
                0x080088ac       0xda ./Drivers/STM32H7xx_HAL_Driver/Src/stm32h7xx_hal_uart.o
                0x080088ac                UART_WaitOnFlagUntilTimeout
 *fill*         0x08008986        0x2 
 .text.UART_EndRxTransfer
                0x08008988       0xcc ./Drivers/STM32H7xx_HAL_Driver/Src/stm32h7xx_hal_uart.o
 .text.HAL_UARTEx_DisableFifoMode
                0x08008a54       0x72 ./Drivers/STM32H7xx_HAL_Driver/Src/stm32h7xx_hal_uart_ex.o
                0x08008a54                HAL_UARTEx_DisableFifoMode
 .text.HAL_UARTEx_SetTxFifoThreshold
                0x08008ac6       0x7c ./Drivers/STM32H7xx_HAL_Driver/Src/stm32h7xx_hal_uart_ex.o
                0x08008ac6                HAL_UARTEx_SetTxFifoThreshold
 .text.HAL_UARTEx_SetRxFifoThreshold
                0x08008b42       0x7c ./Drivers/STM32H7xx_HAL_Driver/Src/stm32h7xx_hal_uart_ex.o
                0x08008b42                HAL_UARTEx_SetRxFifoThreshold
 *fill*         0x08008bbe        0x2 
 .text.UARTEx_SetNbDataToProcess
                0x08008bc0       0x9c ./Drivers/STM32H7xx_HAL_Driver/Src/stm32h7xx_hal_uart_ex.o
 .text.FMC_SDRAM_Init
                0x08008c5c       0xb8 ./Drivers/STM32H7xx_HAL_Driver/Src/stm32h7xx_ll_fmc.o
                0x08008c5c                FMC_SDRAM_Init
 .text.FMC_SDRAM_Timing_Init
                0x08008d14       0xd4 ./Drivers/STM32H7xx_HAL_Driver/Src/stm32h7xx_ll_fmc.o
                0x08008d14                FMC_SDRAM_Timing_Init
 .text.std      0x08008de8       0x6c C:/ST/STM32CubeIDE_1.18.1/STM32CubeIDE/plugins/com.st.stm32cube.ide.mcu.externaltools.gnu-tools-for-stm32.13.3.rel1.win32_1.0.0.202411081344/tools/bin/../lib/gcc/arm-none-eabi/13.3.1/../../../../arm-none-eabi/lib/thumb/v7e-m+dp/hard\libc_nano.a(libc_a-findfp.o)
 .text.stdio_exit_handler
                0x08008e54       0x18 C:/ST/STM32CubeIDE_1.18.1/STM32CubeIDE/plugins/com.st.stm32cube.ide.mcu.externaltools.gnu-tools-for-stm32.13.3.rel1.win32_1.0.0.202411081344/tools/bin/../lib/gcc/arm-none-eabi/13.3.1/../../../../arm-none-eabi/lib/thumb/v7e-m+dp/hard\libc_nano.a(libc_a-findfp.o)
 .text.cleanup_stdio
                0x08008e6c       0x40 C:/ST/STM32CubeIDE_1.18.1/STM32CubeIDE/plugins/com.st.stm32cube.ide.mcu.externaltools.gnu-tools-for-stm32.13.3.rel1.win32_1.0.0.202411081344/tools/bin/../lib/gcc/arm-none-eabi/13.3.1/../../../../arm-none-eabi/lib/thumb/v7e-m+dp/hard\libc_nano.a(libc_a-findfp.o)
 .text.global_stdio_init.part.0
                0x08008eac       0x3c C:/ST/STM32CubeIDE_1.18.1/STM32CubeIDE/plugins/com.st.stm32cube.ide.mcu.externaltools.gnu-tools-for-stm32.13.3.rel1.win32_1.0.0.202411081344/tools/bin/../lib/gcc/arm-none-eabi/13.3.1/../../../../arm-none-eabi/lib/thumb/v7e-m+dp/hard\libc_nano.a(libc_a-findfp.o)
 .text.__sfp_lock_acquire
                0x08008ee8        0xc C:/ST/STM32CubeIDE_1.18.1/STM32CubeIDE/plugins/com.st.stm32cube.ide.mcu.externaltools.gnu-tools-for-stm32.13.3.rel1.win32_1.0.0.202411081344/tools/bin/../lib/gcc/arm-none-eabi/13.3.1/../../../../arm-none-eabi/lib/thumb/v7e-m+dp/hard\libc_nano.a(libc_a-findfp.o)
                0x08008ee8                __sfp_lock_acquire
 .text.__sfp_lock_release
                0x08008ef4        0xc C:/ST/STM32CubeIDE_1.18.1/STM32CubeIDE/plugins/com.st.stm32cube.ide.mcu.externaltools.gnu-tools-for-stm32.13.3.rel1.win32_1.0.0.202411081344/tools/bin/../lib/gcc/arm-none-eabi/13.3.1/../../../../arm-none-eabi/lib/thumb/v7e-m+dp/hard\libc_nano.a(libc_a-findfp.o)
                0x08008ef4                __sfp_lock_release
 .text.__sinit  0x08008f00       0x30 C:/ST/STM32CubeIDE_1.18.1/STM32CubeIDE/plugins/com.st.stm32cube.ide.mcu.externaltools.gnu-tools-for-stm32.13.3.rel1.win32_1.0.0.202411081344/tools/bin/../lib/gcc/arm-none-eabi/13.3.1/../../../../arm-none-eabi/lib/thumb/v7e-m+dp/hard\libc_nano.a(libc_a-findfp.o)
                0x08008f00                __sinit
 .text._fwalk_sglue
                0x08008f30       0x3c C:/ST/STM32CubeIDE_1.18.1/STM32CubeIDE/plugins/com.st.stm32cube.ide.mcu.externaltools.gnu-tools-for-stm32.13.3.rel1.win32_1.0.0.202411081344/tools/bin/../lib/gcc/arm-none-eabi/13.3.1/../../../../arm-none-eabi/lib/thumb/v7e-m+dp/hard\libc_nano.a(libc_a-fwalk.o)
                0x08008f30                _fwalk_sglue
 .text._puts_r  0x08008f6c       0xaa C:/ST/STM32CubeIDE_1.18.1/STM32CubeIDE/plugins/com.st.stm32cube.ide.mcu.externaltools.gnu-tools-for-stm32.13.3.rel1.win32_1.0.0.202411081344/tools/bin/../lib/gcc/arm-none-eabi/13.3.1/../../../../arm-none-eabi/lib/thumb/v7e-m+dp/hard\libc_nano.a(libc_a-puts.o)
                0x08008f6c                _puts_r
 *fill*         0x08009016        0x2 
 .text.puts     0x08009018       0x10 C:/ST/STM32CubeIDE_1.18.1/STM32CubeIDE/plugins/com.st.stm32cube.ide.mcu.externaltools.gnu-tools-for-stm32.13.3.rel1.win32_1.0.0.202411081344/tools/bin/../lib/gcc/arm-none-eabi/13.3.1/../../../../arm-none-eabi/lib/thumb/v7e-m+dp/hard\libc_nano.a(libc_a-puts.o)
                0x08009018                puts
 .text.__sread  0x08009028       0x22 C:/ST/STM32CubeIDE_1.18.1/STM32CubeIDE/plugins/com.st.stm32cube.ide.mcu.externaltools.gnu-tools-for-stm32.13.3.rel1.win32_1.0.0.202411081344/tools/bin/../lib/gcc/arm-none-eabi/13.3.1/../../../../arm-none-eabi/lib/thumb/v7e-m+dp/hard\libc_nano.a(libc_a-stdio.o)
                0x08009028                __sread
 .text.__swrite
                0x0800904a       0x38 C:/ST/STM32CubeIDE_1.18.1/STM32CubeIDE/plugins/com.st.stm32cube.ide.mcu.externaltools.gnu-tools-for-stm32.13.3.rel1.win32_1.0.0.202411081344/tools/bin/../lib/gcc/arm-none-eabi/13.3.1/../../../../arm-none-eabi/lib/thumb/v7e-m+dp/hard\libc_nano.a(libc_a-stdio.o)
                0x0800904a                __swrite
 .text.__sseek  0x08009082       0x24 C:/ST/STM32CubeIDE_1.18.1/STM32CubeIDE/plugins/com.st.stm32cube.ide.mcu.externaltools.gnu-tools-for-stm32.13.3.rel1.win32_1.0.0.202411081344/tools/bin/../lib/gcc/arm-none-eabi/13.3.1/../../../../arm-none-eabi/lib/thumb/v7e-m+dp/hard\libc_nano.a(libc_a-stdio.o)
                0x08009082                __sseek
 .text.__sclose
                0x080090a6        0x8 C:/ST/STM32CubeIDE_1.18.1/STM32CubeIDE/plugins/com.st.stm32cube.ide.mcu.externaltools.gnu-tools-for-stm32.13.3.rel1.win32_1.0.0.202411081344/tools/bin/../lib/gcc/arm-none-eabi/13.3.1/../../../../arm-none-eabi/lib/thumb/v7e-m+dp/hard\libc_nano.a(libc_a-stdio.o)
                0x080090a6                __sclose
 .text.__swbuf_r
                0x080090ae       0x7c C:/ST/STM32CubeIDE_1.18.1/STM32CubeIDE/plugins/com.st.stm32cube.ide.mcu.externaltools.gnu-tools-for-stm32.13.3.rel1.win32_1.0.0.202411081344/tools/bin/../lib/gcc/arm-none-eabi/13.3.1/../../../../arm-none-eabi/lib/thumb/v7e-m+dp/hard\libc_nano.a(libc_a-wbuf.o)
                0x080090ae                __swbuf_r
 *fill*         0x0800912a        0x2 
 .text.__swsetup_r
                0x0800912c       0xac C:/ST/STM32CubeIDE_1.18.1/STM32CubeIDE/plugins/com.st.stm32cube.ide.mcu.externaltools.gnu-tools-for-stm32.13.3.rel1.win32_1.0.0.202411081344/tools/bin/../lib/gcc/arm-none-eabi/13.3.1/../../../../arm-none-eabi/lib/thumb/v7e-m+dp/hard\libc_nano.a(libc_a-wsetup.o)
                0x0800912c                __swsetup_r
 .text.memset   0x080091d8       0x10 C:/ST/STM32CubeIDE_1.18.1/STM32CubeIDE/plugins/com.st.stm32cube.ide.mcu.externaltools.gnu-tools-for-stm32.13.3.rel1.win32_1.0.0.202411081344/tools/bin/../lib/gcc/arm-none-eabi/13.3.1/../../../../arm-none-eabi/lib/thumb/v7e-m+dp/hard\libc_nano.a(libc_a-memset.o)
                0x080091d8                memset
 .text._close_r
                0x080091e8       0x20 C:/ST/STM32CubeIDE_1.18.1/STM32CubeIDE/plugins/com.st.stm32cube.ide.mcu.externaltools.gnu-tools-for-stm32.13.3.rel1.win32_1.0.0.202411081344/tools/bin/../lib/gcc/arm-none-eabi/13.3.1/../../../../arm-none-eabi/lib/thumb/v7e-m+dp/hard\libc_nano.a(libc_a-closer.o)
                0x080091e8                _close_r
 .text._lseek_r
                0x08009208       0x24 C:/ST/STM32CubeIDE_1.18.1/STM32CubeIDE/plugins/com.st.stm32cube.ide.mcu.externaltools.gnu-tools-for-stm32.13.3.rel1.win32_1.0.0.202411081344/tools/bin/../lib/gcc/arm-none-eabi/13.3.1/../../../../arm-none-eabi/lib/thumb/v7e-m+dp/hard\libc_nano.a(libc_a-lseekr.o)
                0x08009208                _lseek_r
 .text._read_r  0x0800922c       0x24 C:/ST/STM32CubeIDE_1.18.1/STM32CubeIDE/plugins/com.st.stm32cube.ide.mcu.externaltools.gnu-tools-for-stm32.13.3.rel1.win32_1.0.0.202411081344/tools/bin/../lib/gcc/arm-none-eabi/13.3.1/../../../../arm-none-eabi/lib/thumb/v7e-m+dp/hard\libc_nano.a(libc_a-readr.o)
                0x0800922c                _read_r
 .text._write_r
                0x08009250       0x24 C:/ST/STM32CubeIDE_1.18.1/STM32CubeIDE/plugins/com.st.stm32cube.ide.mcu.externaltools.gnu-tools-for-stm32.13.3.rel1.win32_1.0.0.202411081344/tools/bin/../lib/gcc/arm-none-eabi/13.3.1/../../../../arm-none-eabi/lib/thumb/v7e-m+dp/hard\libc_nano.a(libc_a-writer.o)
                0x08009250                _write_r
 .text.__errno  0x08009274        0xc C:/ST/STM32CubeIDE_1.18.1/STM32CubeIDE/plugins/com.st.stm32cube.ide.mcu.externaltools.gnu-tools-for-stm32.13.3.rel1.win32_1.0.0.202411081344/tools/bin/../lib/gcc/arm-none-eabi/13.3.1/../../../../arm-none-eabi/lib/thumb/v7e-m+dp/hard\libc_nano.a(libc_a-errno.o)
                0x08009274                __errno
 .text.__libc_init_array
                0x08009280       0x48 C:/ST/STM32CubeIDE_1.18.1/STM32CubeIDE/plugins/com.st.stm32cube.ide.mcu.externaltools.gnu-tools-for-stm32.13.3.rel1.win32_1.0.0.202411081344/tools/bin/../lib/gcc/arm-none-eabi/13.3.1/../../../../arm-none-eabi/lib/thumb/v7e-m+dp/hard\libc_nano.a(libc_a-init.o)
                0x08009280                __libc_init_array
 .text.__retarget_lock_init_recursive
                0x080092c8        0x2 C:/ST/STM32CubeIDE_1.18.1/STM32CubeIDE/plugins/com.st.stm32cube.ide.mcu.externaltools.gnu-tools-for-stm32.13.3.rel1.win32_1.0.0.202411081344/tools/bin/../lib/gcc/arm-none-eabi/13.3.1/../../../../arm-none-eabi/lib/thumb/v7e-m+dp/hard\libc_nano.a(libc_a-lock.o)
                0x080092c8                __retarget_lock_init_recursive
 .text.__retarget_lock_acquire_recursive
                0x080092ca        0x2 C:/ST/STM32CubeIDE_1.18.1/STM32CubeIDE/plugins/com.st.stm32cube.ide.mcu.externaltools.gnu-tools-for-stm32.13.3.rel1.win32_1.0.0.202411081344/tools/bin/../lib/gcc/arm-none-eabi/13.3.1/../../../../arm-none-eabi/lib/thumb/v7e-m+dp/hard\libc_nano.a(libc_a-lock.o)
                0x080092ca                __retarget_lock_acquire_recursive
 .text.__retarget_lock_release_recursive
                0x080092cc        0x2 C:/ST/STM32CubeIDE_1.18.1/STM32CubeIDE/plugins/com.st.stm32cube.ide.mcu.externaltools.gnu-tools-for-stm32.13.3.rel1.win32_1.0.0.202411081344/tools/bin/../lib/gcc/arm-none-eabi/13.3.1/../../../../arm-none-eabi/lib/thumb/v7e-m+dp/hard\libc_nano.a(libc_a-lock.o)
                0x080092cc                __retarget_lock_release_recursive
 *fill*         0x080092ce        0x2 
 .text._free_r  0x080092d0       0x94 C:/ST/STM32CubeIDE_1.18.1/STM32CubeIDE/plugins/com.st.stm32cube.ide.mcu.externaltools.gnu-tools-for-stm32.13.3.rel1.win32_1.0.0.202411081344/tools/bin/../lib/gcc/arm-none-eabi/13.3.1/../../../../arm-none-eabi/lib/thumb/v7e-m+dp/hard\libc_nano.a(libc_a-freer.o)
                0x080092d0                _free_r
 .text.sbrk_aligned
                0x08009364       0x44 C:/ST/STM32CubeIDE_1.18.1/STM32CubeIDE/plugins/com.st.stm32cube.ide.mcu.externaltools.gnu-tools-for-stm32.13.3.rel1.win32_1.0.0.202411081344/tools/bin/../lib/gcc/arm-none-eabi/13.3.1/../../../../arm-none-eabi/lib/thumb/v7e-m+dp/hard\libc_nano.a(libc_a-mallocr.o)
 .text._malloc_r
                0x080093a8      0x100 C:/ST/STM32CubeIDE_1.18.1/STM32CubeIDE/plugins/com.st.stm32cube.ide.mcu.externaltools.gnu-tools-for-stm32.13.3.rel1.win32_1.0.0.202411081344/tools/bin/../lib/gcc/arm-none-eabi/13.3.1/../../../../arm-none-eabi/lib/thumb/v7e-m+dp/hard\libc_nano.a(libc_a-mallocr.o)
                0x080093a8                _malloc_r
 .text.__malloc_lock
                0x080094a8        0xc C:/ST/STM32CubeIDE_1.18.1/STM32CubeIDE/plugins/com.st.stm32cube.ide.mcu.externaltools.gnu-tools-for-stm32.13.3.rel1.win32_1.0.0.202411081344/tools/bin/../lib/gcc/arm-none-eabi/13.3.1/../../../../arm-none-eabi/lib/thumb/v7e-m+dp/hard\libc_nano.a(libc_a-mlock.o)
                0x080094a8                __malloc_lock
 .text.__malloc_unlock
                0x080094b4        0xc C:/ST/STM32CubeIDE_1.18.1/STM32CubeIDE/plugins/com.st.stm32cube.ide.mcu.externaltools.gnu-tools-for-stm32.13.3.rel1.win32_1.0.0.202411081344/tools/bin/../lib/gcc/arm-none-eabi/13.3.1/../../../../arm-none-eabi/lib/thumb/v7e-m+dp/hard\libc_nano.a(libc_a-mlock.o)
                0x080094b4                __malloc_unlock
 .text.__sflush_r
                0x080094c0      0x108 C:/ST/STM32CubeIDE_1.18.1/STM32CubeIDE/plugins/com.st.stm32cube.ide.mcu.externaltools.gnu-tools-for-stm32.13.3.rel1.win32_1.0.0.202411081344/tools/bin/../lib/gcc/arm-none-eabi/13.3.1/../../../../arm-none-eabi/lib/thumb/v7e-m+dp/hard\libc_nano.a(libc_a-fflush.o)
                0x080094c0                __sflush_r
 .text._fflush_r
                0x080095c8       0x50 C:/ST/STM32CubeIDE_1.18.1/STM32CubeIDE/plugins/com.st.stm32cube.ide.mcu.externaltools.gnu-tools-for-stm32.13.3.rel1.win32_1.0.0.202411081344/tools/bin/../lib/gcc/arm-none-eabi/13.3.1/../../../../arm-none-eabi/lib/thumb/v7e-m+dp/hard\libc_nano.a(libc_a-fflush.o)
                0x080095c8                _fflush_r
 .text.__swhatbuf_r
                0x08009618       0x4c C:/ST/STM32CubeIDE_1.18.1/STM32CubeIDE/plugins/com.st.stm32cube.ide.mcu.externaltools.gnu-tools-for-stm32.13.3.rel1.win32_1.0.0.202411081344/tools/bin/../lib/gcc/arm-none-eabi/13.3.1/../../../../arm-none-eabi/lib/thumb/v7e-m+dp/hard\libc_nano.a(libc_a-makebuf.o)
                0x08009618                __swhatbuf_r
 .text.__smakebuf_r
                0x08009664       0x78 C:/ST/STM32CubeIDE_1.18.1/STM32CubeIDE/plugins/com.st.stm32cube.ide.mcu.externaltools.gnu-tools-for-stm32.13.3.rel1.win32_1.0.0.202411081344/tools/bin/../lib/gcc/arm-none-eabi/13.3.1/../../../../arm-none-eabi/lib/thumb/v7e-m+dp/hard\libc_nano.a(libc_a-makebuf.o)
                0x08009664                __smakebuf_r
 .text._fstat_r
                0x080096dc       0x24 C:/ST/STM32CubeIDE_1.18.1/STM32CubeIDE/plugins/com.st.stm32cube.ide.mcu.externaltools.gnu-tools-for-stm32.13.3.rel1.win32_1.0.0.202411081344/tools/bin/../lib/gcc/arm-none-eabi/13.3.1/../../../../arm-none-eabi/lib/thumb/v7e-m+dp/hard\libc_nano.a(libc_a-fstatr.o)
                0x080096dc                _fstat_r
 .text._isatty_r
                0x08009700       0x20 C:/ST/STM32CubeIDE_1.18.1/STM32CubeIDE/plugins/com.st.stm32cube.ide.mcu.externaltools.gnu-tools-for-stm32.13.3.rel1.win32_1.0.0.202411081344/tools/bin/../lib/gcc/arm-none-eabi/13.3.1/../../../../arm-none-eabi/lib/thumb/v7e-m+dp/hard\libc_nano.a(libc_a-isattyr.o)
                0x08009700                _isatty_r
 .text._sbrk_r  0x08009720       0x20 C:/ST/STM32CubeIDE_1.18.1/STM32CubeIDE/plugins/com.st.stm32cube.ide.mcu.externaltools.gnu-tools-for-stm32.13.3.rel1.win32_1.0.0.202411081344/tools/bin/../lib/gcc/arm-none-eabi/13.3.1/../../../../arm-none-eabi/lib/thumb/v7e-m+dp/hard\libc_nano.a(libc_a-sbrkr.o)
                0x08009720                _sbrk_r
 *(.glue_7)
 .glue_7        0x08009740        0x0 linker stubs
 *(.glue_7t)
 .glue_7t       0x08009740        0x0 linker stubs
 *(.eh_frame)
 .eh_frame      0x08009740        0x0 C:/ST/STM32CubeIDE_1.18.1/STM32CubeIDE/plugins/com.st.stm32cube.ide.mcu.externaltools.gnu-tools-for-stm32.13.3.rel1.win32_1.0.0.202411081344/tools/bin/../lib/gcc/arm-none-eabi/13.3.1/thumb/v7e-m+dp/hard/crtbegin.o
 *(.init)
 .init          0x08009740        0x4 C:/ST/STM32CubeIDE_1.18.1/STM32CubeIDE/plugins/com.st.stm32cube.ide.mcu.externaltools.gnu-tools-for-stm32.13.3.rel1.win32_1.0.0.202411081344/tools/bin/../lib/gcc/arm-none-eabi/13.3.1/thumb/v7e-m+dp/hard/crti.o
                0x08009740                _init
 .init          0x08009744        0x8 C:/ST/STM32CubeIDE_1.18.1/STM32CubeIDE/plugins/com.st.stm32cube.ide.mcu.externaltools.gnu-tools-for-stm32.13.3.rel1.win32_1.0.0.202411081344/tools/bin/../lib/gcc/arm-none-eabi/13.3.1/thumb/v7e-m+dp/hard/crtn.o
 *(.fini)
 .fini          0x0800974c        0x4 C:/ST/STM32CubeIDE_1.18.1/STM32CubeIDE/plugins/com.st.stm32cube.ide.mcu.externaltools.gnu-tools-for-stm32.13.3.rel1.win32_1.0.0.202411081344/tools/bin/../lib/gcc/arm-none-eabi/13.3.1/thumb/v7e-m+dp/hard/crti.o
                0x0800974c                _fini
 .fini          0x08009750        0x8 C:/ST/STM32CubeIDE_1.18.1/STM32CubeIDE/plugins/com.st.stm32cube.ide.mcu.externaltools.gnu-tools-for-stm32.13.3.rel1.win32_1.0.0.202411081344/tools/bin/../lib/gcc/arm-none-eabi/13.3.1/thumb/v7e-m+dp/hard/crtn.o
                0x08009758                        . = ALIGN (0x4)
                0x08009758                        _etext = .

.vfp11_veneer   0x08009758        0x0
 .vfp11_veneer  0x08009758        0x0 linker stubs

.v4_bx          0x08009758        0x0
 .v4_bx         0x08009758        0x0 linker stubs

.iplt           0x08009758        0x0
 .iplt          0x08009758        0x0 C:/ST/STM32CubeIDE_1.18.1/STM32CubeIDE/plugins/com.st.stm32cube.ide.mcu.externaltools.gnu-tools-for-stm32.13.3.rel1.win32_1.0.0.202411081344/tools/bin/../lib/gcc/arm-none-eabi/13.3.1/thumb/v7e-m+dp/hard/crtbegin.o

.rodata         0x08009758       0x4c
                0x08009758                        . = ALIGN (0x4)
 *(.rodata)
 .rodata        0x08009758        0xc ./Core/Src/main.o
 *(.rodata*)
 .rodata.D1CorePrescTable
                0x08009764       0x10 ./Core/Src/system_stm32h7xx.o
                0x08009764                D1CorePrescTable
 .rodata.flagBitshiftOffset.0
                0x08009774        0x8 ./Drivers/STM32H7xx_HAL_Driver/Src/stm32h7xx_hal_dma.o
 .rodata.UARTPrescTable
                0x0800977c       0x18 ./Drivers/STM32H7xx_HAL_Driver/Src/stm32h7xx_hal_uart.o
                0x0800977c                UARTPrescTable
 .rodata.numerator.1
                0x08009794        0x8 ./Drivers/STM32H7xx_HAL_Driver/Src/stm32h7xx_hal_uart_ex.o
 .rodata.denominator.0
                0x0800979c        0x8 ./Drivers/STM32H7xx_HAL_Driver/Src/stm32h7xx_hal_uart_ex.o
                0x080097a4                        . = ALIGN (0x4)

.ARM.extab
 *(.ARM.extab* .gnu.linkonce.armextab.*)

.ARM            0x080097a4        0x8
                0x080097a4                        __exidx_start = .
 *(.ARM.exidx*)
 .ARM.exidx     0x080097a4        0x8 C:/ST/STM32CubeIDE_1.18.1/STM32CubeIDE/plugins/com.st.stm32cube.ide.mcu.externaltools.gnu-tools-for-stm32.13.3.rel1.win32_1.0.0.202411081344/tools/bin/../lib/gcc/arm-none-eabi/13.3.1/thumb/v7e-m+dp/hard\libgcc.a(_udivmoddi4.o)
                0x080097ac                        __exidx_end = .

.preinit_array  0x080097ac        0x0
                0x080097ac                        PROVIDE (__preinit_array_start = .)
 *(.preinit_array*)
                0x080097ac                        PROVIDE (__preinit_array_end = .)

.init_array     0x080097ac        0x4
                0x080097ac                        PROVIDE (__init_array_start = .)
 *(SORT_BY_NAME(.init_array.*))
 *(.init_array*)
 .init_array    0x080097ac        0x4 C:/ST/STM32CubeIDE_1.18.1/STM32CubeIDE/plugins/com.st.stm32cube.ide.mcu.externaltools.gnu-tools-for-stm32.13.3.rel1.win32_1.0.0.202411081344/tools/bin/../lib/gcc/arm-none-eabi/13.3.1/thumb/v7e-m+dp/hard/crtbegin.o
                0x080097b0                        PROVIDE (__init_array_end = .)

.fini_array     0x080097b0        0x4
                [!provide]                        PROVIDE (__fini_array_start = .)
 *(SORT_BY_NAME(.fini_array.*))
 *(.fini_array*)
 .fini_array    0x080097b0        0x4 C:/ST/STM32CubeIDE_1.18.1/STM32CubeIDE/plugins/com.st.stm32cube.ide.mcu.externaltools.gnu-tools-for-stm32.13.3.rel1.win32_1.0.0.202411081344/tools/bin/../lib/gcc/arm-none-eabi/13.3.1/thumb/v7e-m+dp/hard/crtbegin.o
                [!provide]                        PROVIDE (__fini_array_end = .)
                0x080097b4                        _sidata = LOADADDR (.data)

.rel.dyn        0x080097b4        0x0
 .rel.iplt      0x080097b4        0x0 C:/ST/STM32CubeIDE_1.18.1/STM32CubeIDE/plugins/com.st.stm32cube.ide.mcu.externaltools.gnu-tools-for-stm32.13.3.rel1.win32_1.0.0.202411081344/tools/bin/../lib/gcc/arm-none-eabi/13.3.1/thumb/v7e-m+dp/hard/crtbegin.o

.data           0x24000000       0x6c load address 0x080097b4
                0x24000000                        . = ALIGN (0x4)
                0x24000000                        _sdata = .
 *(.data)
 *(.data*)
 .data.SystemCoreClock
                0x24000000        0x4 ./Core/Src/system_stm32h7xx.o
                0x24000000                SystemCoreClock
 .data.SystemD2Clock
                0x24000004        0x4 ./Core/Src/system_stm32h7xx.o
                0x24000004                SystemD2Clock
 .data.uwTickPrio
                0x24000008        0x4 ./Drivers/STM32H7xx_HAL_Driver/Src/stm32h7xx_hal.o
                0x24000008                uwTickPrio
 .data.uwTickFreq
                0x2400000c        0x1 ./Drivers/STM32H7xx_HAL_Driver/Src/stm32h7xx_hal.o
                0x2400000c                uwTickFreq
 *fill*         0x2400000d        0x3 
 .data.__sglue  0x24000010        0xc C:/ST/STM32CubeIDE_1.18.1/STM32CubeIDE/plugins/com.st.stm32cube.ide.mcu.externaltools.gnu-tools-for-stm32.13.3.rel1.win32_1.0.0.202411081344/tools/bin/../lib/gcc/arm-none-eabi/13.3.1/../../../../arm-none-eabi/lib/thumb/v7e-m+dp/hard\libc_nano.a(libc_a-findfp.o)
                0x24000010                __sglue
 .data._impure_ptr
                0x2400001c        0x4 C:/ST/STM32CubeIDE_1.18.1/STM32CubeIDE/plugins/com.st.stm32cube.ide.mcu.externaltools.gnu-tools-for-stm32.13.3.rel1.win32_1.0.0.202411081344/tools/bin/../lib/gcc/arm-none-eabi/13.3.1/../../../../arm-none-eabi/lib/thumb/v7e-m+dp/hard\libc_nano.a(libc_a-impure.o)
                0x2400001c                _impure_ptr
 .data._impure_data
                0x24000020       0x4c C:/ST/STM32CubeIDE_1.18.1/STM32CubeIDE/plugins/com.st.stm32cube.ide.mcu.externaltools.gnu-tools-for-stm32.13.3.rel1.win32_1.0.0.202411081344/tools/bin/../lib/gcc/arm-none-eabi/13.3.1/../../../../arm-none-eabi/lib/thumb/v7e-m+dp/hard\libc_nano.a(libc_a-impure.o)
                0x24000020                _impure_data
 *(.RamFunc)
 *(.RamFunc*)
                0x2400006c                        . = ALIGN (0x4)
                0x2400006c                        _edata = .

.igot.plt       0x2400006c        0x0 load address 0x08009820
 .igot.plt      0x2400006c        0x0 C:/ST/STM32CubeIDE_1.18.1/STM32CubeIDE/plugins/com.st.stm32cube.ide.mcu.externaltools.gnu-tools-for-stm32.13.3.rel1.win32_1.0.0.202411081344/tools/bin/../lib/gcc/arm-none-eabi/13.3.1/thumb/v7e-m+dp/hard/crtbegin.o
                0x2400006c                        . = ALIGN (0x4)

.bss            0x2400006c      0x458 load address 0x08009820
                0x2400006c                        _sbss = .
                0x2400006c                        __bss_start__ = _sbss
 *(.bss)
 .bss           0x2400006c       0x1c C:/ST/STM32CubeIDE_1.18.1/STM32CubeIDE/plugins/com.st.stm32cube.ide.mcu.externaltools.gnu-tools-for-stm32.13.3.rel1.win32_1.0.0.202411081344/tools/bin/../lib/gcc/arm-none-eabi/13.3.1/thumb/v7e-m+dp/hard/crtbegin.o
 *(.bss*)
 .bss.hdcmi     0x24000088       0x50 ./Core/Src/dcmi.o
                0x24000088                hdcmi
 .bss.hdma_dcmi
                0x240000d8       0x78 ./Core/Src/dcmi.o
                0x240000d8                hdma_dcmi
 .bss.hsdram1   0x24000150       0x34 ./Core/Src/fmc.o
                0x24000150                hsdram1
 .bss.FMC_Initialized
                0x24000184        0x4 ./Core/Src/fmc.o
 .bss.hi2c1     0x24000188       0x54 ./Core/Src/i2c.o
                0x24000188                hi2c1
 .bss.hspi1     0x240001dc       0x88 ./Core/Src/spi.o
                0x240001dc                hspi1
 .bss.hdma_spi1_tx
                0x24000264       0x78 ./Core/Src/spi.o
                0x24000264                hdma_spi1_tx
 .bss.__sbrk_heap_end
                0x240002dc        0x4 ./Core/Src/sysmem.o
 .bss.huart1    0x240002e0       0x94 ./Core/Src/usart.o
                0x240002e0                huart1
 .bss.uwTick    0x24000374        0x4 ./Drivers/STM32H7xx_HAL_Driver/Src/stm32h7xx_hal.o
                0x24000374                uwTick
 .bss.__sf      0x24000378      0x138 C:/ST/STM32CubeIDE_1.18.1/STM32CubeIDE/plugins/com.st.stm32cube.ide.mcu.externaltools.gnu-tools-for-stm32.13.3.rel1.win32_1.0.0.202411081344/tools/bin/../lib/gcc/arm-none-eabi/13.3.1/../../../../arm-none-eabi/lib/thumb/v7e-m+dp/hard\libc_nano.a(libc_a-findfp.o)
                0x24000378                __sf
 .bss.__stdio_exit_handler
                0x240004b0        0x4 C:/ST/STM32CubeIDE_1.18.1/STM32CubeIDE/plugins/com.st.stm32cube.ide.mcu.externaltools.gnu-tools-for-stm32.13.3.rel1.win32_1.0.0.202411081344/tools/bin/../lib/gcc/arm-none-eabi/13.3.1/../../../../arm-none-eabi/lib/thumb/v7e-m+dp/hard\libc_nano.a(libc_a-findfp.o)
                0x240004b0                __stdio_exit_handler
 .bss.errno     0x240004b4        0x4 C:/ST/STM32CubeIDE_1.18.1/STM32CubeIDE/plugins/com.st.stm32cube.ide.mcu.externaltools.gnu-tools-for-stm32.13.3.rel1.win32_1.0.0.202411081344/tools/bin/../lib/gcc/arm-none-eabi/13.3.1/../../../../arm-none-eabi/lib/thumb/v7e-m+dp/hard\libc_nano.a(libc_a-reent.o)
                0x240004b4                errno
 .bss.__lock___malloc_recursive_mutex
                0x240004b8        0x1 C:/ST/STM32CubeIDE_1.18.1/STM32CubeIDE/plugins/com.st.stm32cube.ide.mcu.externaltools.gnu-tools-for-stm32.13.3.rel1.win32_1.0.0.202411081344/tools/bin/../lib/gcc/arm-none-eabi/13.3.1/../../../../arm-none-eabi/lib/thumb/v7e-m+dp/hard\libc_nano.a(libc_a-lock.o)
                0x240004b8                __lock___malloc_recursive_mutex
 .bss.__lock___sfp_recursive_mutex
                0x240004b9        0x1 C:/ST/STM32CubeIDE_1.18.1/STM32CubeIDE/plugins/com.st.stm32cube.ide.mcu.externaltools.gnu-tools-for-stm32.13.3.rel1.win32_1.0.0.202411081344/tools/bin/../lib/gcc/arm-none-eabi/13.3.1/../../../../arm-none-eabi/lib/thumb/v7e-m+dp/hard\libc_nano.a(libc_a-lock.o)
                0x240004b9                __lock___sfp_recursive_mutex
 *fill*         0x240004ba        0x2 
 .bss.__malloc_sbrk_start
                0x240004bc        0x4 C:/ST/STM32CubeIDE_1.18.1/STM32CubeIDE/plugins/com.st.stm32cube.ide.mcu.externaltools.gnu-tools-for-stm32.13.3.rel1.win32_1.0.0.202411081344/tools/bin/../lib/gcc/arm-none-eabi/13.3.1/../../../../arm-none-eabi/lib/thumb/v7e-m+dp/hard\libc_nano.a(libc_a-mallocr.o)
                0x240004bc                __malloc_sbrk_start
 .bss.__malloc_free_list
                0x240004c0        0x4 C:/ST/STM32CubeIDE_1.18.1/STM32CubeIDE/plugins/com.st.stm32cube.ide.mcu.externaltools.gnu-tools-for-stm32.13.3.rel1.win32_1.0.0.202411081344/tools/bin/../lib/gcc/arm-none-eabi/13.3.1/../../../../arm-none-eabi/lib/thumb/v7e-m+dp/hard\libc_nano.a(libc_a-mallocr.o)
                0x240004c0                __malloc_free_list
 *(COMMON)
                0x240004c4                        . = ALIGN (0x4)
                0x240004c4                        _ebss = .
                0x240004c4                        __bss_end__ = _ebss

._user_heap_stack
                0x240004c4      0x604 load address 0x08009820
                0x240004c8                        . = ALIGN (0x8)
 *fill*         0x240004c4        0x4 
                [!provide]                        PROVIDE (end = .)
                0x240004c8                        PROVIDE (_end = .)
                0x240006c8                        . = (. + _Min_Heap_Size)
 *fill*         0x240004c8      0x200 
                0x24000ac8                        . = (. + _Min_Stack_Size)
 *fill*         0x240006c8      0x400 
                0x24000ac8                        . = ALIGN (0x8)

/DISCARD/
 libc.a(*)
 libm.a(*)
 libgcc.a(*)

.ARM.attributes
                0x00000000       0x2e
 *(.ARM.attributes)
 .ARM.attributes
                0x00000000       0x20 C:/ST/STM32CubeIDE_1.18.1/STM32CubeIDE/plugins/com.st.stm32cube.ide.mcu.externaltools.gnu-tools-for-stm32.13.3.rel1.win32_1.0.0.202411081344/tools/bin/../lib/gcc/arm-none-eabi/13.3.1/thumb/v7e-m+dp/hard/crti.o
 .ARM.attributes
                0x00000020       0x32 C:/ST/STM32CubeIDE_1.18.1/STM32CubeIDE/plugins/com.st.stm32cube.ide.mcu.externaltools.gnu-tools-for-stm32.13.3.rel1.win32_1.0.0.202411081344/tools/bin/../lib/gcc/arm-none-eabi/13.3.1/thumb/v7e-m+dp/hard/crtbegin.o
 .ARM.attributes
                0x00000052       0x32 ./Core/Src/dcmi.o
 .ARM.attributes
                0x00000084       0x32 ./Core/Src/dma.o
 .ARM.attributes
                0x000000b6       0x32 ./Core/Src/fmc.o
 .ARM.attributes
                0x000000e8       0x32 ./Core/Src/gpio.o
 .ARM.attributes
                0x0000011a       0x32 ./Core/Src/i2c.o
 .ARM.attributes
                0x0000014c       0x32 ./Core/Src/main.o
 .ARM.attributes
                0x0000017e       0x32 ./Core/Src/spi.o
 .ARM.attributes
                0x000001b0       0x32 ./Core/Src/stm32h7xx_hal_msp.o
 .ARM.attributes
                0x000001e2       0x32 ./Core/Src/stm32h7xx_it.o
 .ARM.attributes
                0x00000214       0x32 ./Core/Src/syscalls.o
 .ARM.attributes
                0x00000246       0x32 ./Core/Src/sysmem.o
 .ARM.attributes
                0x00000278       0x32 ./Core/Src/system_stm32h7xx.o
 .ARM.attributes
                0x000002aa       0x32 ./Core/Src/usart.o
 .ARM.attributes
                0x000002dc       0x21 ./Core/Startup/startup_stm32h743xihx.o
 .ARM.attributes
                0x000002fd       0x32 ./Drivers/STM32H7xx_HAL_Driver/Src/stm32h7xx_hal.o
 .ARM.attributes
                0x0000032f       0x32 ./Drivers/STM32H7xx_HAL_Driver/Src/stm32h7xx_hal_cortex.o
 .ARM.attributes
                0x00000361       0x32 ./Drivers/STM32H7xx_HAL_Driver/Src/stm32h7xx_hal_dcmi.o
 .ARM.attributes
                0x00000393       0x32 ./Drivers/STM32H7xx_HAL_Driver/Src/stm32h7xx_hal_dma.o
 .ARM.attributes
                0x000003c5       0x32 ./Drivers/STM32H7xx_HAL_Driver/Src/stm32h7xx_hal_gpio.o
 .ARM.attributes
                0x000003f7       0x32 ./Drivers/STM32H7xx_HAL_Driver/Src/stm32h7xx_hal_i2c.o
 .ARM.attributes
                0x00000429       0x32 ./Drivers/STM32H7xx_HAL_Driver/Src/stm32h7xx_hal_i2c_ex.o
 .ARM.attributes
                0x0000045b       0x32 ./Drivers/STM32H7xx_HAL_Driver/Src/stm32h7xx_hal_pwr_ex.o
 .ARM.attributes
                0x0000048d       0x32 ./Drivers/STM32H7xx_HAL_Driver/Src/stm32h7xx_hal_rcc.o
 .ARM.attributes
                0x000004bf       0x32 ./Drivers/STM32H7xx_HAL_Driver/Src/stm32h7xx_hal_rcc_ex.o
 .ARM.attributes
                0x000004f1       0x32 ./Drivers/STM32H7xx_HAL_Driver/Src/stm32h7xx_hal_sdram.o
 .ARM.attributes
                0x00000523       0x32 ./Drivers/STM32H7xx_HAL_Driver/Src/stm32h7xx_hal_spi.o
 .ARM.attributes
                0x00000555       0x32 ./Drivers/STM32H7xx_HAL_Driver/Src/stm32h7xx_hal_uart.o
 .ARM.attributes
                0x00000587       0x32 ./Drivers/STM32H7xx_HAL_Driver/Src/stm32h7xx_hal_uart_ex.o
 .ARM.attributes
                0x000005b9       0x32 ./Drivers/STM32H7xx_HAL_Driver/Src/stm32h7xx_ll_fmc.o
 .ARM.attributes
                0x000005eb       0x32 C:/ST/STM32CubeIDE_1.18.1/STM32CubeIDE/plugins/com.st.stm32cube.ide.mcu.externaltools.gnu-tools-for-stm32.13.3.rel1.win32_1.0.0.202411081344/tools/bin/../lib/gcc/arm-none-eabi/13.3.1/../../../../arm-none-eabi/lib/thumb/v7e-m+dp/hard\libc_nano.a(libc_a-findfp.o)
 .ARM.attributes
                0x0000061d       0x32 C:/ST/STM32CubeIDE_1.18.1/STM32CubeIDE/plugins/com.st.stm32cube.ide.mcu.externaltools.gnu-tools-for-stm32.13.3.rel1.win32_1.0.0.202411081344/tools/bin/../lib/gcc/arm-none-eabi/13.3.1/../../../../arm-none-eabi/lib/thumb/v7e-m+dp/hard\libc_nano.a(libc_a-fwalk.o)
 .ARM.attributes
                0x0000064f       0x32 C:/ST/STM32CubeIDE_1.18.1/STM32CubeIDE/plugins/com.st.stm32cube.ide.mcu.externaltools.gnu-tools-for-stm32.13.3.rel1.win32_1.0.0.202411081344/tools/bin/../lib/gcc/arm-none-eabi/13.3.1/../../../../arm-none-eabi/lib/thumb/v7e-m+dp/hard\libc_nano.a(libc_a-puts.o)
 .ARM.attributes
                0x00000681       0x32 C:/ST/STM32CubeIDE_1.18.1/STM32CubeIDE/plugins/com.st.stm32cube.ide.mcu.externaltools.gnu-tools-for-stm32.13.3.rel1.win32_1.0.0.202411081344/tools/bin/../lib/gcc/arm-none-eabi/13.3.1/../../../../arm-none-eabi/lib/thumb/v7e-m+dp/hard\libc_nano.a(libc_a-stdio.o)
 .ARM.attributes
                0x000006b3       0x32 C:/ST/STM32CubeIDE_1.18.1/STM32CubeIDE/plugins/com.st.stm32cube.ide.mcu.externaltools.gnu-tools-for-stm32.13.3.rel1.win32_1.0.0.202411081344/tools/bin/../lib/gcc/arm-none-eabi/13.3.1/../../../../arm-none-eabi/lib/thumb/v7e-m+dp/hard\libc_nano.a(libc_a-wbuf.o)
 .ARM.attributes
                0x000006e5       0x32 C:/ST/STM32CubeIDE_1.18.1/STM32CubeIDE/plugins/com.st.stm32cube.ide.mcu.externaltools.gnu-tools-for-stm32.13.3.rel1.win32_1.0.0.202411081344/tools/bin/../lib/gcc/arm-none-eabi/13.3.1/../../../../arm-none-eabi/lib/thumb/v7e-m+dp/hard\libc_nano.a(libc_a-wsetup.o)
 .ARM.attributes
                0x00000717       0x32 C:/ST/STM32CubeIDE_1.18.1/STM32CubeIDE/plugins/com.st.stm32cube.ide.mcu.externaltools.gnu-tools-for-stm32.13.3.rel1.win32_1.0.0.202411081344/tools/bin/../lib/gcc/arm-none-eabi/13.3.1/../../../../arm-none-eabi/lib/thumb/v7e-m+dp/hard\libc_nano.a(libc_a-memset.o)
 .ARM.attributes
                0x00000749       0x32 C:/ST/STM32CubeIDE_1.18.1/STM32CubeIDE/plugins/com.st.stm32cube.ide.mcu.externaltools.gnu-tools-for-stm32.13.3.rel1.win32_1.0.0.202411081344/tools/bin/../lib/gcc/arm-none-eabi/13.3.1/../../../../arm-none-eabi/lib/thumb/v7e-m+dp/hard\libc_nano.a(libc_a-closer.o)
 .ARM.attributes
                0x0000077b       0x32 C:/ST/STM32CubeIDE_1.18.1/STM32CubeIDE/plugins/com.st.stm32cube.ide.mcu.externaltools.gnu-tools-for-stm32.13.3.rel1.win32_1.0.0.202411081344/tools/bin/../lib/gcc/arm-none-eabi/13.3.1/../../../../arm-none-eabi/lib/thumb/v7e-m+dp/hard\libc_nano.a(libc_a-reent.o)
 .ARM.attributes
                0x000007ad       0x32 C:/ST/STM32CubeIDE_1.18.1/STM32CubeIDE/plugins/com.st.stm32cube.ide.mcu.externaltools.gnu-tools-for-stm32.13.3.rel1.win32_1.0.0.202411081344/tools/bin/../lib/gcc/arm-none-eabi/13.3.1/../../../../arm-none-eabi/lib/thumb/v7e-m+dp/hard\libc_nano.a(libc_a-impure.o)
 .ARM.attributes
                0x000007df       0x32 C:/ST/STM32CubeIDE_1.18.1/STM32CubeIDE/plugins/com.st.stm32cube.ide.mcu.externaltools.gnu-tools-for-stm32.13.3.rel1.win32_1.0.0.202411081344/tools/bin/../lib/gcc/arm-none-eabi/13.3.1/../../../../arm-none-eabi/lib/thumb/v7e-m+dp/hard\libc_nano.a(libc_a-lseekr.o)
 .ARM.attributes
                0x00000811       0x32 C:/ST/STM32CubeIDE_1.18.1/STM32CubeIDE/plugins/com.st.stm32cube.ide.mcu.externaltools.gnu-tools-for-stm32.13.3.rel1.win32_1.0.0.202411081344/tools/bin/../lib/gcc/arm-none-eabi/13.3.1/../../../../arm-none-eabi/lib/thumb/v7e-m+dp/hard\libc_nano.a(libc_a-readr.o)
 .ARM.attributes
                0x00000843       0x32 C:/ST/STM32CubeIDE_1.18.1/STM32CubeIDE/plugins/com.st.stm32cube.ide.mcu.externaltools.gnu-tools-for-stm32.13.3.rel1.win32_1.0.0.202411081344/tools/bin/../lib/gcc/arm-none-eabi/13.3.1/../../../../arm-none-eabi/lib/thumb/v7e-m+dp/hard\libc_nano.a(libc_a-writer.o)
 .ARM.attributes
                0x00000875       0x32 C:/ST/STM32CubeIDE_1.18.1/STM32CubeIDE/plugins/com.st.stm32cube.ide.mcu.externaltools.gnu-tools-for-stm32.13.3.rel1.win32_1.0.0.202411081344/tools/bin/../lib/gcc/arm-none-eabi/13.3.1/../../../../arm-none-eabi/lib/thumb/v7e-m+dp/hard\libc_nano.a(libc_a-errno.o)
 .ARM.attributes
                0x000008a7       0x32 C:/ST/STM32CubeIDE_1.18.1/STM32CubeIDE/plugins/com.st.stm32cube.ide.mcu.externaltools.gnu-tools-for-stm32.13.3.rel1.win32_1.0.0.202411081344/tools/bin/../lib/gcc/arm-none-eabi/13.3.1/../../../../arm-none-eabi/lib/thumb/v7e-m+dp/hard\libc_nano.a(libc_a-init.o)
 .ARM.attributes
                0x000008d9       0x32 C:/ST/STM32CubeIDE_1.18.1/STM32CubeIDE/plugins/com.st.stm32cube.ide.mcu.externaltools.gnu-tools-for-stm32.13.3.rel1.win32_1.0.0.202411081344/tools/bin/../lib/gcc/arm-none-eabi/13.3.1/../../../../arm-none-eabi/lib/thumb/v7e-m+dp/hard\libc_nano.a(libc_a-lock.o)
 .ARM.attributes
                0x0000090b       0x32 C:/ST/STM32CubeIDE_1.18.1/STM32CubeIDE/plugins/com.st.stm32cube.ide.mcu.externaltools.gnu-tools-for-stm32.13.3.rel1.win32_1.0.0.202411081344/tools/bin/../lib/gcc/arm-none-eabi/13.3.1/../../../../arm-none-eabi/lib/thumb/v7e-m+dp/hard\libc_nano.a(libc_a-freer.o)
 .ARM.attributes
                0x0000093d       0x32 C:/ST/STM32CubeIDE_1.18.1/STM32CubeIDE/plugins/com.st.stm32cube.ide.mcu.externaltools.gnu-tools-for-stm32.13.3.rel1.win32_1.0.0.202411081344/tools/bin/../lib/gcc/arm-none-eabi/13.3.1/../../../../arm-none-eabi/lib/thumb/v7e-m+dp/hard\libc_nano.a(libc_a-mallocr.o)
 .ARM.attributes
                0x0000096f       0x32 C:/ST/STM32CubeIDE_1.18.1/STM32CubeIDE/plugins/com.st.stm32cube.ide.mcu.externaltools.gnu-tools-for-stm32.13.3.rel1.win32_1.0.0.202411081344/tools/bin/../lib/gcc/arm-none-eabi/13.3.1/../../../../arm-none-eabi/lib/thumb/v7e-m+dp/hard\libc_nano.a(libc_a-mlock.o)
 .ARM.attributes
                0x000009a1       0x32 C:/ST/STM32CubeIDE_1.18.1/STM32CubeIDE/plugins/com.st.stm32cube.ide.mcu.externaltools.gnu-tools-for-stm32.13.3.rel1.win32_1.0.0.202411081344/tools/bin/../lib/gcc/arm-none-eabi/13.3.1/../../../../arm-none-eabi/lib/thumb/v7e-m+dp/hard\libc_nano.a(libc_a-fflush.o)
 .ARM.attributes
                0x000009d3       0x32 C:/ST/STM32CubeIDE_1.18.1/STM32CubeIDE/plugins/com.st.stm32cube.ide.mcu.externaltools.gnu-tools-for-stm32.13.3.rel1.win32_1.0.0.202411081344/tools/bin/../lib/gcc/arm-none-eabi/13.3.1/../../../../arm-none-eabi/lib/thumb/v7e-m+dp/hard\libc_nano.a(libc_a-makebuf.o)
 .ARM.attributes
                0x00000a05       0x32 C:/ST/STM32CubeIDE_1.18.1/STM32CubeIDE/plugins/com.st.stm32cube.ide.mcu.externaltools.gnu-tools-for-stm32.13.3.rel1.win32_1.0.0.202411081344/tools/bin/../lib/gcc/arm-none-eabi/13.3.1/../../../../arm-none-eabi/lib/thumb/v7e-m+dp/hard\libc_nano.a(libc_a-fstatr.o)
 .ARM.attributes
                0x00000a37       0x32 C:/ST/STM32CubeIDE_1.18.1/STM32CubeIDE/plugins/com.st.stm32cube.ide.mcu.externaltools.gnu-tools-for-stm32.13.3.rel1.win32_1.0.0.202411081344/tools/bin/../lib/gcc/arm-none-eabi/13.3.1/../../../../arm-none-eabi/lib/thumb/v7e-m+dp/hard\libc_nano.a(libc_a-isattyr.o)
 .ARM.attributes
                0x00000a69       0x32 C:/ST/STM32CubeIDE_1.18.1/STM32CubeIDE/plugins/com.st.stm32cube.ide.mcu.externaltools.gnu-tools-for-stm32.13.3.rel1.win32_1.0.0.202411081344/tools/bin/../lib/gcc/arm-none-eabi/13.3.1/../../../../arm-none-eabi/lib/thumb/v7e-m+dp/hard\libc_nano.a(libc_a-sbrkr.o)
 .ARM.attributes
                0x00000a9b       0x20 C:/ST/STM32CubeIDE_1.18.1/STM32CubeIDE/plugins/com.st.stm32cube.ide.mcu.externaltools.gnu-tools-for-stm32.13.3.rel1.win32_1.0.0.202411081344/tools/bin/../lib/gcc/arm-none-eabi/13.3.1/thumb/v7e-m+dp/hard\libgcc.a(_aeabi_uldivmod.o)
 .ARM.attributes
                0x00000abb       0x32 C:/ST/STM32CubeIDE_1.18.1/STM32CubeIDE/plugins/com.st.stm32cube.ide.mcu.externaltools.gnu-tools-for-stm32.13.3.rel1.win32_1.0.0.202411081344/tools/bin/../lib/gcc/arm-none-eabi/13.3.1/thumb/v7e-m+dp/hard\libgcc.a(_udivmoddi4.o)
 .ARM.attributes
                0x00000aed       0x20 C:/ST/STM32CubeIDE_1.18.1/STM32CubeIDE/plugins/com.st.stm32cube.ide.mcu.externaltools.gnu-tools-for-stm32.13.3.rel1.win32_1.0.0.202411081344/tools/bin/../lib/gcc/arm-none-eabi/13.3.1/thumb/v7e-m+dp/hard\libgcc.a(_dvmd_tls.o)
 .ARM.attributes
                0x00000b0d       0x20 C:/ST/STM32CubeIDE_1.18.1/STM32CubeIDE/plugins/com.st.stm32cube.ide.mcu.externaltools.gnu-tools-for-stm32.13.3.rel1.win32_1.0.0.202411081344/tools/bin/../lib/gcc/arm-none-eabi/13.3.1/thumb/v7e-m+dp/hard/crtn.o
OUTPUT(20250710_SPI_test.elf elf32-littlearm)
LOAD linker stubs
LOAD C:/ST/STM32CubeIDE_1.18.1/STM32CubeIDE/plugins/com.st.stm32cube.ide.mcu.externaltools.gnu-tools-for-stm32.13.3.rel1.win32_1.0.0.202411081344/tools/bin/../lib/gcc/arm-none-eabi/13.3.1/../../../../arm-none-eabi/lib/thumb/v7e-m+dp/hard\libc.a
LOAD C:/ST/STM32CubeIDE_1.18.1/STM32CubeIDE/plugins/com.st.stm32cube.ide.mcu.externaltools.gnu-tools-for-stm32.13.3.rel1.win32_1.0.0.202411081344/tools/bin/../lib/gcc/arm-none-eabi/13.3.1/../../../../arm-none-eabi/lib/thumb/v7e-m+dp/hard\libm.a
LOAD C:/ST/STM32CubeIDE_1.18.1/STM32CubeIDE/plugins/com.st.stm32cube.ide.mcu.externaltools.gnu-tools-for-stm32.13.3.rel1.win32_1.0.0.202411081344/tools/bin/../lib/gcc/arm-none-eabi/13.3.1/thumb/v7e-m+dp/hard\libgcc.a

.debug_info     0x00000000    0x1d994
 .debug_info    0x00000000     0x10ce ./Core/Src/dcmi.o
 .debug_info    0x000010ce      0x823 ./Core/Src/dma.o
 .debug_info    0x000018f1     0x1001 ./Core/Src/fmc.o
 .debug_info    0x000028f2      0x6d8 ./Core/Src/gpio.o
 .debug_info    0x00002fca      0xff7 ./Core/Src/i2c.o
 .debug_info    0x00003fc1     0x175d ./Core/Src/main.o
 .debug_info    0x0000571e     0x152e ./Core/Src/spi.o
 .debug_info    0x00006c4c      0x464 ./Core/Src/stm32h7xx_hal_msp.o
 .debug_info    0x000070b0      0xb31 ./Core/Src/stm32h7xx_it.o
 .debug_info    0x00007be1      0x6a3 ./Core/Src/syscalls.o
 .debug_info    0x00008284      0x168 ./Core/Src/sysmem.o
 .debug_info    0x000083ec      0xdb2 ./Core/Src/system_stm32h7xx.o
 .debug_info    0x0000919e     0x10b5 ./Core/Src/usart.o
 .debug_info    0x0000a253       0x30 ./Core/Startup/startup_stm32h743xihx.o
 .debug_info    0x0000a283     0x153b ./Drivers/STM32H7xx_HAL_Driver/Src/stm32h7xx_hal.o
 .debug_info    0x0000b7be     0x10b1 ./Drivers/STM32H7xx_HAL_Driver/Src/stm32h7xx_hal_cortex.o
 .debug_info    0x0000c86f      0xc27 ./Drivers/STM32H7xx_HAL_Driver/Src/stm32h7xx_hal_dcmi.o
 .debug_info    0x0000d496      0xc31 ./Drivers/STM32H7xx_HAL_Driver/Src/stm32h7xx_hal_dma.o
 .debug_info    0x0000e0c7      0xc5a ./Drivers/STM32H7xx_HAL_Driver/Src/stm32h7xx_hal_gpio.o
 .debug_info    0x0000ed21     0x22c9 ./Drivers/STM32H7xx_HAL_Driver/Src/stm32h7xx_hal_i2c.o
 .debug_info    0x00010fea      0xd84 ./Drivers/STM32H7xx_HAL_Driver/Src/stm32h7xx_hal_i2c_ex.o
 .debug_info    0x00011d6e     0x1012 ./Drivers/STM32H7xx_HAL_Driver/Src/stm32h7xx_hal_pwr_ex.o
 .debug_info    0x00012d80      0xe6a ./Drivers/STM32H7xx_HAL_Driver/Src/stm32h7xx_hal_rcc.o
 .debug_info    0x00013bea     0x1225 ./Drivers/STM32H7xx_HAL_Driver/Src/stm32h7xx_hal_rcc_ex.o
 .debug_info    0x00014e0f     0x107c ./Drivers/STM32H7xx_HAL_Driver/Src/stm32h7xx_hal_sdram.o
 .debug_info    0x00015e8b     0x144a ./Drivers/STM32H7xx_HAL_Driver/Src/stm32h7xx_hal_spi.o
 .debug_info    0x000172d5     0x4b1d ./Drivers/STM32H7xx_HAL_Driver/Src/stm32h7xx_hal_uart.o
 .debug_info    0x0001bdf2      0xfbf ./Drivers/STM32H7xx_HAL_Driver/Src/stm32h7xx_hal_uart_ex.o
 .debug_info    0x0001cdb1      0xbe3 ./Drivers/STM32H7xx_HAL_Driver/Src/stm32h7xx_ll_fmc.o

.debug_abbrev   0x00000000     0x3cd8
 .debug_abbrev  0x00000000      0x243 ./Core/Src/dcmi.o
 .debug_abbrev  0x00000243      0x11e ./Core/Src/dma.o
 .debug_abbrev  0x00000361      0x28a ./Core/Src/fmc.o
 .debug_abbrev  0x000005eb      0x189 ./Core/Src/gpio.o
 .debug_abbrev  0x00000774      0x24c ./Core/Src/i2c.o
 .debug_abbrev  0x000009c0      0x324 ./Core/Src/main.o
 .debug_abbrev  0x00000ce4      0x243 ./Core/Src/spi.o
 .debug_abbrev  0x00000f27       0xdb ./Core/Src/stm32h7xx_hal_msp.o
 .debug_abbrev  0x00001002      0x196 ./Core/Src/stm32h7xx_it.o
 .debug_abbrev  0x00001198      0x1b6 ./Core/Src/syscalls.o
 .debug_abbrev  0x0000134e       0xbc ./Core/Src/sysmem.o
 .debug_abbrev  0x0000140a      0x165 ./Core/Src/system_stm32h7xx.o
 .debug_abbrev  0x0000156f      0x241 ./Core/Src/usart.o
 .debug_abbrev  0x000017b0       0x24 ./Core/Startup/startup_stm32h743xihx.o
 .debug_abbrev  0x000017d4      0x295 ./Drivers/STM32H7xx_HAL_Driver/Src/stm32h7xx_hal.o
 .debug_abbrev  0x00001a69      0x339 ./Drivers/STM32H7xx_HAL_Driver/Src/stm32h7xx_hal_cortex.o
 .debug_abbrev  0x00001da2      0x24a ./Drivers/STM32H7xx_HAL_Driver/Src/stm32h7xx_hal_dcmi.o
 .debug_abbrev  0x00001fec      0x248 ./Drivers/STM32H7xx_HAL_Driver/Src/stm32h7xx_hal_dma.o
 .debug_abbrev  0x00002234      0x205 ./Drivers/STM32H7xx_HAL_Driver/Src/stm32h7xx_hal_gpio.o
 .debug_abbrev  0x00002439      0x25d ./Drivers/STM32H7xx_HAL_Driver/Src/stm32h7xx_hal_i2c.o
 .debug_abbrev  0x00002696      0x1f5 ./Drivers/STM32H7xx_HAL_Driver/Src/stm32h7xx_hal_i2c_ex.o
 .debug_abbrev  0x0000288b      0x2a7 ./Drivers/STM32H7xx_HAL_Driver/Src/stm32h7xx_hal_pwr_ex.o
 .debug_abbrev  0x00002b32      0x2c8 ./Drivers/STM32H7xx_HAL_Driver/Src/stm32h7xx_hal_rcc.o
 .debug_abbrev  0x00002dfa      0x269 ./Drivers/STM32H7xx_HAL_Driver/Src/stm32h7xx_hal_rcc_ex.o
 .debug_abbrev  0x00003063      0x209 ./Drivers/STM32H7xx_HAL_Driver/Src/stm32h7xx_hal_sdram.o
 .debug_abbrev  0x0000326c      0x2b1 ./Drivers/STM32H7xx_HAL_Driver/Src/stm32h7xx_hal_spi.o
 .debug_abbrev  0x0000351d      0x33d ./Drivers/STM32H7xx_HAL_Driver/Src/stm32h7xx_hal_uart.o
 .debug_abbrev  0x0000385a      0x2d2 ./Drivers/STM32H7xx_HAL_Driver/Src/stm32h7xx_hal_uart_ex.o
 .debug_abbrev  0x00003b2c      0x1ac ./Drivers/STM32H7xx_HAL_Driver/Src/stm32h7xx_ll_fmc.o

.debug_aranges  0x00000000     0x13d0
 .debug_aranges
                0x00000000       0x30 ./Core/Src/dcmi.o
 .debug_aranges
                0x00000030       0x20 ./Core/Src/dma.o
 .debug_aranges
                0x00000050       0x40 ./Core/Src/fmc.o
 .debug_aranges
                0x00000090       0x20 ./Core/Src/gpio.o
 .debug_aranges
                0x000000b0       0x30 ./Core/Src/i2c.o
 .debug_aranges
                0x000000e0       0x48 ./Core/Src/main.o
 .debug_aranges
                0x00000128       0x30 ./Core/Src/spi.o
 .debug_aranges
                0x00000158       0x20 ./Core/Src/stm32h7xx_hal_msp.o
 .debug_aranges
                0x00000178       0x80 ./Core/Src/stm32h7xx_it.o
 .debug_aranges
                0x000001f8       0xa8 ./Core/Src/syscalls.o
 .debug_aranges
                0x000002a0       0x20 ./Core/Src/sysmem.o
 .debug_aranges
                0x000002c0       0x30 ./Core/Src/system_stm32h7xx.o
 .debug_aranges
                0x000002f0       0x30 ./Core/Src/usart.o
 .debug_aranges
                0x00000320       0x28 ./Core/Startup/startup_stm32h743xihx.o
 .debug_aranges
                0x00000348      0x198 ./Drivers/STM32H7xx_HAL_Driver/Src/stm32h7xx_hal.o
 .debug_aranges
                0x000004e0      0x130 ./Drivers/STM32H7xx_HAL_Driver/Src/stm32h7xx_hal_cortex.o
 .debug_aranges
                0x00000610       0xc0 ./Drivers/STM32H7xx_HAL_Driver/Src/stm32h7xx_hal_dcmi.o
 .debug_aranges
                0x000006d0       0xa0 ./Drivers/STM32H7xx_HAL_Driver/Src/stm32h7xx_hal_dma.o
 .debug_aranges
                0x00000770       0x58 ./Drivers/STM32H7xx_HAL_Driver/Src/stm32h7xx_hal_gpio.o
 .debug_aranges
                0x000007c8      0x2a0 ./Drivers/STM32H7xx_HAL_Driver/Src/stm32h7xx_hal_i2c.o
 .debug_aranges
                0x00000a68       0x48 ./Drivers/STM32H7xx_HAL_Driver/Src/stm32h7xx_hal_i2c_ex.o
 .debug_aranges
                0x00000ab0      0x158 ./Drivers/STM32H7xx_HAL_Driver/Src/stm32h7xx_hal_pwr_ex.o
 .debug_aranges
                0x00000c08       0x88 ./Drivers/STM32H7xx_HAL_Driver/Src/stm32h7xx_hal_rcc.o
 .debug_aranges
                0x00000c90       0xf8 ./Drivers/STM32H7xx_HAL_Driver/Src/stm32h7xx_hal_rcc_ex.o
 .debug_aranges
                0x00000d88       0xe8 ./Drivers/STM32H7xx_HAL_Driver/Src/stm32h7xx_hal_sdram.o
 .debug_aranges
                0x00000e70      0x1a8 ./Drivers/STM32H7xx_HAL_Driver/Src/stm32h7xx_hal_spi.o
 .debug_aranges
                0x00001018      0x248 ./Drivers/STM32H7xx_HAL_Driver/Src/stm32h7xx_hal_uart.o
 .debug_aranges
                0x00001260       0xa8 ./Drivers/STM32H7xx_HAL_Driver/Src/stm32h7xx_hal_uart_ex.o
 .debug_aranges
                0x00001308       0xc8 ./Drivers/STM32H7xx_HAL_Driver/Src/stm32h7xx_ll_fmc.o

.debug_rnglists
                0x00000000      0xf33
 .debug_rnglists
                0x00000000       0x20 ./Core/Src/dcmi.o
 .debug_rnglists
                0x00000020       0x13 ./Core/Src/dma.o
 .debug_rnglists
                0x00000033       0x2e ./Core/Src/fmc.o
 .debug_rnglists
                0x00000061       0x14 ./Core/Src/gpio.o
 .debug_rnglists
                0x00000075       0x21 ./Core/Src/i2c.o
 .debug_rnglists
                0x00000096       0x33 ./Core/Src/main.o
 .debug_rnglists
                0x000000c9       0x21 ./Core/Src/spi.o
 .debug_rnglists
                0x000000ea       0x13 ./Core/Src/stm32h7xx_hal_msp.o
 .debug_rnglists
                0x000000fd       0x5b ./Core/Src/stm32h7xx_it.o
 .debug_rnglists
                0x00000158       0x79 ./Core/Src/syscalls.o
 .debug_rnglists
                0x000001d1       0x13 ./Core/Src/sysmem.o
 .debug_rnglists
                0x000001e4       0x21 ./Core/Src/system_stm32h7xx.o
 .debug_rnglists
                0x00000205       0x21 ./Core/Src/usart.o
 .debug_rnglists
                0x00000226       0x19 ./Core/Startup/startup_stm32h743xihx.o
 .debug_rnglists
                0x0000023f      0x131 ./Drivers/STM32H7xx_HAL_Driver/Src/stm32h7xx_hal.o
 .debug_rnglists
                0x00000370       0xe0 ./Drivers/STM32H7xx_HAL_Driver/Src/stm32h7xx_hal_cortex.o
 .debug_rnglists
                0x00000450       0x91 ./Drivers/STM32H7xx_HAL_Driver/Src/stm32h7xx_hal_dcmi.o
 .debug_rnglists
                0x000004e1       0x82 ./Drivers/STM32H7xx_HAL_Driver/Src/stm32h7xx_hal_dma.o
 .debug_rnglists
                0x00000563       0x3f ./Drivers/STM32H7xx_HAL_Driver/Src/stm32h7xx_hal_gpio.o
 .debug_rnglists
                0x000005a2      0x22a ./Drivers/STM32H7xx_HAL_Driver/Src/stm32h7xx_hal_i2c.o
 .debug_rnglists
                0x000007cc       0x35 ./Drivers/STM32H7xx_HAL_Driver/Src/stm32h7xx_hal_i2c_ex.o
 .debug_rnglists
                0x00000801      0x103 ./Drivers/STM32H7xx_HAL_Driver/Src/stm32h7xx_hal_pwr_ex.o
 .debug_rnglists
                0x00000904       0x68 ./Drivers/STM32H7xx_HAL_Driver/Src/stm32h7xx_hal_rcc.o
 .debug_rnglists
                0x0000096c       0xc0 ./Drivers/STM32H7xx_HAL_Driver/Src/stm32h7xx_hal_rcc_ex.o
 .debug_rnglists
                0x00000a2c       0xb1 ./Drivers/STM32H7xx_HAL_Driver/Src/stm32h7xx_hal_sdram.o
 .debug_rnglists
                0x00000add      0x148 ./Drivers/STM32H7xx_HAL_Driver/Src/stm32h7xx_hal_spi.o
 .debug_rnglists
                0x00000c25      0x1fa ./Drivers/STM32H7xx_HAL_Driver/Src/stm32h7xx_hal_uart.o
 .debug_rnglists
                0x00000e1f       0x7f ./Drivers/STM32H7xx_HAL_Driver/Src/stm32h7xx_hal_uart_ex.o
 .debug_rnglists
                0x00000e9e       0x95 ./Drivers/STM32H7xx_HAL_Driver/Src/stm32h7xx_ll_fmc.o

.debug_macro    0x00000000    0x3a3ce
 .debug_macro   0x00000000      0x2eb ./Core/Src/dcmi.o
 .debug_macro   0x000002eb      0xaf6 ./Core/Src/dcmi.o
 .debug_macro   0x00000de1      0x244 ./Core/Src/dcmi.o
 .debug_macro   0x00001025       0x2e ./Core/Src/dcmi.o
 .debug_macro   0x00001053       0x3b ./Core/Src/dcmi.o
 .debug_macro   0x0000108e       0x22 ./Core/Src/dcmi.o
 .debug_macro   0x000010b0       0x8e ./Core/Src/dcmi.o
 .debug_macro   0x0000113e       0x51 ./Core/Src/dcmi.o
 .debug_macro   0x0000118f      0x103 ./Core/Src/dcmi.o
 .debug_macro   0x00001292       0x6a ./Core/Src/dcmi.o
 .debug_macro   0x000012fc      0x1df ./Core/Src/dcmi.o
 .debug_macro   0x000014db       0x1c ./Core/Src/dcmi.o
 .debug_macro   0x000014f7       0x22 ./Core/Src/dcmi.o
 .debug_macro   0x00001519       0xfb ./Core/Src/dcmi.o
 .debug_macro   0x00001614     0x1305 ./Core/Src/dcmi.o
 .debug_macro   0x00002919      0x11f ./Core/Src/dcmi.o
 .debug_macro   0x00002a38       0x27 ./Core/Src/dcmi.o
 .debug_macro   0x00002a5f    0x25b9b ./Core/Src/dcmi.o
 .debug_macro   0x000285fa       0x6d ./Core/Src/dcmi.o
 .debug_macro   0x00028667     0x3d79 ./Core/Src/dcmi.o
 .debug_macro   0x0002c3e0      0x190 ./Core/Src/dcmi.o
 .debug_macro   0x0002c570       0x61 ./Core/Src/dcmi.o
 .debug_macro   0x0002c5d1       0x29 ./Core/Src/dcmi.o
 .debug_macro   0x0002c5fa       0x43 ./Core/Src/dcmi.o
 .debug_macro   0x0002c63d       0x34 ./Core/Src/dcmi.o
 .debug_macro   0x0002c671      0x370 ./Core/Src/dcmi.o
 .debug_macro   0x0002c9e1       0x16 ./Core/Src/dcmi.o
 .debug_macro   0x0002c9f7       0x4a ./Core/Src/dcmi.o
 .debug_macro   0x0002ca41       0x34 ./Core/Src/dcmi.o
 .debug_macro   0x0002ca75       0x10 ./Core/Src/dcmi.o
 .debug_macro   0x0002ca85       0x58 ./Core/Src/dcmi.o
 .debug_macro   0x0002cadd       0x8e ./Core/Src/dcmi.o
 .debug_macro   0x0002cb6b       0x1c ./Core/Src/dcmi.o
 .debug_macro   0x0002cb87      0x185 ./Core/Src/dcmi.o
 .debug_macro   0x0002cd0c      0x19b ./Core/Src/dcmi.o
 .debug_macro   0x0002cea7       0x5d ./Core/Src/dcmi.o
 .debug_macro   0x0002cf04     0x2382 ./Core/Src/dcmi.o
 .debug_macro   0x0002f286     0x102c ./Core/Src/dcmi.o
 .debug_macro   0x000302b2      0x154 ./Core/Src/dcmi.o
 .debug_macro   0x00030406      0x114 ./Core/Src/dcmi.o
 .debug_macro   0x0003051a      0x3b6 ./Core/Src/dcmi.o
 .debug_macro   0x000308d0       0xac ./Core/Src/dcmi.o
 .debug_macro   0x0003097c      0x72d ./Core/Src/dcmi.o
 .debug_macro   0x000310a9      0x228 ./Core/Src/dcmi.o
 .debug_macro   0x000312d1       0x66 ./Core/Src/dcmi.o
 .debug_macro   0x00031337      0x3bb ./Core/Src/dcmi.o
 .debug_macro   0x000316f2      0x22c ./Core/Src/dcmi.o
 .debug_macro   0x0003191e      0x3e4 ./Core/Src/dcmi.o
 .debug_macro   0x00031d02      0x275 ./Core/Src/dcmi.o
 .debug_macro   0x00031f77      0x3ca ./Core/Src/dcmi.o
 .debug_macro   0x00032341      0x408 ./Core/Src/dcmi.o
 .debug_macro   0x00032749       0x51 ./Core/Src/dcmi.o
 .debug_macro   0x0003279a       0x4a ./Core/Src/dcmi.o
 .debug_macro   0x000327e4      0x22c ./Core/Src/dcmi.o
 .debug_macro   0x00032a10       0x67 ./Core/Src/dcmi.o
 .debug_macro   0x00032a77       0xa5 ./Core/Src/dcmi.o
 .debug_macro   0x00032b1c      0x1c4 ./Core/Src/dcmi.o
 .debug_macro   0x00032ce0      0x25e ./Core/Src/dcmi.o
 .debug_macro   0x00032f3e       0x35 ./Core/Src/dcmi.o
 .debug_macro   0x00032f73      0x512 ./Core/Src/dcmi.o
 .debug_macro   0x00033485      0x5e4 ./Core/Src/dcmi.o
 .debug_macro   0x00033a69       0xc1 ./Core/Src/dcmi.o
 .debug_macro   0x00033b2a      0x693 ./Core/Src/dcmi.o
 .debug_macro   0x000341bd       0xa6 ./Core/Src/dcmi.o
 .debug_macro   0x00034263      0x5ac ./Core/Src/dcmi.o
 .debug_macro   0x0003480f       0x34 ./Core/Src/dcmi.o
 .debug_macro   0x00034843      0x2eb ./Core/Src/dma.o
 .debug_macro   0x00034b2e      0x2eb ./Core/Src/fmc.o
 .debug_macro   0x00034e19      0x2eb ./Core/Src/gpio.o
 .debug_macro   0x00035104      0x2eb ./Core/Src/i2c.o
 .debug_macro   0x000353ef      0x335 ./Core/Src/main.o
 .debug_macro   0x00035724      0x2eb ./Core/Src/spi.o
 .debug_macro   0x00035a0f      0x2e1 ./Core/Src/stm32h7xx_hal_msp.o
 .debug_macro   0x00035cf0      0x2eb ./Core/Src/stm32h7xx_it.o
 .debug_macro   0x00035fdb      0x274 ./Core/Src/syscalls.o
 .debug_macro   0x0003624f       0x5b ./Core/Src/syscalls.o
 .debug_macro   0x000362aa       0x94 ./Core/Src/syscalls.o
 .debug_macro   0x0003633e       0x57 ./Core/Src/syscalls.o
 .debug_macro   0x00036395       0x10 ./Core/Src/syscalls.o
 .debug_macro   0x000363a5       0x3c ./Core/Src/syscalls.o
 .debug_macro   0x000363e1       0x10 ./Core/Src/syscalls.o
 .debug_macro   0x000363f1       0x10 ./Core/Src/syscalls.o
 .debug_macro   0x00036401       0x10 ./Core/Src/syscalls.o
 .debug_macro   0x00036411       0x1c ./Core/Src/syscalls.o
 .debug_macro   0x0003642d       0x52 ./Core/Src/syscalls.o
 .debug_macro   0x0003647f       0x22 ./Core/Src/syscalls.o
 .debug_macro   0x000364a1       0x10 ./Core/Src/syscalls.o
 .debug_macro   0x000364b1       0x52 ./Core/Src/syscalls.o
 .debug_macro   0x00036503       0xcf ./Core/Src/syscalls.o
 .debug_macro   0x000365d2       0x1c ./Core/Src/syscalls.o
 .debug_macro   0x000365ee       0x3d ./Core/Src/syscalls.o
 .debug_macro   0x0003662b       0x35 ./Core/Src/syscalls.o
 .debug_macro   0x00036660      0x12c ./Core/Src/syscalls.o
 .debug_macro   0x0003678c       0x16 ./Core/Src/syscalls.o
 .debug_macro   0x000367a2       0x16 ./Core/Src/syscalls.o
 .debug_macro   0x000367b8       0x29 ./Core/Src/syscalls.o
 .debug_macro   0x000367e1       0x10 ./Core/Src/syscalls.o
 .debug_macro   0x000367f1      0x242 ./Core/Src/syscalls.o
 .debug_macro   0x00036a33       0x1c ./Core/Src/syscalls.o
 .debug_macro   0x00036a4f       0x10 ./Core/Src/syscalls.o
 .debug_macro   0x00036a5f       0x10 ./Core/Src/syscalls.o
 .debug_macro   0x00036a6f       0x16 ./Core/Src/syscalls.o
 .debug_macro   0x00036a85      0x146 ./Core/Src/syscalls.o
 .debug_macro   0x00036bcb      0x18a ./Core/Src/syscalls.o
 .debug_macro   0x00036d55       0x16 ./Core/Src/syscalls.o
 .debug_macro   0x00036d6b       0xce ./Core/Src/syscalls.o
 .debug_macro   0x00036e39      0x112 ./Core/Src/sysmem.o
 .debug_macro   0x00036f4b      0x23c ./Core/Src/sysmem.o
 .debug_macro   0x00037187      0x2d2 ./Core/Src/system_stm32h7xx.o
 .debug_macro   0x00037459      0x2eb ./Core/Src/usart.o
 .debug_macro   0x00037744      0x2fc ./Drivers/STM32H7xx_HAL_Driver/Src/stm32h7xx_hal.o
 .debug_macro   0x00037a40      0x2d2 ./Drivers/STM32H7xx_HAL_Driver/Src/stm32h7xx_hal_cortex.o
 .debug_macro   0x00037d12      0x2d9 ./Drivers/STM32H7xx_HAL_Driver/Src/stm32h7xx_hal_dcmi.o
 .debug_macro   0x00037feb      0x326 ./Drivers/STM32H7xx_HAL_Driver/Src/stm32h7xx_hal_dma.o
 .debug_macro   0x00038311      0x2d9 ./Drivers/STM32H7xx_HAL_Driver/Src/stm32h7xx_hal_gpio.o
 .debug_macro   0x000385ea      0x39e ./Drivers/STM32H7xx_HAL_Driver/Src/stm32h7xx_hal_i2c.o
 .debug_macro   0x00038988      0x2d2 ./Drivers/STM32H7xx_HAL_Driver/Src/stm32h7xx_hal_i2c_ex.o
 .debug_macro   0x00038c5a      0x30b ./Drivers/STM32H7xx_HAL_Driver/Src/stm32h7xx_hal_pwr_ex.o
 .debug_macro   0x00038f65      0x2f6 ./Drivers/STM32H7xx_HAL_Driver/Src/stm32h7xx_hal_rcc.o
 .debug_macro   0x0003925b      0x2f0 ./Drivers/STM32H7xx_HAL_Driver/Src/stm32h7xx_hal_rcc_ex.o
 .debug_macro   0x0003954b      0x2d2 ./Drivers/STM32H7xx_HAL_Driver/Src/stm32h7xx_hal_sdram.o
 .debug_macro   0x0003981d      0x2da ./Drivers/STM32H7xx_HAL_Driver/Src/stm32h7xx_hal_spi.o
 .debug_macro   0x00039af7      0x2fd ./Drivers/STM32H7xx_HAL_Driver/Src/stm32h7xx_hal_uart.o
 .debug_macro   0x00039df4      0x2de ./Drivers/STM32H7xx_HAL_Driver/Src/stm32h7xx_hal_uart_ex.o
 .debug_macro   0x0003a0d2      0x2fc ./Drivers/STM32H7xx_HAL_Driver/Src/stm32h7xx_ll_fmc.o

.debug_line     0x00000000    0x1f31e
 .debug_line    0x00000000      0x9eb ./Core/Src/dcmi.o
 .debug_line    0x000009eb      0x91f ./Core/Src/dma.o
 .debug_line    0x0000130a      0xa67 ./Core/Src/fmc.o
 .debug_line    0x00001d71      0x970 ./Core/Src/gpio.o
 .debug_line    0x000026e1      0x9c0 ./Core/Src/i2c.o
 .debug_line    0x000030a1      0xb9c ./Core/Src/main.o
 .debug_line    0x00003c3d      0xa1b ./Core/Src/spi.o
 .debug_line    0x00004658      0x920 ./Core/Src/stm32h7xx_hal_msp.o
 .debug_line    0x00004f78      0xa30 ./Core/Src/stm32h7xx_it.o
 .debug_line    0x000059a8      0x8ac ./Core/Src/syscalls.o
 .debug_line    0x00006254      0x588 ./Core/Src/sysmem.o
 .debug_line    0x000067dc      0xb20 ./Core/Src/system_stm32h7xx.o
 .debug_line    0x000072fc      0x9d6 ./Core/Src/usart.o
 .debug_line    0x00007cd2       0x7b ./Core/Startup/startup_stm32h743xihx.o
 .debug_line    0x00007d4d      0xef9 ./Drivers/STM32H7xx_HAL_Driver/Src/stm32h7xx_hal.o
 .debug_line    0x00008c46      0xee3 ./Drivers/STM32H7xx_HAL_Driver/Src/stm32h7xx_hal_cortex.o
 .debug_line    0x00009b29      0xf5d ./Drivers/STM32H7xx_HAL_Driver/Src/stm32h7xx_hal_dcmi.o
 .debug_line    0x0000aa86     0x287a ./Drivers/STM32H7xx_HAL_Driver/Src/stm32h7xx_hal_dma.o
 .debug_line    0x0000d300      0xd82 ./Drivers/STM32H7xx_HAL_Driver/Src/stm32h7xx_hal_gpio.o
 .debug_line    0x0000e082     0x3c70 ./Drivers/STM32H7xx_HAL_Driver/Src/stm32h7xx_hal_i2c.o
 .debug_line    0x00011cf2      0xa87 ./Drivers/STM32H7xx_HAL_Driver/Src/stm32h7xx_hal_i2c_ex.o
 .debug_line    0x00012779     0x107d ./Drivers/STM32H7xx_HAL_Driver/Src/stm32h7xx_hal_pwr_ex.o
 .debug_line    0x000137f6     0x15a0 ./Drivers/STM32H7xx_HAL_Driver/Src/stm32h7xx_hal_rcc.o
 .debug_line    0x00014d96     0x1eac ./Drivers/STM32H7xx_HAL_Driver/Src/stm32h7xx_hal_rcc_ex.o
 .debug_line    0x00016c42      0xf21 ./Drivers/STM32H7xx_HAL_Driver/Src/stm32h7xx_hal_sdram.o
 .debug_line    0x00017b63     0x228b ./Drivers/STM32H7xx_HAL_Driver/Src/stm32h7xx_hal_spi.o
 .debug_line    0x00019dee     0x3980 ./Drivers/STM32H7xx_HAL_Driver/Src/stm32h7xx_hal_uart.o