../Core/Lib/ili9341/ili9341.c:26:13:ILI9341_Select	8	static
../Core/Lib/ili9341/ili9341.c:30:6:ILI9341_Unselect	8	static
../Core/Lib/ili9341/ili9341.c:34:13:ILI9341_Reset	8	static
../Core/Lib/ili9341/ili9341.c:40:13:ILI9341_WriteCommand	16	static
../Core/Lib/ili9341/ili9341.c:45:13:ILI9341_WriteImgData	16	static
../Core/Lib/ili9341/ili9341.c:57:13:ILI9341_WriteData	24	static
../Core/Lib/ili9341/ili9341.c:70:13:ILI9341_SetAddressWindow	32	static
../Core/Lib/ili9341/ili9341.c:89:6:ILI9341_Init	120	static
../Core/Lib/ili9341/ili9341.c:244:6:ILI9341_DrawPixel	24	static
../Core/Lib/ili9341/ili9341.c:257:13:ILI9341_WriteChar	40	static
../Core/Lib/ili9341/ili9341.c:276:6:ILI9341_WriteString	32	static
../Core/Lib/ili9341/ili9341.c:302:6:ILI9341_FillRectangle	32	static
../Core/Lib/ili9341/ili9341.c:323:6:ILI9341_FillScreen	24	static
../Core/Lib/ili9341/ili9341.c:327:6:ILI9341_DrawImage	24	static
../Core/Lib/ili9341/ili9341.c:338:6:ILI9341_DrawImage8	24	static
../Core/Lib/ili9341/ili9341.c:363:6:ILI9341_InvertColors	16	static
