../Core/ap/src/Presenter.c:26:6:Presenter_OutData	32	static
../Core/ap/src/Presenter.c:35:6:Presenter_Excute	64	static
../Core/ap/src/Presenter.c:50:6:Presenter_DispTimeWatch	16	static
../Core/ap/src/Presenter.c:55:6:Presenter_DispStopWatch	16	static
../Core/ap/src/Presenter.c:61:6:Presenter_DisTimeWatchFnd	16	static
../Core/ap/src/Presenter.c:71:6:Presenter_DisStopWatchFnd	16	static
../Core/ap/src/Presenter.c:87:6:Presenter_DisMonitorTimeWatch	88	static
../Core/ap/src/Presenter.c:92:6:Presenter_DisMonitorStopWatch	88	static
../Core/ap/src/Presenter.c:98:6:Presenter_Init	8	static
