../Core/ap/src/Presenter.c:25:6:Presenter_OutData	24	static
../Core/ap/src/Presenter.c:32:6:Presenter_Excute	64	static
../Core/ap/src/Presenter.c:47:6:Presenter_DispTimeWatch	16	static
../Core/ap/src/Presenter.c:52:6:Presenter_DispStopWatch	16	static
../Core/ap/src/Presenter.c:58:6:Presenter_DisTimeWatchFnd	16	static
../Core/ap/src/Presenter.c:68:6:Presenter_DisStopWatchFnd	16	static
../Core/ap/src/Presenter.c:84:6:Presenter_DisMonitorTimeWatch	88	static
../Core/ap/src/Presenter.c:89:6:Presenter_DisMonitorStopWatch	88	static
../Core/ap/src/Presenter.c:95:6:Presenter_Init	8	static
