2025-07-08 09:29:04,833 [INFO] MainUpdater:2872 - connection check result : 10
2025-07-08 09:29:05,015 [INFO] McuFinderGlobals:76 - Set McuFinderConnectedMode to true
2025-07-08 09:29:05,018 [INFO] MultiScanPanel:200 - Auto-refresh data requested => check proxy status ongoing
2025-07-08 09:29:05,019 [INFO] FinderPluginLoader:95 - Searching for filters in installed packs
2025-07-08 09:29:06,299 [INFO] LoadUrlFilesThread:185 - End of LoadServerUrlFiles without Thread
2025-07-08 09:29:06,299 [INFO] DetailPanel:341 - Set advertising image to C:/Users/kccistc/STM32Cube/Repository/\en.cubemxfinderstm32wba6.jpg
2025-07-08 09:31:04,917 [INFO] MainUpdater:2872 - connection check result : 10
2025-07-08 09:31:04,918 [INFO] MainUpdater:2872 - connection check result : 10
2025-07-08 09:31:14,939 [INFO] MicroXplorer:468 - Change Database Path : 
2025-07-08 09:31:14,941 [INFO] MicroXplorer:498 - Change Database Version : DB.6.0.141
2025-07-08 09:31:14,994 [ERROR] ProjectManagerView:395 - 
java.lang.NullPointerException: Cannot invoke "javax.swing.JTextField.getText()" because the return value of "java.util.List.get(int)" is null
	at com.st.microxplorer.plugins.projectmanager.gui.ProjectChoiceTab$9.caretUpdate(ProjectChoiceTab.java:2678) ~[filemanager.jar:?]
	at javax.swing.text.JTextComponent.fireCaretUpdate(JTextComponent.java:408) ~[?:?]
	at javax.swing.text.JTextComponent$MutableCaretEvent.fire(JTextComponent.java:4484) ~[?:?]
	at javax.swing.text.JTextComponent$MutableCaretEvent.stateChanged(JTextComponent.java:4506) ~[?:?]
	at javax.swing.text.DefaultCaret.fireStateChanged(DefaultCaret.java:857) ~[?:?]
	at javax.swing.text.DefaultCaret.changeCaretPosition(DefaultCaret.java:1343) ~[?:?]
	at javax.swing.text.DefaultCaret.handleSetDot(DefaultCaret.java:1242) ~[?:?]
	at javax.swing.text.DefaultCaret.setDot(DefaultCaret.java:1223) ~[?:?]
	at javax.swing.text.DefaultCaret$Handler.insertUpdate(DefaultCaret.java:1819) ~[?:?]
	at javax.swing.text.AbstractDocument.fireInsertUpdate(AbstractDocument.java:227) ~[?:?]
	at javax.swing.text.AbstractDocument.handleInsertString(AbstractDocument.java:781) ~[?:?]
	at javax.swing.text.AbstractDocument.insertString(AbstractDocument.java:740) ~[?:?]
	at javax.swing.text.PlainDocument.insertString(PlainDocument.java:131) ~[?:?]
	at javax.swing.text.AbstractDocument.replace(AbstractDocument.java:699) ~[?:?]
	at javax.swing.text.JTextComponent.setText(JTextComponent.java:1725) ~[?:?]
	at com.st.microxplorer.plugins.projectmanager.gui.ProjectChoiceTab.createHeapStackFields(ProjectChoiceTab.java:979) ~[filemanager.jar:?]
	at com.st.microxplorer.plugins.projectmanager.gui.ProjectChoiceTab.buildLinkSettingsPanel(ProjectChoiceTab.java:3766) ~[filemanager.jar:?]
	at com.st.microxplorer.plugins.projectmanager.gui.ProjectChoiceTab.defineWindowsFields(ProjectChoiceTab.java:1962) ~[filemanager.jar:?]
	at com.st.microxplorer.plugins.projectmanager.gui.ProjectChoiceTab.updateSettings(ProjectChoiceTab.java:555) ~[filemanager.jar:?]
	at com.st.microxplorer.plugins.projectmanager.gui.ProjectSettingsPanel.UpdateDialog(ProjectSettingsPanel.java:245) ~[filemanager.jar:?]
	at com.st.microxplorer.plugins.projectmanager.ProjectManagerView.propertyChange(ProjectManagerView.java:392) ~[filemanager.jar:?]
	at java.beans.PropertyChangeSupport.fire(PropertyChangeSupport.java:343) ~[?:?]
	at java.beans.PropertyChangeSupport.firePropertyChange(PropertyChangeSupport.java:335) ~[?:?]
	at java.beans.PropertyChangeSupport.firePropertyChange(PropertyChangeSupport.java:268) ~[?:?]
	at com.st.microxplorer.util.MXPropertyChangeSupport.firePropertyChange(MXPropertyChangeSupport.java:54) ~[STM32CubeMX.jar:?]
	at com.st.microxplorer.mxsystem.MxSystem.closeConfig(MxSystem.java:899) ~[STM32CubeMX.jar:?]
	at com.st.microxplorer.maingui.MainPanel.closeConfig(MainPanel.java:789) ~[STM32CubeMX.jar:?]
	at com.st.microxplorer.plugins.filemanager.engine.OpenFileManager.loadConfigurationFile(OpenFileManager.java:287) ~[filemanager.jar:?]
	at com.st.microxplorer.plugins.filemanager.engine.MainFileManager.userLoadConfig(MainFileManager.java:341) ~[filemanager.jar:?]
	at com.st.microxplorer.plugins.filemanager.engine.MainFileManager.userLoadConfig(MainFileManager.java:319) ~[filemanager.jar:?]
	at com.st.microxplorer.plugins.filemanager.FileManagerView.getSpecificTask(FileManagerView.java:246) ~[filemanager.jar:?]
	at com.st.stm32cube.common.mx.editor.CubeMxEditor.getMxTabbedPaneInstance(CubeMxEditor.java:1198) ~[com.st.stm32cube.common.mx_6.14.1.202504091515/:?]
	at com.st.stm32cube.common.mx.editor.CubeMxEditor$12$1.createSwingComponent(CubeMxEditor.java:1068) ~[com.st.stm32cube.common.mx_6.14.1.202504091515/:?]
	at com.st.stm32cube.common.mx.oss.core.awtswtbridge.EmbeddedSwingComposite.doComponentCreation(EmbeddedSwingComposite.java:492) ~[com.st.stm32cube.common.mx.oss_6.14.1.202504091515/:?]
	at com.st.stm32cube.common.mx.oss.core.awtswtbridge.EmbeddedSwingComposite$4.run(EmbeddedSwingComposite.java:291) ~[com.st.stm32cube.common.mx.oss_6.14.1.202504091515/:?]
	at com.st.stm32cube.common.mx.oss.core.awtswtbridge.AwtEnvironment$2.run(AwtEnvironment.java:166) ~[com.st.stm32cube.common.mx.oss_6.14.1.202504091515/:?]
	at java.awt.event.InvocationEvent.dispatch(InvocationEvent.java:318) ~[?:?]
	at java.awt.EventQueue.dispatchEventImpl(EventQueue.java:773) ~[?:?]
	at java.awt.EventQueue$4.run(EventQueue.java:720) ~[?:?]
	at java.awt.EventQueue$4.run(EventQueue.java:714) ~[?:?]
	at java.security.AccessController.doPrivileged(AccessController.java:400) ~[?:?]
	at java.security.ProtectionDomain$JavaSecurityAccessImpl.doIntersectionPrivilege(ProtectionDomain.java:87) ~[?:?]
	at java.awt.EventQueue.dispatchEvent(EventQueue.java:742) ~[?:?]
	at java.awt.EventDispatchThread.pumpOneEventForFilters(EventDispatchThread.java:203) ~[?:?]
	at java.awt.EventDispatchThread.pumpEventsForFilter(EventDispatchThread.java:124) ~[?:?]
	at java.awt.EventDispatchThread.pumpEventsForHierarchy(EventDispatchThread.java:113) ~[?:?]
	at java.awt.EventDispatchThread.pumpEvents(EventDispatchThread.java:109) ~[?:?]
	at java.awt.EventDispatchThread.pumpEvents(EventDispatchThread.java:101) ~[?:?]
	at java.awt.EventDispatchThread.run(EventDispatchThread.java:90) ~[?:?]
2025-07-08 09:31:14,998 [WARN] ThirdParty:871 - waiting for thirdparty lock release [close project]
2025-07-08 09:31:14,998 [INFO] ThirdParty:873 - entering critical section [close project]
2025-07-08 09:31:14,998 [INFO] ThirdParty:883 - exiting critical section [close project]
2025-07-08 09:31:15,003 [INFO] PinOutPanel:1589 - setPackage(No Configuration,No Configuration)
2025-07-08 09:31:15,026 [WARN] IpParametersView:155 - Warning: This peripheral hasn't parameters
2025-07-08 09:31:15,042 [WARN] MainPanel:289 - <html><b><center>Warning: This peripheral has no parameters to be configured<br></b></html>
2025-07-08 09:31:15,052 [INFO] UtilMem:75 - Begin LoadConfig() Used Memory: 706366896 Bytes (1040187392)
2025-07-08 09:31:15,053 [INFO] MicroXplorer:468 - Change Database Path : 
2025-07-08 09:31:15,053 [INFO] MicroXplorer:498 - Change Database Version : DB.6.0.141
2025-07-08 09:31:15,054 [INFO] OpenFileManager:354 - Change cursor
2025-07-08 09:31:15,097 [INFO] RulesReader:64 - Compatibility file has been processed (302 Rules)
2025-07-08 09:31:15,113 [INFO] Mcu:2011 - Initializing MCU STM32H743XIHx STM32H743XIHx STM32H743XIH6
2025-07-08 09:31:18,843 [INFO] Context:756 - Trying to add GPIOservice into a context  which must be forbidden
2025-07-08 09:31:20,165 [INFO] ImportTextPane:218 - (OptionalMessage_ERROR) Unable to find key (Mcu.ThirdPartyNb) in loaded IOC file
2025-07-08 09:31:20,165 [INFO] ImportTextPane:218 - (OptionalMessage_ERROR) Unable to find key (Mcu.PinsNb) in loaded IOC file
2025-07-08 09:31:20,166 [INFO] ImportTextPane:218 - (OptionalMessage_ERROR) Pin0 (VP_RIF_VS_RIF1) cannot be retrieved for this MCU
2025-07-08 09:31:20,166 [INFO] ImportTextPane:218 - (OptionalMessage_ERROR) Unable to find key (Mcu.IPNb) in loaded IOC file
2025-07-08 09:31:20,316 [INFO] RtosManager:558 - Registered RTOS mode: class=CMSIS, group=RTOS, mode=CMSIS_V1, owner=FREERTOS
2025-07-08 09:31:20,316 [INFO] RtosManager:558 - Registered RTOS mode: class=CMSIS, group=RTOS2, mode=CMSIS_V2, owner=FREERTOS
2025-07-08 09:31:20,316 [INFO] RtosManager:558 - Registered RTOS mode: class=RTOS, group=Core, mode=CMSIS_V1, owner=FREERTOS
2025-07-08 09:31:20,316 [INFO] RtosManager:558 - Registered RTOS mode: class=RTOS, group=Core, mode=CMSIS_V2, owner=FREERTOS
2025-07-08 09:31:20,316 [WARN] ModelIntegratedComponent:184 - Missing modes for component STMicroelectronics:FreeRTOS:0.0.1:STMicroelectronics:RTOS:FreeRTOS:Core:::10.2.0:
2025-07-08 09:31:20,324 [WARN] ModelIntegratedComponent:63 - No mode defined for component null
2025-07-08 09:31:20,324 [WARN] ModelIntegratedComponent:63 - No mode defined for component null
2025-07-08 09:31:20,324 [WARN] ModelIntegratedComponent:63 - No mode defined for component null
2025-07-08 09:31:20,324 [WARN] ModelIntegratedComponent:63 - No mode defined for component null
2025-07-08 09:31:20,325 [WARN] ModelIntegratedComponent:63 - No mode defined for component null
2025-07-08 09:31:20,325 [WARN] ModelIntegratedComponent:63 - No mode defined for component null
2025-07-08 09:31:20,325 [WARN] ModelIntegratedComponent:63 - No mode defined for component null
2025-07-08 09:31:20,325 [WARN] ModelIntegratedComponent:63 - No mode defined for component null
2025-07-08 09:31:20,325 [WARN] ModelIntegratedComponent:63 - No mode defined for component null
2025-07-08 09:31:20,325 [WARN] ModelIntegratedComponent:63 - No mode defined for component null
2025-07-08 09:31:20,325 [WARN] ModelIntegratedComponent:63 - No mode defined for component null
2025-07-08 09:31:20,325 [WARN] ModelIntegratedComponent:63 - No mode defined for component null
2025-07-08 09:31:20,325 [WARN] ModelIntegratedComponent:63 - No mode defined for component null
2025-07-08 09:31:20,325 [WARN] ModelIntegratedComponent:63 - No mode defined for component null
2025-07-08 09:31:20,325 [WARN] ModelIntegratedComponent:63 - No mode defined for component null
2025-07-08 09:31:20,325 [WARN] ModelIntegratedComponent:63 - No mode defined for component null
2025-07-08 09:31:20,325 [WARN] ModelIntegratedComponent:63 - No mode defined for component null
2025-07-08 09:31:20,325 [WARN] ModelIntegratedComponent:63 - No mode defined for component null
2025-07-08 09:31:20,325 [WARN] ModelIntegratedComponent:63 - No mode defined for component null
2025-07-08 09:31:20,325 [WARN] ModelIntegratedComponent:63 - No mode defined for component null
2025-07-08 09:31:20,325 [WARN] ModelIntegratedComponent:63 - No mode defined for component null
2025-07-08 09:31:20,325 [WARN] ModelIntegratedComponent:63 - No mode defined for component null
2025-07-08 09:31:20,325 [WARN] ModelIntegratedComponent:63 - No mode defined for component null
2025-07-08 09:31:20,326 [WARN] ModelIntegratedComponent:63 - No mode defined for component null
2025-07-08 09:31:20,326 [WARN] ModelIntegratedComponent:63 - No mode defined for component null
2025-07-08 09:31:20,326 [WARN] ModelIntegratedComponent:63 - No mode defined for component null
2025-07-08 09:31:20,326 [WARN] ModelIntegratedComponent:63 - No mode defined for component null
2025-07-08 09:31:20,326 [WARN] ModelIntegratedComponent:63 - No mode defined for component null
2025-07-08 09:31:20,326 [WARN] ModelIntegratedComponent:63 - No mode defined for component null
2025-07-08 09:31:20,326 [WARN] ModelIntegratedComponent:63 - No mode defined for component null
2025-07-08 09:31:20,326 [WARN] ModelIntegratedComponent:63 - No mode defined for component null
2025-07-08 09:31:20,326 [WARN] ModelIntegratedComponent:63 - No mode defined for component null
2025-07-08 09:31:20,326 [WARN] ModelIntegratedComponent:63 - No mode defined for component null
2025-07-08 09:31:20,326 [WARN] ModelIntegratedComponent:63 - No mode defined for component null
2025-07-08 09:31:20,326 [WARN] ModelIntegratedComponent:63 - No mode defined for component null
2025-07-08 09:31:20,326 [WARN] ModelPack:524 - Component already loaded: STMicroelectronics:HAL Drivers:0.0.0:STMicroelectronics:Device:STMicro_Driver:XSPI:HAL::0.0.1:HAL_XSPI
2025-07-08 09:31:20,384 [INFO] ThirdPartyModel:298 - Start build external matchings
2025-07-08 09:31:20,899 [INFO] ThirdPartyModel:316 - End build external matchings
2025-07-08 09:31:21,637 [INFO] UtilMem:75 - End LoadConfig() Used Memory: 525738144 Bytes (1073741824)
2025-07-08 09:31:21,682 [WARN] ThirdParty:833 - waiting for thirdparty lock release [change project]
2025-07-08 09:31:21,682 [INFO] ThirdParty:835 - entering critical section [change project]
2025-07-08 09:31:21,683 [INFO] ThirdParty:1030 - CMSIS Pack Vendor :STMicroelectronics X-CUBE-PM33A1 1.0.0
2025-07-08 09:31:21,683 [INFO] ThirdParty:1030 - CMSIS Pack Vendor :STMicroelectronics USBPD 4.1
2025-07-08 09:31:21,683 [INFO] ThirdParty:1030 - CMSIS Pack Vendor :STMicroelectronics X-CUBE-AZRTOS-H7 3.3.0
2025-07-08 09:31:21,683 [INFO] ThirdParty:1030 - CMSIS Pack Vendor :STMicroelectronics X-CUBE-NFC9 1.0.0
2025-07-08 09:31:21,683 [INFO] ThirdParty:1030 - CMSIS Pack Vendor :wolfSSL I-CUBE-wolfSSL 5.8.0
2025-07-08 09:31:21,683 [INFO] ThirdParty:1030 - CMSIS Pack Vendor :STMicroelectronics USB_HOST 2.0.0
2025-07-08 09:31:21,683 [INFO] ThirdParty:1030 - CMSIS Pack Vendor :STMicroelectronics FP-SNS-MOTENVWB1 1.4.0
2025-07-08 09:31:21,683 [INFO] ThirdParty:1030 - CMSIS Pack Vendor :STMicroelectronics X-CUBE-AZRTOS-F4 1.1.0
2025-07-08 09:31:21,683 [INFO] ThirdParty:1030 - CMSIS Pack Vendor :STMicroelectronics LIBJPEG 8.0.0
2025-07-08 09:31:21,683 [INFO] ThirdParty:1030 - CMSIS Pack Vendor :STMicroelectronics FP-ATR-ASTRA1 2.0.2
2025-07-08 09:31:21,683 [INFO] ThirdParty:1030 - CMSIS Pack Vendor :STMicroelectronics X-CUBE-BLE1 7.1.0
2025-07-08 09:31:21,683 [INFO] ThirdParty:1030 - CMSIS Pack Vendor :Avnet-IotConnect X-CUBE-IoTC-DA16k-PMOD 1.0.0
2025-07-08 09:31:21,683 [INFO] ThirdParty:1030 - CMSIS Pack Vendor :STMicroelectronics X-CUBE-SMBUS 2.1.0
2025-07-08 09:31:21,683 [INFO] ThirdParty:1030 - CMSIS Pack Vendor :wolfSSL I-CUBE-wolfMQTT 1.19.2
2025-07-08 09:31:21,683 [INFO] ThirdParty:1030 - CMSIS Pack Vendor :STMicroelectronics USB_DEVICE 3.0.0
2025-07-08 09:31:21,683 [INFO] ThirdParty:1030 - CMSIS Pack Vendor :STMicroelectronics X-CUBE-ISPU 2.1.0
2025-07-08 09:31:21,683 [INFO] ThirdParty:1030 - CMSIS Pack Vendor :STMicroelectronics X-CUBE-AZRTOS-WB 2.0.0
2025-07-08 09:31:21,683 [INFO] ThirdParty:1030 - CMSIS Pack Vendor :STMicroelectronics X-CUBE-ST60 1.0.0
2025-07-08 09:31:21,683 [INFO] ThirdParty:1030 - CMSIS Pack Vendor :STMicroelectronics X-CUBE-GNSS1 7.0.1
2025-07-08 09:31:21,683 [INFO] ThirdParty:1030 - CMSIS Pack Vendor :STMicroelectronics X-CUBE-AZRTOS-F7 1.1.0
2025-07-08 09:31:21,683 [INFO] ThirdParty:1030 - CMSIS Pack Vendor :STMicroelectronics X-CUBE-AZRTOS-L5 2.0.0
2025-07-08 09:31:21,683 [INFO] ThirdParty:1030 - CMSIS Pack Vendor :STMicroelectronics X-CUBE-TOUCHGFX 4.25.0
2025-07-08 09:31:21,683 [INFO] ThirdParty:1030 - CMSIS Pack Vendor :STMicroelectronics USB_DEVICE 2.0.0
2025-07-08 09:31:21,683 [INFO] ThirdParty:1030 - CMSIS Pack Vendor :STMicroelectronics X-CUBE-NFC6 3.1.0
2025-07-08 09:31:21,683 [INFO] ThirdParty:1030 - CMSIS Pack Vendor :STMicroelectronics X-CUBE-AI 10.1.0
2025-07-08 09:31:21,683 [INFO] ThirdParty:1030 - CMSIS Pack Vendor :STMicroelectronics FP-SNS-STBOX1 2.0.0
2025-07-08 09:31:21,683 [INFO] ThirdParty:1030 - CMSIS Pack Vendor :STMicroelectronics X-CUBE-MEMS1 11.2.0
2025-07-08 09:31:21,683 [INFO] ThirdParty:1030 - CMSIS Pack Vendor :STMicroelectronics FreeRTOS 0.0.1
2025-07-08 09:31:21,683 [INFO] ThirdParty:1030 - CMSIS Pack Vendor :STMicroelectronics X-CUBE-AZRTOS-G0 1.1.0
2025-07-08 09:31:21,683 [INFO] ThirdParty:1030 - CMSIS Pack Vendor :STMicroelectronics X-CUBE-SAFEA1 1.2.2
2025-07-08 09:31:21,683 [INFO] ThirdParty:1030 - CMSIS Pack Vendor :STMicroelectronics X-CUBE-NFC4 3.0.0
2025-07-08 09:31:21,683 [INFO] ThirdParty:1030 - CMSIS Pack Vendor :STMicroelectronics X-CUBE-SUBG2 5.0.0
2025-07-08 09:31:21,683 [INFO] ThirdParty:1030 - CMSIS Pack Vendor :STMicroelectronics X-CUBE-AZRTOS-H7RS 1.1.0
2025-07-08 09:31:21,683 [INFO] ThirdParty:1030 - CMSIS Pack Vendor :STMicroelectronics STM32_WPAN 1.0.0
2025-07-08 09:31:21,683 [INFO] ThirdParty:1030 - CMSIS Pack Vendor :EmbeddedOffice I-CUBE-FS-RTOS 1.0.1
2025-07-08 09:31:21,683 [INFO] ThirdParty:1030 - CMSIS Pack Vendor :STMicroelectronics lwIP 2.0.3
2025-07-08 09:31:21,683 [INFO] ThirdParty:1030 - CMSIS Pack Vendor :Cesanta I-CUBE-Mongoose 7.13.0
2025-07-08 09:31:21,683 [INFO] ThirdParty:1030 - CMSIS Pack Vendor :STMicroelectronics USB_HOST 1.0.0
2025-07-08 09:31:21,683 [INFO] ThirdParty:1030 - CMSIS Pack Vendor :Infineon AIROC-Wi-Fi-Bluetooth-STM32 1.7.0
2025-07-08 09:31:21,683 [INFO] ThirdParty:1030 - CMSIS Pack Vendor :STMicroelectronics X-CUBE-AZRTOS-G4 2.0.0
2025-07-08 09:31:21,683 [INFO] ThirdParty:1030 - CMSIS Pack Vendor :STMicroelectronics X-CUBE-WB05N 2.0.0
2025-07-08 09:31:21,683 [INFO] ThirdParty:1030 - CMSIS Pack Vendor :STMicroelectronics PDM2PCM 3.1.0
2025-07-08 09:31:21,683 [INFO] ThirdParty:1030 - CMSIS Pack Vendor :STMicroelectronics PDM2PCM 3.3.0
2025-07-08 09:31:21,683 [INFO] ThirdParty:1030 - CMSIS Pack Vendor :wolfSSL I-CUBE-wolfTPM 3.8.0
2025-07-08 09:31:21,683 [INFO] ThirdParty:1030 - CMSIS Pack Vendor :STMicroelectronics X-CUBE-AZRTOS-H7 3.4.0
2025-07-08 09:31:21,683 [INFO] ThirdParty:1030 - CMSIS Pack Vendor :STMicroelectronics X-CUBE-DISPLAY 3.0.0
2025-07-08 09:31:21,683 [INFO] ThirdParty:1030 - CMSIS Pack Vendor :wolfSSL I-CUBE-wolfSSH 1.4.20
2025-07-08 09:31:21,683 [INFO] ThirdParty:1030 - CMSIS Pack Vendor :STMicroelectronics X-CUBE-NFC7 2.0.0
2025-07-08 09:31:21,683 [INFO] ThirdParty:1030 - CMSIS Pack Vendor :STMicroelectronics X-CUBE-TCPP 4.2.0
2025-07-08 09:31:21,683 [INFO] ThirdParty:1030 - CMSIS Pack Vendor :RealThread X-CUBE-RT-Thread_Nano 4.1.1
2025-07-08 09:31:21,683 [INFO] ThirdParty:1030 - CMSIS Pack Vendor :STMicroelectronics FP-ATR-SIGFOX1 3.2.0
2025-07-08 09:31:21,683 [INFO] ThirdParty:1030 - CMSIS Pack Vendor :STMicroelectronics X-CUBE-NFC10 1.0.0
2025-07-08 09:31:21,683 [INFO] ThirdParty:1030 - CMSIS Pack Vendor :STMicroelectronics X-CUBE-BLEMGR 4.0.0
2025-07-08 09:31:21,683 [INFO] ThirdParty:1030 - CMSIS Pack Vendor :STMicroelectronics X-CUBE-EEPRMA1 5.1.0
2025-07-08 09:31:21,683 [INFO] ThirdParty:1030 - CMSIS Pack Vendor :STMicroelectronics X-CUBE-FREERTOS 1.3.1
2025-07-08 09:31:21,683 [INFO] ThirdParty:1030 - CMSIS Pack Vendor :STMicroelectronics HAL Drivers 0.0.0
2025-07-08 09:31:21,683 [INFO] ThirdParty:1030 - CMSIS Pack Vendor :STMicroelectronics MBEDTLS 2.16.2
2025-07-08 09:31:21,683 [INFO] ThirdParty:1030 - CMSIS Pack Vendor :STMicroelectronics X-CUBE-IPS 3.1.0
2025-07-08 09:31:21,683 [INFO] ThirdParty:1030 - CMSIS Pack Vendor :STMicroelectronics X-CUBE-ALS 1.0.2
2025-07-08 09:31:21,683 [INFO] ThirdParty:1030 - CMSIS Pack Vendor :emotas I-CUBE-CANOPEN 1.3.0
2025-07-08 09:31:21,683 [INFO] ThirdParty:1030 - CMSIS Pack Vendor :STMicroelectronics MBEDTLS 2.14.1
2025-07-08 09:31:21,683 [INFO] ThirdParty:1030 - CMSIS Pack Vendor :ITTIA_DB I-CUBE-ITTIADB 8.9.0
2025-07-08 09:31:21,683 [INFO] ThirdParty:1030 - CMSIS Pack Vendor :portGmbH I-Cube-SoM-uGOAL 1.1.0
2025-07-08 09:31:21,683 [INFO] ThirdParty:1030 - CMSIS Pack Vendor :quantropi X-CUBE-qispace-sdk-base 2.0.0
2025-07-08 09:31:21,683 [INFO] ThirdParty:1030 - CMSIS Pack Vendor :STMicroelectronics X-CUBE-AI 10.0.0
2025-07-08 09:31:21,683 [INFO] ThirdParty:1030 - CMSIS Pack Vendor :STMicroelectronics X-CUBE-ST67W61 1.0.0
2025-07-08 09:31:21,683 [INFO] ThirdParty:1030 - CMSIS Pack Vendor :STMicroelectronics FP-SNS-STAIOTCFT 1.0.0
2025-07-08 09:31:21,683 [INFO] ThirdParty:1030 - CMSIS Pack Vendor :STMicroelectronics ThreadX 1.0.0
2025-07-08 09:31:21,683 [INFO] ThirdParty:1030 - CMSIS Pack Vendor :STMicroelectronics FP-SNS-SMARTAG2 1.2.0
2025-07-08 09:31:21,683 [INFO] ThirdParty:1030 - CMSIS Pack Vendor :STMicroelectronics FP-SNS-FLIGHT1 5.1.0
2025-07-08 09:31:21,683 [INFO] ThirdParty:1030 - CMSIS Pack Vendor :STMicroelectronics X-CUBE-AZRTOS-WL 2.0.0
2025-07-08 09:31:21,683 [INFO] ThirdParty:1030 - CMSIS Pack Vendor :SEGGER I-CUBE-embOS 1.3.1
2025-07-08 09:31:21,683 [INFO] ThirdParty:1030 - CMSIS Pack Vendor :STMicroelectronics X-CUBE-ALGOBUILD 1.4.0
2025-07-08 09:31:21,683 [INFO] ThirdParty:1030 - CMSIS Pack Vendor :STMicroelectronics X-CUBE-DPower 1.3.0
2025-07-08 09:31:21,683 [INFO] ThirdParty:1030 - CMSIS Pack Vendor :STMicroelectronics X-CUBE-MEMS1 11.3.0
2025-07-08 09:31:21,683 [INFO] ThirdParty:1030 - CMSIS Pack Vendor :STMicroelectronics FP-SNS-MOTENV1 5.0.0
2025-07-08 09:31:21,683 [INFO] ThirdParty:1030 - CMSIS Pack Vendor :STMicroelectronics USB_DEVICE 1.0.0
2025-07-08 09:31:21,683 [INFO] ThirdParty:1030 - CMSIS Pack Vendor :STMicroelectronics X-CUBE-AZRTOS-L4 2.0.0
2025-07-08 09:31:21,683 [INFO] ThirdParty:1030 - CMSIS Pack Vendor :STMicroelectronics ThreadX 0.0.2
2025-07-08 09:31:21,683 [INFO] ThirdParty:1030 - CMSIS Pack Vendor :WES I-CUBE-Cesium 1.3.0
2025-07-08 09:31:21,684 [INFO] ThirdParty:1030 - CMSIS Pack Vendor :STMicroelectronics lwIP 2.1.2
2025-07-08 09:31:21,684 [INFO] ThirdParty:1030 - CMSIS Pack Vendor :STMicroelectronics X-CUBE-SFXS2LP1 4.0.0
2025-07-08 09:31:21,684 [INFO] ThirdParty:1030 - CMSIS Pack Vendor :STMicroelectronics X-CUBE-BLE2 3.3.0
2025-07-08 09:31:21,684 [INFO] ThirdParty:1030 - CMSIS Pack Vendor :STMicroelectronics X-CUBE-TOF1 3.4.3
2025-07-08 09:31:21,684 [INFO] ThirdParty:1030 - CMSIS Pack Vendor :STMicroelectronics PDM2PCM 3.2.0
2025-07-08 09:31:21,684 [INFO] ThirdParty:841 - exiting critical section [change project]
2025-07-08 09:31:22,238 [INFO] PinOutPanel:1589 - setPackage(No Configuration,No Configuration)
2025-07-08 09:31:22,240 [INFO] PinOutPanel:1589 - setPackage(STM32H743XIHx,TFBGA240)
2025-07-08 09:31:22,802 [INFO] UtilMem:75 - Before build in PCC Used Memory: 495785832 Bytes (1073741824)
2025-07-08 09:31:23,116 [INFO] UtilMem:75 - After build in PCC Used Memory: 561321832 Bytes (1073741824)
2025-07-08 09:31:23,155 [INFO] IPUIPlugin:80 - create IPUIPlugin
2025-07-08 09:31:23,156 [INFO] IPUIPlugin:80 - create IPUIPlugin
2025-07-08 09:31:23,156 [INFO] IPUIPlugin:80 - create IPUIPlugin
2025-07-08 09:31:23,156 [INFO] IPUIPlugin:80 - create IPUIPlugin
2025-07-08 09:31:23,156 [INFO] IPUIPlugin:80 - create IPUIPlugin
2025-07-08 09:31:23,156 [INFO] IPUIPlugin:80 - create IPUIPlugin
2025-07-08 09:31:23,156 [INFO] IPUIPlugin:80 - create IPUIPlugin
2025-07-08 09:31:23,156 [INFO] IPUIPlugin:80 - create IPUIPlugin
2025-07-08 09:31:23,156 [INFO] IPUIPlugin:80 - create IPUIPlugin
2025-07-08 09:31:23,156 [INFO] IPUIPlugin:80 - create IPUIPlugin
2025-07-08 09:31:23,156 [INFO] IPUIPlugin:80 - create IPUIPlugin
2025-07-08 09:31:23,156 [INFO] IPUIPlugin:80 - create IPUIPlugin
2025-07-08 09:31:23,157 [INFO] IPUIPlugin:80 - create IPUIPlugin
2025-07-08 09:31:23,157 [INFO] IPUIPlugin:80 - create IPUIPlugin
2025-07-08 09:31:23,157 [INFO] IPUIPlugin:80 - create IPUIPlugin
2025-07-08 09:31:23,157 [INFO] IPUIPlugin:80 - create IPUIPlugin
2025-07-08 09:31:23,157 [INFO] IPUIPlugin:80 - create IPUIPlugin
2025-07-08 09:31:23,157 [INFO] IPUIPlugin:80 - create IPUIPlugin
2025-07-08 09:31:23,157 [INFO] IPUIPlugin:80 - create IPUIPlugin
2025-07-08 09:31:23,157 [INFO] IPUIPlugin:80 - create IPUIPlugin
2025-07-08 09:31:23,157 [INFO] IPUIPlugin:80 - create IPUIPlugin
2025-07-08 09:31:23,157 [INFO] IPUIPlugin:80 - create IPUIPlugin
2025-07-08 09:31:23,157 [INFO] IPUIPlugin:80 - create IPUIPlugin
2025-07-08 09:31:23,157 [INFO] IPUIPlugin:80 - create IPUIPlugin
2025-07-08 09:31:23,157 [INFO] IPUIPlugin:80 - create IPUIPlugin
2025-07-08 09:31:23,158 [INFO] IPUIPlugin:80 - create IPUIPlugin
2025-07-08 09:31:23,158 [INFO] IPUIPlugin:80 - create IPUIPlugin
2025-07-08 09:31:23,158 [INFO] IPUIPlugin:80 - create IPUIPlugin
2025-07-08 09:31:23,158 [INFO] IPUIPlugin:80 - create IPUIPlugin
2025-07-08 09:31:23,158 [INFO] IPUIPlugin:80 - create IPUIPlugin
2025-07-08 09:31:23,158 [INFO] IPUIPlugin:80 - create IPUIPlugin
2025-07-08 09:31:23,158 [INFO] IPUIPlugin:80 - create IPUIPlugin
2025-07-08 09:31:23,158 [INFO] IPUIPlugin:80 - create IPUIPlugin
2025-07-08 09:31:23,158 [INFO] IPUIPlugin:80 - create IPUIPlugin
2025-07-08 09:31:23,158 [INFO] IPUIPlugin:80 - create IPUIPlugin
2025-07-08 09:31:23,159 [INFO] IPUIPlugin:80 - create IPUIPlugin
2025-07-08 09:31:23,159 [INFO] IPUIPlugin:80 - create IPUIPlugin
2025-07-08 09:31:23,159 [INFO] IPUIPlugin:80 - create IPUIPlugin
2025-07-08 09:31:23,159 [INFO] IPUIPlugin:80 - create IPUIPlugin
2025-07-08 09:31:23,159 [INFO] IPUIPlugin:80 - create IPUIPlugin
2025-07-08 09:31:23,159 [INFO] IPUIPlugin:80 - create IPUIPlugin
2025-07-08 09:31:23,159 [INFO] IPUIPlugin:80 - create IPUIPlugin
2025-07-08 09:31:23,159 [INFO] IPUIPlugin:80 - create IPUIPlugin
2025-07-08 09:31:23,159 [INFO] IPUIPlugin:80 - create IPUIPlugin
2025-07-08 09:31:23,159 [INFO] IPUIPlugin:80 - create IPUIPlugin
2025-07-08 09:31:23,161 [INFO] IPUIPlugin:80 - create IPUIPlugin
2025-07-08 09:31:23,161 [INFO] IPUIPlugin:80 - create IPUIPlugin
2025-07-08 09:31:23,161 [INFO] IPUIPlugin:80 - create IPUIPlugin
2025-07-08 09:31:23,161 [INFO] IPUIPlugin:80 - create IPUIPlugin
2025-07-08 09:31:23,161 [INFO] IPUIPlugin:80 - create IPUIPlugin
2025-07-08 09:31:23,162 [INFO] IPUIPlugin:80 - create IPUIPlugin
2025-07-08 09:31:23,162 [INFO] IPUIPlugin:80 - create IPUIPlugin
2025-07-08 09:31:23,162 [INFO] IPUIPlugin:80 - create IPUIPlugin
2025-07-08 09:31:23,162 [INFO] IPUIPlugin:80 - create IPUIPlugin
2025-07-08 09:31:23,162 [INFO] IPUIPlugin:80 - create IPUIPlugin
2025-07-08 09:31:23,163 [INFO] IPUIPlugin:80 - create IPUIPlugin
2025-07-08 09:31:23,163 [INFO] IPUIPlugin:80 - create IPUIPlugin
2025-07-08 09:31:23,163 [INFO] IPUIPlugin:80 - create IPUIPlugin
2025-07-08 09:31:23,163 [INFO] IPUIPlugin:80 - create IPUIPlugin
2025-07-08 09:31:23,163 [INFO] IPUIPlugin:80 - create IPUIPlugin
2025-07-08 09:31:23,163 [INFO] IPUIPlugin:80 - create IPUIPlugin
2025-07-08 09:31:23,164 [INFO] IPUIPlugin:80 - create IPUIPlugin
2025-07-08 09:31:23,164 [INFO] IPUIPlugin:80 - create IPUIPlugin
2025-07-08 09:31:23,164 [INFO] IPUIPlugin:80 - create IPUIPlugin
2025-07-08 09:31:23,164 [INFO] IPUIPlugin:80 - create IPUIPlugin
2025-07-08 09:31:23,164 [INFO] IPUIPlugin:80 - create IPUIPlugin
2025-07-08 09:31:23,164 [INFO] IPUIPlugin:80 - create IPUIPlugin
2025-07-08 09:31:23,165 [INFO] IPUIPlugin:80 - create IPUIPlugin
2025-07-08 09:31:23,165 [INFO] IPUIPlugin:80 - create IPUIPlugin
2025-07-08 09:31:23,165 [INFO] IPUIPlugin:80 - create IPUIPlugin
2025-07-08 09:31:23,165 [INFO] IPUIPlugin:80 - create IPUIPlugin
2025-07-08 09:31:23,165 [INFO] IPUIPlugin:80 - create IPUIPlugin
2025-07-08 09:31:23,166 [INFO] IPUIPlugin:80 - create IPUIPlugin
2025-07-08 09:31:23,166 [INFO] IPUIPlugin:80 - create IPUIPlugin
2025-07-08 09:31:23,166 [INFO] IPUIPlugin:80 - create IPUIPlugin
2025-07-08 09:31:23,166 [INFO] IPUIPlugin:80 - create IPUIPlugin
2025-07-08 09:31:23,166 [INFO] IPUIPlugin:80 - create IPUIPlugin
2025-07-08 09:31:23,166 [INFO] IPUIPlugin:80 - create IPUIPlugin
2025-07-08 09:31:23,167 [INFO] IPUIPlugin:80 - create IPUIPlugin
2025-07-08 09:31:23,167 [INFO] IPUIPlugin:80 - create IPUIPlugin
2025-07-08 09:31:23,167 [INFO] IPUIPlugin:80 - create IPUIPlugin
2025-07-08 09:31:23,167 [INFO] IPUIPlugin:80 - create IPUIPlugin
2025-07-08 09:31:23,167 [INFO] IPUIPlugin:80 - create IPUIPlugin
2025-07-08 09:31:23,168 [INFO] IPUIPlugin:80 - create IPUIPlugin
2025-07-08 09:31:23,168 [INFO] IPUIPlugin:80 - create IPUIPlugin
2025-07-08 09:31:23,168 [INFO] IPUIPlugin:80 - create IPUIPlugin
2025-07-08 09:31:23,169 [INFO] IPUIPlugin:80 - create IPUIPlugin
2025-07-08 09:31:23,169 [INFO] IPUIPlugin:80 - create IPUIPlugin
2025-07-08 09:31:23,169 [INFO] IPUIPlugin:80 - create IPUIPlugin
2025-07-08 09:31:23,170 [INFO] IPUIPlugin:80 - create IPUIPlugin
2025-07-08 09:31:23,170 [INFO] IPUIPlugin:80 - create IPUIPlugin
2025-07-08 09:31:23,170 [INFO] IPUIPlugin:80 - create IPUIPlugin
2025-07-08 09:31:23,171 [INFO] IPUIPlugin:80 - create IPUIPlugin
2025-07-08 09:31:23,172 [INFO] IPUIPlugin:80 - create IPUIPlugin
2025-07-08 09:31:23,172 [INFO] IPUIPlugin:80 - create IPUIPlugin
2025-07-08 09:31:23,172 [INFO] IPUIPlugin:80 - create IPUIPlugin
2025-07-08 09:31:23,172 [INFO] IPUIPlugin:80 - create IPUIPlugin
2025-07-08 09:31:23,173 [INFO] IPUIPlugin:80 - create IPUIPlugin
2025-07-08 09:31:23,187 [INFO] ApiDbMcu:508 - Load IP Config File for PDM2PCM
2025-07-08 09:31:23,230 [INFO] CADModel:165 - CPN selected for project levelSTM32H743XIH6
2025-07-08 09:31:23,230 [INFO] CADModel:114 - Register for checkConnection events
2025-07-08 09:31:23,339 [INFO] OpenFileManager:385 - Restore cursor
2025-07-08 09:31:24,916 [INFO] UtilMem:75 - End SaveConfig() Used Memory: 782922008 Bytes (1073741824)
2025-07-08 09:31:24,996 [WARN] Context:829 - Trying to set MEMORYMAP twice on same context Cortex-M7NS
2025-07-08 09:31:25,023 [INFO] UtilMem:75 - End SaveConfig() Used Memory: 823066512 Bytes (1073741824)
2025-07-08 09:31:25,616 [INFO] BlockDiagram:2775 - set Specific Code input for plugin: RCC
2025-07-08 09:31:25,616 [INFO] BlockDiagram:2775 - set Specific Code input for plugin: MEMORYMAP
2025-07-08 09:31:25,616 [INFO] BlockDiagram:2775 - set Specific Code input for plugin: SYS
2025-07-08 09:31:25,616 [INFO] BlockDiagram:2775 - set Specific Code input for plugin: NVIC
2025-07-08 09:31:25,616 [INFO] BlockDiagram:2775 - set Specific Code input for plugin: CORTEX_M7
2025-07-08 09:31:25,618 [INFO] CodeGenerator:882 - code generatio: config db path: C:\ST\STM32CubeIDE_1.18.1\STM32CubeIDE\plugins\com.st.stm32cube.common.mx_6.14.1.202504091515\\db\
2025-07-08 09:31:25,827 [INFO] CodeEngine:263 - oldGeneratedFile, C:\harman\STM32Cube\20250708_ILI9341_TFT_LCD\MXTmpFiles\license.tmp_save
2025-07-08 09:31:26,066 [INFO] CodeEngine:287 - Generated code: C:\harman\STM32Cube\20250708_ILI9341_TFT_LCD\MXTmpFiles\license.tmp
2025-07-08 09:31:26,099 [WARN] IPConfigManager:103 - WARNING: Missing Config File for MEMORYMAP ip!!
2025-07-08 09:31:26,133 [INFO] CodeEngine:263 - oldGeneratedFile, C:\harman\STM32Cube\20250708_ILI9341_TFT_LCD\MXTmpFiles\cortex.tmp_save
2025-07-08 09:31:26,283 [INFO] CodeEngine:287 - Generated code: C:\harman\STM32Cube\20250708_ILI9341_TFT_LCD\MXTmpFiles\cortex.tmp
2025-07-08 09:31:26,297 [INFO] CodeEngine:263 - oldGeneratedFile, C:\harman\STM32Cube\20250708_ILI9341_TFT_LCD\Core\Src\stm32h7xx_it.c_save
2025-07-08 09:31:26,525 [INFO] CodeEngine:287 - Generated code: C:\harman\STM32Cube\20250708_ILI9341_TFT_LCD\Core\Src\stm32h7xx_it.c
2025-07-08 09:31:26,531 [INFO] CodeEngine:263 - oldGeneratedFile, C:\harman\STM32Cube\20250708_ILI9341_TFT_LCD\Core\Inc\stm32h7xx_it.h_save
2025-07-08 09:31:26,620 [INFO] CodeEngine:287 - Generated code: C:\harman\STM32Cube\20250708_ILI9341_TFT_LCD\Core\Inc\stm32h7xx_it.h
2025-07-08 09:31:26,650 [INFO] CodeEngine:263 - oldGeneratedFile, C:\harman\STM32Cube\20250708_ILI9341_TFT_LCD\Core\Src\stm32h7xx_hal_msp.c_save
2025-07-08 09:31:26,789 [INFO] CodeEngine:287 - Generated code: C:\harman\STM32Cube\20250708_ILI9341_TFT_LCD\Core\Src\stm32h7xx_hal_msp.c
2025-07-08 09:31:26,793 [INFO] CodeEngine:263 - oldGeneratedFile, C:\harman\STM32Cube\20250708_ILI9341_TFT_LCD\MXTmpFiles\system.tmp_save
2025-07-08 09:31:26,877 [INFO] CodeEngine:287 - Generated code: C:\harman\STM32Cube\20250708_ILI9341_TFT_LCD\MXTmpFiles\system.tmp
2025-07-08 09:31:26,892 [INFO] CodeEngine:319 - oldGeneratedFile, C:\harman\STM32Cube\20250708_ILI9341_TFT_LCD\Core\Inc\stm32h7xx_hal_conf.h_save
2025-07-08 09:31:26,987 [INFO] CodeEngine:343 - Generated code: C:\harman\STM32Cube\20250708_ILI9341_TFT_LCD\Core\Inc\stm32h7xx_hal_conf.h
2025-07-08 09:31:27,017 [ERROR] ApiDbMcu:464 - Can't load MEMORYMAP-STM32xx root dir null
2025-07-08 09:31:27,017 [ERROR] ApiDbMcu:536 - Cannot parse MEMORYMAP_Config file : file do not exist
2025-07-08 09:31:27,021 [INFO] ApiDbMcu:508 - Load IP Config File for RCC
2025-07-08 09:31:27,032 [INFO] CodeEngine:263 - oldGeneratedFile, C:\harman\STM32Cube\20250708_ILI9341_TFT_LCD\Core\Inc\main.h_save
2025-07-08 09:31:27,141 [INFO] CodeEngine:287 - Generated code: C:\harman\STM32Cube\20250708_ILI9341_TFT_LCD\Core\Inc\main.h
2025-07-08 09:31:27,146 [INFO] CodeEngine:263 - oldGeneratedFile, C:\harman\STM32Cube\20250708_ILI9341_TFT_LCD\Core\Src\main.c_save
2025-07-08 09:31:27,244 [INFO] CodeEngine:287 - Generated code: C:\harman\STM32Cube\20250708_ILI9341_TFT_LCD\Core\Src\main.c
2025-07-08 09:31:27,639 [INFO] ProjectBuilder:3324 - Time for Copy HAL[1] : 284mS.
2025-07-08 09:31:27,645 [INFO] ProjectBuilder:4912 - Project Generator version: 4.6.0.1-B1
2025-07-08 09:31:27,708 [INFO] ConfigFileManager:1590 - The Die is : DIE450
2025-07-08 09:31:27,711 [INFO] ApiDbMcu:508 - Load IP Config File for FATFS
2025-07-08 09:31:27,715 [INFO] ApiDbMcu:508 - Load IP Config File for FREERTOS
2025-07-08 09:31:27,718 [INFO] ApiDbMcu:508 - Load IP Config File for LIBJPEG
2025-07-08 09:31:27,723 [INFO] ApiDbMcu:508 - Load IP Config File for LWIP
2025-07-08 09:31:27,727 [INFO] ApiDbMcu:508 - Load IP Config File for MBEDTLS
2025-07-08 09:31:27,732 [INFO] ApiDbMcu:508 - Load IP Config File for USB_DEVICE
2025-07-08 09:31:27,735 [INFO] ApiDbMcu:508 - Load IP Config File for USB_HOST
2025-07-08 09:31:30,075 [INFO] ProjectBuilder:5191 - Time for Generating toolchain IDE Files: 2430mS.
2025-07-08 09:31:30,076 [INFO] ProjectBuilder:3181 - Time for Copy CMSIS : 1mS.
2025-07-08 09:31:30,079 [INFO] ProjectBuilder:3181 - Time for Copy CMSIS : 0mS.
2025-07-08 09:31:31,888 [INFO] McuFinderGlobals:76 - Set McuFinderConnectedMode to true
2025-07-08 09:31:31,890 [INFO] ApiDb:448 - Save user favorites file C:\Users\kccistc/.stm32cubeide/favorites.mcus.txt: 2 item(s)
2025-07-08 09:31:31,890 [INFO] ApiDb:452 - User favorites MCUs=[STM32F411RET6, STM32H743XIH6]
2025-07-08 09:35:37,196 [WARN] MainPanel:289 - <html><b><center>Warning: This peripheral has no parameters to be configured<br></b></html>
2025-07-08 09:40:45,381 [INFO] NvicIntPanel:101 - NVIC parent = com.st.microxplorer.plugins.ip.nvic.MultiNvicIntPanel[,0,0,0x0,invalid,layout=javax.swing.BoxLayout,alignmentX=0.0,alignmentY=0.0,border=,flags=9,maximumSize=,minimumSize=,preferredSize=]
2025-07-08 09:40:50,018 [INFO] NvicIntPanel:101 - NVIC parent = com.st.microxplorer.plugins.ip.nvic.MultiNvicIntPanel[,0,0,0x0,invalid,layout=javax.swing.BoxLayout,alignmentX=0.0,alignmentY=0.0,border=,flags=9,maximumSize=,minimumSize=,preferredSize=]
2025-07-08 09:40:50,116 [INFO] NvicIntPanel:101 - NVIC parent = com.st.microxplorer.plugins.ip.nvic.MultiNvicIntPanel[,0,0,0x0,invalid,layout=javax.swing.BoxLayout,alignmentX=0.0,alignmentY=0.0,border=,flags=9,maximumSize=,minimumSize=,preferredSize=]
2025-07-08 09:40:52,514 [INFO] NvicIntPanel:101 - NVIC parent = com.st.microxplorer.plugins.ip.nvic.MultiNvicIntPanel[,0,0,0x0,invalid,layout=javax.swing.BoxLayout,alignmentX=0.0,alignmentY=0.0,border=,flags=9,maximumSize=,minimumSize=,preferredSize=]
2025-07-08 09:40:52,611 [INFO] NvicIntPanel:101 - NVIC parent = com.st.microxplorer.plugins.ip.nvic.MultiNvicIntPanel[,0,0,0x0,invalid,layout=javax.swing.BoxLayout,alignmentX=0.0,alignmentY=0.0,border=,flags=9,maximumSize=,minimumSize=,preferredSize=]
2025-07-08 09:40:53,798 [INFO] NvicIntPanel:101 - NVIC parent = com.st.microxplorer.plugins.ip.nvic.MultiNvicIntPanel[,0,0,0x0,invalid,layout=javax.swing.BoxLayout,alignmentX=0.0,alignmentY=0.0,border=,flags=9,maximumSize=,minimumSize=,preferredSize=]
2025-07-08 09:40:53,897 [INFO] NvicIntPanel:101 - NVIC parent = com.st.microxplorer.plugins.ip.nvic.MultiNvicIntPanel[,0,0,0x0,invalid,layout=javax.swing.BoxLayout,alignmentX=0.0,alignmentY=0.0,border=,flags=9,maximumSize=,minimumSize=,preferredSize=]
2025-07-08 09:40:55,094 [INFO] NvicIntPanel:101 - NVIC parent = com.st.microxplorer.plugins.ip.nvic.MultiNvicIntPanel[,0,0,0x0,invalid,layout=javax.swing.BoxLayout,alignmentX=0.0,alignmentY=0.0,border=,flags=9,maximumSize=,minimumSize=,preferredSize=]
2025-07-08 09:40:55,191 [INFO] NvicIntPanel:101 - NVIC parent = com.st.microxplorer.plugins.ip.nvic.MultiNvicIntPanel[,0,0,0x0,invalid,layout=javax.swing.BoxLayout,alignmentX=0.0,alignmentY=0.0,border=,flags=9,maximumSize=,minimumSize=,preferredSize=]
2025-07-08 09:40:56,328 [INFO] NvicIntPanel:101 - NVIC parent = com.st.microxplorer.plugins.ip.nvic.MultiNvicIntPanel[,0,0,0x0,invalid,layout=javax.swing.BoxLayout,alignmentX=0.0,alignmentY=0.0,border=,flags=9,maximumSize=,minimumSize=,preferredSize=]
2025-07-08 09:40:56,461 [INFO] NvicIntPanel:101 - NVIC parent = com.st.microxplorer.plugins.ip.nvic.MultiNvicIntPanel[,0,0,0x0,invalid,layout=javax.swing.BoxLayout,alignmentX=0.0,alignmentY=0.0,border=,flags=9,maximumSize=,minimumSize=,preferredSize=]
