15:30:10 **** Incremental Build of configuration Debug for project 20250629_FND_TIM_Interruft ****
make -j16 all 
arm-none-eabi-gcc -mcpu=cortex-m4 -g3 -DDEBUG -c -I"C:/harman/STM32Cube/20250629_FND_TIM_Interruft/Src/driver/FND" -I"C:/harman/STM32Cube/20250629_FND_TIM_Interruft/Src/driver/button" -I"C:/harman/STM32Cube/20250629_FND_TIM_Interruft/Src/driver/GPIO" -I"C:/harman/STM32Cube/20250629_FND_TIM_Interruft/Src/driver/LedBar" -I"C:/harman/STM32Cube/20250629_FND_TIM_Interruft/Src/driver/SystemClock" -I"C:/harman/STM32Cube/20250629_FND_TIM_Interruft/Src/AP" -I"C:/harman/STM32Cube/20250629_FND_TIM_Interruft/Inc" -I"C:/harman/STM32Cube/20250629_FND_TIM_Interruft/Src/driver/TIM" -I"C:/harman/STM32Cube/20250629_FND_TIM_Interruft/Src/driver/TICK" -x assembler-with-cpp -MMD -MP -MF"Startup/startup_stm32f411retx.d" -MT"Startup/startup_stm32f411retx.o" --specs=nano.specs -mfpu=fpv4-sp-d16 -mfloat-abi=hard -mthumb -o "Startup/startup_stm32f411retx.o" "../Startup/startup_stm32f411retx.s"
arm-none-eabi-gcc "../Src/driver/button/Button.c" -mcpu=cortex-m4 -std=gnu11 -g3 -DDEBUG -DSTM32F411xE -DSTM32 -DSTM32F4 -DSTM32F411RETx -c -I../Inc -I"C:/harman/STM32Cube/20250629_FND_TIM_Interruft/Src/driver/FND" -I"C:/harman/STM32Cube/20250629_FND_TIM_Interruft/Src/driver/button" -I"C:/harman/STM32Cube/20250629_FND_TIM_Interruft/Src/driver/GPIO" -I"C:/harman/STM32Cube/20250629_FND_TIM_Interruft/Src/driver/LedBar" -I"C:/harman/STM32Cube/20250629_FND_TIM_Interruft/Src/driver/SystemClock" -I"C:/harman/STM32Cube/20250629_FND_TIM_Interruft/Src/AP" -I"C:/harman/STM32Cube/20250629_FND_TIM_Interruft/Src/driver/TIM" -I"C:/harman/STM32Cube/20250629_FND_TIM_Interruft/Src/driver/TICK" -O0 -ffunction-sections -fdata-sections -Wall -fstack-usage -fcyclomatic-complexity -MMD -MP -MF"Src/driver/button/Button.d" -MT"Src/driver/button/Button.o" --specs=nano.specs -mfpu=fpv4-sp-d16 -mfloat-abi=hard -mthumb -o "Src/driver/button/Button.o"
arm-none-eabi-gcc "../Src/driver/TIM/TIM.c" -mcpu=cortex-m4 -std=gnu11 -g3 -DDEBUG -DSTM32F411xE -DSTM32 -DSTM32F4 -DSTM32F411RETx -c -I../Inc -I"C:/harman/STM32Cube/20250629_FND_TIM_Interruft/Src/driver/FND" -I"C:/harman/STM32Cube/20250629_FND_TIM_Interruft/Src/driver/button" -I"C:/harman/STM32Cube/20250629_FND_TIM_Interruft/Src/driver/GPIO" -I"C:/harman/STM32Cube/20250629_FND_TIM_Interruft/Src/driver/LedBar" -I"C:/harman/STM32Cube/20250629_FND_TIM_Interruft/Src/driver/SystemClock" -I"C:/harman/STM32Cube/20250629_FND_TIM_Interruft/Src/AP" -I"C:/harman/STM32Cube/20250629_FND_TIM_Interruft/Src/driver/TIM" -I"C:/harman/STM32Cube/20250629_FND_TIM_Interruft/Src/driver/TICK" -O0 -ffunction-sections -fdata-sections -Wall -fstack-usage -fcyclomatic-complexity -MMD -MP -MF"Src/driver/TIM/TIM.d" -MT"Src/driver/TIM/TIM.o" --specs=nano.specs -mfpu=fpv4-sp-d16 -mfloat-abi=hard -mthumb -o "Src/driver/TIM/TIM.o"
arm-none-eabi-gcc "../Src/driver/TICK/sys_tick.c" -mcpu=cortex-m4 -std=gnu11 -g3 -DDEBUG -DSTM32F411xE -DSTM32 -DSTM32F4 -DSTM32F411RETx -c -I../Inc -I"C:/harman/STM32Cube/20250629_FND_TIM_Interruft/Src/driver/FND" -I"C:/harman/STM32Cube/20250629_FND_TIM_Interruft/Src/driver/button" -I"C:/harman/STM32Cube/20250629_FND_TIM_Interruft/Src/driver/GPIO" -I"C:/harman/STM32Cube/20250629_FND_TIM_Interruft/Src/driver/LedBar" -I"C:/harman/STM32Cube/20250629_FND_TIM_Interruft/Src/driver/SystemClock" -I"C:/harman/STM32Cube/20250629_FND_TIM_Interruft/Src/AP" -I"C:/harman/STM32Cube/20250629_FND_TIM_Interruft/Src/driver/TIM" -I"C:/harman/STM32Cube/20250629_FND_TIM_Interruft/Src/driver/TICK" -O0 -ffunction-sections -fdata-sections -Wall -fstack-usage -fcyclomatic-complexity -MMD -MP -MF"Src/driver/TICK/sys_tick.d" -MT"Src/driver/TICK/sys_tick.o" --specs=nano.specs -mfpu=fpv4-sp-d16 -mfloat-abi=hard -mthumb -o "Src/driver/TICK/sys_tick.o"
arm-none-eabi-gcc "../Src/driver/SystemClock/SystemClock.c" -mcpu=cortex-m4 -std=gnu11 -g3 -DDEBUG -DSTM32F411xE -DSTM32 -DSTM32F4 -DSTM32F411RETx -c -I../Inc -I"C:/harman/STM32Cube/20250629_FND_TIM_Interruft/Src/driver/FND" -I"C:/harman/STM32Cube/20250629_FND_TIM_Interruft/Src/driver/button" -I"C:/harman/STM32Cube/20250629_FND_TIM_Interruft/Src/driver/GPIO" -I"C:/harman/STM32Cube/20250629_FND_TIM_Interruft/Src/driver/LedBar" -I"C:/harman/STM32Cube/20250629_FND_TIM_Interruft/Src/driver/SystemClock" -I"C:/harman/STM32Cube/20250629_FND_TIM_Interruft/Src/AP" -I"C:/harman/STM32Cube/20250629_FND_TIM_Interruft/Src/driver/TIM" -I"C:/harman/STM32Cube/20250629_FND_TIM_Interruft/Src/driver/TICK" -O0 -ffunction-sections -fdata-sections -Wall -fstack-usage -fcyclomatic-complexity -MMD -MP -MF"Src/driver/SystemClock/SystemClock.d" -MT"Src/driver/SystemClock/SystemClock.o" --specs=nano.specs -mfpu=fpv4-sp-d16 -mfloat-abi=hard -mthumb -o "Src/driver/SystemClock/SystemClock.o"
arm-none-eabi-gcc "../Src/driver/LedBar/LedBar.c" -mcpu=cortex-m4 -std=gnu11 -g3 -DDEBUG -DSTM32F411xE -DSTM32 -DSTM32F4 -DSTM32F411RETx -c -I../Inc -I"C:/harman/STM32Cube/20250629_FND_TIM_Interruft/Src/driver/FND" -I"C:/harman/STM32Cube/20250629_FND_TIM_Interruft/Src/driver/button" -I"C:/harman/STM32Cube/20250629_FND_TIM_Interruft/Src/driver/GPIO" -I"C:/harman/STM32Cube/20250629_FND_TIM_Interruft/Src/driver/LedBar" -I"C:/harman/STM32Cube/20250629_FND_TIM_Interruft/Src/driver/SystemClock" -I"C:/harman/STM32Cube/20250629_FND_TIM_Interruft/Src/AP" -I"C:/harman/STM32Cube/20250629_FND_TIM_Interruft/Src/driver/TIM" -I"C:/harman/STM32Cube/20250629_FND_TIM_Interruft/Src/driver/TICK" -O0 -ffunction-sections -fdata-sections -Wall -fstack-usage -fcyclomatic-complexity -MMD -MP -MF"Src/driver/LedBar/LedBar.d" -MT"Src/driver/LedBar/LedBar.o" --specs=nano.specs -mfpu=fpv4-sp-d16 -mfloat-abi=hard -mthumb -o "Src/driver/LedBar/LedBar.o"
arm-none-eabi-gcc "../Src/driver/GPIO/GPIO.c" -mcpu=cortex-m4 -std=gnu11 -g3 -DDEBUG -DSTM32F411xE -DSTM32 -DSTM32F4 -DSTM32F411RETx -c -I../Inc -I"C:/harman/STM32Cube/20250629_FND_TIM_Interruft/Src/driver/FND" -I"C:/harman/STM32Cube/20250629_FND_TIM_Interruft/Src/driver/button" -I"C:/harman/STM32Cube/20250629_FND_TIM_Interruft/Src/driver/GPIO" -I"C:/harman/STM32Cube/20250629_FND_TIM_Interruft/Src/driver/LedBar" -I"C:/harman/STM32Cube/20250629_FND_TIM_Interruft/Src/driver/SystemClock" -I"C:/harman/STM32Cube/20250629_FND_TIM_Interruft/Src/AP" -I"C:/harman/STM32Cube/20250629_FND_TIM_Interruft/Src/driver/TIM" -I"C:/harman/STM32Cube/20250629_FND_TIM_Interruft/Src/driver/TICK" -O0 -ffunction-sections -fdata-sections -Wall -fstack-usage -fcyclomatic-complexity -MMD -MP -MF"Src/driver/GPIO/GPIO.d" -MT"Src/driver/GPIO/GPIO.o" --specs=nano.specs -mfpu=fpv4-sp-d16 -mfloat-abi=hard -mthumb -o "Src/driver/GPIO/GPIO.o"
arm-none-eabi-gcc "../Src/driver/FND/FND.c" -mcpu=cortex-m4 -std=gnu11 -g3 -DDEBUG -DSTM32F411xE -DSTM32 -DSTM32F4 -DSTM32F411RETx -c -I../Inc -I"C:/harman/STM32Cube/20250629_FND_TIM_Interruft/Src/driver/FND" -I"C:/harman/STM32Cube/20250629_FND_TIM_Interruft/Src/driver/button" -I"C:/harman/STM32Cube/20250629_FND_TIM_Interruft/Src/driver/GPIO" -I"C:/harman/STM32Cube/20250629_FND_TIM_Interruft/Src/driver/LedBar" -I"C:/harman/STM32Cube/20250629_FND_TIM_Interruft/Src/driver/SystemClock" -I"C:/harman/STM32Cube/20250629_FND_TIM_Interruft/Src/AP" -I"C:/harman/STM32Cube/20250629_FND_TIM_Interruft/Src/driver/TIM" -I"C:/harman/STM32Cube/20250629_FND_TIM_Interruft/Src/driver/TICK" -O0 -ffunction-sections -fdata-sections -Wall -fstack-usage -fcyclomatic-complexity -MMD -MP -MF"Src/driver/FND/FND.d" -MT"Src/driver/FND/FND.o" --specs=nano.specs -mfpu=fpv4-sp-d16 -mfloat-abi=hard -mthumb -o "Src/driver/FND/FND.o"
arm-none-eabi-gcc "../Src/AP/AP_main.c" -mcpu=cortex-m4 -std=gnu11 -g3 -DDEBUG -DSTM32F411xE -DSTM32 -DSTM32F4 -DSTM32F411RETx -c -I../Inc -I"C:/harman/STM32Cube/20250629_FND_TIM_Interruft/Src/driver/FND" -I"C:/harman/STM32Cube/20250629_FND_TIM_Interruft/Src/driver/button" -I"C:/harman/STM32Cube/20250629_FND_TIM_Interruft/Src/driver/GPIO" -I"C:/harman/STM32Cube/20250629_FND_TIM_Interruft/Src/driver/LedBar" -I"C:/harman/STM32Cube/20250629_FND_TIM_Interruft/Src/driver/SystemClock" -I"C:/harman/STM32Cube/20250629_FND_TIM_Interruft/Src/AP" -I"C:/harman/STM32Cube/20250629_FND_TIM_Interruft/Src/driver/TIM" -I"C:/harman/STM32Cube/20250629_FND_TIM_Interruft/Src/driver/TICK" -O0 -ffunction-sections -fdata-sections -Wall -fstack-usage -fcyclomatic-complexity -MMD -MP -MF"Src/AP/AP_main.d" -MT"Src/AP/AP_main.o" --specs=nano.specs -mfpu=fpv4-sp-d16 -mfloat-abi=hard -mthumb -o "Src/AP/AP_main.o"
arm-none-eabi-gcc "../Src/main.c" -mcpu=cortex-m4 -std=gnu11 -g3 -DDEBUG -DSTM32F411xE -DSTM32 -DSTM32F4 -DSTM32F411RETx -c -I../Inc -I"C:/harman/STM32Cube/20250629_FND_TIM_Interruft/Src/driver/FND" -I"C:/harman/STM32Cube/20250629_FND_TIM_Interruft/Src/driver/button" -I"C:/harman/STM32Cube/20250629_FND_TIM_Interruft/Src/driver/GPIO" -I"C:/harman/STM32Cube/20250629_FND_TIM_Interruft/Src/driver/LedBar" -I"C:/harman/STM32Cube/20250629_FND_TIM_Interruft/Src/driver/SystemClock" -I"C:/harman/STM32Cube/20250629_FND_TIM_Interruft/Src/AP" -I"C:/harman/STM32Cube/20250629_FND_TIM_Interruft/Src/driver/TIM" -I"C:/harman/STM32Cube/20250629_FND_TIM_Interruft/Src/driver/TICK" -O0 -ffunction-sections -fdata-sections -Wall -fstack-usage -fcyclomatic-complexity -MMD -MP -MF"Src/main.d" -MT"Src/main.o" --specs=nano.specs -mfpu=fpv4-sp-d16 -mfloat-abi=hard -mthumb -o "Src/main.o"
arm-none-eabi-gcc "../Src/syscalls.c" -mcpu=cortex-m4 -std=gnu11 -g3 -DDEBUG -DSTM32F411xE -DSTM32 -DSTM32F4 -DSTM32F411RETx -c -I../Inc -I"C:/harman/STM32Cube/20250629_FND_TIM_Interruft/Src/driver/FND" -I"C:/harman/STM32Cube/20250629_FND_TIM_Interruft/Src/driver/button" -I"C:/harman/STM32Cube/20250629_FND_TIM_Interruft/Src/driver/GPIO" -I"C:/harman/STM32Cube/20250629_FND_TIM_Interruft/Src/driver/LedBar" -I"C:/harman/STM32Cube/20250629_FND_TIM_Interruft/Src/driver/SystemClock" -I"C:/harman/STM32Cube/20250629_FND_TIM_Interruft/Src/AP" -I"C:/harman/STM32Cube/20250629_FND_TIM_Interruft/Src/driver/TIM" -I"C:/harman/STM32Cube/20250629_FND_TIM_Interruft/Src/driver/TICK" -O0 -ffunction-sections -fdata-sections -Wall -fstack-usage -fcyclomatic-complexity -MMD -MP -MF"Src/syscalls.d" -MT"Src/syscalls.o" --specs=nano.specs -mfpu=fpv4-sp-d16 -mfloat-abi=hard -mthumb -o "Src/syscalls.o"
arm-none-eabi-gcc "../Src/sysmem.c" -mcpu=cortex-m4 -std=gnu11 -g3 -DDEBUG -DSTM32F411xE -DSTM32 -DSTM32F4 -DSTM32F411RETx -c -I../Inc -I"C:/harman/STM32Cube/20250629_FND_TIM_Interruft/Src/driver/FND" -I"C:/harman/STM32Cube/20250629_FND_TIM_Interruft/Src/driver/button" -I"C:/harman/STM32Cube/20250629_FND_TIM_Interruft/Src/driver/GPIO" -I"C:/harman/STM32Cube/20250629_FND_TIM_Interruft/Src/driver/LedBar" -I"C:/harman/STM32Cube/20250629_FND_TIM_Interruft/Src/driver/SystemClock" -I"C:/harman/STM32Cube/20250629_FND_TIM_Interruft/Src/AP" -I"C:/harman/STM32Cube/20250629_FND_TIM_Interruft/Src/driver/TIM" -I"C:/harman/STM32Cube/20250629_FND_TIM_Interruft/Src/driver/TICK" -O0 -ffunction-sections -fdata-sections -Wall -fstack-usage -fcyclomatic-complexity -MMD -MP -MF"Src/sysmem.d" -MT"Src/sysmem.o" --specs=nano.specs -mfpu=fpv4-sp-d16 -mfloat-abi=hard -mthumb -o "Src/sysmem.o"
In file included from ../Src/driver/TICK/sys_tick.c:8:
../Src/driver/TICK/../TICK/sys_tick.h:13:19: error: unknown type name 'TIM_TypeDef'
   13 | void SysTick_Init(TIM_TypeDef* TIMx);
      |                   ^~~~~~~~~~~
../Src/driver/TICK/sys_tick.c:10:1: error: unknown type name 'TIM_TypeDef'
   10 | TIM_TypeDef* hTcikTIM;
      | ^~~~~~~~~~~
../Src/driver/TICK/sys_tick.c:12:19: error: unknown type name 'TIM_TypeDef'
   12 | void SysTick_Init(TIM_TypeDef* TIMx){
      |                   ^~~~~~~~~~~
../Src/driver/TICK/sys_tick.c: In function 'getTick':
../Src/driver/TICK/sys_tick.c:17:24: error: request for member 'CNT' in something not a structure or union
   17 |         return hTcikTIM->CNT;
      |                        ^~
../Src/driver/TICK/sys_tick.c: In function 'SysTick_Start':
../Src/driver/TICK/sys_tick.c:21:17: error: request for member 'CR1' in something not a structure or union
   21 |         hTcikTIM->CR1 |= (1<<0);
      |                 ^~
../Src/driver/TICK/sys_tick.c: In function 'SysTick_Stop':
../Src/driver/TICK/sys_tick.c:25:17: error: request for member 'CR1' in something not a structure or union
   25 |         hTcikTIM->CR1 &= ~(1<<0);
      |                 ^~
../Src/driver/TICK/sys_tick.c: In function 'getTick':
../Src/driver/TICK/sys_tick.c:18:1: warning: control reaches end of non-void function [-Wreturn-type]
   18 | }
      | ^
make: *** [Src/driver/TICK/subdir.mk:19: Src/driver/TICK/sys_tick.o] Error 1
make: *** Waiting for unfinished jobs....
../Src/main.c: In function 'main':
../Src/main.c:23:5: warning: implicit declaration of function 'ap_init' [-Wimplicit-function-declaration]
   23 |     ap_init();
      |     ^~~~~~~
../Src/main.c:24:5: warning: implicit declaration of function 'ap_main'; did you mean 'main'? [-Wimplicit-function-declaration]
   24 |     ap_main();
      |     ^~~~~~~
      |     main
"make -j16 all" terminated with exit code 2. Build might be incomplete.
15:30:23 **** Incremental Build of configuration Debug for project 20250530_OV7670 ****
make -j16 all 
arm-none-eabi-size  20250530_OV7670.elf 
   text	   data	    bss	    dec	    hex	filename
  11916	     16	   1664	  13596	   351c	20250530_OV7670.elf
Finished building: default.size.stdout
 
15:30:24 **** Incremental Build of configuration Debug for project 20250618_LED_Blink ****
make -j16 all 
arm-none-eabi-size  20250618_LED_Blink.elf 
   text	   data	    bss	    dec	    hex	filename
   6004	     12	   1572	   7588	   1da4	20250618_LED_Blink.elf
Finished building: default.size.stdout
 
15:30:24 **** Incremental Build of configuration Debug for project 20250619_CounterShowOnSEG ****
make -j16 all 
arm-none-eabi-size  20250619_CounterShowOnSEG.elf 
   text	   data	    bss	    dec	    hex	filename
   2208	     96	   1608	   3912	    f48	20250619_CounterShowOnSEG.elf
Finished building: default.size.stdout
 
15:30:24 **** Incremental Build of configuration Debug for project 20250619_LedBar ****
make -j16 all 
arm-none-eabi-size  20250619_LedBar.elf 
   text	   data	    bss	    dec	    hex	filename
   1592	     64	   1600	   3256	    cb8	20250619_LedBar.elf
Finished building: default.size.stdout
 
15:30:24 **** Incremental Build of configuration Debug for project 20250629_FND_TIM_Interruft ****
make -j16 all 
arm-none-eabi-gcc "../Src/driver/TICK/sys_tick.c" -mcpu=cortex-m4 -std=gnu11 -g3 -DDEBUG -DSTM32F411xE -DSTM32 -DSTM32F4 -DSTM32F411RETx -c -I../Inc -I"C:/harman/STM32Cube/20250629_FND_TIM_Interruft/Src/driver/FND" -I"C:/harman/STM32Cube/20250629_FND_TIM_Interruft/Src/driver/button" -I"C:/harman/STM32Cube/20250629_FND_TIM_Interruft/Src/driver/GPIO" -I"C:/harman/STM32Cube/20250629_FND_TIM_Interruft/Src/driver/LedBar" -I"C:/harman/STM32Cube/20250629_FND_TIM_Interruft/Src/driver/SystemClock" -I"C:/harman/STM32Cube/20250629_FND_TIM_Interruft/Src/AP" -I"C:/harman/STM32Cube/20250629_FND_TIM_Interruft/Src/driver/TIM" -I"C:/harman/STM32Cube/20250629_FND_TIM_Interruft/Src/driver/TICK" -O0 -ffunction-sections -fdata-sections -Wall -fstack-usage -fcyclomatic-complexity -MMD -MP -MF"Src/driver/TICK/sys_tick.d" -MT"Src/driver/TICK/sys_tick.o" --specs=nano.specs -mfpu=fpv4-sp-d16 -mfloat-abi=hard -mthumb -o "Src/driver/TICK/sys_tick.o"
In file included from ../Src/driver/TICK/sys_tick.c:8:
../Src/driver/TICK/sys_tick.h:13:19: error: unknown type name 'TIM_TypeDef'
   13 | void SysTick_Init(TIM_TypeDef* TIMx);
      |                   ^~~~~~~~~~~
../Src/driver/TICK/sys_tick.c:10:1: error: unknown type name 'TIM_TypeDef'
   10 | TIM_TypeDef* hTcikTIM;
      | ^~~~~~~~~~~
../Src/driver/TICK/sys_tick.c:12:19: error: unknown type name 'TIM_TypeDef'
   12 | void SysTick_Init(TIM_TypeDef* TIMx){
      |                   ^~~~~~~~~~~
../Src/driver/TICK/sys_tick.c: In function 'getTick':
../Src/driver/TICK/sys_tick.c:17:24: error: request for member 'CNT' in something not a structure or union
   17 |         return hTcikTIM->CNT;
      |                        ^~
../Src/driver/TICK/sys_tick.c: In function 'SysTick_Start':
../Src/driver/TICK/sys_tick.c:21:17: error: request for member 'CR1' in something not a structure or union
   21 |         hTcikTIM->CR1 |= (1<<0);
      |                 ^~
../Src/driver/TICK/sys_tick.c: In function 'SysTick_Stop':
../Src/driver/TICK/sys_tick.c:25:17: error: request for member 'CR1' in something not a structure or union
   25 |         hTcikTIM->CR1 &= ~(1<<0);
      |                 ^~
../Src/driver/TICK/sys_tick.c: In function 'getTick':
../Src/driver/TICK/sys_tick.c:18:1: warning: control reaches end of non-void function [-Wreturn-type]
   18 | }
      | ^
make: *** [Src/driver/TICK/subdir.mk:19: Src/driver/TICK/sys_tick.o] Error 1
"make -j16 all" terminated with exit code 2. Build might be incomplete.
15:30:26 **** Incremental Build of configuration Debug for project 20250530_OV7670 ****
make -j16 all 
arm-none-eabi-size  20250530_OV7670.elf 
   text	   data	    bss	    dec	    hex	filename
  11916	     16	   1664	  13596	   351c	20250530_OV7670.elf
Finished building: default.size.stdout
 
15:30:26 **** Incremental Build of configuration Debug for project 20250618_LED_Blink ****
make -j16 all 
arm-none-eabi-size  20250618_LED_Blink.elf 
   text	   data	    bss	    dec	    hex	filename
   6004	     12	   1572	   7588	   1da4	20250618_LED_Blink.elf
Finished building: default.size.stdout
 
15:30:27 **** Incremental Build of configuration Debug for project 20250619_CounterShowOnSEG ****
make -j16 all 
arm-none-eabi-size  20250619_CounterShowOnSEG.elf 
   text	   data	    bss	    dec	    hex	filename
   2208	     96	   1608	   3912	    f48	20250619_CounterShowOnSEG.elf
Finished building: default.size.stdout
 
15:30:27 **** Incremental Build of configuration Debug for project 20250619_LedBar ****
make -j16 all 
arm-none-eabi-size  20250619_LedBar.elf 
   text	   data	    bss	    dec	    hex	filename
   1592	     64	   1600	   3256	    cb8	20250619_LedBar.elf
Finished building: default.size.stdout
 
15:30:27 **** Incremental Build of configuration Debug for project 20250629_FND_TIM_Interruft ****
make -j16 all 
arm-none-eabi-gcc "../Src/driver/TICK/sys_tick.c" -mcpu=cortex-m4 -std=gnu11 -g3 -DDEBUG -DSTM32F411xE -DSTM32 -DSTM32F4 -DSTM32F411RETx -c -I../Inc -I"C:/harman/STM32Cube/20250629_FND_TIM_Interruft/Src/driver/FND" -I"C:/harman/STM32Cube/20250629_FND_TIM_Interruft/Src/driver/button" -I"C:/harman/STM32Cube/20250629_FND_TIM_Interruft/Src/driver/GPIO" -I"C:/harman/STM32Cube/20250629_FND_TIM_Interruft/Src/driver/LedBar" -I"C:/harman/STM32Cube/20250629_FND_TIM_Interruft/Src/driver/SystemClock" -I"C:/harman/STM32Cube/20250629_FND_TIM_Interruft/Src/AP" -I"C:/harman/STM32Cube/20250629_FND_TIM_Interruft/Src/driver/TIM" -I"C:/harman/STM32Cube/20250629_FND_TIM_Interruft/Src/driver/TICK" -O0 -ffunction-sections -fdata-sections -Wall -fstack-usage -fcyclomatic-complexity -MMD -MP -MF"Src/driver/TICK/sys_tick.d" -MT"Src/driver/TICK/sys_tick.o" --specs=nano.specs -mfpu=fpv4-sp-d16 -mfloat-abi=hard -mthumb -o "Src/driver/TICK/sys_tick.o"
In file included from ../Src/driver/TICK/sys_tick.c:8:
../Src/driver/TICK/sys_tick.h:13:19: error: unknown type name 'TIM_TypeDef'
   13 | void SysTick_Init(TIM_TypeDef* TIMx);
      |                   ^~~~~~~~~~~
../Src/driver/TICK/sys_tick.c:10:1: error: unknown type name 'TIM_TypeDef'
   10 | TIM_TypeDef* hTcikTIM;
      | ^~~~~~~~~~~
../Src/driver/TICK/sys_tick.c:12:19: error: unknown type name 'TIM_TypeDef'
   12 | void SysTick_Init(TIM_TypeDef* TIMx){
      |                   ^~~~~~~~~~~
../Src/driver/TICK/sys_tick.c: In function 'getTick':
../Src/driver/TICK/sys_tick.c:17:24: error: request for member 'CNT' in something not a structure or union
   17 |         return hTcikTIM->CNT;
      |                        ^~
../Src/driver/TICK/sys_tick.c: In function 'SysTick_Start':
../Src/driver/TICK/sys_tick.c:21:17: error: request for member 'CR1' in something not a structure or union
   21 |         hTcikTIM->CR1 |= (1<<0);
      |                 ^~
../Src/driver/TICK/sys_tick.c: In function 'SysTick_Stop':
../Src/driver/TICK/sys_tick.c:25:17: error: request for member 'CR1' in something not a structure or union
   25 |         hTcikTIM->CR1 &= ~(1<<0);
      |                 ^~
../Src/driver/TICK/sys_tick.c: In function 'getTick':
../Src/driver/TICK/sys_tick.c:18:1: warning: control reaches end of non-void function [-Wreturn-type]
   18 | }
      | ^
make: *** [Src/driver/TICK/subdir.mk:19: Src/driver/TICK/sys_tick.o] Error 1
"make -j16 all" terminated with exit code 2. Build might be incomplete.
15:30:39 **** Incremental Build of configuration Debug for project 20250530_OV7670 ****
make -j16 all 
arm-none-eabi-size  20250530_OV7670.elf 
   text	   data	    bss	    dec	    hex	filename
  11916	     16	   1664	  13596	   351c	20250530_OV7670.elf
Finished building: default.size.stdout
 
15:30:40 **** Incremental Build of configuration Debug for project 20250618_LED_Blink ****
make -j16 all 
arm-none-eabi-size  20250618_LED_Blink.elf 
   text	   data	    bss	    dec	    hex	filename
   6004	     12	   1572	   7588	   1da4	20250618_LED_Blink.elf
Finished building: default.size.stdout
 
15:30:40 **** Incremental Build of configuration Debug for project 20250619_CounterShowOnSEG ****
make -j16 all 
arm-none-eabi-size  20250619_CounterShowOnSEG.elf 
   text	   data	    bss	    dec	    hex	filename
   2208	     96	   1608	   3912	    f48	20250619_CounterShowOnSEG.elf
Finished building: default.size.stdout
 
15:30:40 **** Incremental Build of configuration Debug for project 20250619_LedBar ****
make -j16 all 
arm-none-eabi-size  20250619_LedBar.elf 
   text	   data	    bss	    dec	    hex	filename
   1592	     64	   1600	   3256	    cb8	20250619_LedBar.elf
Finished building: default.size.stdout
 
15:30:40 **** Incremental Build of configuration Debug for project 20250629_FND_TIM_Interruft ****
make -j16 all 
arm-none-eabi-gcc "../Src/driver/TICK/sys_tick.c" -mcpu=cortex-m4 -std=gnu11 -g3 -DDEBUG -DSTM32F411xE -DSTM32 -DSTM32F4 -DSTM32F411RETx -c -I../Inc -I"C:/harman/STM32Cube/20250629_FND_TIM_Interruft/Src/driver/FND" -I"C:/harman/STM32Cube/20250629_FND_TIM_Interruft/Src/driver/button" -I"C:/harman/STM32Cube/20250629_FND_TIM_Interruft/Src/driver/GPIO" -I"C:/harman/STM32Cube/20250629_FND_TIM_Interruft/Src/driver/LedBar" -I"C:/harman/STM32Cube/20250629_FND_TIM_Interruft/Src/driver/SystemClock" -I"C:/harman/STM32Cube/20250629_FND_TIM_Interruft/Src/AP" -I"C:/harman/STM32Cube/20250629_FND_TIM_Interruft/Src/driver/TIM" -I"C:/harman/STM32Cube/20250629_FND_TIM_Interruft/Src/driver/TICK" -O0 -ffunction-sections -fdata-sections -Wall -fstack-usage -fcyclomatic-complexity -MMD -MP -MF"Src/driver/TICK/sys_tick.d" -MT"Src/driver/TICK/sys_tick.o" --specs=nano.specs -mfpu=fpv4-sp-d16 -mfloat-abi=hard -mthumb -o "Src/driver/TICK/sys_tick.o"
arm-none-eabi-gcc "../Src/AP/AP_main.c" -mcpu=cortex-m4 -std=gnu11 -g3 -DDEBUG -DSTM32F411xE -DSTM32 -DSTM32F4 -DSTM32F411RETx -c -I../Inc -I"C:/harman/STM32Cube/20250629_FND_TIM_Interruft/Src/driver/FND" -I"C:/harman/STM32Cube/20250629_FND_TIM_Interruft/Src/driver/button" -I"C:/harman/STM32Cube/20250629_FND_TIM_Interruft/Src/driver/GPIO" -I"C:/harman/STM32Cube/20250629_FND_TIM_Interruft/Src/driver/LedBar" -I"C:/harman/STM32Cube/20250629_FND_TIM_Interruft/Src/driver/SystemClock" -I"C:/harman/STM32Cube/20250629_FND_TIM_Interruft/Src/AP" -I"C:/harman/STM32Cube/20250629_FND_TIM_Interruft/Src/driver/TIM" -I"C:/harman/STM32Cube/20250629_FND_TIM_Interruft/Src/driver/TICK" -O0 -ffunction-sections -fdata-sections -Wall -fstack-usage -fcyclomatic-complexity -MMD -MP -MF"Src/AP/AP_main.d" -MT"Src/AP/AP_main.o" --specs=nano.specs -mfpu=fpv4-sp-d16 -mfloat-abi=hard -mthumb -o "Src/AP/AP_main.o"
arm-none-eabi-gcc "../Src/main.c" -mcpu=cortex-m4 -std=gnu11 -g3 -DDEBUG -DSTM32F411xE -DSTM32 -DSTM32F4 -DSTM32F411RETx -c -I../Inc -I"C:/harman/STM32Cube/20250629_FND_TIM_Interruft/Src/driver/FND" -I"C:/harman/STM32Cube/20250629_FND_TIM_Interruft/Src/driver/button" -I"C:/harman/STM32Cube/20250629_FND_TIM_Interruft/Src/driver/GPIO" -I"C:/harman/STM32Cube/20250629_FND_TIM_Interruft/Src/driver/LedBar" -I"C:/harman/STM32Cube/20250629_FND_TIM_Interruft/Src/driver/SystemClock" -I"C:/harman/STM32Cube/20250629_FND_TIM_Interruft/Src/AP" -I"C:/harman/STM32Cube/20250629_FND_TIM_Interruft/Src/driver/TIM" -I"C:/harman/STM32Cube/20250629_FND_TIM_Interruft/Src/driver/TICK" -O0 -ffunction-sections -fdata-sections -Wall -fstack-usage -fcyclomatic-complexity -MMD -MP -MF"Src/main.d" -MT"Src/main.o" --specs=nano.specs -mfpu=fpv4-sp-d16 -mfloat-abi=hard -mthumb -o "Src/main.o"
../Src/main.c: In function 'main':
../Src/main.c:23:5: warning: implicit declaration of function 'ap_init' [-Wimplicit-function-declaration]
   23 |     ap_init();
      |     ^~~~~~~
../Src/main.c:24:5: warning: implicit declaration of function 'ap_main'; did you mean 'main'? [-Wimplicit-function-declaration]
   24 |     ap_main();
      |     ^~~~~~~
      |     main
arm-none-eabi-gcc -o "20250629_FND_TIM_Interruft.elf" @"objects.list"   -mcpu=cortex-m4 -T"C:\harman\STM32Cube\20250629_FND_TIM_Interruft\STM32F411RETX_FLASH.ld" --specs=nosys.specs -Wl,-Map="20250629_FND_TIM_Interruft.map" -Wl,--gc-sections -static --specs=nano.specs -mfpu=fpv4-sp-d16 -mfloat-abi=hard -mthumb -Wl,--start-group -lc -lm -Wl,--end-group
Finished building target: 20250629_FND_TIM_Interruft.elf
 
arm-none-eabi-size  20250629_FND_TIM_Interruft.elf 
arm-none-eabi-objdump -h -S 20250629_FND_TIM_Interruft.elf  > "20250629_FND_TIM_Interruft.list"
   text	   data	    bss	    dec	    hex	filename
   2840	    160	   1616	   4616	   1208	20250629_FND_TIM_Interruft.elf
Finished building: default.size.stdout
 
Finished building: 20250629_FND_TIM_Interruft.list
 
15:30:59 **** Incremental Build of configuration Debug for project 20250530_OV7670 ****
make -j16 all 
arm-none-eabi-size  20250530_OV7670.elf 
   text	   data	    bss	    dec	    hex	filename
  11916	     16	   1664	  13596	   351c	20250530_OV7670.elf
Finished building: default.size.stdout
 
15:31:00 **** Incremental Build of configuration Debug for project 20250618_LED_Blink ****
make -j16 all 
arm-none-eabi-size  20250618_LED_Blink.elf 
   text	   data	    bss	    dec	    hex	filename
   6004	     12	   1572	   7588	   1da4	20250618_LED_Blink.elf
Finished building: default.size.stdout
 
15:31:00 **** Incremental Build of configuration Debug for project 20250619_CounterShowOnSEG ****
make -j16 all 
arm-none-eabi-size  20250619_CounterShowOnSEG.elf 
   text	   data	    bss	    dec	    hex	filename
   2208	     96	   1608	   3912	    f48	20250619_CounterShowOnSEG.elf
Finished building: default.size.stdout
 
15:31:00 **** Incremental Build of configuration Debug for project 20250619_LedBar ****
make -j16 all 
arm-none-eabi-size  20250619_LedBar.elf 
   text	   data	    bss	    dec	    hex	filename
   1592	     64	   1600	   3256	    cb8	20250619_LedBar.elf
Finished building: default.size.stdout
 
15:31:00 **** Incremental Build of configuration Debug for project 20250629_FND_TIM_Interruft ****
make -j16 all 
arm-none-eabi-gcc "../Src/driver/TICK/sys_tick.c" -mcpu=cortex-m4 -std=gnu11 -g3 -DDEBUG -DSTM32F411xE -DSTM32 -DSTM32F4 -DSTM32F411RETx -c -I../Inc -I"C:/harman/STM32Cube/20250629_FND_TIM_Interruft/Src/driver/FND" -I"C:/harman/STM32Cube/20250629_FND_TIM_Interruft/Src/driver/button" -I"C:/harman/STM32Cube/20250629_FND_TIM_Interruft/Src/driver/GPIO" -I"C:/harman/STM32Cube/20250629_FND_TIM_Interruft/Src/driver/LedBar" -I"C:/harman/STM32Cube/20250629_FND_TIM_Interruft/Src/driver/SystemClock" -I"C:/harman/STM32Cube/20250629_FND_TIM_Interruft/Src/AP" -I"C:/harman/STM32Cube/20250629_FND_TIM_Interruft/Src/driver/TIM" -I"C:/harman/STM32Cube/20250629_FND_TIM_Interruft/Src/driver/TICK" -O0 -ffunction-sections -fdata-sections -Wall -fstack-usage -fcyclomatic-complexity -MMD -MP -MF"Src/driver/TICK/sys_tick.d" -MT"Src/driver/TICK/sys_tick.o" --specs=nano.specs -mfpu=fpv4-sp-d16 -mfloat-abi=hard -mthumb -o "Src/driver/TICK/sys_tick.o"
arm-none-eabi-gcc "../Src/AP/AP_main.c" -mcpu=cortex-m4 -std=gnu11 -g3 -DDEBUG -DSTM32F411xE -DSTM32 -DSTM32F4 -DSTM32F411RETx -c -I../Inc -I"C:/harman/STM32Cube/20250629_FND_TIM_Interruft/Src/driver/FND" -I"C:/harman/STM32Cube/20250629_FND_TIM_Interruft/Src/driver/button" -I"C:/harman/STM32Cube/20250629_FND_TIM_Interruft/Src/driver/GPIO" -I"C:/harman/STM32Cube/20250629_FND_TIM_Interruft/Src/driver/LedBar" -I"C:/harman/STM32Cube/20250629_FND_TIM_Interruft/Src/driver/SystemClock" -I"C:/harman/STM32Cube/20250629_FND_TIM_Interruft/Src/AP" -I"C:/harman/STM32Cube/20250629_FND_TIM_Interruft/Src/driver/TIM" -I"C:/harman/STM32Cube/20250629_FND_TIM_Interruft/Src/driver/TICK" -O0 -ffunction-sections -fdata-sections -Wall -fstack-usage -fcyclomatic-complexity -MMD -MP -MF"Src/AP/AP_main.d" -MT"Src/AP/AP_main.o" --specs=nano.specs -mfpu=fpv4-sp-d16 -mfloat-abi=hard -mthumb -o "Src/AP/AP_main.o"
arm-none-eabi-gcc "../Src/main.c" -mcpu=cortex-m4 -std=gnu11 -g3 -DDEBUG -DSTM32F411xE -DSTM32 -DSTM32F4 -DSTM32F411RETx -c -I../Inc -I"C:/harman/STM32Cube/20250629_FND_TIM_Interruft/Src/driver/FND" -I"C:/harman/STM32Cube/20250629_FND_TIM_Interruft/Src/driver/button" -I"C:/harman/STM32Cube/20250629_FND_TIM_Interruft/Src/driver/GPIO" -I"C:/harman/STM32Cube/20250629_FND_TIM_Interruft/Src/driver/LedBar" -I"C:/harman/STM32Cube/20250629_FND_TIM_Interruft/Src/driver/SystemClock" -I"C:/harman/STM32Cube/20250629_FND_TIM_Interruft/Src/AP" -I"C:/harman/STM32Cube/20250629_FND_TIM_Interruft/Src/driver/TIM" -I"C:/harman/STM32Cube/20250629_FND_TIM_Interruft/Src/driver/TICK" -O0 -ffunction-sections -fdata-sections -Wall -fstack-usage -fcyclomatic-complexity -MMD -MP -MF"Src/main.d" -MT"Src/main.o" --specs=nano.specs -mfpu=fpv4-sp-d16 -mfloat-abi=hard -mthumb -o "Src/main.o"
../Src/main.c: In function 'main':
../Src/main.c:23:5: warning: implicit declaration of function 'ap_init' [-Wimplicit-function-declaration]
   23 |     ap_init();
      |     ^~~~~~~
../Src/main.c:24:5: warning: implicit declaration of function 'ap_main'; did you mean 'main'? [-Wimplicit-function-declaration]
   24 |     ap_main();
      |     ^~~~~~~
      |     main
arm-none-eabi-gcc -o "20250629_FND_TIM_Interruft.elf" @"objects.list"   -mcpu=cortex-m4 -T"C:\harman\STM32Cube\20250629_FND_TIM_Interruft\STM32F411RETX_FLASH.ld" --specs=nosys.specs -Wl,-Map="20250629_FND_TIM_Interruft.map" -Wl,--gc-sections -static --specs=nano.specs -mfpu=fpv4-sp-d16 -mfloat-abi=hard -mthumb -Wl,--start-group -lc -lm -Wl,--end-group
Finished building target: 20250629_FND_TIM_Interruft.elf
 
arm-none-eabi-size  20250629_FND_TIM_Interruft.elf 
arm-none-eabi-objdump -h -S 20250629_FND_TIM_Interruft.elf  > "20250629_FND_TIM_Interruft.list"
   text	   data	    bss	    dec	    hex	filename
   2840	    160	   1616	   4616	   1208	20250629_FND_TIM_Interruft.elf
Finished building: default.size.stdout
 
Finished building: 20250629_FND_TIM_Interruft.list
 
15:32:31 **** Incremental Build of configuration Debug for project 20250530_OV7670 ****
make -j16 all 
arm-none-eabi-size  20250530_OV7670.elf 
   text	   data	    bss	    dec	    hex	filename
  11916	     16	   1664	  13596	   351c	20250530_OV7670.elf
Finished building: default.size.stdout
 
15:32:31 **** Incremental Build of configuration Debug for project 20250618_LED_Blink ****
make -j16 all 
arm-none-eabi-size  20250618_LED_Blink.elf 
   text	   data	    bss	    dec	    hex	filename
   6004	     12	   1572	   7588	   1da4	20250618_LED_Blink.elf
Finished building: default.size.stdout
 
15:32:31 **** Incremental Build of configuration Debug for project 20250619_CounterShowOnSEG ****
make -j16 all 
arm-none-eabi-size  20250619_CounterShowOnSEG.elf 
   text	   data	    bss	    dec	    hex	filename
   2208	     96	   1608	   3912	    f48	20250619_CounterShowOnSEG.elf
Finished building: default.size.stdout
 
15:32:32 **** Incremental Build of configuration Debug for project 20250619_LedBar ****
make -j16 all 
arm-none-eabi-size  20250619_LedBar.elf 
   text	   data	    bss	    dec	    hex	filename
   1592	     64	   1600	   3256	    cb8	20250619_LedBar.elf
Finished building: default.size.stdout
 
15:32:32 **** Incremental Build of configuration Debug for project 20250629_FND_TIM_Interruft ****
make -j16 all 
arm-none-eabi-gcc "../Src/AP/AP_main.c" -mcpu=cortex-m4 -std=gnu11 -g3 -DDEBUG -DSTM32F411xE -DSTM32 -DSTM32F4 -DSTM32F411RETx -c -I../Inc -I"C:/harman/STM32Cube/20250629_FND_TIM_Interruft/Src/driver/FND" -I"C:/harman/STM32Cube/20250629_FND_TIM_Interruft/Src/driver/button" -I"C:/harman/STM32Cube/20250629_FND_TIM_Interruft/Src/driver/GPIO" -I"C:/harman/STM32Cube/20250629_FND_TIM_Interruft/Src/driver/LedBar" -I"C:/harman/STM32Cube/20250629_FND_TIM_Interruft/Src/driver/SystemClock" -I"C:/harman/STM32Cube/20250629_FND_TIM_Interruft/Src/AP" -I"C:/harman/STM32Cube/20250629_FND_TIM_Interruft/Src/driver/TIM" -I"C:/harman/STM32Cube/20250629_FND_TIM_Interruft/Src/driver/TICK" -O0 -ffunction-sections -fdata-sections -Wall -fstack-usage -fcyclomatic-complexity -MMD -MP -MF"Src/AP/AP_main.d" -MT"Src/AP/AP_main.o" --specs=nano.specs -mfpu=fpv4-sp-d16 -mfloat-abi=hard -mthumb -o "Src/AP/AP_main.o"
../Src/AP/AP_main.c: In function 'ap_main':
../Src/AP/AP_main.c:31:5: error: expected '=', ',', ';', 'asm' or '__attribute__' before 'while'
   31 |     while (1) {
      |     ^~~~~
../Src/AP/AP_main.c:32:24: error: 'prevCounterTime' undeclared (first use in this function)
   32 |         if(getTick() - prevCounterTime)
      |                        ^~~~~~~~~~~~~~~
../Src/AP/AP_main.c:32:24: note: each undeclared identifier is reported only once for each function it appears in
../Src/AP/AP_main.c:29:9: warning: unused variable 'led_state' [-Wunused-variable]
   29 |     int led_state = OFF;
      |         ^~~~~~~~~
../Src/AP/AP_main.c:27:13: warning: unused variable 'data' [-Wunused-variable]
   27 |     uint8_t data = 1;
      |             ^~~~
make: *** [Src/AP/subdir.mk:19: Src/AP/AP_main.o] Error 1
"make -j16 all" terminated with exit code 2. Build might be incomplete.
15:32:44 **** Incremental Build of configuration Debug for project 20250530_OV7670 ****
make -j16 all 
arm-none-eabi-size  20250530_OV7670.elf 
   text	   data	    bss	    dec	    hex	filename
  11916	     16	   1664	  13596	   351c	20250530_OV7670.elf
Finished building: default.size.stdout
 
15:32:44 **** Incremental Build of configuration Debug for project 20250618_LED_Blink ****
make -j16 all 
arm-none-eabi-size  20250618_LED_Blink.elf 
   text	   data	    bss	    dec	    hex	filename
   6004	     12	   1572	   7588	   1da4	20250618_LED_Blink.elf
Finished building: default.size.stdout
 
15:32:44 **** Incremental Build of configuration Debug for project 20250619_CounterShowOnSEG ****
make -j16 all 
arm-none-eabi-size  20250619_CounterShowOnSEG.elf 
   text	   data	    bss	    dec	    hex	filename
   2208	     96	   1608	   3912	    f48	20250619_CounterShowOnSEG.elf
Finished building: default.size.stdout
 
15:32:44 **** Incremental Build of configuration Debug for project 20250619_LedBar ****
make -j16 all 
arm-none-eabi-size  20250619_LedBar.elf 
   text	   data	    bss	    dec	    hex	filename
   1592	     64	   1600	   3256	    cb8	20250619_LedBar.elf
Finished building: default.size.stdout
 
15:32:45 **** Incremental Build of configuration Debug for project 20250629_FND_TIM_Interruft ****
make -j16 all 
arm-none-eabi-gcc "../Src/AP/AP_main.c" -mcpu=cortex-m4 -std=gnu11 -g3 -DDEBUG -DSTM32F411xE -DSTM32 -DSTM32F4 -DSTM32F411RETx -c -I../Inc -I"C:/harman/STM32Cube/20250629_FND_TIM_Interruft/Src/driver/FND" -I"C:/harman/STM32Cube/20250629_FND_TIM_Interruft/Src/driver/button" -I"C:/harman/STM32Cube/20250629_FND_TIM_Interruft/Src/driver/GPIO" -I"C:/harman/STM32Cube/20250629_FND_TIM_Interruft/Src/driver/LedBar" -I"C:/harman/STM32Cube/20250629_FND_TIM_Interruft/Src/driver/SystemClock" -I"C:/harman/STM32Cube/20250629_FND_TIM_Interruft/Src/AP" -I"C:/harman/STM32Cube/20250629_FND_TIM_Interruft/Src/driver/TIM" -I"C:/harman/STM32Cube/20250629_FND_TIM_Interruft/Src/driver/TICK" -O0 -ffunction-sections -fdata-sections -Wall -fstack-usage -fcyclomatic-complexity -MMD -MP -MF"Src/AP/AP_main.d" -MT"Src/AP/AP_main.o" --specs=nano.specs -mfpu=fpv4-sp-d16 -mfloat-abi=hard -mthumb -o "Src/AP/AP_main.o"
../Src/AP/AP_main.c: In function 'ap_main':
../Src/AP/AP_main.c:29:9: warning: unused variable 'led_state' [-Wunused-variable]
   29 |     int led_state = OFF;
      |         ^~~~~~~~~
../Src/AP/AP_main.c:27:13: warning: unused variable 'data' [-Wunused-variable]
   27 |     uint8_t data = 1;
      |             ^~~~
arm-none-eabi-gcc -o "20250629_FND_TIM_Interruft.elf" @"objects.list"   -mcpu=cortex-m4 -T"C:\harman\STM32Cube\20250629_FND_TIM_Interruft\STM32F411RETX_FLASH.ld" --specs=nosys.specs -Wl,-Map="20250629_FND_TIM_Interruft.map" -Wl,--gc-sections -static --specs=nano.specs -mfpu=fpv4-sp-d16 -mfloat-abi=hard -mthumb -Wl,--start-group -lc -lm -Wl,--end-group
Finished building target: 20250629_FND_TIM_Interruft.elf
 
arm-none-eabi-size  20250629_FND_TIM_Interruft.elf 
arm-none-eabi-objdump -h -S 20250629_FND_TIM_Interruft.elf  > "20250629_FND_TIM_Interruft.list"
   text	   data	    bss	    dec	    hex	filename
   2336	    160	   1616	   4112	   1010	20250629_FND_TIM_Interruft.elf
Finished building: default.size.stdout
 
Finished building: 20250629_FND_TIM_Interruft.list
 
15:32:56 **** Incremental Build of configuration Debug for project 20250530_OV7670 ****
make -j16 all 
arm-none-eabi-size  20250530_OV7670.elf 
   text	   data	    bss	    dec	    hex	filename
  11916	     16	   1664	  13596	   351c	20250530_OV7670.elf
Finished building: default.size.stdout
 
15:32:57 **** Incremental Build of configuration Debug for project 20250618_LED_Blink ****
make -j16 all 
arm-none-eabi-size  20250618_LED_Blink.elf 
   text	   data	    bss	    dec	    hex	filename
   6004	     12	   1572	   7588	   1da4	20250618_LED_Blink.elf
Finished building: default.size.stdout
 
15:32:57 **** Incremental Build of configuration Debug for project 20250619_CounterShowOnSEG ****
make -j16 all 
arm-none-eabi-size  20250619_CounterShowOnSEG.elf 
   text	   data	    bss	    dec	    hex	filename
   2208	     96	   1608	   3912	    f48	20250619_CounterShowOnSEG.elf
Finished building: default.size.stdout
 
15:32:57 **** Incremental Build of configuration Debug for project 20250619_LedBar ****
make -j16 all 
arm-none-eabi-size  20250619_LedBar.elf 
   text	   data	    bss	    dec	    hex	filename
   1592	     64	   1600	   3256	    cb8	20250619_LedBar.elf
Finished building: default.size.stdout
 
15:32:57 **** Incremental Build of configuration Debug for project 20250629_FND_TIM_Interruft ****
make -j16 all 
arm-none-eabi-gcc "../Src/AP/AP_main.c" -mcpu=cortex-m4 -std=gnu11 -g3 -DDEBUG -DSTM32F411xE -DSTM32 -DSTM32F4 -DSTM32F411RETx -c -I../Inc -I"C:/harman/STM32Cube/20250629_FND_TIM_Interruft/Src/driver/FND" -I"C:/harman/STM32Cube/20250629_FND_TIM_Interruft/Src/driver/button" -I"C:/harman/STM32Cube/20250629_FND_TIM_Interruft/Src/driver/GPIO" -I"C:/harman/STM32Cube/20250629_FND_TIM_Interruft/Src/driver/LedBar" -I"C:/harman/STM32Cube/20250629_FND_TIM_Interruft/Src/driver/SystemClock" -I"C:/harman/STM32Cube/20250629_FND_TIM_Interruft/Src/AP" -I"C:/harman/STM32Cube/20250629_FND_TIM_Interruft/Src/driver/TIM" -I"C:/harman/STM32Cube/20250629_FND_TIM_Interruft/Src/driver/TICK" -O0 -ffunction-sections -fdata-sections -Wall -fstack-usage -fcyclomatic-complexity -MMD -MP -MF"Src/AP/AP_main.d" -MT"Src/AP/AP_main.o" --specs=nano.specs -mfpu=fpv4-sp-d16 -mfloat-abi=hard -mthumb -o "Src/AP/AP_main.o"
../Src/AP/AP_main.c: In function 'ap_main':
../Src/AP/AP_main.c:27:9: error: unknown type name 'prevCounterTime'
   27 |         prevCounterTime    uint16_t counter = 0;
      |         ^~~~~~~~~~~~~~~
../Src/AP/AP_main.c:27:37: error: expected '=', ',', ';', 'asm' or '__attribute__' before 'counter'
   27 |         prevCounterTime    uint16_t counter = 0;
      |                                     ^~~~~~~
../Src/AP/AP_main.c:31:31: error: 'counter' undeclared (first use in this function)
   31 |                 FND_WtireData(counter++);
      |                               ^~~~~~~
../Src/AP/AP_main.c:31:31: note: each undeclared identifier is reported only once for each function it appears in
make: *** [Src/AP/subdir.mk:19: Src/AP/AP_main.o] Error 1
"make -j16 all" terminated with exit code 2. Build might be incomplete.
15:32:59 **** Incremental Build of configuration Debug for project 20250530_OV7670 ****
make -j16 all 
arm-none-eabi-size  20250530_OV7670.elf 
   text	   data	    bss	    dec	    hex	filename
  11916	     16	   1664	  13596	   351c	20250530_OV7670.elf
Finished building: default.size.stdout
 
15:32:59 **** Incremental Build of configuration Debug for project 20250618_LED_Blink ****
make -j16 all 
arm-none-eabi-size  20250618_LED_Blink.elf 
   text	   data	    bss	    dec	    hex	filename
   6004	     12	   1572	   7588	   1da4	20250618_LED_Blink.elf
Finished building: default.size.stdout
 
15:32:59 **** Incremental Build of configuration Debug for project 20250619_CounterShowOnSEG ****
make -j16 all 
arm-none-eabi-size  20250619_CounterShowOnSEG.elf 
   text	   data	    bss	    dec	    hex	filename
   2208	     96	   1608	   3912	    f48	20250619_CounterShowOnSEG.elf
Finished building: default.size.stdout
 
15:32:59 **** Incremental Build of configuration Debug for project 20250619_LedBar ****
make -j16 all 
arm-none-eabi-size  20250619_LedBar.elf 
   text	   data	    bss	    dec	    hex	filename
   1592	     64	   1600	   3256	    cb8	20250619_LedBar.elf
Finished building: default.size.stdout
 
15:32:59 **** Incremental Build of configuration Debug for project 20250629_FND_TIM_Interruft ****
make -j16 all 
arm-none-eabi-gcc "../Src/AP/AP_main.c" -mcpu=cortex-m4 -std=gnu11 -g3 -DDEBUG -DSTM32F411xE -DSTM32 -DSTM32F4 -DSTM32F411RETx -c -I../Inc -I"C:/harman/STM32Cube/20250629_FND_TIM_Interruft/Src/driver/FND" -I"C:/harman/STM32Cube/20250629_FND_TIM_Interruft/Src/driver/button" -I"C:/harman/STM32Cube/20250629_FND_TIM_Interruft/Src/driver/GPIO" -I"C:/harman/STM32Cube/20250629_FND_TIM_Interruft/Src/driver/LedBar" -I"C:/harman/STM32Cube/20250629_FND_TIM_Interruft/Src/driver/SystemClock" -I"C:/harman/STM32Cube/20250629_FND_TIM_Interruft/Src/AP" -I"C:/harman/STM32Cube/20250629_FND_TIM_Interruft/Src/driver/TIM" -I"C:/harman/STM32Cube/20250629_FND_TIM_Interruft/Src/driver/TICK" -O0 -ffunction-sections -fdata-sections -Wall -fstack-usage -fcyclomatic-complexity -MMD -MP -MF"Src/AP/AP_main.d" -MT"Src/AP/AP_main.o" --specs=nano.specs -mfpu=fpv4-sp-d16 -mfloat-abi=hard -mthumb -o "Src/AP/AP_main.o"
arm-none-eabi-gcc -o "20250629_FND_TIM_Interruft.elf" @"objects.list"   -mcpu=cortex-m4 -T"C:\harman\STM32Cube\20250629_FND_TIM_Interruft\STM32F411RETX_FLASH.ld" --specs=nosys.specs -Wl,-Map="20250629_FND_TIM_Interruft.map" -Wl,--gc-sections -static --specs=nano.specs -mfpu=fpv4-sp-d16 -mfloat-abi=hard -mthumb -Wl,--start-group -lc -lm -Wl,--end-group
Finished building target: 20250629_FND_TIM_Interruft.elf
 
arm-none-eabi-size  20250629_FND_TIM_Interruft.elf 
arm-none-eabi-objdump -h -S 20250629_FND_TIM_Interruft.elf  > "20250629_FND_TIM_Interruft.list"
   text	   data	    bss	    dec	    hex	filename
   2328	    160	   1616	   4104	   1008	20250629_FND_TIM_Interruft.elf
Finished building: default.size.stdout
 
Finished building: 20250629_FND_TIM_Interruft.list
 
15:33:12 **** Incremental Build of configuration Debug for project 20250530_OV7670 ****
make -j16 all 
arm-none-eabi-size  20250530_OV7670.elf 
   text	   data	    bss	    dec	    hex	filename
  11916	     16	   1664	  13596	   351c	20250530_OV7670.elf
Finished building: default.size.stdout
 
15:33:12 **** Incremental Build of configuration Debug for project 20250618_LED_Blink ****
make -j16 all 
arm-none-eabi-size  20250618_LED_Blink.elf 
   text	   data	    bss	    dec	    hex	filename
   6004	     12	   1572	   7588	   1da4	20250618_LED_Blink.elf
Finished building: default.size.stdout
 
15:33:12 **** Incremental Build of configuration Debug for project 20250619_CounterShowOnSEG ****
make -j16 all 
arm-none-eabi-size  20250619_CounterShowOnSEG.elf 
   text	   data	    bss	    dec	    hex	filename
   2208	     96	   1608	   3912	    f48	20250619_CounterShowOnSEG.elf
Finished building: default.size.stdout
 
15:33:13 **** Incremental Build of configuration Debug for project 20250619_LedBar ****
make -j16 all 
arm-none-eabi-size  20250619_LedBar.elf 
   text	   data	    bss	    dec	    hex	filename
   1592	     64	   1600	   3256	    cb8	20250619_LedBar.elf
Finished building: default.size.stdout
 
15:33:13 **** Incremental Build of configuration Debug for project 20250629_FND_TIM_Interruft ****
make -j16 all 
arm-none-eabi-gcc "../Src/AP/AP_main.c" -mcpu=cortex-m4 -std=gnu11 -g3 -DDEBUG -DSTM32F411xE -DSTM32 -DSTM32F4 -DSTM32F411RETx -c -I../Inc -I"C:/harman/STM32Cube/20250629_FND_TIM_Interruft/Src/driver/FND" -I"C:/harman/STM32Cube/20250629_FND_TIM_Interruft/Src/driver/button" -I"C:/harman/STM32Cube/20250629_FND_TIM_Interruft/Src/driver/GPIO" -I"C:/harman/STM32Cube/20250629_FND_TIM_Interruft/Src/driver/LedBar" -I"C:/harman/STM32Cube/20250629_FND_TIM_Interruft/Src/driver/SystemClock" -I"C:/harman/STM32Cube/20250629_FND_TIM_Interruft/Src/AP" -I"C:/harman/STM32Cube/20250629_FND_TIM_Interruft/Src/driver/TIM" -I"C:/harman/STM32Cube/20250629_FND_TIM_Interruft/Src/driver/TICK" -O0 -ffunction-sections -fdata-sections -Wall -fstack-usage -fcyclomatic-complexity -MMD -MP -MF"Src/AP/AP_main.d" -MT"Src/AP/AP_main.o" --specs=nano.specs -mfpu=fpv4-sp-d16 -mfloat-abi=hard -mthumb -o "Src/AP/AP_main.o"
arm-none-eabi-gcc -o "20250629_FND_TIM_Interruft.elf" @"objects.list"   -mcpu=cortex-m4 -T"C:\harman\STM32Cube\20250629_FND_TIM_Interruft\STM32F411RETX_FLASH.ld" --specs=nosys.specs -Wl,-Map="20250629_FND_TIM_Interruft.map" -Wl,--gc-sections -static --specs=nano.specs -mfpu=fpv4-sp-d16 -mfloat-abi=hard -mthumb -Wl,--start-group -lc -lm -Wl,--end-group
Finished building target: 20250629_FND_TIM_Interruft.elf
 
arm-none-eabi-size  20250629_FND_TIM_Interruft.elf 
arm-none-eabi-objdump -h -S 20250629_FND_TIM_Interruft.elf  > "20250629_FND_TIM_Interruft.list"
   text	   data	    bss	    dec	    hex	filename
   2332	    160	   1616	   4108	   100c	20250629_FND_TIM_Interruft.elf
Finished building: default.size.stdout
 
Finished building: 20250629_FND_TIM_Interruft.list
 
15:33:29 **** Incremental Build of configuration Debug for project 20250629_FND_TIM_Interruft ****
make -j16 all 
arm-none-eabi-size  20250629_FND_TIM_Interruft.elf 
   text	   data	    bss	    dec	    hex	filename
   2332	    160	   1616	   4108	   100c	20250629_FND_TIM_Interruft.elf
Finished building: default.size.stdout
 
15:33:35 **** Incremental Build of configuration Debug for project 20250629_FND_TIM_Interruft ****
make -j16 all 
arm-none-eabi-size  20250629_FND_TIM_Interruft.elf 
   text	   data	    bss	    dec	    hex	filename
   2332	    160	   1616	   4108	   100c	20250629_FND_TIM_Interruft.elf
Finished building: default.size.stdout
 
15:34:03 **** Incremental Build of configuration Debug for project 20250629_FND_TIM_Interruft ****
make -j16 all 
arm-none-eabi-gcc "../Src/AP/AP_main.c" -mcpu=cortex-m4 -std=gnu11 -g3 -DDEBUG -DSTM32F411xE -DSTM32 -DSTM32F4 -DSTM32F411RETx -c -I../Inc -I"C:/harman/STM32Cube/20250629_FND_TIM_Interruft/Src/driver/FND" -I"C:/harman/STM32Cube/20250629_FND_TIM_Interruft/Src/driver/button" -I"C:/harman/STM32Cube/20250629_FND_TIM_Interruft/Src/driver/GPIO" -I"C:/harman/STM32Cube/20250629_FND_TIM_Interruft/Src/driver/LedBar" -I"C:/harman/STM32Cube/20250629_FND_TIM_Interruft/Src/driver/SystemClock" -I"C:/harman/STM32Cube/20250629_FND_TIM_Interruft/Src/AP" -I"C:/harman/STM32Cube/20250629_FND_TIM_Interruft/Src/driver/TIM" -I"C:/harman/STM32Cube/20250629_FND_TIM_Interruft/Src/driver/TICK" -O0 -ffunction-sections -fdata-sections -Wall -fstack-usage -fcyclomatic-complexity -MMD -MP -MF"Src/AP/AP_main.d" -MT"Src/AP/AP_main.o" --specs=nano.specs -mfpu=fpv4-sp-d16 -mfloat-abi=hard -mthumb -o "Src/AP/AP_main.o"
arm-none-eabi-gcc -o "20250629_FND_TIM_Interruft.elf" @"objects.list"   -mcpu=cortex-m4 -T"C:\harman\STM32Cube\20250629_FND_TIM_Interruft\STM32F411RETX_FLASH.ld" --specs=nosys.specs -Wl,-Map="20250629_FND_TIM_Interruft.map" -Wl,--gc-sections -static --specs=nano.specs -mfpu=fpv4-sp-d16 -mfloat-abi=hard -mthumb -Wl,--start-group -lc -lm -Wl,--end-group
Finished building target: 20250629_FND_TIM_Interruft.elf
 
arm-none-eabi-size  20250629_FND_TIM_Interruft.elf 
arm-none-eabi-objdump -h -S 20250629_FND_TIM_Interruft.elf  > "20250629_FND_TIM_Interruft.list"
   text	   data	    bss	    dec	    hex	filename
   2332	    160	   1616	   4108	   100c	20250629_FND_TIM_Interruft.elf
Finished building: default.size.stdout
 
Finished building: 20250629_FND_TIM_Interruft.list
 
15:34:14 **** Incremental Build of configuration Debug for project 20250629_FND_TIM_Interruft ****
make -j16 all 
arm-none-eabi-gcc "../Src/AP/AP_main.c" -mcpu=cortex-m4 -std=gnu11 -g3 -DDEBUG -DSTM32F411xE -DSTM32 -DSTM32F4 -DSTM32F411RETx -c -I../Inc -I"C:/harman/STM32Cube/20250629_FND_TIM_Interruft/Src/driver/FND" -I"C:/harman/STM32Cube/20250629_FND_TIM_Interruft/Src/driver/button" -I"C:/harman/STM32Cube/20250629_FND_TIM_Interruft/Src/driver/GPIO" -I"C:/harman/STM32Cube/20250629_FND_TIM_Interruft/Src/driver/LedBar" -I"C:/harman/STM32Cube/20250629_FND_TIM_Interruft/Src/driver/SystemClock" -I"C:/harman/STM32Cube/20250629_FND_TIM_Interruft/Src/AP" -I"C:/harman/STM32Cube/20250629_FND_TIM_Interruft/Src/driver/TIM" -I"C:/harman/STM32Cube/20250629_FND_TIM_Interruft/Src/driver/TICK" -O0 -ffunction-sections -fdata-sections -Wall -fstack-usage -fcyclomatic-complexity -MMD -MP -MF"Src/AP/AP_main.d" -MT"Src/AP/AP_main.o" --specs=nano.specs -mfpu=fpv4-sp-d16 -mfloat-abi=hard -mthumb -o "Src/AP/AP_main.o"
arm-none-eabi-gcc -o "20250629_FND_TIM_Interruft.elf" @"objects.list"   -mcpu=cortex-m4 -T"C:\harman\STM32Cube\20250629_FND_TIM_Interruft\STM32F411RETX_FLASH.ld" --specs=nosys.specs -Wl,-Map="20250629_FND_TIM_Interruft.map" -Wl,--gc-sections -static --specs=nano.specs -mfpu=fpv4-sp-d16 -mfloat-abi=hard -mthumb -Wl,--start-group -lc -lm -Wl,--end-group
Finished building target: 20250629_FND_TIM_Interruft.elf
 
arm-none-eabi-size  20250629_FND_TIM_Interruft.elf 
arm-none-eabi-objdump -h -S 20250629_FND_TIM_Interruft.elf  > "20250629_FND_TIM_Interruft.list"
   text	   data	    bss	    dec	    hex	filename
   2332	    160	   1616	   4108	   100c	20250629_FND_TIM_Interruft.elf
Finished building: default.size.stdout
 
Finished building: 20250629_FND_TIM_Interruft.list
 
15:35:16 **** Incremental Build of configuration Debug for project 20250629_FND_TIM_Interruft ****
make -j16 all 
arm-none-eabi-gcc "../Src/AP/AP_main.c" -mcpu=cortex-m4 -std=gnu11 -g3 -DDEBUG -DSTM32F411xE -DSTM32 -DSTM32F4 -DSTM32F411RETx -c -I../Inc -I"C:/harman/STM32Cube/20250629_FND_TIM_Interruft/Src/driver/FND" -I"C:/harman/STM32Cube/20250629_FND_TIM_Interruft/Src/driver/button" -I"C:/harman/STM32Cube/20250629_FND_TIM_Interruft/Src/driver/GPIO" -I"C:/harman/STM32Cube/20250629_FND_TIM_Interruft/Src/driver/LedBar" -I"C:/harman/STM32Cube/20250629_FND_TIM_Interruft/Src/driver/SystemClock" -I"C:/harman/STM32Cube/20250629_FND_TIM_Interruft/Src/AP" -I"C:/harman/STM32Cube/20250629_FND_TIM_Interruft/Src/driver/TIM" -I"C:/harman/STM32Cube/20250629_FND_TIM_Interruft/Src/driver/TICK" -O0 -ffunction-sections -fdata-sections -Wall -fstack-usage -fcyclomatic-complexity -MMD -MP -MF"Src/AP/AP_main.d" -MT"Src/AP/AP_main.o" --specs=nano.specs -mfpu=fpv4-sp-d16 -mfloat-abi=hard -mthumb -o "Src/AP/AP_main.o"
arm-none-eabi-gcc -o "20250629_FND_TIM_Interruft.elf" @"objects.list"   -mcpu=cortex-m4 -T"C:\harman\STM32Cube\20250629_FND_TIM_Interruft\STM32F411RETX_FLASH.ld" --specs=nosys.specs -Wl,-Map="20250629_FND_TIM_Interruft.map" -Wl,--gc-sections -static --specs=nano.specs -mfpu=fpv4-sp-d16 -mfloat-abi=hard -mthumb -Wl,--start-group -lc -lm -Wl,--end-group
Finished building target: 20250629_FND_TIM_Interruft.elf
 
arm-none-eabi-size  20250629_FND_TIM_Interruft.elf 
arm-none-eabi-objdump -h -S 20250629_FND_TIM_Interruft.elf  > "20250629_FND_TIM_Interruft.list"
   text	   data	    bss	    dec	    hex	filename
   2332	    160	   1616	   4108	   100c	20250629_FND_TIM_Interruft.elf
Finished building: default.size.stdout
 
Finished building: 20250629_FND_TIM_Interruft.list
 
15:36:36 **** Incremental Build of configuration Debug for project 20250629_FND_TIM_Interruft ****
make -j16 all 
arm-none-eabi-gcc "../Src/driver/TICK/sys_tick.c" -mcpu=cortex-m4 -std=gnu11 -g3 -DDEBUG -DSTM32F411xE -DSTM32 -DSTM32F4 -DSTM32F411RETx -c -I../Inc -I"C:/harman/STM32Cube/20250629_FND_TIM_Interruft/Src/driver/FND" -I"C:/harman/STM32Cube/20250629_FND_TIM_Interruft/Src/driver/button" -I"C:/harman/STM32Cube/20250629_FND_TIM_Interruft/Src/driver/GPIO" -I"C:/harman/STM32Cube/20250629_FND_TIM_Interruft/Src/driver/LedBar" -I"C:/harman/STM32Cube/20250629_FND_TIM_Interruft/Src/driver/SystemClock" -I"C:/harman/STM32Cube/20250629_FND_TIM_Interruft/Src/AP" -I"C:/harman/STM32Cube/20250629_FND_TIM_Interruft/Src/driver/TIM" -I"C:/harman/STM32Cube/20250629_FND_TIM_Interruft/Src/driver/TICK" -O0 -ffunction-sections -fdata-sections -Wall -fstack-usage -fcyclomatic-complexity -MMD -MP -MF"Src/driver/TICK/sys_tick.d" -MT"Src/driver/TICK/sys_tick.o" --specs=nano.specs -mfpu=fpv4-sp-d16 -mfloat-abi=hard -mthumb -o "Src/driver/TICK/sys_tick.o"
arm-none-eabi-gcc "../Src/AP/AP_main.c" -mcpu=cortex-m4 -std=gnu11 -g3 -DDEBUG -DSTM32F411xE -DSTM32 -DSTM32F4 -DSTM32F411RETx -c -I../Inc -I"C:/harman/STM32Cube/20250629_FND_TIM_Interruft/Src/driver/FND" -I"C:/harman/STM32Cube/20250629_FND_TIM_Interruft/Src/driver/button" -I"C:/harman/STM32Cube/20250629_FND_TIM_Interruft/Src/driver/GPIO" -I"C:/harman/STM32Cube/20250629_FND_TIM_Interruft/Src/driver/LedBar" -I"C:/harman/STM32Cube/20250629_FND_TIM_Interruft/Src/driver/SystemClock" -I"C:/harman/STM32Cube/20250629_FND_TIM_Interruft/Src/AP" -I"C:/harman/STM32Cube/20250629_FND_TIM_Interruft/Src/driver/TIM" -I"C:/harman/STM32Cube/20250629_FND_TIM_Interruft/Src/driver/TICK" -O0 -ffunction-sections -fdata-sections -Wall -fstack-usage -fcyclomatic-complexity -MMD -MP -MF"Src/AP/AP_main.d" -MT"Src/AP/AP_main.o" --specs=nano.specs -mfpu=fpv4-sp-d16 -mfloat-abi=hard -mthumb -o "Src/AP/AP_main.o"
arm-none-eabi-gcc -o "20250629_FND_TIM_Interruft.elf" @"objects.list"   -mcpu=cortex-m4 -T"C:\harman\STM32Cube\20250629_FND_TIM_Interruft\STM32F411RETX_FLASH.ld" --specs=nosys.specs -Wl,-Map="20250629_FND_TIM_Interruft.map" -Wl,--gc-sections -static --specs=nano.specs -mfpu=fpv4-sp-d16 -mfloat-abi=hard -mthumb -Wl,--start-group -lc -lm -Wl,--end-group
Finished building target: 20250629_FND_TIM_Interruft.elf
 
arm-none-eabi-size  20250629_FND_TIM_Interruft.elf 
arm-none-eabi-objdump -h -S 20250629_FND_TIM_Interruft.elf  > "20250629_FND_TIM_Interruft.list"
   text	   data	    bss	    dec	    hex	filename
   2332	    160	   1616	   4108	   100c	20250629_FND_TIM_Interruft.elf
Finished building: default.size.stdout
 
Finished building: 20250629_FND_TIM_Interruft.list
 
15:37:00 **** Incremental Build of configuration Debug for project 20250629_FND_TIM_Interruft ****
make -j16 all 
arm-none-eabi-gcc "../Src/driver/TICK/sys_tick.c" -mcpu=cortex-m4 -std=gnu11 -g3 -DDEBUG -DSTM32F411xE -DSTM32 -DSTM32F4 -DSTM32F411RETx -c -I../Inc -I"C:/harman/STM32Cube/20250629_FND_TIM_Interruft/Src/driver/FND" -I"C:/harman/STM32Cube/20250629_FND_TIM_Interruft/Src/driver/button" -I"C:/harman/STM32Cube/20250629_FND_TIM_Interruft/Src/driver/GPIO" -I"C:/harman/STM32Cube/20250629_FND_TIM_Interruft/Src/driver/LedBar" -I"C:/harman/STM32Cube/20250629_FND_TIM_Interruft/Src/driver/SystemClock" -I"C:/harman/STM32Cube/20250629_FND_TIM_Interruft/Src/AP" -I"C:/harman/STM32Cube/20250629_FND_TIM_Interruft/Src/driver/TIM" -I"C:/harman/STM32Cube/20250629_FND_TIM_Interruft/Src/driver/TICK" -O0 -ffunction-sections -fdata-sections -Wall -fstack-usage -fcyclomatic-complexity -MMD -MP -MF"Src/driver/TICK/sys_tick.d" -MT"Src/driver/TICK/sys_tick.o" --specs=nano.specs -mfpu=fpv4-sp-d16 -mfloat-abi=hard -mthumb -o "Src/driver/TICK/sys_tick.o"
arm-none-eabi-gcc "../Src/AP/AP_main.c" -mcpu=cortex-m4 -std=gnu11 -g3 -DDEBUG -DSTM32F411xE -DSTM32 -DSTM32F4 -DSTM32F411RETx -c -I../Inc -I"C:/harman/STM32Cube/20250629_FND_TIM_Interruft/Src/driver/FND" -I"C:/harman/STM32Cube/20250629_FND_TIM_Interruft/Src/driver/button" -I"C:/harman/STM32Cube/20250629_FND_TIM_Interruft/Src/driver/GPIO" -I"C:/harman/STM32Cube/20250629_FND_TIM_Interruft/Src/driver/LedBar" -I"C:/harman/STM32Cube/20250629_FND_TIM_Interruft/Src/driver/SystemClock" -I"C:/harman/STM32Cube/20250629_FND_TIM_Interruft/Src/AP" -I"C:/harman/STM32Cube/20250629_FND_TIM_Interruft/Src/driver/TIM" -I"C:/harman/STM32Cube/20250629_FND_TIM_Interruft/Src/driver/TICK" -O0 -ffunction-sections -fdata-sections -Wall -fstack-usage -fcyclomatic-complexity -MMD -MP -MF"Src/AP/AP_main.d" -MT"Src/AP/AP_main.o" --specs=nano.specs -mfpu=fpv4-sp-d16 -mfloat-abi=hard -mthumb -o "Src/AP/AP_main.o"
arm-none-eabi-gcc -o "20250629_FND_TIM_Interruft.elf" @"objects.list"   -mcpu=cortex-m4 -T"C:\harman\STM32Cube\20250629_FND_TIM_Interruft\STM32F411RETX_FLASH.ld" --specs=nosys.specs -Wl,-Map="20250629_FND_TIM_Interruft.map" -Wl,--gc-sections -static --specs=nano.specs -mfpu=fpv4-sp-d16 -mfloat-abi=hard -mthumb -Wl,--start-group -lc -lm -Wl,--end-group
Finished building target: 20250629_FND_TIM_Interruft.elf
 
arm-none-eabi-size  20250629_FND_TIM_Interruft.elf 
arm-none-eabi-objdump -h -S 20250629_FND_TIM_Interruft.elf  > "20250629_FND_TIM_Interruft.list"
   text	   data	    bss	    dec	    hex	filename
   2332	    160	   1616	   4108	   100c	20250629_FND_TIM_Interruft.elf
Finished building: default.size.stdout
 
Finished building: 20250629_FND_TIM_Interruft.list
 
15:37:20 **** Incremental Build of configuration Debug for project 20250629_FND_TIM_Interruft ****
make -j16 all 
arm-none-eabi-gcc "../Src/AP/AP_main.c" -mcpu=cortex-m4 -std=gnu11 -g3 -DDEBUG -DSTM32F411xE -DSTM32 -DSTM32F4 -DSTM32F411RETx -c -I../Inc -I"C:/harman/STM32Cube/20250629_FND_TIM_Interruft/Src/driver/FND" -I"C:/harman/STM32Cube/20250629_FND_TIM_Interruft/Src/driver/button" -I"C:/harman/STM32Cube/20250629_FND_TIM_Interruft/Src/driver/GPIO" -I"C:/harman/STM32Cube/20250629_FND_TIM_Interruft/Src/driver/LedBar" -I"C:/harman/STM32Cube/20250629_FND_TIM_Interruft/Src/driver/SystemClock" -I"C:/harman/STM32Cube/20250629_FND_TIM_Interruft/Src/AP" -I"C:/harman/STM32Cube/20250629_FND_TIM_Interruft/Src/driver/TIM" -I"C:/harman/STM32Cube/20250629_FND_TIM_Interruft/Src/driver/TICK" -O0 -ffunction-sections -fdata-sections -Wall -fstack-usage -fcyclomatic-complexity -MMD -MP -MF"Src/AP/AP_main.d" -MT"Src/AP/AP_main.o" --specs=nano.specs -mfpu=fpv4-sp-d16 -mfloat-abi=hard -mthumb -o "Src/AP/AP_main.o"
arm-none-eabi-gcc -o "20250629_FND_TIM_Interruft.elf" @"objects.list"   -mcpu=cortex-m4 -T"C:\harman\STM32Cube\20250629_FND_TIM_Interruft\STM32F411RETX_FLASH.ld" --specs=nosys.specs -Wl,-Map="20250629_FND_TIM_Interruft.map" -Wl,--gc-sections -static --specs=nano.specs -mfpu=fpv4-sp-d16 -mfloat-abi=hard -mthumb -Wl,--start-group -lc -lm -Wl,--end-group
Finished building target: 20250629_FND_TIM_Interruft.elf
 
arm-none-eabi-size  20250629_FND_TIM_Interruft.elf 
arm-none-eabi-objdump -h -S 20250629_FND_TIM_Interruft.elf  > "20250629_FND_TIM_Interruft.list"
   text	   data	    bss	    dec	    hex	filename
   2340	    160	   1616	   4116	   1014	20250629_FND_TIM_Interruft.elf
Finished building: default.size.stdout
 
Finished building: 20250629_FND_TIM_Interruft.list
 
15:37:43 **** Incremental Build of configuration Debug for project 20250629_FND_TIM_Interruft ****
make -j16 all 
arm-none-eabi-gcc "../Src/AP/AP_main.c" -mcpu=cortex-m4 -std=gnu11 -g3 -DDEBUG -DSTM32F411xE -DSTM32 -DSTM32F4 -DSTM32F411RETx -c -I../Inc -I"C:/harman/STM32Cube/20250629_FND_TIM_Interruft/Src/driver/FND" -I"C:/harman/STM32Cube/20250629_FND_TIM_Interruft/Src/driver/button" -I"C:/harman/STM32Cube/20250629_FND_TIM_Interruft/Src/driver/GPIO" -I"C:/harman/STM32Cube/20250629_FND_TIM_Interruft/Src/driver/LedBar" -I"C:/harman/STM32Cube/20250629_FND_TIM_Interruft/Src/driver/SystemClock" -I"C:/harman/STM32Cube/20250629_FND_TIM_Interruft/Src/AP" -I"C:/harman/STM32Cube/20250629_FND_TIM_Interruft/Src/driver/TIM" -I"C:/harman/STM32Cube/20250629_FND_TIM_Interruft/Src/driver/TICK" -O0 -ffunction-sections -fdata-sections -Wall -fstack-usage -fcyclomatic-complexity -MMD -MP -MF"Src/AP/AP_main.d" -MT"Src/AP/AP_main.o" --specs=nano.specs -mfpu=fpv4-sp-d16 -mfloat-abi=hard -mthumb -o "Src/AP/AP_main.o"
arm-none-eabi-gcc -o "20250629_FND_TIM_Interruft.elf" @"objects.list"   -mcpu=cortex-m4 -T"C:\harman\STM32Cube\20250629_FND_TIM_Interruft\STM32F411RETX_FLASH.ld" --specs=nosys.specs -Wl,-Map="20250629_FND_TIM_Interruft.map" -Wl,--gc-sections -static --specs=nano.specs -mfpu=fpv4-sp-d16 -mfloat-abi=hard -mthumb -Wl,--start-group -lc -lm -Wl,--end-group
Finished building target: 20250629_FND_TIM_Interruft.elf
 
arm-none-eabi-size  20250629_FND_TIM_Interruft.elf 
arm-none-eabi-objdump -h -S 20250629_FND_TIM_Interruft.elf  > "20250629_FND_TIM_Interruft.list"
   text	   data	    bss	    dec	    hex	filename
   2340	    160	   1616	   4116	   1014	20250629_FND_TIM_Interruft.elf
Finished building: default.size.stdout
 
Finished building: 20250629_FND_TIM_Interruft.list
 
15:39:49 **** Incremental Build of configuration Debug for project 20250629_FND_TIM_Interruft ****
make -j16 all 
arm-none-eabi-gcc "../Src/driver/TICK/sys_tick.c" -mcpu=cortex-m4 -std=gnu11 -g3 -DDEBUG -DSTM32F411xE -DSTM32 -DSTM32F4 -DSTM32F411RETx -c -I../Inc -I"C:/harman/STM32Cube/20250629_FND_TIM_Interruft/Src/driver/FND" -I"C:/harman/STM32Cube/20250629_FND_TIM_Interruft/Src/driver/button" -I"C:/harman/STM32Cube/20250629_FND_TIM_Interruft/Src/driver/GPIO" -I"C:/harman/STM32Cube/20250629_FND_TIM_Interruft/Src/driver/LedBar" -I"C:/harman/STM32Cube/20250629_FND_TIM_Interruft/Src/driver/SystemClock" -I"C:/harman/STM32Cube/20250629_FND_TIM_Interruft/Src/AP" -I"C:/harman/STM32Cube/20250629_FND_TIM_Interruft/Src/driver/TIM" -I"C:/harman/STM32Cube/20250629_FND_TIM_Interruft/Src/driver/TICK" -O0 -ffunction-sections -fdata-sections -Wall -fstack-usage -fcyclomatic-complexity -MMD -MP -MF"Src/driver/TICK/sys_tick.d" -MT"Src/driver/TICK/sys_tick.o" --specs=nano.specs -mfpu=fpv4-sp-d16 -mfloat-abi=hard -mthumb -o "Src/driver/TICK/sys_tick.o"
arm-none-eabi-gcc "../Src/AP/AP_main.c" -mcpu=cortex-m4 -std=gnu11 -g3 -DDEBUG -DSTM32F411xE -DSTM32 -DSTM32F4 -DSTM32F411RETx -c -I../Inc -I"C:/harman/STM32Cube/20250629_FND_TIM_Interruft/Src/driver/FND" -I"C:/harman/STM32Cube/20250629_FND_TIM_Interruft/Src/driver/button" -I"C:/harman/STM32Cube/20250629_FND_TIM_Interruft/Src/driver/GPIO" -I"C:/harman/STM32Cube/20250629_FND_TIM_Interruft/Src/driver/LedBar" -I"C:/harman/STM32Cube/20250629_FND_TIM_Interruft/Src/driver/SystemClock" -I"C:/harman/STM32Cube/20250629_FND_TIM_Interruft/Src/AP" -I"C:/harman/STM32Cube/20250629_FND_TIM_Interruft/Src/driver/TIM" -I"C:/harman/STM32Cube/20250629_FND_TIM_Interruft/Src/driver/TICK" -O0 -ffunction-sections -fdata-sections -Wall -fstack-usage -fcyclomatic-complexity -MMD -MP -MF"Src/AP/AP_main.d" -MT"Src/AP/AP_main.o" --specs=nano.specs -mfpu=fpv4-sp-d16 -mfloat-abi=hard -mthumb -o "Src/AP/AP_main.o"
../Src/driver/TICK/sys_tick.c:12:6: error: conflicting types for 'SysTick_Init'; have 'void(TIM_TypeDef *, uint32_t,  uint32_t)' {aka 'void(TIM_TypeDef *, long unsigned int,  long unsigned int)'}
   12 | void SysTick_Init(TIM_TypeDef* TIMx, uint32_t psd, uint32_t arr){
      |      ^~~~~~~~~~~~
In file included from ../Src/driver/TICK/sys_tick.c:8:
../Src/driver/TICK/sys_tick.h:14:6: note: previous declaration of 'SysTick_Init' with type 'void(TIM_TypeDef *)'
   14 | void SysTick_Init(TIM_TypeDef* TIMx);
      |      ^~~~~~~~~~~~
../Src/driver/TICK/sys_tick.c: In function 'SysTick_Init':
../Src/driver/TICK/sys_tick.c:14:20: error: 'psc' undeclared (first use in this function); did you mean 'psd'?
   14 |    hTcikTIM->PSC = psc;
      |                    ^~~
      |                    psd
../Src/driver/TICK/sys_tick.c:14:20: note: each undeclared identifier is reported only once for each function it appears in
../Src/AP/AP_main.c: In function 'ap_init':
../Src/AP/AP_main.c:84:5: error: too many arguments to function 'SysTick_Init'
   84 |     SysTick_Init(TIM5, 100 - 1, 0xffffffff);
      |     ^~~~~~~~~~~~
In file included from ../Src/AP/ap_main.h:17,
                 from ../Src/AP/AP_main.c:8:
C:/harman/STM32Cube/20250629_FND_TIM_Interruft/Src/driver/TICK/sys_tick.h:14:6: note: declared here
   14 | void SysTick_Init(TIM_TypeDef* TIMx);
      |      ^~~~~~~~~~~~
make: *** [Src/driver/TICK/subdir.mk:19: Src/driver/TICK/sys_tick.o] Error 1
make: *** Waiting for unfinished jobs....
make: *** [Src/AP/subdir.mk:19: Src/AP/AP_main.o] Error 1
"make -j16 all" terminated with exit code 2. Build might be incomplete.
15:40:03 **** Incremental Build of configuration Debug for project 20250530_OV7670 ****
make -j16 all 
arm-none-eabi-size  20250530_OV7670.elf 
   text	   data	    bss	    dec	    hex	filename
  11916	     16	   1664	  13596	   351c	20250530_OV7670.elf
Finished building: default.size.stdout
 
15:40:04 **** Incremental Build of configuration Debug for project 20250618_LED_Blink ****
make -j16 all 
arm-none-eabi-size  20250618_LED_Blink.elf 
   text	   data	    bss	    dec	    hex	filename
   6004	     12	   1572	   7588	   1da4	20250618_LED_Blink.elf
Finished building: default.size.stdout
 
15:40:04 **** Incremental Build of configuration Debug for project 20250619_CounterShowOnSEG ****
make -j16 all 
arm-none-eabi-size  20250619_CounterShowOnSEG.elf 
   text	   data	    bss	    dec	    hex	filename
   2208	     96	   1608	   3912	    f48	20250619_CounterShowOnSEG.elf
Finished building: default.size.stdout
 
15:40:04 **** Incremental Build of configuration Debug for project 20250619_LedBar ****
make -j16 all 
arm-none-eabi-size  20250619_LedBar.elf 
   text	   data	    bss	    dec	    hex	filename
   1592	     64	   1600	   3256	    cb8	20250619_LedBar.elf
Finished building: default.size.stdout
 
15:40:04 **** Incremental Build of configuration Debug for project 20250629_FND_TIM_Interruft ****
make -j16 all 
arm-none-eabi-gcc "../Src/driver/TICK/sys_tick.c" -mcpu=cortex-m4 -std=gnu11 -g3 -DDEBUG -DSTM32F411xE -DSTM32 -DSTM32F4 -DSTM32F411RETx -c -I../Inc -I"C:/harman/STM32Cube/20250629_FND_TIM_Interruft/Src/driver/FND" -I"C:/harman/STM32Cube/20250629_FND_TIM_Interruft/Src/driver/button" -I"C:/harman/STM32Cube/20250629_FND_TIM_Interruft/Src/driver/GPIO" -I"C:/harman/STM32Cube/20250629_FND_TIM_Interruft/Src/driver/LedBar" -I"C:/harman/STM32Cube/20250629_FND_TIM_Interruft/Src/driver/SystemClock" -I"C:/harman/STM32Cube/20250629_FND_TIM_Interruft/Src/AP" -I"C:/harman/STM32Cube/20250629_FND_TIM_Interruft/Src/driver/TIM" -I"C:/harman/STM32Cube/20250629_FND_TIM_Interruft/Src/driver/TICK" -O0 -ffunction-sections -fdata-sections -Wall -fstack-usage -fcyclomatic-complexity -MMD -MP -MF"Src/driver/TICK/sys_tick.d" -MT"Src/driver/TICK/sys_tick.o" --specs=nano.specs -mfpu=fpv4-sp-d16 -mfloat-abi=hard -mthumb -o "Src/driver/TICK/sys_tick.o"
arm-none-eabi-gcc "../Src/AP/AP_main.c" -mcpu=cortex-m4 -std=gnu11 -g3 -DDEBUG -DSTM32F411xE -DSTM32 -DSTM32F4 -DSTM32F411RETx -c -I../Inc -I"C:/harman/STM32Cube/20250629_FND_TIM_Interruft/Src/driver/FND" -I"C:/harman/STM32Cube/20250629_FND_TIM_Interruft/Src/driver/button" -I"C:/harman/STM32Cube/20250629_FND_TIM_Interruft/Src/driver/GPIO" -I"C:/harman/STM32Cube/20250629_FND_TIM_Interruft/Src/driver/LedBar" -I"C:/harman/STM32Cube/20250629_FND_TIM_Interruft/Src/driver/SystemClock" -I"C:/harman/STM32Cube/20250629_FND_TIM_Interruft/Src/AP" -I"C:/harman/STM32Cube/20250629_FND_TIM_Interruft/Src/driver/TIM" -I"C:/harman/STM32Cube/20250629_FND_TIM_Interruft/Src/driver/TICK" -O0 -ffunction-sections -fdata-sections -Wall -fstack-usage -fcyclomatic-complexity -MMD -MP -MF"Src/AP/AP_main.d" -MT"Src/AP/AP_main.o" --specs=nano.specs -mfpu=fpv4-sp-d16 -mfloat-abi=hard -mthumb -o "Src/AP/AP_main.o"
arm-none-eabi-gcc "../Src/main.c" -mcpu=cortex-m4 -std=gnu11 -g3 -DDEBUG -DSTM32F411xE -DSTM32 -DSTM32F4 -DSTM32F411RETx -c -I../Inc -I"C:/harman/STM32Cube/20250629_FND_TIM_Interruft/Src/driver/FND" -I"C:/harman/STM32Cube/20250629_FND_TIM_Interruft/Src/driver/button" -I"C:/harman/STM32Cube/20250629_FND_TIM_Interruft/Src/driver/GPIO" -I"C:/harman/STM32Cube/20250629_FND_TIM_Interruft/Src/driver/LedBar" -I"C:/harman/STM32Cube/20250629_FND_TIM_Interruft/Src/driver/SystemClock" -I"C:/harman/STM32Cube/20250629_FND_TIM_Interruft/Src/AP" -I"C:/harman/STM32Cube/20250629_FND_TIM_Interruft/Src/driver/TIM" -I"C:/harman/STM32Cube/20250629_FND_TIM_Interruft/Src/driver/TICK" -O0 -ffunction-sections -fdata-sections -Wall -fstack-usage -fcyclomatic-complexity -MMD -MP -MF"Src/main.d" -MT"Src/main.o" --specs=nano.specs -mfpu=fpv4-sp-d16 -mfloat-abi=hard -mthumb -o "Src/main.o"
../Src/driver/TICK/sys_tick.c: In function 'SysTick_Init':
../Src/driver/TICK/sys_tick.c:14:20: error: 'psc' undeclared (first use in this function); did you mean 'psd'?
   14 |    hTcikTIM->PSC = psc;
      |                    ^~~
      |                    psd
../Src/driver/TICK/sys_tick.c:14:20: note: each undeclared identifier is reported only once for each function it appears in
../Src/main.c: In function 'main':
../Src/main.c:23:5: warning: implicit declaration of function 'ap_init' [-Wimplicit-function-declaration]
   23 |     ap_init();
      |     ^~~~~~~
make: *** [Src/driver/TICK/subdir.mk:19: Src/driver/TICK/sys_tick.o] Error 1
make: *** Waiting for unfinished jobs....
../Src/main.c:24:5: warning: implicit declaration of function 'ap_main'; did you mean 'main'? [-Wimplicit-function-declaration]
   24 |     ap_main();
      |     ^~~~~~~
      |     main
"make -j16 all" terminated with exit code 2. Build might be incomplete.
15:40:07 **** Incremental Build of configuration Debug for project 20250629_FND_TIM_Interruft ****
make -j16 all 
arm-none-eabi-gcc "../Src/driver/TICK/sys_tick.c" -mcpu=cortex-m4 -std=gnu11 -g3 -DDEBUG -DSTM32F411xE -DSTM32 -DSTM32F4 -DSTM32F411RETx -c -I../Inc -I"C:/harman/STM32Cube/20250629_FND_TIM_Interruft/Src/driver/FND" -I"C:/harman/STM32Cube/20250629_FND_TIM_Interruft/Src/driver/button" -I"C:/harman/STM32Cube/20250629_FND_TIM_Interruft/Src/driver/GPIO" -I"C:/harman/STM32Cube/20250629_FND_TIM_Interruft/Src/driver/LedBar" -I"C:/harman/STM32Cube/20250629_FND_TIM_Interruft/Src/driver/SystemClock" -I"C:/harman/STM32Cube/20250629_FND_TIM_Interruft/Src/AP" -I"C:/harman/STM32Cube/20250629_FND_TIM_Interruft/Src/driver/TIM" -I"C:/harman/STM32Cube/20250629_FND_TIM_Interruft/Src/driver/TICK" -O0 -ffunction-sections -fdata-sections -Wall -fstack-usage -fcyclomatic-complexity -MMD -MP -MF"Src/driver/TICK/sys_tick.d" -MT"Src/driver/TICK/sys_tick.o" --specs=nano.specs -mfpu=fpv4-sp-d16 -mfloat-abi=hard -mthumb -o "Src/driver/TICK/sys_tick.o"
../Src/driver/TICK/sys_tick.c: In function 'SysTick_Init':
../Src/driver/TICK/sys_tick.c:14:20: error: 'psc' undeclared (first use in this function); did you mean 'psd'?
   14 |    hTcikTIM->PSC = psc;
      |                    ^~~
      |                    psd
../Src/driver/TICK/sys_tick.c:14:20: note: each undeclared identifier is reported only once for each function it appears in
make: *** [Src/driver/TICK/subdir.mk:19: Src/driver/TICK/sys_tick.o] Error 1
"make -j16 all" terminated with exit code 2. Build might be incomplete.
15:40:16 **** Incremental Build of configuration Debug for project 20250530_OV7670 ****
make -j16 all 
arm-none-eabi-size  20250530_OV7670.elf 
   text	   data	    bss	    dec	    hex	filename
  11916	     16	   1664	  13596	   351c	20250530_OV7670.elf
Finished building: default.size.stdout
 
15:40:16 **** Incremental Build of configuration Debug for project 20250618_LED_Blink ****
make -j16 all 
arm-none-eabi-size  20250618_LED_Blink.elf 
   text	   data	    bss	    dec	    hex	filename
   6004	     12	   1572	   7588	   1da4	20250618_LED_Blink.elf
Finished building: default.size.stdout
 
15:40:16 **** Incremental Build of configuration Debug for project 20250619_CounterShowOnSEG ****
make -j16 all 
arm-none-eabi-size  20250619_CounterShowOnSEG.elf 
   text	   data	    bss	    dec	    hex	filename
   2208	     96	   1608	   3912	    f48	20250619_CounterShowOnSEG.elf
Finished building: default.size.stdout
 
15:40:17 **** Incremental Build of configuration Debug for project 20250619_LedBar ****
make -j16 all 
arm-none-eabi-size  20250619_LedBar.elf 
   text	   data	    bss	    dec	    hex	filename
   1592	     64	   1600	   3256	    cb8	20250619_LedBar.elf
Finished building: default.size.stdout
 
15:40:17 **** Incremental Build of configuration Debug for project 20250629_FND_TIM_Interruft ****
make -j16 all 
arm-none-eabi-gcc "../Src/driver/TICK/sys_tick.c" -mcpu=cortex-m4 -std=gnu11 -g3 -DDEBUG -DSTM32F411xE -DSTM32 -DSTM32F4 -DSTM32F411RETx -c -I../Inc -I"C:/harman/STM32Cube/20250629_FND_TIM_Interruft/Src/driver/FND" -I"C:/harman/STM32Cube/20250629_FND_TIM_Interruft/Src/driver/button" -I"C:/harman/STM32Cube/20250629_FND_TIM_Interruft/Src/driver/GPIO" -I"C:/harman/STM32Cube/20250629_FND_TIM_Interruft/Src/driver/LedBar" -I"C:/harman/STM32Cube/20250629_FND_TIM_Interruft/Src/driver/SystemClock" -I"C:/harman/STM32Cube/20250629_FND_TIM_Interruft/Src/AP" -I"C:/harman/STM32Cube/20250629_FND_TIM_Interruft/Src/driver/TIM" -I"C:/harman/STM32Cube/20250629_FND_TIM_Interruft/Src/driver/TICK" -O0 -ffunction-sections -fdata-sections -Wall -fstack-usage -fcyclomatic-complexity -MMD -MP -MF"Src/driver/TICK/sys_tick.d" -MT"Src/driver/TICK/sys_tick.o" --specs=nano.specs -mfpu=fpv4-sp-d16 -mfloat-abi=hard -mthumb -o "Src/driver/TICK/sys_tick.o"
arm-none-eabi-gcc -o "20250629_FND_TIM_Interruft.elf" @"objects.list"   -mcpu=cortex-m4 -T"C:\harman\STM32Cube\20250629_FND_TIM_Interruft\STM32F411RETX_FLASH.ld" --specs=nosys.specs -Wl,-Map="20250629_FND_TIM_Interruft.map" -Wl,--gc-sections -static --specs=nano.specs -mfpu=fpv4-sp-d16 -mfloat-abi=hard -mthumb -Wl,--start-group -lc -lm -Wl,--end-group
Finished building target: 20250629_FND_TIM_Interruft.elf
 
arm-none-eabi-size  20250629_FND_TIM_Interruft.elf 
arm-none-eabi-objdump -h -S 20250629_FND_TIM_Interruft.elf  > "20250629_FND_TIM_Interruft.list"
   text	   data	    bss	    dec	    hex	filename
   2352	    160	   1616	   4128	   1020	20250629_FND_TIM_Interruft.elf
Finished building: default.size.stdout
 
Finished building: 20250629_FND_TIM_Interruft.list
 
15:40:19 **** Incremental Build of configuration Debug for project 20250530_OV7670 ****
make -j16 all 
arm-none-eabi-size  20250530_OV7670.elf 
   text	   data	    bss	    dec	    hex	filename
  11916	     16	   1664	  13596	   351c	20250530_OV7670.elf
Finished building: default.size.stdout
 
15:40:19 **** Incremental Build of configuration Debug for project 20250618_LED_Blink ****
make -j16 all 
arm-none-eabi-size  20250618_LED_Blink.elf 
   text	   data	    bss	    dec	    hex	filename
   6004	     12	   1572	   7588	   1da4	20250618_LED_Blink.elf
Finished building: default.size.stdout
 
15:40:19 **** Incremental Build of configuration Debug for project 20250619_CounterShowOnSEG ****
make -j16 all 
arm-none-eabi-size  20250619_CounterShowOnSEG.elf 
   text	   data	    bss	    dec	    hex	filename
   2208	     96	   1608	   3912	    f48	20250619_CounterShowOnSEG.elf
Finished building: default.size.stdout
 
15:40:19 **** Incremental Build of configuration Debug for project 20250619_LedBar ****
make -j16 all 
arm-none-eabi-size  20250619_LedBar.elf 
   text	   data	    bss	    dec	    hex	filename
   1592	     64	   1600	   3256	    cb8	20250619_LedBar.elf
Finished building: default.size.stdout
 
15:40:19 **** Incremental Build of configuration Debug for project 20250629_FND_TIM_Interruft ****
make -j16 all 
arm-none-eabi-size  20250629_FND_TIM_Interruft.elf 
   text	   data	    bss	    dec	    hex	filename
   2352	    160	   1616	   4128	   1020	20250629_FND_TIM_Interruft.elf
Finished building: default.size.stdout
 
15:40:21 **** Incremental Build of configuration Debug for project 20250629_FND_TIM_Interruft ****
make -j16 all 
arm-none-eabi-size  20250629_FND_TIM_Interruft.elf 
   text	   data	    bss	    dec	    hex	filename
   2352	    160	   1616	   4128	   1020	20250629_FND_TIM_Interruft.elf
Finished building: default.size.stdout
 
15:40:24 **** Incremental Build of configuration Debug for project 20250629_FND_TIM_Interruft ****
make -j16 all 
arm-none-eabi-size  20250629_FND_TIM_Interruft.elf 
   text	   data	    bss	    dec	    hex	filename
   2352	    160	   1616	   4128	   1020	20250629_FND_TIM_Interruft.elf
Finished building: default.size.stdout
 
15:40:37 **** Incremental Build of configuration Debug for project 20250629_FND_TIM_Interruft ****
make -j16 all 
arm-none-eabi-gcc "../Src/AP/AP_main.c" -mcpu=cortex-m4 -std=gnu11 -g3 -DDEBUG -DSTM32F411xE -DSTM32 -DSTM32F4 -DSTM32F411RETx -c -I../Inc -I"C:/harman/STM32Cube/20250629_FND_TIM_Interruft/Src/driver/FND" -I"C:/harman/STM32Cube/20250629_FND_TIM_Interruft/Src/driver/button" -I"C:/harman/STM32Cube/20250629_FND_TIM_Interruft/Src/driver/GPIO" -I"C:/harman/STM32Cube/20250629_FND_TIM_Interruft/Src/driver/LedBar" -I"C:/harman/STM32Cube/20250629_FND_TIM_Interruft/Src/driver/SystemClock" -I"C:/harman/STM32Cube/20250629_FND_TIM_Interruft/Src/AP" -I"C:/harman/STM32Cube/20250629_FND_TIM_Interruft/Src/driver/TIM" -I"C:/harman/STM32Cube/20250629_FND_TIM_Interruft/Src/driver/TICK" -O0 -ffunction-sections -fdata-sections -Wall -fstack-usage -fcyclomatic-complexity -MMD -MP -MF"Src/AP/AP_main.d" -MT"Src/AP/AP_main.o" --specs=nano.specs -mfpu=fpv4-sp-d16 -mfloat-abi=hard -mthumb -o "Src/AP/AP_main.o"
arm-none-eabi-gcc -o "20250629_FND_TIM_Interruft.elf" @"objects.list"   -mcpu=cortex-m4 -T"C:\harman\STM32Cube\20250629_FND_TIM_Interruft\STM32F411RETX_FLASH.ld" --specs=nosys.specs -Wl,-Map="20250629_FND_TIM_Interruft.map" -Wl,--gc-sections -static --specs=nano.specs -mfpu=fpv4-sp-d16 -mfloat-abi=hard -mthumb -Wl,--start-group -lc -lm -Wl,--end-group
Finished building target: 20250629_FND_TIM_Interruft.elf
 
arm-none-eabi-size  20250629_FND_TIM_Interruft.elf 
arm-none-eabi-objdump -h -S 20250629_FND_TIM_Interruft.elf  > "20250629_FND_TIM_Interruft.list"
   text	   data	    bss	    dec	    hex	filename
   2344	    160	   1616	   4120	   1018	20250629_FND_TIM_Interruft.elf
Finished building: default.size.stdout
 
Finished building: 20250629_FND_TIM_Interruft.list
 
15:40:49 **** Incremental Build of configuration Debug for project 20250629_FND_TIM_Interruft ****
make -j16 all 
arm-none-eabi-gcc "../Src/AP/AP_main.c" -mcpu=cortex-m4 -std=gnu11 -g3 -DDEBUG -DSTM32F411xE -DSTM32 -DSTM32F4 -DSTM32F411RETx -c -I../Inc -I"C:/harman/STM32Cube/20250629_FND_TIM_Interruft/Src/driver/FND" -I"C:/harman/STM32Cube/20250629_FND_TIM_Interruft/Src/driver/button" -I"C:/harman/STM32Cube/20250629_FND_TIM_Interruft/Src/driver/GPIO" -I"C:/harman/STM32Cube/20250629_FND_TIM_Interruft/Src/driver/LedBar" -I"C:/harman/STM32Cube/20250629_FND_TIM_Interruft/Src/driver/SystemClock" -I"C:/harman/STM32Cube/20250629_FND_TIM_Interruft/Src/AP" -I"C:/harman/STM32Cube/20250629_FND_TIM_Interruft/Src/driver/TIM" -I"C:/harman/STM32Cube/20250629_FND_TIM_Interruft/Src/driver/TICK" -O0 -ffunction-sections -fdata-sections -Wall -fstack-usage -fcyclomatic-complexity -MMD -MP -MF"Src/AP/AP_main.d" -MT"Src/AP/AP_main.o" --specs=nano.specs -mfpu=fpv4-sp-d16 -mfloat-abi=hard -mthumb -o "Src/AP/AP_main.o"
[...]
arm-none-eabi-gcc -o "20250620_HW.elf" @"objects.list"   -mcpu=cortex-m4 -T"C:\harman\STM32Cube\20250620_HW\STM32F411RETX_FLASH.ld" --specs=nosys.specs -Wl,-Map="20250620_HW.map" -Wl,--gc-sections -static --specs=nano.specs -mfpu=fpv4-sp-d16 -mfloat-abi=hard -mthumb -Wl,--start-group -lc -lm -Wl,--end-group
Finished building target: 20250620_HW.elf
 
arm-none-eabi-size  20250620_HW.elf 
arm-none-eabi-objdump -h -S 20250620_HW.elf  > "20250620_HW.list"
   text	   data	    bss	    dec	    hex	filename
   3024	    160	   1616	   4800	   12c0	20250620_HW.elf
Finished building: default.size.stdout
 
Finished building: 20250620_HW.list
 
18:18:31 **** Incremental Build of configuration Debug for project 20250629_FND_TIM_Interruft ****
make -j16 all 
arm-none-eabi-size  20250629_FND_TIM_Interruft.elf 
   text	   data	    bss	    dec	    hex	filename
   2260	    160	   1616	   4036	    fc4	20250629_FND_TIM_Interruft.elf
Finished building: default.size.stdout
 
18:18:45 **** Incremental Build of configuration Debug for project 20250620_HW ****
make -j16 all 
arm-none-eabi-gcc "../Src/AP/AP_main.c" -mcpu=cortex-m4 -std=gnu11 -g3 -DDEBUG -DSTM32 -DSTM32F4 -DSTM32F411RETx -c -I../Inc -I"C:/harman/STM32Cube/20250620_HW/Src/AP" -I"C:/harman/STM32Cube/20250620_HW/Src/driver/button" -I"C:/harman/STM32Cube/20250620_HW/Src/driver/FND" -I"C:/harman/STM32Cube/20250620_HW/Src/driver/GPIO" -I"C:/harman/STM32Cube/20250620_HW/Src/driver/LedBar" -I"C:/harman/STM32Cube/20250620_HW/Src/driver/SystemClock" -I"C:/harman/STM32Cube/20250620_HW/Src/driver/TICK" -I"C:/harman/STM32Cube/20250620_HW/Src/driver/TIM" -O0 -ffunction-sections -fdata-sections -Wall -fstack-usage -fcyclomatic-complexity -MMD -MP -MF"Src/AP/AP_main.d" -MT"Src/AP/AP_main.o" --specs=nano.specs -mfpu=fpv4-sp-d16 -mfloat-abi=hard -mthumb -o "Src/AP/AP_main.o"
arm-none-eabi-gcc -o "20250620_HW.elf" @"objects.list"   -mcpu=cortex-m4 -T"C:\harman\STM32Cube\20250620_HW\STM32F411RETX_FLASH.ld" --specs=nosys.specs -Wl,-Map="20250620_HW.map" -Wl,--gc-sections -static --specs=nano.specs -mfpu=fpv4-sp-d16 -mfloat-abi=hard -mthumb -Wl,--start-group -lc -lm -Wl,--end-group
Finished building target: 20250620_HW.elf
 
arm-none-eabi-size  20250620_HW.elf 
arm-none-eabi-objdump -h -S 20250620_HW.elf  > "20250620_HW.list"
   text	   data	    bss	    dec	    hex	filename
   3024	    160	   1616	   4800	   12c0	20250620_HW.elf
Finished building: default.size.stdout
 
Finished building: 20250620_HW.list
 
18:19:45 **** Incremental Build of configuration Debug for project 20250530_OV7670 ****
make -j16 all 
arm-none-eabi-size  20250530_OV7670.elf 
   text	   data	    bss	    dec	    hex	filename
  11916	     16	   1664	  13596	   351c	20250530_OV7670.elf
Finished building: default.size.stdout
 
18:19:45 **** Incremental Build of configuration Debug for project 20250618_LED_Blink ****
make -j16 all 
arm-none-eabi-size  20250618_LED_Blink.elf 
   text	   data	    bss	    dec	    hex	filename
   6004	     12	   1572	   7588	   1da4	20250618_LED_Blink.elf
Finished building: default.size.stdout
 
18:19:45 **** Incremental Build of configuration Debug for project 20250619_CounterShowOnSEG ****
make -j16 all 
arm-none-eabi-size  20250619_CounterShowOnSEG.elf 
   text	   data	    bss	    dec	    hex	filename
   2208	     96	   1608	   3912	    f48	20250619_CounterShowOnSEG.elf
Finished building: default.size.stdout
 
18:19:46 **** Incremental Build of configuration Debug for project 20250619_LedBar ****
make -j16 all 
arm-none-eabi-size  20250619_LedBar.elf 
   text	   data	    bss	    dec	    hex	filename
   1592	     64	   1600	   3256	    cb8	20250619_LedBar.elf
Finished building: default.size.stdout
 
18:19:46 **** Incremental Build of configuration Debug for project 20250620_HW ****
make -j16 all 
arm-none-eabi-gcc "../Src/AP/AP_main.c" -mcpu=cortex-m4 -std=gnu11 -g3 -DDEBUG -DSTM32 -DSTM32F4 -DSTM32F411RETx -c -I../Inc -I"C:/harman/STM32Cube/20250620_HW/Src/AP" -I"C:/harman/STM32Cube/20250620_HW/Src/driver/button" -I"C:/harman/STM32Cube/20250620_HW/Src/driver/FND" -I"C:/harman/STM32Cube/20250620_HW/Src/driver/GPIO" -I"C:/harman/STM32Cube/20250620_HW/Src/driver/LedBar" -I"C:/harman/STM32Cube/20250620_HW/Src/driver/SystemClock" -I"C:/harman/STM32Cube/20250620_HW/Src/driver/TICK" -I"C:/harman/STM32Cube/20250620_HW/Src/driver/TIM" -O0 -ffunction-sections -fdata-sections -Wall -fstack-usage -fcyclomatic-complexity -MMD -MP -MF"Src/AP/AP_main.d" -MT"Src/AP/AP_main.o" --specs=nano.specs -mfpu=fpv4-sp-d16 -mfloat-abi=hard -mthumb -o "Src/AP/AP_main.o"
arm-none-eabi-gcc -o "20250620_HW.elf" @"objects.list"   -mcpu=cortex-m4 -T"C:\harman\STM32Cube\20250620_HW\STM32F411RETX_FLASH.ld" --specs=nosys.specs -Wl,-Map="20250620_HW.map" -Wl,--gc-sections -static --specs=nano.specs -mfpu=fpv4-sp-d16 -mfloat-abi=hard -mthumb -Wl,--start-group -lc -lm -Wl,--end-group
Finished building target: 20250620_HW.elf
 
arm-none-eabi-size  20250620_HW.elf 
arm-none-eabi-objdump -h -S 20250620_HW.elf  > "20250620_HW.list"
   text	   data	    bss	    dec	    hex	filename
   3024	    160	   1616	   4800	   12c0	20250620_HW.elf
Finished building: default.size.stdout
 
Finished building: 20250620_HW.list
 
18:19:46 **** Incremental Build of configuration Debug for project 20250629_FND_TIM_Interruft ****
make -j16 all 
arm-none-eabi-size  20250629_FND_TIM_Interruft.elf 
   text	   data	    bss	    dec	    hex	filename
   2260	    160	   1616	   4036	    fc4	20250629_FND_TIM_Interruft.elf
Finished building: default.size.stdout
 
18:19:50 **** Incremental Build of configuration Debug for project 20250620_HW ****
make -j16 all 
arm-none-eabi-size  20250620_HW.elf 
   text	   data	    bss	    dec	    hex	filename
   3024	    160	   1616	   4800	   12c0	20250620_HW.elf
Finished building: default.size.stdout
 
18:20:36 **** Incremental Build of configuration Debug for project 20250620_HW ****
make -j16 all 
arm-none-eabi-gcc "../Src/AP/AP_main.c" -mcpu=cortex-m4 -std=gnu11 -g3 -DDEBUG -DSTM32 -DSTM32F4 -DSTM32F411RETx -c -I../Inc -I"C:/harman/STM32Cube/20250620_HW/Src/AP" -I"C:/harman/STM32Cube/20250620_HW/Src/driver/button" -I"C:/harman/STM32Cube/20250620_HW/Src/driver/FND" -I"C:/harman/STM32Cube/20250620_HW/Src/driver/GPIO" -I"C:/harman/STM32Cube/20250620_HW/Src/driver/LedBar" -I"C:/harman/STM32Cube/20250620_HW/Src/driver/SystemClock" -I"C:/harman/STM32Cube/20250620_HW/Src/driver/TICK" -I"C:/harman/STM32Cube/20250620_HW/Src/driver/TIM" -O0 -ffunction-sections -fdata-sections -Wall -fstack-usage -fcyclomatic-complexity -MMD -MP -MF"Src/AP/AP_main.d" -MT"Src/AP/AP_main.o" --specs=nano.specs -mfpu=fpv4-sp-d16 -mfloat-abi=hard -mthumb -o "Src/AP/AP_main.o"
arm-none-eabi-gcc -o "20250620_HW.elf" @"objects.list"   -mcpu=cortex-m4 -T"C:\harman\STM32Cube\20250620_HW\STM32F411RETX_FLASH.ld" --specs=nosys.specs -Wl,-Map="20250620_HW.map" -Wl,--gc-sections -static --specs=nano.specs -mfpu=fpv4-sp-d16 -mfloat-abi=hard -mthumb -Wl,--start-group -lc -lm -Wl,--end-group
Finished building target: 20250620_HW.elf
 
arm-none-eabi-size  20250620_HW.elf 
arm-none-eabi-objdump -h -S 20250620_HW.elf  > "20250620_HW.list"
   text	   data	    bss	    dec	    hex	filename
   3008	    160	   1616	   4784	   12b0	20250620_HW.elf
Finished building: default.size.stdout
 
Finished building: 20250620_HW.list
 
18:20:55 **** Incremental Build of configuration Debug for project 20250620_HW ****
make -j16 all 
arm-none-eabi-gcc "../Src/AP/AP_main.c" -mcpu=cortex-m4 -std=gnu11 -g3 -DDEBUG -DSTM32 -DSTM32F4 -DSTM32F411RETx -c -I../Inc -I"C:/harman/STM32Cube/20250620_HW/Src/AP" -I"C:/harman/STM32Cube/20250620_HW/Src/driver/button" -I"C:/harman/STM32Cube/20250620_HW/Src/driver/FND" -I"C:/harman/STM32Cube/20250620_HW/Src/driver/GPIO" -I"C:/harman/STM32Cube/20250620_HW/Src/driver/LedBar" -I"C:/harman/STM32Cube/20250620_HW/Src/driver/SystemClock" -I"C:/harman/STM32Cube/20250620_HW/Src/driver/TICK" -I"C:/harman/STM32Cube/20250620_HW/Src/driver/TIM" -O0 -ffunction-sections -fdata-sections -Wall -fstack-usage -fcyclomatic-complexity -MMD -MP -MF"Src/AP/AP_main.d" -MT"Src/AP/AP_main.o" --specs=nano.specs -mfpu=fpv4-sp-d16 -mfloat-abi=hard -mthumb -o "Src/AP/AP_main.o"
arm-none-eabi-gcc -o "20250620_HW.elf" @"objects.list"   -mcpu=cortex-m4 -T"C:\harman\STM32Cube\20250620_HW\STM32F411RETX_FLASH.ld" --specs=nosys.specs -Wl,-Map="20250620_HW.map" -Wl,--gc-sections -static --specs=nano.specs -mfpu=fpv4-sp-d16 -mfloat-abi=hard -mthumb -Wl,--start-group -lc -lm -Wl,--end-group
Finished building target: 20250620_HW.elf
 
arm-none-eabi-size  20250620_HW.elf 
arm-none-eabi-objdump -h -S 20250620_HW.elf  > "20250620_HW.list"
   text	   data	    bss	    dec	    hex	filename
   2992	    160	   1616	   4768	   12a0	20250620_HW.elf
Finished building: default.size.stdout
 
Finished building: 20250620_HW.list
 
18:21:28 **** Incremental Build of configuration Debug for project 20250620_HW ****
make -j16 all 
arm-none-eabi-gcc "../Src/AP/AP_main.c" -mcpu=cortex-m4 -std=gnu11 -g3 -DDEBUG -DSTM32 -DSTM32F4 -DSTM32F411RETx -c -I../Inc -I"C:/harman/STM32Cube/20250620_HW/Src/AP" -I"C:/harman/STM32Cube/20250620_HW/Src/driver/button" -I"C:/harman/STM32Cube/20250620_HW/Src/driver/FND" -I"C:/harman/STM32Cube/20250620_HW/Src/driver/GPIO" -I"C:/harman/STM32Cube/20250620_HW/Src/driver/LedBar" -I"C:/harman/STM32Cube/20250620_HW/Src/driver/SystemClock" -I"C:/harman/STM32Cube/20250620_HW/Src/driver/TICK" -I"C:/harman/STM32Cube/20250620_HW/Src/driver/TIM" -O0 -ffunction-sections -fdata-sections -Wall -fstack-usage -fcyclomatic-complexity -MMD -MP -MF"Src/AP/AP_main.d" -MT"Src/AP/AP_main.o" --specs=nano.specs -mfpu=fpv4-sp-d16 -mfloat-abi=hard -mthumb -o "Src/AP/AP_main.o"
arm-none-eabi-gcc -o "20250620_HW.elf" @"objects.list"   -mcpu=cortex-m4 -T"C:\harman\STM32Cube\20250620_HW\STM32F411RETX_FLASH.ld" --specs=nosys.specs -Wl,-Map="20250620_HW.map" -Wl,--gc-sections -static --specs=nano.specs -mfpu=fpv4-sp-d16 -mfloat-abi=hard -mthumb -Wl,--start-group -lc -lm -Wl,--end-group
Finished building target: 20250620_HW.elf
 
arm-none-eabi-size  20250620_HW.elf 
arm-none-eabi-objdump -h -S 20250620_HW.elf  > "20250620_HW.list"
   text	   data	    bss	    dec	    hex	filename
   3032	    160	   1616	   4808	   12c8	20250620_HW.elf
Finished building: default.size.stdout
 
Finished building: 20250620_HW.list
 
18:22:29 **** Incremental Build of configuration Debug for project 20250620_HW ****
make -j16 all 
arm-none-eabi-gcc "../Src/AP/AP_main.c" -mcpu=cortex-m4 -std=gnu11 -g3 -DDEBUG -DSTM32 -DSTM32F4 -DSTM32F411RETx -c -I../Inc -I"C:/harman/STM32Cube/20250620_HW/Src/AP" -I"C:/harman/STM32Cube/20250620_HW/Src/driver/button" -I"C:/harman/STM32Cube/20250620_HW/Src/driver/FND" -I"C:/harman/STM32Cube/20250620_HW/Src/driver/GPIO" -I"C:/harman/STM32Cube/20250620_HW/Src/driver/LedBar" -I"C:/harman/STM32Cube/20250620_HW/Src/driver/SystemClock" -I"C:/harman/STM32Cube/20250620_HW/Src/driver/TICK" -I"C:/harman/STM32Cube/20250620_HW/Src/driver/TIM" -O0 -ffunction-sections -fdata-sections -Wall -fstack-usage -fcyclomatic-complexity -MMD -MP -MF"Src/AP/AP_main.d" -MT"Src/AP/AP_main.o" --specs=nano.specs -mfpu=fpv4-sp-d16 -mfloat-abi=hard -mthumb -o "Src/AP/AP_main.o"
arm-none-eabi-gcc -o "20250620_HW.elf" @"objects.list"   -mcpu=cortex-m4 -T"C:\harman\STM32Cube\20250620_HW\STM32F411RETX_FLASH.ld" --specs=nosys.specs -Wl,-Map="20250620_HW.map" -Wl,--gc-sections -static --specs=nano.specs -mfpu=fpv4-sp-d16 -mfloat-abi=hard -mthumb -Wl,--start-group -lc -lm -Wl,--end-group
Finished building target: 20250620_HW.elf
 
arm-none-eabi-size  20250620_HW.elf 
arm-none-eabi-objdump -h -S 20250620_HW.elf  > "20250620_HW.list"
   text	   data	    bss	    dec	    hex	filename
   3056	    160	   1616	   4832	   12e0	20250620_HW.elf
Finished building: default.size.stdout
 
Finished building: 20250620_HW.list
 
18:23:17 **** Incremental Build of configuration Debug for project 20250620_HW ****
make -j16 all 
arm-none-eabi-gcc "../Src/AP/AP_main.c" -mcpu=cortex-m4 -std=gnu11 -g3 -DDEBUG -DSTM32 -DSTM32F4 -DSTM32F411RETx -c -I../Inc -I"C:/harman/STM32Cube/20250620_HW/Src/AP" -I"C:/harman/STM32Cube/20250620_HW/Src/driver/button" -I"C:/harman/STM32Cube/20250620_HW/Src/driver/FND" -I"C:/harman/STM32Cube/20250620_HW/Src/driver/GPIO" -I"C:/harman/STM32Cube/20250620_HW/Src/driver/LedBar" -I"C:/harman/STM32Cube/20250620_HW/Src/driver/SystemClock" -I"C:/harman/STM32Cube/20250620_HW/Src/driver/TICK" -I"C:/harman/STM32Cube/20250620_HW/Src/driver/TIM" -O0 -ffunction-sections -fdata-sections -Wall -fstack-usage -fcyclomatic-complexity -MMD -MP -MF"Src/AP/AP_main.d" -MT"Src/AP/AP_main.o" --specs=nano.specs -mfpu=fpv4-sp-d16 -mfloat-abi=hard -mthumb -o "Src/AP/AP_main.o"
arm-none-eabi-gcc -o "20250620_HW.elf" @"objects.list"   -mcpu=cortex-m4 -T"C:\harman\STM32Cube\20250620_HW\STM32F411RETX_FLASH.ld" --specs=nosys.specs -Wl,-Map="20250620_HW.map" -Wl,--gc-sections -static --specs=nano.specs -mfpu=fpv4-sp-d16 -mfloat-abi=hard -mthumb -Wl,--start-group -lc -lm -Wl,--end-group
Finished building target: 20250620_HW.elf
 
arm-none-eabi-size  20250620_HW.elf 
arm-none-eabi-objdump -h -S 20250620_HW.elf  > "20250620_HW.list"
   text	   data	    bss	    dec	    hex	filename
   3076	    160	   1616	   4852	   12f4	20250620_HW.elf
Finished building: default.size.stdout
 
Finished building: 20250620_HW.list
 
18:23:39 **** Incremental Build of configuration Debug for project 20250620_HW ****
make -j16 all 
arm-none-eabi-gcc "../Src/AP/AP_main.c" -mcpu=cortex-m4 -std=gnu11 -g3 -DDEBUG -DSTM32 -DSTM32F4 -DSTM32F411RETx -c -I../Inc -I"C:/harman/STM32Cube/20250620_HW/Src/AP" -I"C:/harman/STM32Cube/20250620_HW/Src/driver/button" -I"C:/harman/STM32Cube/20250620_HW/Src/driver/FND" -I"C:/harman/STM32Cube/20250620_HW/Src/driver/GPIO" -I"C:/harman/STM32Cube/20250620_HW/Src/driver/LedBar" -I"C:/harman/STM32Cube/20250620_HW/Src/driver/SystemClock" -I"C:/harman/STM32Cube/20250620_HW/Src/driver/TICK" -I"C:/harman/STM32Cube/20250620_HW/Src/driver/TIM" -O0 -ffunction-sections -fdata-sections -Wall -fstack-usage -fcyclomatic-complexity -MMD -MP -MF"Src/AP/AP_main.d" -MT"Src/AP/AP_main.o" --specs=nano.specs -mfpu=fpv4-sp-d16 -mfloat-abi=hard -mthumb -o "Src/AP/AP_main.o"
arm-none-eabi-gcc -o "20250620_HW.elf" @"objects.list"   -mcpu=cortex-m4 -T"C:\harman\STM32Cube\20250620_HW\STM32F411RETX_FLASH.ld" --specs=nosys.specs -Wl,-Map="20250620_HW.map" -Wl,--gc-sections -static --specs=nano.specs -mfpu=fpv4-sp-d16 -mfloat-abi=hard -mthumb -Wl,--start-group -lc -lm -Wl,--end-group
Finished building target: 20250620_HW.elf
 
arm-none-eabi-size  20250620_HW.elf 
arm-none-eabi-objdump -h -S 20250620_HW.elf  > "20250620_HW.list"
   text	   data	    bss	    dec	    hex	filename
   3128	    160	   1616	   4904	   1328	20250620_HW.elf
Finished building: default.size.stdout
 
Finished building: 20250620_HW.list
 
18:26:30 **** Incremental Build of configuration Debug for project 20250620_HW ****
make -j16 all 
arm-none-eabi-gcc "../Src/AP/AP_main.c" -mcpu=cortex-m4 -std=gnu11 -g3 -DDEBUG -DSTM32 -DSTM32F4 -DSTM32F411RETx -c -I../Inc -I"C:/harman/STM32Cube/20250620_HW/Src/AP" -I"C:/harman/STM32Cube/20250620_HW/Src/driver/button" -I"C:/harman/STM32Cube/20250620_HW/Src/driver/FND" -I"C:/harman/STM32Cube/20250620_HW/Src/driver/GPIO" -I"C:/harman/STM32Cube/20250620_HW/Src/driver/LedBar" -I"C:/harman/STM32Cube/20250620_HW/Src/driver/SystemClock" -I"C:/harman/STM32Cube/20250620_HW/Src/driver/TICK" -I"C:/harman/STM32Cube/20250620_HW/Src/driver/TIM" -O0 -ffunction-sections -fdata-sections -Wall -fstack-usage -fcyclomatic-complexity -MMD -MP -MF"Src/AP/AP_main.d" -MT"Src/AP/AP_main.o" --specs=nano.specs -mfpu=fpv4-sp-d16 -mfloat-abi=hard -mthumb -o "Src/AP/AP_main.o"
arm-none-eabi-gcc -o "20250620_HW.elf" @"objects.list"   -mcpu=cortex-m4 -T"C:\harman\STM32Cube\20250620_HW\STM32F411RETX_FLASH.ld" --specs=nosys.specs -Wl,-Map="20250620_HW.map" -Wl,--gc-sections -static --specs=nano.specs -mfpu=fpv4-sp-d16 -mfloat-abi=hard -mthumb -Wl,--start-group -lc -lm -Wl,--end-group
Finished building target: 20250620_HW.elf
 
arm-none-eabi-size  20250620_HW.elf 
arm-none-eabi-objdump -h -S 20250620_HW.elf  > "20250620_HW.list"
   text	   data	    bss	    dec	    hex	filename
   3136	    160	   1616	   4912	   1330	20250620_HW.elf
Finished building: default.size.stdout
 
Finished building: 20250620_HW.list
 
18:27:54 **** Incremental Build of configuration Debug for project 20250620_HW ****
make -j16 all 
arm-none-eabi-gcc "../Src/AP/AP_main.c" -mcpu=cortex-m4 -std=gnu11 -g3 -DDEBUG -DSTM32 -DSTM32F4 -DSTM32F411RETx -c -I../Inc -I"C:/harman/STM32Cube/20250620_HW/Src/AP" -I"C:/harman/STM32Cube/20250620_HW/Src/driver/button" -I"C:/harman/STM32Cube/20250620_HW/Src/driver/FND" -I"C:/harman/STM32Cube/20250620_HW/Src/driver/GPIO" -I"C:/harman/STM32Cube/20250620_HW/Src/driver/LedBar" -I"C:/harman/STM32Cube/20250620_HW/Src/driver/SystemClock" -I"C:/harman/STM32Cube/20250620_HW/Src/driver/TICK" -I"C:/harman/STM32Cube/20250620_HW/Src/driver/TIM" -O0 -ffunction-sections -fdata-sections -Wall -fstack-usage -fcyclomatic-complexity -MMD -MP -MF"Src/AP/AP_main.d" -MT"Src/AP/AP_main.o" --specs=nano.specs -mfpu=fpv4-sp-d16 -mfloat-abi=hard -mthumb -o "Src/AP/AP_main.o"
arm-none-eabi-gcc -o "20250620_HW.elf" @"objects.list"   -mcpu=cortex-m4 -T"C:\harman\STM32Cube\20250620_HW\STM32F411RETX_FLASH.ld" --specs=nosys.specs -Wl,-Map="20250620_HW.map" -Wl,--gc-sections -static --specs=nano.specs -mfpu=fpv4-sp-d16 -mfloat-abi=hard -mthumb -Wl,--start-group -lc -lm -Wl,--end-group
Finished building target: 20250620_HW.elf
 
arm-none-eabi-size  20250620_HW.elf 
arm-none-eabi-objdump -h -S 20250620_HW.elf  > "20250620_HW.list"
   text	   data	    bss	    dec	    hex	filename
   3148	    160	   1616	   4924	   133c	20250620_HW.elf
Finished building: default.size.stdout
 
Finished building: 20250620_HW.list
 
18:28:45 **** Incremental Build of configuration Debug for project 20250620_HW ****
make -j16 all 
arm-none-eabi-gcc "../Src/AP/AP_main.c" -mcpu=cortex-m4 -std=gnu11 -g3 -DDEBUG -DSTM32 -DSTM32F4 -DSTM32F411RETx -c -I../Inc -I"C:/harman/STM32Cube/20250620_HW/Src/AP" -I"C:/harman/STM32Cube/20250620_HW/Src/driver/button" -I"C:/harman/STM32Cube/20250620_HW/Src/driver/FND" -I"C:/harman/STM32Cube/20250620_HW/Src/driver/GPIO" -I"C:/harman/STM32Cube/20250620_HW/Src/driver/LedBar" -I"C:/harman/STM32Cube/20250620_HW/Src/driver/SystemClock" -I"C:/harman/STM32Cube/20250620_HW/Src/driver/TICK" -I"C:/harman/STM32Cube/20250620_HW/Src/driver/TIM" -O0 -ffunction-sections -fdata-sections -Wall -fstack-usage -fcyclomatic-complexity -MMD -MP -MF"Src/AP/AP_main.d" -MT"Src/AP/AP_main.o" --specs=nano.specs -mfpu=fpv4-sp-d16 -mfloat-abi=hard -mthumb -o "Src/AP/AP_main.o"
arm-none-eabi-gcc -o "20250620_HW.elf" @"objects.list"   -mcpu=cortex-m4 -T"C:\harman\STM32Cube\20250620_HW\STM32F411RETX_FLASH.ld" --specs=nosys.specs -Wl,-Map="20250620_HW.map" -Wl,--gc-sections -static --specs=nano.specs -mfpu=fpv4-sp-d16 -mfloat-abi=hard -mthumb -Wl,--start-group -lc -lm -Wl,--end-group
Finished building target: 20250620_HW.elf
 
arm-none-eabi-size  20250620_HW.elf 
arm-none-eabi-objdump -h -S 20250620_HW.elf  > "20250620_HW.list"
   text	   data	    bss	    dec	    hex	filename
   3160	    160	   1616	   4936	   1348	20250620_HW.elf
Finished building: default.size.stdout
 
Finished building: 20250620_HW.list
 
