12:29:48 **** Incremental Build of configuration Debug for project 20250625_TImeWatch_StopWatch_IPO_Pattern ****
make -j16 all 
arm-none-eabi-gcc "../Core/ap/src/Listener.c" -mcpu=cortex-m4 -std=gnu11 -g3 -DDEBUG -DUSE_HAL_DRIVER -DSTM32F411xE -c -I../Core/Inc -I../Drivers/STM32F4xx_HAL_Driver/Inc -I../Drivers/STM32F4xx_HAL_Driver/Inc/Legacy -I../Drivers/CMSIS/Device/ST/STM32F4xx/Include -I../Drivers/CMSIS/Include -I"C:/harman/STM32Cube/20250625_TImeWatch_StopWatch_IPO_Pattern/Core/ap" -I"C:/harman/STM32Cube/20250625_TImeWatch_StopWatch_IPO_Pattern/Core/driver/Button" -I"C:/harman/STM32Cube/20250625_TImeWatch_StopWatch_IPO_Pattern/Core/driver/FND" -I"C:/harman/STM32Cube/20250625_TImeWatch_StopWatch_IPO_Pattern/Core/driver/LedBar" -I"C:/harman/STM32Cube/20250625_TImeWatch_StopWatch_IPO_Pattern/Core/ap/Inc" -I"C:/harman/STM32Cube/20250625_TImeWatch_StopWatch_IPO_Pattern/Core/ap/src" -I"C:/harman/STM32Cube/20250625_TImeWatch_StopWatch_IPO_Pattern/data_structure/circled_que" -O0 -ffunction-sections -fdata-sections -Wall -fstack-usage -fcyclomatic-complexity -MMD -MP -MF"Core/ap/src/Listener.d" -MT"Core/ap/src/Listener.o" --specs=nano.specs -mfpu=fpv4-sp-d16 -mfloat-abi=hard -mthumb -o "Core/ap/src/Listener.o"
../Core/ap/src/Listener.c:13:1: error: multiple storage classes in declaration specifiers
   13 | extern static CircleQue_tpye uartRxQue;
      | ^~~~~~
../Core/ap/src/Listener.c: In function 'Listener_CheckUART':
../Core/ap/src/Listener.c:66:32: warning: passing argument 1 of 'deQue' from incompatible pointer type [-Wincompatible-pointer-types]
   66 |         int uartRxData = deQue(&uartRxData);
      |                                ^~~~~~~~~~~
      |                                |
      |                                int *
In file included from C:/harman/STM32Cube/20250625_TImeWatch_StopWatch_IPO_Pattern/Core/ap/Inc/Listener.h:12,
                 from ../Core/ap/src/Listener.c:8:
C:/harman/STM32Cube/20250625_TImeWatch_StopWatch_IPO_Pattern/data_structure/circled_que/circled_que.h:23:27: note: expected 'CircleQue_tpye *' but argument is of type 'int *'
   23 | int deQue(CircleQue_tpye* que);
      |           ~~~~~~~~~~~~~~~~^~~
make: *** [Core/ap/src/subdir.mk:34: Core/ap/src/Listener.o] Error 1
"make -j16 all" terminated with exit code 2. Build might be incomplete.
12:30:17 **** Incremental Build of configuration Debug for project 20250530_OV7670 ****
make -j16 all 
arm-none-eabi-size  20250530_OV7670.elf 
   text	   data	    bss	    dec	    hex	filename
  11916	     16	   1664	  13596	   351c	20250530_OV7670.elf
Finished building: default.size.stdout
 
12:30:17 **** Incremental Build of configuration Debug for project 20250618_LED_Blink ****
make -j16 all 
arm-none-eabi-size  20250618_LED_Blink.elf 
   text	   data	    bss	    dec	    hex	filename
   6004	     12	   1572	   7588	   1da4	20250618_LED_Blink.elf
Finished building: default.size.stdout
 
12:30:18 **** Incremental Build of configuration Debug for project 20250619_CounterShowOnSEG ****
make -j16 all 
arm-none-eabi-size  20250619_CounterShowOnSEG.elf 
   text	   data	    bss	    dec	    hex	filename
   2208	     96	   1608	   3912	    f48	20250619_CounterShowOnSEG.elf
Finished building: default.size.stdout
 
12:30:18 **** Incremental Build of configuration Debug for project 20250619_LedBar ****
make -j16 all 
arm-none-eabi-size  20250619_LedBar.elf 
   text	   data	    bss	    dec	    hex	filename
   1592	     64	   1600	   3256	    cb8	20250619_LedBar.elf
Finished building: default.size.stdout
 
12:30:18 **** Incremental Build of configuration Debug for project 20250620_FND_TIM_Interrupt ****
make -j16 all 
arm-none-eabi-size  20250620_FND_TIM_Interrupt.elf 
   text	   data	    bss	    dec	    hex	filename
   3284	    104	   1640	   5028	   13a4	20250620_FND_TIM_Interrupt.elf
Finished building: default.size.stdout
 
12:30:18 **** Incremental Build of configuration Debug for project 20250620_HW ****
make -j16 all 
arm-none-eabi-size  20250620_HW.elf 
   text	   data	    bss	    dec	    hex	filename
   3160	    160	   1616	   4936	   1348	20250620_HW.elf
Finished building: default.size.stdout
 
12:30:19 **** Incremental Build of configuration Debug for project 20250623_TImeWatch_StopWatch ****
make -j16 all 
arm-none-eabi-size  20250623_TImeWatch_StopWatch.elf 
   text	   data	    bss	    dec	    hex	filename
  10512	    116	   1708	  12336	   3030	20250623_TImeWatch_StopWatch.elf
Finished building: default.size.stdout
 
12:30:19 **** Incremental Build of configuration Debug for project 20250624_TImeWatch_StopWatch ****
make -j16 all 
arm-none-eabi-size  20250624_TImeWatch_StopWatch.elf 
   text	   data	    bss	    dec	    hex	filename
  10560	    116	   1708	  12384	   3060	20250624_TImeWatch_StopWatch.elf
Finished building: default.size.stdout
 
12:30:20 **** Incremental Build of configuration Debug for project 20250624_TImeWatch_StopWatch_IPO_Pattern ****
make -j16 all 
arm-none-eabi-size  20250624_TImeWatch_StopWatch_IPO_Pattern.elf 
   text	   data	    bss	    dec	    hex	filename
  17076	    212	   2108	  19396	   4bc4	20250624_TImeWatch_StopWatch_IPO_Pattern.elf
Finished building: default.size.stdout
 
12:30:20 **** Incremental Build of configuration Debug for project 20250625_TImeWatch_StopWatch_IPO_Pattern ****
make -j16 all 
arm-none-eabi-gcc "../Core/ap/src/Listener.c" -mcpu=cortex-m4 -std=gnu11 -g3 -DDEBUG -DUSE_HAL_DRIVER -DSTM32F411xE -c -I../Core/Inc -I../Drivers/STM32F4xx_HAL_Driver/Inc -I../Drivers/STM32F4xx_HAL_Driver/Inc/Legacy -I../Drivers/CMSIS/Device/ST/STM32F4xx/Include -I../Drivers/CMSIS/Include -I"C:/harman/STM32Cube/20250625_TImeWatch_StopWatch_IPO_Pattern/Core/ap" -I"C:/harman/STM32Cube/20250625_TImeWatch_StopWatch_IPO_Pattern/Core/driver/Button" -I"C:/harman/STM32Cube/20250625_TImeWatch_StopWatch_IPO_Pattern/Core/driver/FND" -I"C:/harman/STM32Cube/20250625_TImeWatch_StopWatch_IPO_Pattern/Core/driver/LedBar" -I"C:/harman/STM32Cube/20250625_TImeWatch_StopWatch_IPO_Pattern/Core/ap/Inc" -I"C:/harman/STM32Cube/20250625_TImeWatch_StopWatch_IPO_Pattern/Core/ap/src" -I"C:/harman/STM32Cube/20250625_TImeWatch_StopWatch_IPO_Pattern/data_structure/circled_que" -O0 -ffunction-sections -fdata-sections -Wall -fstack-usage -fcyclomatic-complexity -MMD -MP -MF"Core/ap/src/Listener.d" -MT"Core/ap/src/Listener.o" --specs=nano.specs -mfpu=fpv4-sp-d16 -mfloat-abi=hard -mthumb -o "Core/ap/src/Listener.o"
../Core/ap/src/Listener.c:13:1: error: multiple storage classes in declaration specifiers
   13 | extern static CircleQue_tpye uartRxQue;
      | ^~~~~~
make: *** [Core/ap/src/subdir.mk:34: Core/ap/src/Listener.o] Error 1
"make -j16 all" terminated with exit code 2. Build might be incomplete.
12:30:20 **** Incremental Build of configuration Debug for project 20250629_FND_TIM_Interruft ****
make -j16 all 
arm-none-eabi-size  20250629_FND_TIM_Interruft.elf 
   text	   data	    bss	    dec	    hex	filename
   2260	    160	   1616	   4036	    fc4	20250629_FND_TIM_Interruft.elf
Finished building: default.size.stdout
 
12:30:30 **** Incremental Build of configuration Debug for project 20250530_OV7670 ****
make -j16 all 
arm-none-eabi-size  20250530_OV7670.elf 
   text	   data	    bss	    dec	    hex	filename
  11916	     16	   1664	  13596	   351c	20250530_OV7670.elf
Finished building: default.size.stdout
 
12:30:30 **** Incremental Build of configuration Debug for project 20250618_LED_Blink ****
make -j16 all 
arm-none-eabi-size  20250618_LED_Blink.elf 
   text	   data	    bss	    dec	    hex	filename
   6004	     12	   1572	   7588	   1da4	20250618_LED_Blink.elf
Finished building: default.size.stdout
 
12:30:31 **** Incremental Build of configuration Debug for project 20250619_CounterShowOnSEG ****
make -j16 all 
arm-none-eabi-size  20250619_CounterShowOnSEG.elf 
   text	   data	    bss	    dec	    hex	filename
   2208	     96	   1608	   3912	    f48	20250619_CounterShowOnSEG.elf
Finished building: default.size.stdout
 
12:30:31 **** Incremental Build of configuration Debug for project 20250619_LedBar ****
make -j16 all 
arm-none-eabi-size  20250619_LedBar.elf 
   text	   data	    bss	    dec	    hex	filename
   1592	     64	   1600	   3256	    cb8	20250619_LedBar.elf
Finished building: default.size.stdout
 
12:30:31 **** Incremental Build of configuration Debug for project 20250620_FND_TIM_Interrupt ****
make -j16 all 
arm-none-eabi-size  20250620_FND_TIM_Interrupt.elf 
   text	   data	    bss	    dec	    hex	filename
   3284	    104	   1640	   5028	   13a4	20250620_FND_TIM_Interrupt.elf
Finished building: default.size.stdout
 
12:30:31 **** Incremental Build of configuration Debug for project 20250620_HW ****
make -j16 all 
arm-none-eabi-size  20250620_HW.elf 
   text	   data	    bss	    dec	    hex	filename
   3160	    160	   1616	   4936	   1348	20250620_HW.elf
Finished building: default.size.stdout
 
12:30:32 **** Incremental Build of configuration Debug for project 20250623_TImeWatch_StopWatch ****
make -j16 all 
arm-none-eabi-size  20250623_TImeWatch_StopWatch.elf 
   text	   data	    bss	    dec	    hex	filename
  10512	    116	   1708	  12336	   3030	20250623_TImeWatch_StopWatch.elf
Finished building: default.size.stdout
 
12:30:32 **** Incremental Build of configuration Debug for project 20250624_TImeWatch_StopWatch ****
make -j16 all 
arm-none-eabi-size  20250624_TImeWatch_StopWatch.elf 
   text	   data	    bss	    dec	    hex	filename
  10560	    116	   1708	  12384	   3060	20250624_TImeWatch_StopWatch.elf
Finished building: default.size.stdout
 
12:30:32 **** Incremental Build of configuration Debug for project 20250624_TImeWatch_StopWatch_IPO_Pattern ****
make -j16 all 
arm-none-eabi-size  20250624_TImeWatch_StopWatch_IPO_Pattern.elf 
   text	   data	    bss	    dec	    hex	filename
  17076	    212	   2108	  19396	   4bc4	20250624_TImeWatch_StopWatch_IPO_Pattern.elf
Finished building: default.size.stdout
 
12:30:33 **** Incremental Build of configuration Debug for project 20250625_TImeWatch_StopWatch_IPO_Pattern ****
make -j16 all 
arm-none-eabi-gcc "../data_structure/circled_que/circled_que.c" -mcpu=cortex-m4 -std=gnu11 -g3 -DDEBUG -DUSE_HAL_DRIVER -DSTM32F411xE -c -I../Core/Inc -I../Drivers/STM32F4xx_HAL_Driver/Inc -I../Drivers/STM32F4xx_HAL_Driver/Inc/Legacy -I../Drivers/CMSIS/Device/ST/STM32F4xx/Include -I../Drivers/CMSIS/Include -I"C:/harman/STM32Cube/20250625_TImeWatch_StopWatch_IPO_Pattern/Core/ap" -I"C:/harman/STM32Cube/20250625_TImeWatch_StopWatch_IPO_Pattern/Core/driver/Button" -I"C:/harman/STM32Cube/20250625_TImeWatch_StopWatch_IPO_Pattern/Core/driver/FND" -I"C:/harman/STM32Cube/20250625_TImeWatch_StopWatch_IPO_Pattern/Core/driver/LedBar" -I"C:/harman/STM32Cube/20250625_TImeWatch_StopWatch_IPO_Pattern/Core/ap/Inc" -I"C:/harman/STM32Cube/20250625_TImeWatch_StopWatch_IPO_Pattern/Core/ap/src" -I"C:/harman/STM32Cube/20250625_TImeWatch_StopWatch_IPO_Pattern/data_structure/circled_que" -O0 -ffunction-sections -fdata-sections -Wall -fstack-usage -fcyclomatic-complexity -MMD -MP -MF"data_structure/circled_que/circled_que.d" -MT"data_structure/circled_que/circled_que.o" --specs=nano.specs -mfpu=fpv4-sp-d16 -mfloat-abi=hard -mthumb -o "data_structure/circled_que/circled_que.o"
arm-none-eabi-gcc "../Core/ap/src/Listener.c" -mcpu=cortex-m4 -std=gnu11 -g3 -DDEBUG -DUSE_HAL_DRIVER -DSTM32F411xE -c -I../Core/Inc -I../Drivers/STM32F4xx_HAL_Driver/Inc -I../Drivers/STM32F4xx_HAL_Driver/Inc/Legacy -I../Drivers/CMSIS/Device/ST/STM32F4xx/Include -I../Drivers/CMSIS/Include -I"C:/harman/STM32Cube/20250625_TImeWatch_StopWatch_IPO_Pattern/Core/ap" -I"C:/harman/STM32Cube/20250625_TImeWatch_StopWatch_IPO_Pattern/Core/driver/Button" -I"C:/harman/STM32Cube/20250625_TImeWatch_StopWatch_IPO_Pattern/Core/driver/FND" -I"C:/harman/STM32Cube/20250625_TImeWatch_StopWatch_IPO_Pattern/Core/driver/LedBar" -I"C:/harman/STM32Cube/20250625_TImeWatch_StopWatch_IPO_Pattern/Core/ap/Inc" -I"C:/harman/STM32Cube/20250625_TImeWatch_StopWatch_IPO_Pattern/Core/ap/src" -I"C:/harman/STM32Cube/20250625_TImeWatch_StopWatch_IPO_Pattern/data_structure/circled_que" -O0 -ffunction-sections -fdata-sections -Wall -fstack-usage -fcyclomatic-complexity -MMD -MP -MF"Core/ap/src/Listener.d" -MT"Core/ap/src/Listener.o" --specs=nano.specs -mfpu=fpv4-sp-d16 -mfloat-abi=hard -mthumb -o "Core/ap/src/Listener.o"
arm-none-eabi-gcc -o "20250625_TImeWatch_StopWatch_IPO_Pattern.elf" @"objects.list"   -mcpu=cortex-m4 -T"C:\harman\STM32Cube\20250625_TImeWatch_StopWatch_IPO_Pattern\STM32F411RETX_FLASH.ld" --specs=nosys.specs -Wl,-Map="20250625_TImeWatch_StopWatch_IPO_Pattern.map" -Wl,--gc-sections -static --specs=nano.specs -mfpu=fpv4-sp-d16 -mfloat-abi=hard -mthumb -Wl,--start-group -lc -lm -Wl,--end-group
Finished building target: 20250625_TImeWatch_StopWatch_IPO_Pattern.elf
 
arm-none-eabi-size  20250625_TImeWatch_StopWatch_IPO_Pattern.elf 
arm-none-eabi-objdump -h -S 20250625_TImeWatch_StopWatch_IPO_Pattern.elf  > "20250625_TImeWatch_StopWatch_IPO_Pattern.list"
   text	   data	    bss	    dec	    hex	filename
  19700	    212	   2140	  22052	   5624	20250625_TImeWatch_StopWatch_IPO_Pattern.elf
Finished building: default.size.stdout
 
Finished building: 20250625_TImeWatch_StopWatch_IPO_Pattern.list
 
12:30:34 **** Incremental Build of configuration Debug for project 20250629_FND_TIM_Interruft ****
make -j16 all 
arm-none-eabi-size  20250629_FND_TIM_Interruft.elf 
   text	   data	    bss	    dec	    hex	filename
   2260	    160	   1616	   4036	    fc4	20250629_FND_TIM_Interruft.elf
Finished building: default.size.stdout
 
12:30:36 **** Incremental Build of configuration Debug for project 20250625_TImeWatch_StopWatch_IPO_Pattern ****
make -j16 all 
arm-none-eabi-size  20250625_TImeWatch_StopWatch_IPO_Pattern.elf 
   text	   data	    bss	    dec	    hex	filename
  19700	    212	   2140	  22052	   5624	20250625_TImeWatch_StopWatch_IPO_Pattern.elf
Finished building: default.size.stdout
 
12:32:46 **** Incremental Build of configuration Debug for project 20250530_OV7670 ****
make -j16 all 
arm-none-eabi-size  20250530_OV7670.elf 
   text	   data	    bss	    dec	    hex	filename
  11916	     16	   1664	  13596	   351c	20250530_OV7670.elf
Finished building: default.size.stdout
 
12:32:46 **** Incremental Build of configuration Debug for project 20250618_LED_Blink ****
make -j16 all 
arm-none-eabi-size  20250618_LED_Blink.elf 
   text	   data	    bss	    dec	    hex	filename
   6004	     12	   1572	   7588	   1da4	20250618_LED_Blink.elf
Finished building: default.size.stdout
 
12:32:46 **** Incremental Build of configuration Debug for project 20250619_CounterShowOnSEG ****
make -j16 all 
arm-none-eabi-size  20250619_CounterShowOnSEG.elf 
   text	   data	    bss	    dec	    hex	filename
   2208	     96	   1608	   3912	    f48	20250619_CounterShowOnSEG.elf
Finished building: default.size.stdout
 
12:32:46 **** Incremental Build of configuration Debug for project 20250619_LedBar ****
make -j16 all 
arm-none-eabi-size  20250619_LedBar.elf 
   text	   data	    bss	    dec	    hex	filename
   1592	     64	   1600	   3256	    cb8	20250619_LedBar.elf
Finished building: default.size.stdout
 
12:32:47 **** Incremental Build of configuration Debug for project 20250620_FND_TIM_Interrupt ****
make -j16 all 
arm-none-eabi-size  20250620_FND_TIM_Interrupt.elf 
   text	   data	    bss	    dec	    hex	filename
   3284	    104	   1640	   5028	   13a4	20250620_FND_TIM_Interrupt.elf
Finished building: default.size.stdout
 
12:32:47 **** Incremental Build of configuration Debug for project 20250620_HW ****
make -j16 all 
arm-none-eabi-size  20250620_HW.elf 
   text	   data	    bss	    dec	    hex	filename
   3160	    160	   1616	   4936	   1348	20250620_HW.elf
Finished building: default.size.stdout
 
12:32:47 **** Incremental Build of configuration Debug for project 20250623_TImeWatch_StopWatch ****
make -j16 all 
arm-none-eabi-size  20250623_TImeWatch_StopWatch.elf 
   text	   data	    bss	    dec	    hex	filename
  10512	    116	   1708	  12336	   3030	20250623_TImeWatch_StopWatch.elf
Finished building: default.size.stdout
 
12:32:48 **** Incremental Build of configuration Debug for project 20250624_TImeWatch_StopWatch ****
make -j16 all 
arm-none-eabi-size  20250624_TImeWatch_StopWatch.elf 
   text	   data	    bss	    dec	    hex	filename
  10560	    116	   1708	  12384	   3060	20250624_TImeWatch_StopWatch.elf
Finished building: default.size.stdout
 
12:32:48 **** Incremental Build of configuration Debug for project 20250624_TImeWatch_StopWatch_IPO_Pattern ****
make -j16 all 
arm-none-eabi-size  20250624_TImeWatch_StopWatch_IPO_Pattern.elf 
   text	   data	    bss	    dec	    hex	filename
  17076	    212	   2108	  19396	   4bc4	20250624_TImeWatch_StopWatch_IPO_Pattern.elf
Finished building: default.size.stdout
 
12:32:48 **** Incremental Build of configuration Debug for project 20250625_TImeWatch_StopWatch_IPO_Pattern ****
make -j16 all 
arm-none-eabi-gcc "../data_structure/circled_que/circled_que.c" -mcpu=cortex-m4 -std=gnu11 -g3 -DDEBUG -DUSE_HAL_DRIVER -DSTM32F411xE -c -I../Core/Inc -I../Drivers/STM32F4xx_HAL_Driver/Inc -I../Drivers/STM32F4xx_HAL_Driver/Inc/Legacy -I../Drivers/CMSIS/Device/ST/STM32F4xx/Include -I../Drivers/CMSIS/Include -I"C:/harman/STM32Cube/20250625_TImeWatch_StopWatch_IPO_Pattern/Core/ap" -I"C:/harman/STM32Cube/20250625_TImeWatch_StopWatch_IPO_Pattern/Core/driver/Button" -I"C:/harman/STM32Cube/20250625_TImeWatch_StopWatch_IPO_Pattern/Core/driver/FND" -I"C:/harman/STM32Cube/20250625_TImeWatch_StopWatch_IPO_Pattern/Core/driver/LedBar" -I"C:/harman/STM32Cube/20250625_TImeWatch_StopWatch_IPO_Pattern/Core/ap/Inc" -I"C:/harman/STM32Cube/20250625_TImeWatch_StopWatch_IPO_Pattern/Core/ap/src" -I"C:/harman/STM32Cube/20250625_TImeWatch_StopWatch_IPO_Pattern/data_structure/circled_que" -O0 -ffunction-sections -fdata-sections -Wall -fstack-usage -fcyclomatic-complexity -MMD -MP -MF"data_structure/circled_que/circled_que.d" -MT"data_structure/circled_que/circled_que.o" --specs=nano.specs -mfpu=fpv4-sp-d16 -mfloat-abi=hard -mthumb -o "data_structure/circled_que/circled_que.o"
arm-none-eabi-gcc "../Core/ap/src/Listener.c" -mcpu=cortex-m4 -std=gnu11 -g3 -DDEBUG -DUSE_HAL_DRIVER -DSTM32F411xE -c -I../Core/Inc -I../Drivers/STM32F4xx_HAL_Driver/Inc -I../Drivers/STM32F4xx_HAL_Driver/Inc/Legacy -I../Drivers/CMSIS/Device/ST/STM32F4xx/Include -I../Drivers/CMSIS/Include -I"C:/harman/STM32Cube/20250625_TImeWatch_StopWatch_IPO_Pattern/Core/ap" -I"C:/harman/STM32Cube/20250625_TImeWatch_StopWatch_IPO_Pattern/Core/driver/Button" -I"C:/harman/STM32Cube/20250625_TImeWatch_StopWatch_IPO_Pattern/Core/driver/FND" -I"C:/harman/STM32Cube/20250625_TImeWatch_StopWatch_IPO_Pattern/Core/driver/LedBar" -I"C:/harman/STM32Cube/20250625_TImeWatch_StopWatch_IPO_Pattern/Core/ap/Inc" -I"C:/harman/STM32Cube/20250625_TImeWatch_StopWatch_IPO_Pattern/Core/ap/src" -I"C:/harman/STM32Cube/20250625_TImeWatch_StopWatch_IPO_Pattern/data_structure/circled_que" -O0 -ffunction-sections -fdata-sections -Wall -fstack-usage -fcyclomatic-complexity -MMD -MP -MF"Core/ap/src/Listener.d" -MT"Core/ap/src/Listener.o" --specs=nano.specs -mfpu=fpv4-sp-d16 -mfloat-abi=hard -mthumb -o "Core/ap/src/Listener.o"
arm-none-eabi-gcc "../Core/ap/src/ap_main.c" -mcpu=cortex-m4 -std=gnu11 -g3 -DDEBUG -DUSE_HAL_DRIVER -DSTM32F411xE -c -I../Core/Inc -I../Drivers/STM32F4xx_HAL_Driver/Inc -I../Drivers/STM32F4xx_HAL_Driver/Inc/Legacy -I../Drivers/CMSIS/Device/ST/STM32F4xx/Include -I../Drivers/CMSIS/Include -I"C:/harman/STM32Cube/20250625_TImeWatch_StopWatch_IPO_Pattern/Core/ap" -I"C:/harman/STM32Cube/20250625_TImeWatch_StopWatch_IPO_Pattern/Core/driver/Button" -I"C:/harman/STM32Cube/20250625_TImeWatch_StopWatch_IPO_Pattern/Core/driver/FND" -I"C:/harman/STM32Cube/20250625_TImeWatch_StopWatch_IPO_Pattern/Core/driver/LedBar" -I"C:/harman/STM32Cube/20250625_TImeWatch_StopWatch_IPO_Pattern/Core/ap/Inc" -I"C:/harman/STM32Cube/20250625_TImeWatch_StopWatch_IPO_Pattern/Core/ap/src" -I"C:/harman/STM32Cube/20250625_TImeWatch_StopWatch_IPO_Pattern/data_structure/circled_que" -O0 -ffunction-sections -fdata-sections -Wall -fstack-usage -fcyclomatic-complexity -MMD -MP -MF"Core/ap/src/ap_main.d" -MT"Core/ap/src/ap_main.o" --specs=nano.specs -mfpu=fpv4-sp-d16 -mfloat-abi=hard -mthumb -o "Core/ap/src/ap_main.o"
arm-none-eabi-gcc "../Core/Src/main.c" -mcpu=cortex-m4 -std=gnu11 -g3 -DDEBUG -DUSE_HAL_DRIVER -DSTM32F411xE -c -I../Core/Inc -I../Drivers/STM32F4xx_HAL_Driver/Inc -I../Drivers/STM32F4xx_HAL_Driver/Inc/Legacy -I../Drivers/CMSIS/Device/ST/STM32F4xx/Include -I../Drivers/CMSIS/Include -I"C:/harman/STM32Cube/20250625_TImeWatch_StopWatch_IPO_Pattern/Core/ap" -I"C:/harman/STM32Cube/20250625_TImeWatch_StopWatch_IPO_Pattern/Core/driver/Button" -I"C:/harman/STM32Cube/20250625_TImeWatch_StopWatch_IPO_Pattern/Core/driver/FND" -I"C:/harman/STM32Cube/20250625_TImeWatch_StopWatch_IPO_Pattern/Core/driver/LedBar" -I"C:/harman/STM32Cube/20250625_TImeWatch_StopWatch_IPO_Pattern/Core/ap/Inc" -I"C:/harman/STM32Cube/20250625_TImeWatch_StopWatch_IPO_Pattern/Core/ap/src" -I"C:/harman/STM32Cube/20250625_TImeWatch_StopWatch_IPO_Pattern/data_structure/circled_que" -O0 -ffunction-sections -fdata-sections -Wall -fstack-usage -fcyclomatic-complexity -MMD -MP -MF"Core/Src/main.d" -MT"Core/Src/main.o" --specs=nano.specs -mfpu=fpv4-sp-d16 -mfloat-abi=hard -mthumb -o "Core/Src/main.o"
In file included from ../data_structure/circled_que/circled_que.c:7:
../data_structure/circled_que/circled_que.h:16:14: error: declaration of 'queData' as array of voids
   16 |         void queData[QUE_SIZE];
      |              ^~~~~~~
../data_structure/circled_que/circled_que.c: In function 'queFront':
../data_structure/circled_que/circled_que.c:42:1: warning: control reaches end of non-void function [-Wreturn-type]
   42 | }
      | ^
make: *** [data_structure/circled_que/subdir.mk:19: data_structure/circled_que/circled_que.o] Error 1
make: *** Waiting for unfinished jobs....
In file included from C:/harman/STM32Cube/20250625_TImeWatch_StopWatch_IPO_Pattern/Core/ap/Inc/Listener.h:12,
                 from ../Core/ap/src/Listener.c:8:
C:/harman/STM32Cube/20250625_TImeWatch_StopWatch_IPO_Pattern/data_structure/circled_que/circled_que.h:16:14: error: declaration of 'queData' as array of voids
   16 |         void queData[QUE_SIZE];
      |              ^~~~~~~
In file included from C:/harman/STM32Cube/20250625_TImeWatch_StopWatch_IPO_Pattern/Core/ap/Inc/Listener.h:12,
                 from C:/harman/STM32Cube/20250625_TImeWatch_StopWatch_IPO_Pattern/Core/ap/Inc/ap_main.h:13,
                 from ../Core/ap/src/ap_main.c:3:
C:/harman/STM32Cube/20250625_TImeWatch_StopWatch_IPO_Pattern/data_structure/circled_que/circled_que.h:16:14: error: declaration of 'queData' as array of voids
   16 |         void queData[QUE_SIZE];
      |              ^~~~~~~
make: *** [Core/ap/src/subdir.mk:34: Core/ap/src/ap_main.o] Error 1
In file included from C:/harman/STM32Cube/20250625_TImeWatch_StopWatch_IPO_Pattern/Core/ap/Inc/Listener.h:12,
                 from C:/harman/STM32Cube/20250625_TImeWatch_StopWatch_IPO_Pattern/Core/ap/Inc/ap_main.h:13,
                 from ../Core/Src/main.c:27:
C:/harman/STM32Cube/20250625_TImeWatch_StopWatch_IPO_Pattern/data_structure/circled_que/circled_que.h:16:14: error: declaration of 'queData' as array of voids
   16 |         void queData[QUE_SIZE];
      |              ^~~~~~~
make: *** [Core/Src/subdir.mk:43: Core/Src/main.o] Error 1
make: *** [Core/ap/src/subdir.mk:34: Core/ap/src/Listener.o] Error 1
"make -j16 all" terminated with exit code 2. Build might be incomplete.
12:32:49 **** Incremental Build of configuration Debug for project 20250629_FND_TIM_Interruft ****
make -j16 all 
arm-none-eabi-size  20250629_FND_TIM_Interruft.elf 
   text	   data	    bss	    dec	    hex	filename
   2260	    160	   1616	   4036	    fc4	20250629_FND_TIM_Interruft.elf
Finished building: default.size.stdout
 
12:32:59 **** Incremental Build of configuration Debug for project 20250530_OV7670 ****
make -j16 all 
arm-none-eabi-size  20250530_OV7670.elf 
   text	   data	    bss	    dec	    hex	filename
  11916	     16	   1664	  13596	   351c	20250530_OV7670.elf
Finished building: default.size.stdout
 
12:32:59 **** Incremental Build of configuration Debug for project 20250618_LED_Blink ****
make -j16 all 
arm-none-eabi-size  20250618_LED_Blink.elf 
   text	   data	    bss	    dec	    hex	filename
   6004	     12	   1572	   7588	   1da4	20250618_LED_Blink.elf
Finished building: default.size.stdout
 
12:32:59 **** Incremental Build of configuration Debug for project 20250619_CounterShowOnSEG ****
make -j16 all 
arm-none-eabi-size  20250619_CounterShowOnSEG.elf 
   text	   data	    bss	    dec	    hex	filename
   2208	     96	   1608	   3912	    f48	20250619_CounterShowOnSEG.elf
Finished building: default.size.stdout
 
12:33:00 **** Incremental Build of configuration Debug for project 20250619_LedBar ****
make -j16 all 
arm-none-eabi-size  20250619_LedBar.elf 
   text	   data	    bss	    dec	    hex	filename
   1592	     64	   1600	   3256	    cb8	20250619_LedBar.elf
Finished building: default.size.stdout
 
12:33:00 **** Incremental Build of configuration Debug for project 20250620_FND_TIM_Interrupt ****
make -j16 all 
arm-none-eabi-size  20250620_FND_TIM_Interrupt.elf 
   text	   data	    bss	    dec	    hex	filename
   3284	    104	   1640	   5028	   13a4	20250620_FND_TIM_Interrupt.elf
Finished building: default.size.stdout
 
12:33:00 **** Incremental Build of configuration Debug for project 20250620_HW ****
make -j16 all 
arm-none-eabi-size  20250620_HW.elf 
   text	   data	    bss	    dec	    hex	filename
   3160	    160	   1616	   4936	   1348	20250620_HW.elf
Finished building: default.size.stdout
 
12:33:00 **** Incremental Build of configuration Debug for project 20250623_TImeWatch_StopWatch ****
make -j16 all 
arm-none-eabi-size  20250623_TImeWatch_StopWatch.elf 
   text	   data	    bss	    dec	    hex	filename
  10512	    116	   1708	  12336	   3030	20250623_TImeWatch_StopWatch.elf
Finished building: default.size.stdout
 
12:33:01 **** Incremental Build of configuration Debug for project 20250624_TImeWatch_StopWatch ****
make -j16 all 
arm-none-eabi-size  20250624_TImeWatch_StopWatch.elf 
   text	   data	    bss	    dec	    hex	filename
  10560	    116	   1708	  12384	   3060	20250624_TImeWatch_StopWatch.elf
Finished building: default.size.stdout
 
12:33:01 **** Incremental Build of configuration Debug for project 20250624_TImeWatch_StopWatch_IPO_Pattern ****
make -j16 all 
arm-none-eabi-size  20250624_TImeWatch_StopWatch_IPO_Pattern.elf 
   text	   data	    bss	    dec	    hex	filename
  17076	    212	   2108	  19396	   4bc4	20250624_TImeWatch_StopWatch_IPO_Pattern.elf
Finished building: default.size.stdout
 
12:33:02 **** Incremental Build of configuration Debug for project 20250625_TImeWatch_StopWatch_IPO_Pattern ****
make -j16 all 
arm-none-eabi-gcc "../data_structure/circled_que/circled_que.c" -mcpu=cortex-m4 -std=gnu11 -g3 -DDEBUG -DUSE_HAL_DRIVER -DSTM32F411xE -c -I../Core/Inc -I../Drivers/STM32F4xx_HAL_Driver/Inc -I../Drivers/STM32F4xx_HAL_Driver/Inc/Legacy -I../Drivers/CMSIS/Device/ST/STM32F4xx/Include -I../Drivers/CMSIS/Include -I"C:/harman/STM32Cube/20250625_TImeWatch_StopWatch_IPO_Pattern/Core/ap" -I"C:/harman/STM32Cube/20250625_TImeWatch_StopWatch_IPO_Pattern/Core/driver/Button" -I"C:/harman/STM32Cube/20250625_TImeWatch_StopWatch_IPO_Pattern/Core/driver/FND" -I"C:/harman/STM32Cube/20250625_TImeWatch_StopWatch_IPO_Pattern/Core/driver/LedBar" -I"C:/harman/STM32Cube/20250625_TImeWatch_StopWatch_IPO_Pattern/Core/ap/Inc" -I"C:/harman/STM32Cube/20250625_TImeWatch_StopWatch_IPO_Pattern/Core/ap/src" -I"C:/harman/STM32Cube/20250625_TImeWatch_StopWatch_IPO_Pattern/data_structure/circled_que" -O0 -ffunction-sections -fdata-sections -Wall -fstack-usage -fcyclomatic-complexity -MMD -MP -MF"data_structure/circled_que/circled_que.d" -MT"data_structure/circled_que/circled_que.o" --specs=nano.specs -mfpu=fpv4-sp-d16 -mfloat-abi=hard -mthumb -o "data_structure/circled_que/circled_que.o"
arm-none-eabi-gcc "../Core/ap/src/Listener.c" -mcpu=cortex-m4 -std=gnu11 -g3 -DDEBUG -DUSE_HAL_DRIVER -DSTM32F411xE -c -I../Core/Inc -I../Drivers/STM32F4xx_HAL_Driver/Inc -I../Drivers/STM32F4xx_HAL_Driver/Inc/Legacy -I../Drivers/CMSIS/Device/ST/STM32F4xx/Include -I../Drivers/CMSIS/Include -I"C:/harman/STM32Cube/20250625_TImeWatch_StopWatch_IPO_Pattern/Core/ap" -I"C:/harman/STM32Cube/20250625_TImeWatch_StopWatch_IPO_Pattern/Core/driver/Button" -I"C:/harman/STM32Cube/20250625_TImeWatch_StopWatch_IPO_Pattern/Core/driver/FND" -I"C:/harman/STM32Cube/20250625_TImeWatch_StopWatch_IPO_Pattern/Core/driver/LedBar" -I"C:/harman/STM32Cube/20250625_TImeWatch_StopWatch_IPO_Pattern/Core/ap/Inc" -I"C:/harman/STM32Cube/20250625_TImeWatch_StopWatch_IPO_Pattern/Core/ap/src" -I"C:/harman/STM32Cube/20250625_TImeWatch_StopWatch_IPO_Pattern/data_structure/circled_que" -O0 -ffunction-sections -fdata-sections -Wall -fstack-usage -fcyclomatic-complexity -MMD -MP -MF"Core/ap/src/Listener.d" -MT"Core/ap/src/Listener.o" --specs=nano.specs -mfpu=fpv4-sp-d16 -mfloat-abi=hard -mthumb -o "Core/ap/src/Listener.o"
arm-none-eabi-gcc "../Core/ap/src/ap_main.c" -mcpu=cortex-m4 -std=gnu11 -g3 -DDEBUG -DUSE_HAL_DRIVER -DSTM32F411xE -c -I../Core/Inc -I../Drivers/STM32F4xx_HAL_Driver/Inc -I../Drivers/STM32F4xx_HAL_Driver/Inc/Legacy -I../Drivers/CMSIS/Device/ST/STM32F4xx/Include -I../Drivers/CMSIS/Include -I"C:/harman/STM32Cube/20250625_TImeWatch_StopWatch_IPO_Pattern/Core/ap" -I"C:/harman/STM32Cube/20250625_TImeWatch_StopWatch_IPO_Pattern/Core/driver/Button" -I"C:/harman/STM32Cube/20250625_TImeWatch_StopWatch_IPO_Pattern/Core/driver/FND" -I"C:/harman/STM32Cube/20250625_TImeWatch_StopWatch_IPO_Pattern/Core/driver/LedBar" -I"C:/harman/STM32Cube/20250625_TImeWatch_StopWatch_IPO_Pattern/Core/ap/Inc" -I"C:/harman/STM32Cube/20250625_TImeWatch_StopWatch_IPO_Pattern/Core/ap/src" -I"C:/harman/STM32Cube/20250625_TImeWatch_StopWatch_IPO_Pattern/data_structure/circled_que" -O0 -ffunction-sections -fdata-sections -Wall -fstack-usage -fcyclomatic-complexity -MMD -MP -MF"Core/ap/src/ap_main.d" -MT"Core/ap/src/ap_main.o" --specs=nano.specs -mfpu=fpv4-sp-d16 -mfloat-abi=hard -mthumb -o "Core/ap/src/ap_main.o"
arm-none-eabi-gcc "../Core/Src/main.c" -mcpu=cortex-m4 -std=gnu11 -g3 -DDEBUG -DUSE_HAL_DRIVER -DSTM32F411xE -c -I../Core/Inc -I../Drivers/STM32F4xx_HAL_Driver/Inc -I../Drivers/STM32F4xx_HAL_Driver/Inc/Legacy -I../Drivers/CMSIS/Device/ST/STM32F4xx/Include -I../Drivers/CMSIS/Include -I"C:/harman/STM32Cube/20250625_TImeWatch_StopWatch_IPO_Pattern/Core/ap" -I"C:/harman/STM32Cube/20250625_TImeWatch_StopWatch_IPO_Pattern/Core/driver/Button" -I"C:/harman/STM32Cube/20250625_TImeWatch_StopWatch_IPO_Pattern/Core/driver/FND" -I"C:/harman/STM32Cube/20250625_TImeWatch_StopWatch_IPO_Pattern/Core/driver/LedBar" -I"C:/harman/STM32Cube/20250625_TImeWatch_StopWatch_IPO_Pattern/Core/ap/Inc" -I"C:/harman/STM32Cube/20250625_TImeWatch_StopWatch_IPO_Pattern/Core/ap/src" -I"C:/harman/STM32Cube/20250625_TImeWatch_StopWatch_IPO_Pattern/data_structure/circled_que" -O0 -ffunction-sections -fdata-sections -Wall -fstack-usage -fcyclomatic-complexity -MMD -MP -MF"Core/Src/main.d" -MT"Core/Src/main.o" --specs=nano.specs -mfpu=fpv4-sp-d16 -mfloat-abi=hard -mthumb -o "Core/Src/main.o"
arm-none-eabi-gcc -o "20250625_TImeWatch_StopWatch_IPO_Pattern.elf" @"objects.list"   -mcpu=cortex-m4 -T"C:\harman\STM32Cube\20250625_TImeWatch_StopWatch_IPO_Pattern\STM32F411RETX_FLASH.ld" --specs=nosys.specs -Wl,-Map="20250625_TImeWatch_StopWatch_IPO_Pattern.map" -Wl,--gc-sections -static --specs=nano.specs -mfpu=fpv4-sp-d16 -mfloat-abi=hard -mthumb -Wl,--start-group -lc -lm -Wl,--end-group
Finished building target: 20250625_TImeWatch_StopWatch_IPO_Pattern.elf
 
arm-none-eabi-size  20250625_TImeWatch_StopWatch_IPO_Pattern.elf 
arm-none-eabi-objdump -h -S 20250625_TImeWatch_StopWatch_IPO_Pattern.elf  > "20250625_TImeWatch_StopWatch_IPO_Pattern.list"
   text	   data	    bss	    dec	    hex	filename
  19700	    212	   2140	  22052	   5624	20250625_TImeWatch_StopWatch_IPO_Pattern.elf
Finished building: default.size.stdout
 
Finished building: 20250625_TImeWatch_StopWatch_IPO_Pattern.list
 
12:33:03 **** Incremental Build of configuration Debug for project 20250629_FND_TIM_Interruft ****
make -j16 all 
arm-none-eabi-size  20250629_FND_TIM_Interruft.elf 
   text	   data	    bss	    dec	    hex	filename
   2260	    160	   1616	   4036	    fc4	20250629_FND_TIM_Interruft.elf
Finished building: default.size.stdout
 
12:34:14 **** Incremental Build of configuration Debug for project 20250530_OV7670 ****
make -j16 all 
arm-none-eabi-size  20250530_OV7670.elf 
   text	   data	    bss	    dec	    hex	filename
  11916	     16	   1664	  13596	   351c	20250530_OV7670.elf
Finished building: default.size.stdout
 
12:34:14 **** Incremental Build of configuration Debug for project 20250618_LED_Blink ****
make -j16 all 
arm-none-eabi-size  20250618_LED_Blink.elf 
   text	   data	    bss	    dec	    hex	filename
   6004	     12	   1572	   7588	   1da4	20250618_LED_Blink.elf
Finished building: default.size.stdout
 
12:34:14 **** Incremental Build of configuration Debug for project 20250619_CounterShowOnSEG ****
make -j16 all 
arm-none-eabi-size  20250619_CounterShowOnSEG.elf 
   text	   data	    bss	    dec	    hex	filename
   2208	     96	   1608	   3912	    f48	20250619_CounterShowOnSEG.elf
Finished building: default.size.stdout
 
12:34:15 **** Incremental Build of configuration Debug for project 20250619_LedBar ****
make -j16 all 
arm-none-eabi-size  20250619_LedBar.elf 
   text	   data	    bss	    dec	    hex	filename
   1592	     64	   1600	   3256	    cb8	20250619_LedBar.elf
Finished building: default.size.stdout
 
12:34:15 **** Incremental Build of configuration Debug for project 20250620_FND_TIM_Interrupt ****
make -j16 all 
arm-none-eabi-size  20250620_FND_TIM_Interrupt.elf 
   text	   data	    bss	    dec	    hex	filename
   3284	    104	   1640	   5028	   13a4	20250620_FND_TIM_Interrupt.elf
Finished building: default.size.stdout
 
12:34:15 **** Incremental Build of configuration Debug for project 20250620_HW ****
make -j16 all 
arm-none-eabi-size  20250620_HW.elf 
   text	   data	    bss	    dec	    hex	filename
   3160	    160	   1616	   4936	   1348	20250620_HW.elf
Finished building: default.size.stdout
 
12:34:15 **** Incremental Build of configuration Debug for project 20250623_TImeWatch_StopWatch ****
make -j16 all 
arm-none-eabi-size  20250623_TImeWatch_StopWatch.elf 
   text	   data	    bss	    dec	    hex	filename
  10512	    116	   1708	  12336	   3030	20250623_TImeWatch_StopWatch.elf
Finished building: default.size.stdout
 
12:34:16 **** Incremental Build of configuration Debug for project 20250624_TImeWatch_StopWatch ****
make -j16 all 
arm-none-eabi-size  20250624_TImeWatch_StopWatch.elf 
   text	   data	    bss	    dec	    hex	filename
  10560	    116	   1708	  12384	   3060	20250624_TImeWatch_StopWatch.elf
Finished building: default.size.stdout
 
12:34:16 **** Incremental Build of configuration Debug for project 20250624_TImeWatch_StopWatch_IPO_Pattern ****
make -j16 all 
arm-none-eabi-size  20250624_TImeWatch_StopWatch_IPO_Pattern.elf 
   text	   data	    bss	    dec	    hex	filename
  17076	    212	   2108	  19396	   4bc4	20250624_TImeWatch_StopWatch_IPO_Pattern.elf
Finished building: default.size.stdout
 
12:34:17 **** Incremental Build of configuration Debug for project 20250625_TImeWatch_StopWatch_IPO_Pattern ****
make -j16 all 
arm-none-eabi-gcc "../data_structure/circled_que/circled_que.c" -mcpu=cortex-m4 -std=gnu11 -g3 -DDEBUG -DUSE_HAL_DRIVER -DSTM32F411xE -c -I../Core/Inc -I../Drivers/STM32F4xx_HAL_Driver/Inc -I../Drivers/STM32F4xx_HAL_Driver/Inc/Legacy -I../Drivers/CMSIS/Device/ST/STM32F4xx/Include -I../Drivers/CMSIS/Include -I"C:/harman/STM32Cube/20250625_TImeWatch_StopWatch_IPO_Pattern/Core/ap" -I"C:/harman/STM32Cube/20250625_TImeWatch_StopWatch_IPO_Pattern/Core/driver/Button" -I"C:/harman/STM32Cube/20250625_TImeWatch_StopWatch_IPO_Pattern/Core/driver/FND" -I"C:/harman/STM32Cube/20250625_TImeWatch_StopWatch_IPO_Pattern/Core/driver/LedBar" -I"C:/harman/STM32Cube/20250625_TImeWatch_StopWatch_IPO_Pattern/Core/ap/Inc" -I"C:/harman/STM32Cube/20250625_TImeWatch_StopWatch_IPO_Pattern/Core/ap/src" -I"C:/harman/STM32Cube/20250625_TImeWatch_StopWatch_IPO_Pattern/data_structure/circled_que" -O0 -ffunction-sections -fdata-sections -Wall -fstack-usage -fcyclomatic-complexity -MMD -MP -MF"data_structure/circled_que/circled_que.d" -MT"data_structure/circled_que/circled_que.o" --specs=nano.specs -mfpu=fpv4-sp-d16 -mfloat-abi=hard -mthumb -o "data_structure/circled_que/circled_que.o"
arm-none-eabi-gcc "../Core/ap/src/Listener.c" -mcpu=cortex-m4 -std=gnu11 -g3 -DDEBUG -DUSE_HAL_DRIVER -DSTM32F411xE -c -I../Core/Inc -I../Drivers/STM32F4xx_HAL_Driver/Inc -I../Drivers/STM32F4xx_HAL_Driver/Inc/Legacy -I../Drivers/CMSIS/Device/ST/STM32F4xx/Include -I../Drivers/CMSIS/Include -I"C:/harman/STM32Cube/20250625_TImeWatch_StopWatch_IPO_Pattern/Core/ap" -I"C:/harman/STM32Cube/20250625_TImeWatch_StopWatch_IPO_Pattern/Core/driver/Button" -I"C:/harman/STM32Cube/20250625_TImeWatch_StopWatch_IPO_Pattern/Core/driver/FND" -I"C:/harman/STM32Cube/20250625_TImeWatch_StopWatch_IPO_Pattern/Core/driver/LedBar" -I"C:/harman/STM32Cube/20250625_TImeWatch_StopWatch_IPO_Pattern/Core/ap/Inc" -I"C:/harman/STM32Cube/20250625_TImeWatch_StopWatch_IPO_Pattern/Core/ap/src" -I"C:/harman/STM32Cube/20250625_TImeWatch_StopWatch_IPO_Pattern/data_structure/circled_que" -O0 -ffunction-sections -fdata-sections -Wall -fstack-usage -fcyclomatic-complexity -MMD -MP -MF"Core/ap/src/Listener.d" -MT"Core/ap/src/Listener.o" --specs=nano.specs -mfpu=fpv4-sp-d16 -mfloat-abi=hard -mthumb -o "Core/ap/src/Listener.o"
arm-none-eabi-gcc "../Core/ap/src/ap_main.c" -mcpu=cortex-m4 -std=gnu11 -g3 -DDEBUG -DUSE_HAL_DRIVER -DSTM32F411xE -c -I../Core/Inc -I../Drivers/STM32F4xx_HAL_Driver/Inc -I../Drivers/STM32F4xx_HAL_Driver/Inc/Legacy -I../Drivers/CMSIS/Device/ST/STM32F4xx/Include -I../Drivers/CMSIS/Include -I"C:/harman/STM32Cube/20250625_TImeWatch_StopWatch_IPO_Pattern/Core/ap" -I"C:/harman/STM32Cube/20250625_TImeWatch_StopWatch_IPO_Pattern/Core/driver/Button" -I"C:/harman/STM32Cube/20250625_TImeWatch_StopWatch_IPO_Pattern/Core/driver/FND" -I"C:/harman/STM32Cube/20250625_TImeWatch_StopWatch_IPO_Pattern/Core/driver/LedBar" -I"C:/harman/STM32Cube/20250625_TImeWatch_StopWatch_IPO_Pattern/Core/ap/Inc" -I"C:/harman/STM32Cube/20250625_TImeWatch_StopWatch_IPO_Pattern/Core/ap/src" -I"C:/harman/STM32Cube/20250625_TImeWatch_StopWatch_IPO_Pattern/data_structure/circled_que" -O0 -ffunction-sections -fdata-sections -Wall -fstack-usage -fcyclomatic-complexity -MMD -MP -MF"Core/ap/src/ap_main.d" -MT"Core/ap/src/ap_main.o" --specs=nano.specs -mfpu=fpv4-sp-d16 -mfloat-abi=hard -mthumb -o "Core/ap/src/ap_main.o"
arm-none-eabi-gcc "../Core/Src/main.c" -mcpu=cortex-m4 -std=gnu11 -g3 -DDEBUG -DUSE_HAL_DRIVER -DSTM32F411xE -c -I../Core/Inc -I../Drivers/STM32F4xx_HAL_Driver/Inc -I../Drivers/STM32F4xx_HAL_Driver/Inc/Legacy -I../Drivers/CMSIS/Device/ST/STM32F4xx/Include -I../Drivers/CMSIS/Include -I"C:/harman/STM32Cube/20250625_TImeWatch_StopWatch_IPO_Pattern/Core/ap" -I"C:/harman/STM32Cube/20250625_TImeWatch_StopWatch_IPO_Pattern/Core/driver/Button" -I"C:/harman/STM32Cube/20250625_TImeWatch_StopWatch_IPO_Pattern/Core/driver/FND" -I"C:/harman/STM32Cube/20250625_TImeWatch_StopWatch_IPO_Pattern/Core/driver/LedBar" -I"C:/harman/STM32Cube/20250625_TImeWatch_StopWatch_IPO_Pattern/Core/ap/Inc" -I"C:/harman/STM32Cube/20250625_TImeWatch_StopWatch_IPO_Pattern/Core/ap/src" -I"C:/harman/STM32Cube/20250625_TImeWatch_StopWatch_IPO_Pattern/data_structure/circled_que" -O0 -ffunction-sections -fdata-sections -Wall -fstack-usage -fcyclomatic-complexity -MMD -MP -MF"Core/Src/main.d" -MT"Core/Src/main.o" --specs=nano.specs -mfpu=fpv4-sp-d16 -mfloat-abi=hard -mthumb -o "Core/Src/main.o"
../data_structure/circled_que/circled_que.c: In function 'enQue':
../data_structure/circled_que/circled_que.c:27:33: warning: assignment to 'void *' from 'int' makes pointer from integer without a cast [-Wint-conversion]
   27 |         que->queData[que->tail] = data;
      |                                 ^
../data_structure/circled_que/circled_que.c: In function 'deQue':
../data_structure/circled_que/circled_que.c:34:20: warning: initialization of 'int' from 'void *' makes integer from pointer without a cast [-Wint-conversion]
   34 |         int data = que->queData[que->top];
      |                    ^~~
../data_structure/circled_que/circled_que.c: In function 'queFront':
../data_structure/circled_que/circled_que.c:41:28: warning: returning 'void *' from a function with return type 'int' makes integer from pointer without a cast [-Wint-conversion]
   41 |         return que->queData[que->top];
      |                ~~~~~~~~~~~~^~~~~~~~~~
arm-none-eabi-gcc -o "20250625_TImeWatch_StopWatch_IPO_Pattern.elf" @"objects.list"   -mcpu=cortex-m4 -T"C:\harman\STM32Cube\20250625_TImeWatch_StopWatch_IPO_Pattern\STM32F411RETX_FLASH.ld" --specs=nosys.specs -Wl,-Map="20250625_TImeWatch_StopWatch_IPO_Pattern.map" -Wl,--gc-sections -static --specs=nano.specs -mfpu=fpv4-sp-d16 -mfloat-abi=hard -mthumb -Wl,--start-group -lc -lm -Wl,--end-group
Finished building target: 20250625_TImeWatch_StopWatch_IPO_Pattern.elf
 
arm-none-eabi-size  20250625_TImeWatch_StopWatch_IPO_Pattern.elf 
arm-none-eabi-objdump -h -S 20250625_TImeWatch_StopWatch_IPO_Pattern.elf  > "20250625_TImeWatch_StopWatch_IPO_Pattern.list"
   text	   data	    bss	    dec	    hex	filename
  19700	    212	   2140	  22052	   5624	20250625_TImeWatch_StopWatch_IPO_Pattern.elf
Finished building: default.size.stdout
 
Finished building: 20250625_TImeWatch_StopWatch_IPO_Pattern.list
 
12:34:18 **** Incremental Build of configuration Debug for project 20250629_FND_TIM_Interruft ****
make -j16 all 
arm-none-eabi-size  20250629_FND_TIM_Interruft.elf 
   text	   data	    bss	    dec	    hex	filename
   2260	    160	   1616	   4036	    fc4	20250629_FND_TIM_Interruft.elf
Finished building: default.size.stdout
 
12:36:14 **** Incremental Build of configuration Debug for project 20250530_OV7670 ****
make -j16 all 
arm-none-eabi-size  20250530_OV7670.elf 
   text	   data	    bss	    dec	    hex	filename
  11916	     16	   1664	  13596	   351c	20250530_OV7670.elf
Finished building: default.size.stdout
 
12:36:15 **** Incremental Build of configuration Debug for project 20250618_LED_Blink ****
make -j16 all 
arm-none-eabi-size  20250618_LED_Blink.elf 
   text	   data	    bss	    dec	    hex	filename
   6004	     12	   1572	   7588	   1da4	20250618_LED_Blink.elf
Finished building: default.size.stdout
 
12:36:15 **** Incremental Build of configuration Debug for project 20250619_CounterShowOnSEG ****
make -j16 all 
arm-none-eabi-size  20250619_CounterShowOnSEG.elf 
   text	   data	    bss	    dec	    hex	filename
   2208	     96	   1608	   3912	    f48	20250619_CounterShowOnSEG.elf
Finished building: default.size.stdout
 
12:36:15 **** Incremental Build of configuration Debug for project 20250619_LedBar ****
make -j16 all 
arm-none-eabi-size  20250619_LedBar.elf 
   text	   data	    bss	    dec	    hex	filename
   1592	     64	   1600	   3256	    cb8	20250619_LedBar.elf
Finished building: default.size.stdout
 
12:36:16 **** Incremental Build of configuration Debug for project 20250620_FND_TIM_Interrupt ****
make -j16 all 
arm-none-eabi-size  20250620_FND_TIM_Interrupt.elf 
   text	   data	    bss	    dec	    hex	filename
   3284	    104	   1640	   5028	   13a4	20250620_FND_TIM_Interrupt.elf
Finished building: default.size.stdout
 
12:36:16 **** Incremental Build of configuration Debug for project 20250620_HW ****
make -j16 all 
arm-none-eabi-size  20250620_HW.elf 
   text	   data	    bss	    dec	    hex	filename
   3160	    160	   1616	   4936	   1348	20250620_HW.elf
Finished building: default.size.stdout
 
12:36:16 **** Incremental Build of configuration Debug for project 20250623_TImeWatch_StopWatch ****
make -j16 all 
arm-none-eabi-size  20250623_TImeWatch_StopWatch.elf 
   text	   data	    bss	    dec	    hex	filename
  10512	    116	   1708	  12336	   3030	20250623_TImeWatch_StopWatch.elf
Finished building: default.size.stdout
 
12:36:17 **** Incremental Build of configuration Debug for project 20250624_TImeWatch_StopWatch ****
make -j16 all 
arm-none-eabi-size  20250624_TImeWatch_StopWatch.elf 
   text	   data	    bss	    dec	    hex	filename
  10560	    116	   1708	  12384	   3060	20250624_TImeWatch_StopWatch.elf
Finished building: default.size.stdout
 
12:36:17 **** Incremental Build of configuration Debug for project 20250624_TImeWatch_StopWatch_IPO_Pattern ****
make -j16 all 
arm-none-eabi-size  20250624_TImeWatch_StopWatch_IPO_Pattern.elf 
   text	   data	    bss	    dec	    hex	filename
  17076	    212	   2108	  19396	   4bc4	20250624_TImeWatch_StopWatch_IPO_Pattern.elf
Finished building: default.size.stdout
 
12:36:18 **** Incremental Build of configuration Debug for project 20250625_TImeWatch_StopWatch_IPO_Pattern ****
make -j16 all 
arm-none-eabi-gcc "../data_structure/circled_que/circled_que.c" -mcpu=cortex-m4 -std=gnu11 -g3 -DDEBUG -DUSE_HAL_DRIVER -DSTM32F411xE -c -I../Core/Inc -I../Drivers/STM32F4xx_HAL_Driver/Inc -I../Drivers/STM32F4xx_HAL_Driver/Inc/Legacy -I../Drivers/CMSIS/Device/ST/STM32F4xx/Include -I../Drivers/CMSIS/Include -I"C:/harman/STM32Cube/20250625_TImeWatch_StopWatch_IPO_Pattern/Core/ap" -I"C:/harman/STM32Cube/20250625_TImeWatch_StopWatch_IPO_Pattern/Core/driver/Button" -I"C:/harman/STM32Cube/20250625_TImeWatch_StopWatch_IPO_Pattern/Core/driver/FND" -I"C:/harman/STM32Cube/20250625_TImeWatch_StopWatch_IPO_Pattern/Core/driver/LedBar" -I"C:/harman/STM32Cube/20250625_TImeWatch_StopWatch_IPO_Pattern/Core/ap/Inc" -I"C:/harman/STM32Cube/20250625_TImeWatch_StopWatch_IPO_Pattern/Core/ap/src" -I"C:/harman/STM32Cube/20250625_TImeWatch_StopWatch_IPO_Pattern/data_structure/circled_que" -O0 -ffunction-sections -fdata-sections -Wall -fstack-usage -fcyclomatic-complexity -MMD -MP -MF"data_structure/circled_que/circled_que.d" -MT"data_structure/circled_que/circled_que.o" --specs=nano.specs -mfpu=fpv4-sp-d16 -mfloat-abi=hard -mthumb -o "data_structure/circled_que/circled_que.o"
arm-none-eabi-gcc "../Core/ap/src/Listener.c" -mcpu=cortex-m4 -std=gnu11 -g3 -DDEBUG -DUSE_HAL_DRIVER -DSTM32F411xE -c -I../Core/Inc -I../Drivers/STM32F4xx_HAL_Driver/Inc -I../Drivers/STM32F4xx_HAL_Driver/Inc/Legacy -I../Drivers/CMSIS/Device/ST/STM32F4xx/Include -I../Drivers/CMSIS/Include -I"C:/harman/STM32Cube/20250625_TImeWatch_StopWatch_IPO_Pattern/Core/ap" -I"C:/harman/STM32Cube/20250625_TImeWatch_StopWatch_IPO_Pattern/Core/driver/Button" -I"C:/harman/STM32Cube/20250625_TImeWatch_StopWatch_IPO_Pattern/Core/driver/FND" -I"C:/harman/STM32Cube/20250625_TImeWatch_StopWatch_IPO_Pattern/Core/driver/LedBar" -I"C:/harman/STM32Cube/20250625_TImeWatch_StopWatch_IPO_Pattern/Core/ap/Inc" -I"C:/harman/STM32Cube/20250625_TImeWatch_StopWatch_IPO_Pattern/Core/ap/src" -I"C:/harman/STM32Cube/20250625_TImeWatch_StopWatch_IPO_Pattern/data_structure/circled_que" -O0 -ffunction-sections -fdata-sections -Wall -fstack-usage -fcyclomatic-complexity -MMD -MP -MF"Core/ap/src/Listener.d" -MT"Core/ap/src/Listener.o" --specs=nano.specs -mfpu=fpv4-sp-d16 -mfloat-abi=hard -mthumb -o "Core/ap/src/Listener.o"
arm-none-eabi-gcc "../Core/ap/src/ap_main.c" -mcpu=cortex-m4 -std=gnu11 -g3 -DDEBUG -DUSE_HAL_DRIVER -DSTM32F411xE -c -I../Core/Inc -I../Drivers/STM32F4xx_HAL_Driver/Inc -I../Drivers/STM32F4xx_HAL_Driver/Inc/Legacy -I../Drivers/CMSIS/Device/ST/STM32F4xx/Include -I../Drivers/CMSIS/Include -I"C:/harman/STM32Cube/20250625_TImeWatch_StopWatch_IPO_Pattern/Core/ap" -I"C:/harman/STM32Cube/20250625_TImeWatch_StopWatch_IPO_Pattern/Core/driver/Button" -I"C:/harman/STM32Cube/20250625_TImeWatch_StopWatch_IPO_Pattern/Core/driver/FND" -I"C:/harman/STM32Cube/20250625_TImeWatch_StopWatch_IPO_Pattern/Core/driver/LedBar" -I"C:/harman/STM32Cube/20250625_TImeWatch_StopWatch_IPO_Pattern/Core/ap/Inc" -I"C:/harman/STM32Cube/20250625_TImeWatch_StopWatch_IPO_Pattern/Core/ap/src" -I"C:/harman/STM32Cube/20250625_TImeWatch_StopWatch_IPO_Pattern/data_structure/circled_que" -O0 -ffunction-sections -fdata-sections -Wall -fstack-usage -fcyclomatic-complexity -MMD -MP -MF"Core/ap/src/ap_main.d" -MT"Core/ap/src/ap_main.o" --specs=nano.specs -mfpu=fpv4-sp-d16 -mfloat-abi=hard -mthumb -o "Core/ap/src/ap_main.o"
arm-none-eabi-gcc "../Core/Src/main.c" -mcpu=cortex-m4 -std=gnu11 -g3 -DDEBUG -DUSE_HAL_DRIVER -DSTM32F411xE -c -I../Core/Inc -I../Drivers/STM32F4xx_HAL_Driver/Inc -I../Drivers/STM32F4xx_HAL_Driver/Inc/Legacy -I../Drivers/CMSIS/Device/ST/STM32F4xx/Include -I../Drivers/CMSIS/Include -I"C:/harman/STM32Cube/20250625_TImeWatch_StopWatch_IPO_Pattern/Core/ap" -I"C:/harman/STM32Cube/20250625_TImeWatch_StopWatch_IPO_Pattern/Core/driver/Button" -I"C:/harman/STM32Cube/20250625_TImeWatch_StopWatch_IPO_Pattern/Core/driver/FND" -I"C:/harman/STM32Cube/20250625_TImeWatch_StopWatch_IPO_Pattern/Core/driver/LedBar" -I"C:/harman/STM32Cube/20250625_TImeWatch_StopWatch_IPO_Pattern/Core/ap/Inc" -I"C:/harman/STM32Cube/20250625_TImeWatch_StopWatch_IPO_Pattern/Core/ap/src" -I"C:/harman/STM32Cube/20250625_TImeWatch_StopWatch_IPO_Pattern/data_structure/circled_que" -O0 -ffunction-sections -fdata-sections -Wall -fstack-usage -fcyclomatic-complexity -MMD -MP -MF"Core/Src/main.d" -MT"Core/Src/main.o" --specs=nano.specs -mfpu=fpv4-sp-d16 -mfloat-abi=hard -mthumb -o "Core/Src/main.o"
arm-none-eabi-gcc -o "20250625_TImeWatch_StopWatch_IPO_Pattern.elf" @"objects.list"   -mcpu=cortex-m4 -T"C:\harman\STM32Cube\20250625_TImeWatch_StopWatch_IPO_Pattern\STM32F411RETX_FLASH.ld" --specs=nosys.specs -Wl,-Map="20250625_TImeWatch_StopWatch_IPO_Pattern.map" -Wl,--gc-sections -static --specs=nano.specs -mfpu=fpv4-sp-d16 -mfloat-abi=hard -mthumb -Wl,--start-group -lc -lm -Wl,--end-group
Finished building target: 20250625_TImeWatch_StopWatch_IPO_Pattern.elf
 
arm-none-eabi-size  20250625_TImeWatch_StopWatch_IPO_Pattern.elf 
arm-none-eabi-objdump -h -S 20250625_TImeWatch_StopWatch_IPO_Pattern.elf  > "20250625_TImeWatch_StopWatch_IPO_Pattern.list"
   text	   data	    bss	    dec	    hex	filename
  19700	    212	   2140	  22052	   5624	20250625_TImeWatch_StopWatch_IPO_Pattern.elf
Finished building: default.size.stdout
 
Finished building: 20250625_TImeWatch_StopWatch_IPO_Pattern.list
 
12:36:19 **** Incremental Build of configuration Debug for project 20250629_FND_TIM_Interruft ****
make -j16 all 
arm-none-eabi-size  20250629_FND_TIM_Interruft.elf 
   text	   data	    bss	    dec	    hex	filename
   2260	    160	   1616	   4036	    fc4	20250629_FND_TIM_Interruft.elf
Finished building: default.size.stdout
 
12:36:32 **** Incremental Build of configuration Debug for project 20250625_TImeWatch_StopWatch_IPO_Pattern ****
make -j16 all 
arm-none-eabi-size  20250625_TImeWatch_StopWatch_IPO_Pattern.elf 
   text	   data	    bss	    dec	    hex	filename
  19700	    212	   2140	  22052	   5624	20250625_TImeWatch_StopWatch_IPO_Pattern.elf
Finished building: default.size.stdout
 
12:37:35 **** Incremental Build of configuration Debug for project 20250530_OV7670 ****
make -j16 all 
arm-none-eabi-size  20250530_OV7670.elf 
   text	   data	    bss	    dec	    hex	filename
  11916	     16	   1664	  13596	   351c	20250530_OV7670.elf
Finished building: default.size.stdout
 
12:37:35 **** Incremental Build of configuration Debug for project 20250618_LED_Blink ****
make -j16 all 
arm-none-eabi-size  20250618_LED_Blink.elf 
   text	   data	    bss	    dec	    hex	filename
   6004	     12	   1572	   7588	   1da4	20250618_LED_Blink.elf
Finished building: default.size.stdout
 
12:37:36 **** Incremental Build of configuration Debug for project 20250619_CounterShowOnSEG ****
make -j16 all 
arm-none-eabi-size  20250619_CounterShowOnSEG.elf 
   text	   data	    bss	    dec	    hex	filename
   2208	     96	   1608	   3912	    f48	20250619_CounterShowOnSEG.elf
Finished building: default.size.stdout
 
12:37:36 **** Incremental Build of configuration Debug for project 20250619_LedBar ****
make -j16 all 
arm-none-eabi-size  20250619_LedBar.elf 
   text	   data	    bss	    dec	    hex	filename
   1592	     64	   1600	   3256	    cb8	20250619_LedBar.elf
Finished building: default.size.stdout
 
12:37:36 **** Incremental Build of configuration Debug for project 20250620_FND_TIM_Interrupt ****
make -j16 all 
arm-none-eabi-size  20250620_FND_TIM_Interrupt.elf 
   text	   data	    bss	    dec	    hex	filename
   3284	    104	   1640	   5028	   13a4	20250620_FND_TIM_Interrupt.elf
Finished building: default.size.stdout
 
12:37:37 **** Incremental Build of configuration Debug for project 20250620_HW ****
make -j16 all 
arm-none-eabi-size  20250620_HW.elf 
   text	   data	    bss	    dec	    hex	filename
   3160	    160	   1616	   4936	   1348	20250620_HW.elf
Finished building: default.size.stdout
 
12:37:37 **** Incremental Build of configuration Debug for project 20250623_TImeWatch_StopWatch ****
make -j16 all 
arm-none-eabi-size  20250623_TImeWatch_StopWatch.elf 
   text	   data	    bss	    dec	    hex	filename
  10512	    116	   1708	  12336	   3030	20250623_TImeWatch_StopWatch.elf
Finished building: default.size.stdout
 
12:37:37 **** Incremental Build of configuration Debug for project 20250624_TImeWatch_StopWatch ****
make -j16 all 
arm-none-eabi-size  20250624_TImeWatch_StopWatch.elf 
   text	   data	    bss	    dec	    hex	filename
  10560	    116	   1708	  12384	   3060	20250624_TImeWatch_StopWatch.elf
Finished building: default.size.stdout
 
12:37:38 **** Incremental Build of configuration Debug for project 20250624_TImeWatch_StopWatch_IPO_Pattern ****
make -j16 all 
arm-none-eabi-size  20250624_TImeWatch_StopWatch_IPO_Pattern.elf 
   text	   data	    bss	    dec	    hex	filename
  17076	    212	   2108	  19396	   4bc4	20250624_TImeWatch_StopWatch_IPO_Pattern.elf
Finished building: default.size.stdout
 
12:37:38 **** Incremental Build of configuration Debug for project 20250625_TImeWatch_StopWatch_IPO_Pattern ****
make -j16 all 
arm-none-eabi-gcc "../data_structure/circled_que/circled_que.c" -mcpu=cortex-m4 -std=gnu11 -g3 -DDEBUG -DUSE_HAL_DRIVER -DSTM32F411xE -c -I../Core/Inc -I../Drivers/STM32F4xx_HAL_Driver/Inc -I../Drivers/STM32F4xx_HAL_Driver/Inc/Legacy -I../Drivers/CMSIS/Device/ST/STM32F4xx/Include -I../Drivers/CMSIS/Include -I"C:/harman/STM32Cube/20250625_TImeWatch_StopWatch_IPO_Pattern/Core/ap" -I"C:/harman/STM32Cube/20250625_TImeWatch_StopWatch_IPO_Pattern/Core/driver/Button" -I"C:/harman/STM32Cube/20250625_TImeWatch_StopWatch_IPO_Pattern/Core/driver/FND" -I"C:/harman/STM32Cube/20250625_TImeWatch_StopWatch_IPO_Pattern/Core/driver/LedBar" -I"C:/harman/STM32Cube/20250625_TImeWatch_StopWatch_IPO_Pattern/Core/ap/Inc" -I"C:/harman/STM32Cube/20250625_TImeWatch_StopWatch_IPO_Pattern/Core/ap/src" -I"C:/harman/STM32Cube/20250625_TImeWatch_StopWatch_IPO_Pattern/data_structure/circled_que" -O0 -ffunction-sections -fdata-sections -Wall -fstack-usage -fcyclomatic-complexity -MMD -MP -MF"data_structure/circled_que/circled_que.d" -MT"data_structure/circled_que/circled_que.o" --specs=nano.specs -mfpu=fpv4-sp-d16 -mfloat-abi=hard -mthumb -o "data_structure/circled_que/circled_que.o"
arm-none-eabi-gcc "../Core/ap/src/Listener.c" -mcpu=cortex-m4 -std=gnu11 -g3 -DDEBUG -DUSE_HAL_DRIVER -DSTM32F411xE -c -I../Core/Inc -I../Drivers/STM32F4xx_HAL_Driver/Inc -I../Drivers/STM32F4xx_HAL_Driver/Inc/Legacy -I../Drivers/CMSIS/Device/ST/STM32F4xx/Include -I../Drivers/CMSIS/Include -I"C:/harman/STM32Cube/20250625_TImeWatch_StopWatch_IPO_Pattern/Core/ap" -I"C:/harman/STM32Cube/20250625_TImeWatch_StopWatch_IPO_Pattern/Core/driver/Button" -I"C:/harman/STM32Cube/20250625_TImeWatch_StopWatch_IPO_Pattern/Core/driver/FND" -I"C:/harman/STM32Cube/20250625_TImeWatch_StopWatch_IPO_Pattern/Core/driver/LedBar" -I"C:/harman/STM32Cube/20250625_TImeWatch_StopWatch_IPO_Pattern/Core/ap/Inc" -I"C:/harman/STM32Cube/20250625_TImeWatch_StopWatch_IPO_Pattern/Core/ap/src" -I"C:/harman/STM32Cube/20250625_TImeWatch_StopWatch_IPO_Pattern/data_structure/circled_que" -O0 -ffunction-sections -fdata-sections -Wall -fstack-usage -fcyclomatic-complexity -MMD -MP -MF"Core/ap/src/Listener.d" -MT"Core/ap/src/Listener.o" --specs=nano.specs -mfpu=fpv4-sp-d16 -mfloat-abi=hard -mthumb -o "Core/ap/src/Listener.o"
arm-none-eabi-gcc "../Core/ap/src/ap_main.c" -mcpu=cortex-m4 -std=gnu11 -g3 -DDEBUG -DUSE_HAL_DRIVER -DSTM32F411xE -c -I../Core/Inc -I../Drivers/STM32F4xx_HAL_Driver/Inc -I../Drivers/STM32F4xx_HAL_Driver/Inc/Legacy -I../Drivers/CMSIS/Device/ST/STM32F4xx/Include -I../Drivers/CMSIS/Include -I"C:/harman/STM32Cube/20250625_TImeWatch_StopWatch_IPO_Pattern/Core/ap" -I"C:/harman/STM32Cube/20250625_TImeWatch_StopWatch_IPO_Pattern/Core/driver/Button" -I"C:/harman/STM32Cube/20250625_TImeWatch_StopWatch_IPO_Pattern/Core/driver/FND" -I"C:/harman/STM32Cube/20250625_TImeWatch_StopWatch_IPO_Pattern/Core/driver/LedBar" -I"C:/harman/STM32Cube/20250625_TImeWatch_StopWatch_IPO_Pattern/Core/ap/Inc" -I"C:/harman/STM32Cube/20250625_TImeWatch_StopWatch_IPO_Pattern/Core/ap/src" -I"C:/harman/STM32Cube/20250625_TImeWatch_StopWatch_IPO_Pattern/data_structure/circled_que" -O0 -ffunction-sections -fdata-sections -Wall -fstack-usage -fcyclomatic-complexity -MMD -MP -MF"Core/ap/src/ap_main.d" -MT"Core/ap/src/ap_main.o" --specs=nano.specs -mfpu=fpv4-sp-d16 -mfloat-abi=hard -mthumb -o "Core/ap/src/ap_main.o"
arm-none-eabi-gcc "../Core/Src/main.c" -mcpu=cortex-m4 -std=gnu11 -g3 -DDEBUG -DUSE_HAL_DRIVER -DSTM32F411xE -c -I../Core/Inc -I../Drivers/STM32F4xx_HAL_Driver/Inc -I../Drivers/STM32F4xx_HAL_Driver/Inc/Legacy -I../Drivers/CMSIS/Device/ST/STM32F4xx/Include -I../Drivers/CMSIS/Include -I"C:/harman/STM32Cube/20250625_TImeWatch_StopWatch_IPO_Pattern/Core/ap" -I"C:/harman/STM32Cube/20250625_TImeWatch_StopWatch_IPO_Pattern/Core/driver/Button" -I"C:/harman/STM32Cube/20250625_TImeWatch_StopWatch_IPO_Pattern/Core/driver/FND" -I"C:/harman/STM32Cube/20250625_TImeWatch_StopWatch_IPO_Pattern/Core/driver/LedBar" -I"C:/harman/STM32Cube/20250625_TImeWatch_StopWatch_IPO_Pattern/Core/ap/Inc" -I"C:/harman/STM32Cube/20250625_TImeWatch_StopWatch_IPO_Pattern/Core/ap/src" -I"C:/harman/STM32Cube/20250625_TImeWatch_StopWatch_IPO_Pattern/data_structure/circled_que" -O0 -ffunction-sections -fdata-sections -Wall -fstack-usage -fcyclomatic-complexity -MMD -MP -MF"Core/Src/main.d" -MT"Core/Src/main.o" --specs=nano.specs -mfpu=fpv4-sp-d16 -mfloat-abi=hard -mthumb -o "Core/Src/main.o"
../data_structure/circled_que/circled_que.c: In function 'enQue':
../data_structure/circled_que/circled_que.c:27:33: warning: assignment to 'void *' from 'int' makes pointer from integer without a cast [-Wint-conversion]
   27 |         que->queData[que->tail] = data;
      |                                 ^
../data_structure/circled_que/circled_que.c: In function 'deQue':
../data_structure/circled_que/circled_que.c:34:20: warning: initialization of 'int' from 'void *' makes integer from pointer without a cast [-Wint-conversion]
   34 |         int data = que->queData[que->top];
      |                    ^~~
../data_structure/circled_que/circled_que.c: In function 'queFront':
../data_structure/circled_que/circled_que.c:41:28: warning: returning 'void *' from a function with return type 'int' makes integer from pointer without a cast [-Wint-conversion]
   41 |         return que->queData[que->top];
      |                ~~~~~~~~~~~~^~~~~~~~~~
arm-none-eabi-gcc -o "20250625_TImeWatch_StopWatch_IPO_Pattern.elf" @"objects.list"   -mcpu=cortex-m4 -T"C:\harman\STM32Cube\20250625_TImeWatch_StopWatch_IPO_Pattern\STM32F411RETX_FLASH.ld" --specs=nosys.specs -Wl,-Map="20250625_TImeWatch_StopWatch_IPO_Pattern.map" -Wl,--gc-sections -static --specs=nano.specs -mfpu=fpv4-sp-d16 -mfloat-abi=hard -mthumb -Wl,--start-group -lc -lm -Wl,--end-group
Finished building target: 20250625_TImeWatch_StopWatch_IPO_Pattern.elf
 
arm-none-eabi-size  20250625_TImeWatch_StopWatch_IPO_Pattern.elf 
arm-none-eabi-objdump -h -S 20250625_TImeWatch_StopWatch_IPO_Pattern.elf  > "20250625_TImeWatch_StopWatch_IPO_Pattern.list"
   text	   data	    bss	    dec	    hex	filename
  19700	    212	   2140	  22052	   5624	20250625_TImeWatch_StopWatch_IPO_Pattern.elf
Finished building: default.size.stdout
 
Finished building: 20250625_TImeWatch_StopWatch_IPO_Pattern.list
 
12:37:39 **** Incremental Build of configuration Debug for project 20250629_FND_TIM_Interruft ****
make -j16 all 
arm-none-eabi-size  20250629_FND_TIM_Interruft.elf 
   text	   data	    bss	    dec	    hex	filename
   2260	    160	   1616	   4036	    fc4	20250629_FND_TIM_Interruft.elf
Finished building: default.size.stdout
 
12:37:42 **** Incremental Build of configuration Debug for project 20250625_TImeWatch_StopWatch_IPO_Pattern ****
make -j16 all 
arm-none-eabi-size  20250625_TImeWatch_StopWatch_IPO_Pattern.elf 
   text	   data	    bss	    dec	    hex	filename
  19700	    212	   2140	  22052	   5624	20250625_TImeWatch_StopWatch_IPO_Pattern.elf
Finished building: default.size.stdout
 
12:38:06 **** Incremental Build of configuration Debug for project 20250530_OV7670 ****
make -j16 all 
arm-none-eabi-size  20250530_OV7670.elf 
   text	   data	    bss	    dec	    hex	filename
  11916	     16	   1664	  13596	   351c	20250530_OV7670.elf
Finished building: default.size.stdout
 
12:38:07 **** Incremental Build of configuration Debug for project 20250618_LED_Blink ****
make -j16 all 
arm-none-eabi-size  20250618_LED_Blink.elf 
   text	   data	    bss	    dec	    hex	filename
   6004	     12	   1572	   7588	   1da4	20250618_LED_Blink.elf
Finished building: default.size.stdout
 
12:38:07 **** Incremental Build of configuration Debug for project 20250619_CounterShowOnSEG ****
make -j16 all 
arm-none-eabi-size  20250619_CounterShowOnSEG.elf 
   text	   data	    bss	    dec	    hex	filename
   2208	     96	   1608	   3912	    f48	20250619_CounterShowOnSEG.elf
Finished building: default.size.stdout
 
12:38:07 **** Incremental Build of configuration Debug for project 20250619_LedBar ****
make -j16 all 
arm-none-eabi-size  20250619_LedBar.elf 
   text	   data	    bss	    dec	    hex	filename
   1592	     64	   1600	   3256	    cb8	20250619_LedBar.elf
Finished building: default.size.stdout
 
12:38:08 **** Incremental Build of configuration Debug for project 20250620_FND_TIM_Interrupt ****
make -j16 all 
arm-none-eabi-size  20250620_FND_TIM_Interrupt.elf 
   text	   data	    bss	    dec	    hex	filename
   3284	    104	   1640	   5028	   13a4	20250620_FND_TIM_Interrupt.elf
Finished building: default.size.stdout
 
12:38:08 **** Incremental Build of configuration Debug for project 20250620_HW ****
make -j16 all 
arm-none-eabi-size  20250620_HW.elf 
   text	   data	    bss	    dec	    hex	filename
   3160	    160	   1616	   4936	   1348	20250620_HW.elf
Finished building: default.size.stdout
 
12:38:08 **** Incremental Build of configuration Debug for project 20250623_TImeWatch_StopWatch ****
make -j16 all 
arm-none-eabi-size  20250623_TImeWatch_StopWatch.elf 
   text	   data	    bss	    dec	    hex	filename
  10512	    116	   1708	  12336	   3030	20250623_TImeWatch_StopWatch.elf
Finished building: default.size.stdout
 
12:38:09 **** Incremental Build of configuration Debug for project 20250624_TImeWatch_StopWatch ****
make -j16 all 
arm-none-eabi-size  20250624_TImeWatch_StopWatch.elf 
   text	   data	    bss	    dec	    hex	filename
  10560	    116	   1708	  12384	   3060	20250624_TImeWatch_StopWatch.elf
Finished building: default.size.stdout
 
12:38:09 **** Incremental Build of configuration Debug for project 20250624_TImeWatch_StopWatch_IPO_Pattern ****
make -j16 all 
arm-none-eabi-size  20250624_TImeWatch_StopWatch_IPO_Pattern.elf 
   text	   data	    bss	    dec	    hex	filename
  17076	    212	   2108	  19396	   4bc4	20250624_TImeWatch_StopWatch_IPO_Pattern.elf
Finished building: default.size.stdout
 
12:38:09 **** Incremental Build of configuration Debug for project 20250625_TImeWatch_StopWatch_IPO_Pattern ****
make -j16 all 
arm-none-eabi-size  20250625_TImeWatch_StopWatch_IPO_Pattern.elf 
   text	   data	    bss	    dec	    hex	filename
  19700	    212	   2140	  22052	   5624	20250625_TImeWatch_StopWatch_IPO_Pattern.elf
Finished building: default.size.stdout
 
12:38:10 **** Incremental Build of configuration Debug for project 20250629_FND_TIM_Interruft ****
make -j16 all 
arm-none-eabi-size  20250629_FND_TIM_Interruft.elf 
   text	   data	    bss	    dec	    hex	filename
   2260	    160	   1616	   4036	    fc4	20250629_FND_TIM_Interruft.elf
Finished building: default.size.stdout
 
12:39:20 **** Incremental Build of configuration Debug for project 20250530_OV7670 ****
make -j16 all 
arm-none-eabi-size  20250530_OV7670.elf 
   text	   data	    bss	    dec	    hex	filename
  11916	     16	   1664	  13596	   351c	20250530_OV7670.elf
Finished building: default.size.stdout
 
12:39:20 **** Incremental Build of configuration Debug for project 20250618_LED_Blink ****
make -j16 all 
arm-none-eabi-size  20250618_LED_Blink.elf 
   text	   data	    bss	    dec	    hex	filename
   6004	     12	   1572	   7588	   1da4	20250618_LED_Blink.elf
Finished building: default.size.stdout
 
12:39:21 **** Incremental Build of configuration Debug for project 20250619_CounterShowOnSEG ****
make -j16 all 
arm-none-eabi-size  20250619_CounterShowOnSEG.elf 
   text	   data	    bss	    dec	    hex	filename
   2208	     96	   1608	   3912	    f48	20250619_CounterShowOnSEG.elf
Finished building: default.size.stdout
 
12:39:21 **** Incremental Build of configuration Debug for project 20250619_LedBar ****
make -j16 all 
arm-none-eabi-size  20250619_LedBar.elf 
   text	   data	    bss	    dec	    hex	filename
   1592	     64	   1600	   3256	    cb8	20250619_LedBar.elf
Finished building: default.size.stdout
 
12:39:21 **** Incremental Build of configuration Debug for project 20250620_FND_TIM_Interrupt ****
make -j16 all 
arm-none-eabi-size  20250620_FND_TIM_Interrupt.elf 
   text	   data	    bss	    dec	    hex	filename
   3284	    104	   1640	   5028	   13a4	20250620_FND_TIM_Interrupt.elf
Finished building: default.size.stdout
 
12:39:22 **** Incremental Build of configuration Debug for project 20250620_HW ****
make -j16 all 
arm-none-eabi-size  20250620_HW.elf 
   text	   data	    bss	    dec	    hex	filename
   3160	    160	   1616	   4936	   1348	20250620_HW.elf
Finished building: default.size.stdout
 
12:39:22 **** Incremental Build of configuration Debug for project 20250623_TImeWatch_StopWatch ****
make -j16 all 
arm-none-eabi-size  20250623_TImeWatch_StopWatch.elf 
   text	   data	    bss	    dec	    hex	filename
  10512	    116	   1708	  12336	   3030	20250623_TImeWatch_StopWatch.elf
Finished building: default.size.stdout
 
12:39:22 **** Incremental Build of configuration Debug for project 20250624_TImeWatch_StopWatch ****
make -j16 all 
arm-none-eabi-size  20250624_TImeWatch_StopWatch.elf 
   text	   data	    bss	    dec	    hex	filename
  10560	    116	   1708	  12384	   3060	20250624_TImeWatch_StopWatch.elf
Finished building: default.size.stdout
 
12:39:23 **** Incremental Build of configuration Debug for project 20250624_TImeWatch_StopWatch_IPO_Pattern ****
make -j16 all 
arm-none-eabi-size  20250624_TImeWatch_StopWatch_IPO_Pattern.elf 
   text	   data	    bss	    dec	    hex	filename
  17076	    212	   2108	  19396	   4bc4	20250624_TImeWatch_StopWatch_IPO_Pattern.elf
Finished building: default.size.stdout
 
12:39:23 **** Incremental Build of configuration Debug for project 20250625_TImeWatch_StopWatch_IPO_Pattern ****
make -j16 all 
arm-none-eabi-gcc "../data_structure/circled_que/circled_que.c" -mcpu=cortex-m4 -std=gnu11 -g3 -DDEBUG -DUSE_HAL_DRIVER -DSTM32F411xE -c -I../Core/Inc -I../Drivers/STM32F4xx_HAL_Driver/Inc -I../Drivers/STM32F4xx_HAL_Driver/Inc/Legacy -I../Drivers/CMSIS/Device/ST/STM32F4xx/Include -I../Drivers/CMSIS/Include -I"C:/harman/STM32Cube/20250625_TImeWatch_StopWatch_IPO_Pattern/Core/ap" -I"C:/harman/STM32Cube/20250625_TImeWatch_StopWatch_IPO_Pattern/Core/driver/Button" -I"C:/harman/STM32Cube/20250625_TImeWatch_StopWatch_IPO_Pattern/Core/driver/FND" -I"C:/harman/STM32Cube/20250625_TImeWatch_StopWatch_IPO_Pattern/Core/driver/LedBar" -I"C:/harman/STM32Cube/20250625_TImeWatch_StopWatch_IPO_Pattern/Core/ap/Inc" -I"C:/harman/STM32Cube/20250625_TImeWatch_StopWatch_IPO_Pattern/Core/ap/src" -I"C:/harman/STM32Cube/20250625_TImeWatch_StopWatch_IPO_Pattern/data_structure/circled_que" -O0 -ffunction-sections -fdata-sections -Wall -fstack-usage -fcyclomatic-complexity -MMD -MP -MF"data_structure/circled_que/circled_que.d" -MT"data_structure/circled_que/circled_que.o" --specs=nano.specs -mfpu=fpv4-sp-d16 -mfloat-abi=hard -mthumb -o "data_structure/circled_que/circled_que.o"
../data_structure/circled_que/circled_que.c:12:6: error: conflicting types for 'queInit'; have 'void(CircleQue_tpye *, void *)'
   12 | void queInit(CircleQue_tpye* que, void *queBuffer){
      |      ^~~~~~~
In file included from ../data_structure/circled_que/circled_que.c:7:
../data_structure/circled_que/circled_que.h:19:6: note: previous declaration of 'queInit' with type 'void(CircleQue_tpye *)'
   19 | void queInit(CircleQue_tpye* que);
      |      ^~~~~~~
../data_structure/circled_que/circled_que.c: In function 'queInit':
../data_structure/circled_que/circled_que.c:15:22: error: assignment to expression with array type
   15 |         que->queData = queBuffer;
      |                      ^
../data_structure/circled_que/circled_que.c: In function 'enQue':
../data_structure/circled_que/circled_que.c:28:33: warning: assignment to 'void *' from 'int' makes pointer from integer without a cast [-Wint-conversion]
   28 |         que->queData[que->tail] = data;
      |                                 ^
../data_structure/circled_que/circled_que.c: In function 'deQue':
../data_structure/circled_que/circled_que.c:37:16: warning: returning 'void *' from a function with return type 'int' makes integer from pointer without a cast [-Wint-conversion]
   37 |         return data;
      |                ^~~~
../data_structure/circled_que/circled_que.c: In function 'queFront':
../data_structure/circled_que/circled_que.c:42:28: warning: returning 'void *' from a function with return type 'int' makes integer from pointer without a cast [-Wint-conversion]
   42 |         return que->queData[que->top];
      |                ~~~~~~~~~~~~^~~~~~~~~~
make: *** [data_structure/circled_que/subdir.mk:19: data_structure/circled_que/circled_que.o] Error 1
"make -j16 all" terminated with exit code 2. Build might be incomplete.
12:39:24 **** Incremental Build of configuration Debug for project 20250629_FND_TIM_Interruft ****
make -j16 all 
arm-none-eabi-size  20250629_FND_TIM_Interruft.elf 
   text	   data	    bss	    dec	    hex	filename
   2260	    160	   1616	   4036	    fc4	20250629_FND_TIM_Interruft.elf
Finished building: default.size.stdout
 
12:39:29 **** Incremental Build of configuration Debug for project 20250530_OV7670 ****
make -j16 all 
arm-none-eabi-size  20250530_OV7670.elf 
   text	   data	    bss	    dec	    hex	filename
  11916	     16	   1664	  13596	   351c	20250530_OV7670.elf
Finished building: default.size.stdout
 
12:39:30 **** Incremental Build of configuration Debug for project 20250618_LED_Blink ****
make -j16 all 
arm-none-eabi-size  20250618_LED_Blink.elf 
   text	   data	    bss	    dec	    hex	filename
   6004	     12	   1572	   7588	   1da4	20250618_LED_Blink.elf
Finished building: default.size.stdout
 
12:39:30 **** Incremental Build of configuration Debug for project 20250619_CounterShowOnSEG ****
make -j16 all 
arm-none-eabi-size  20250619_CounterShowOnSEG.elf 
   text	   data	    bss	    dec	    hex	filename
   2208	     96	   1608	   3912	    f48	20250619_CounterShowOnSEG.elf
Finished building: default.size.stdout
 
12:39:30 **** Incremental Build of configuration Debug for project 20250619_LedBar ****
make -j16 all 
arm-none-eabi-size  20250619_LedBar.elf 
   text	   data	    bss	    dec	    hex	filename
   1592	     64	   1600	   3256	    cb8	20250619_LedBar.elf
Finished building: default.size.stdout
 
12:39:31 **** Incremental Build of configuration Debug for project 20250620_FND_TIM_Interrupt ****
make -j16 all 
arm-none-eabi-size  20250620_FND_TIM_Interrupt.elf 
   text	   data	    bss	    dec	    hex	filename
   3284	    104	   1640	   5028	   13a4	20250620_FND_TIM_Interrupt.elf
Finished building: default.size.stdout
 
12:39:31 **** Incremental Build of configuration Debug for project 20250620_HW ****
make -j16 all 
arm-none-eabi-size  20250620_HW.elf 
   text	   data	    bss	    dec	    hex	filename
   3160	    160	   1616	   4936	   1348	20250620_HW.elf
Finished building: default.size.stdout
 
12:39:31 **** Incremental Build of configuration Debug for project 20250623_TImeWatch_StopWatch ****
make -j16 all 
arm-none-eabi-size  20250623_TImeWatch_StopWatch.elf 
   text	   data	    bss	    dec	    hex	filename
  10512	    116	   1708	  12336	   3030	20250623_TImeWatch_StopWatch.elf
Finished building: default.size.stdout
 
12:39:32 **** Incremental Build of configuration Debug for project 20250624_TImeWatch_StopWatch ****
make -j16 all 
arm-none-eabi-size  20250624_TImeWatch_StopWatch.elf 
   text	   data	    bss	    dec	    hex	filename
  10560	    116	   1708	  12384	   3060	20250624_TImeWatch_StopWatch.elf
Finished building: default.size.stdout
 
12:39:32 **** Incremental Build of configuration Debug for project 20250624_TImeWatch_StopWatch_IPO_Pattern ****
make -j16 all 
arm-none-eabi-size  20250624_TImeWatch_StopWatch_IPO_Pattern.elf 
   text	   data	    bss	    dec	    hex	filename
  17076	    212	   2108	  19396	   4bc4	20250624_TImeWatch_StopWatch_IPO_Pattern.elf
Finished building: default.size.stdout
 
12:39:32 **** Incremental Build of configuration Debug for project 20250625_TImeWatch_StopWatch_IPO_Pattern ****
make -j16 all 
arm-none-eabi-gcc "../data_structure/circled_que/circled_que.c" -mcpu=cortex-m4 -std=gnu11 -g3 -DDEBUG -DUSE_HAL_DRIVER -DSTM32F411xE -c -I../Core/Inc -I../Drivers/STM32F4xx_HAL_Driver/Inc -I../Drivers/STM32F4xx_HAL_Driver/Inc/Legacy -I../Drivers/CMSIS/Device/ST/STM32F4xx/Include -I../Drivers/CMSIS/Include -I"C:/harman/STM32Cube/20250625_TImeWatch_StopWatch_IPO_Pattern/Core/ap" -I"C:/harman/STM32Cube/20250625_TImeWatch_StopWatch_IPO_Pattern/Core/driver/Button" -I"C:/harman/STM32Cube/20250625_TImeWatch_StopWatch_IPO_Pattern/Core/driver/FND" -I"C:/harman/STM32Cube/20250625_TImeWatch_StopWatch_IPO_Pattern/Core/driver/LedBar" -I"C:/harman/STM32Cube/20250625_TImeWatch_StopWatch_IPO_Pattern/Core/ap/Inc" -I"C:/harman/STM32Cube/20250625_TImeWatch_StopWatch_IPO_Pattern/Core/ap/src" -I"C:/harman/STM32Cube/20250625_TImeWatch_StopWatch_IPO_Pattern/data_structure/circled_que" -O0 -ffunction-sections -fdata-sections -Wall -fstack-usage -fcyclomatic-complexity -MMD -MP -MF"data_structure/circled_que/circled_que.d" -MT"data_structure/circled_que/circled_que.o" --specs=nano.specs -mfpu=fpv4-sp-d16 -mfloat-abi=hard -mthumb -o "data_structure/circled_que/circled_que.o"
../data_structure/circled_que/circled_que.c:12:6: error: conflicting types for 'queInit'; have 'void(CircleQue_tpye *, void *)'
   12 | void queInit(CircleQue_tpye* que, void *queBuffer){
      |      ^~~~~~~
In file included from ../data_structure/circled_que/circled_que.c:7:
../data_structure/circled_que/circled_que.h:19:6: note: previous declaration of 'queInit' with type 'void(CircleQue_tpye *)'
   19 | void queInit(CircleQue_tpye* que);
      |      ^~~~~~~
../data_structure/circled_que/circled_que.c: In function 'queInit':
../data_structure/circled_que/circled_que.c:15:22: error: assignment to expression with array type
   15 |         que->queData = queBuffer;
      |                      ^
../data_structure/circled_que/circled_que.c: In function 'enQue':
../data_structure/circled_que/circled_que.c:28:33: warning: assignment to 'void *' from 'int' makes pointer from integer without a cast [-Wint-conversion]
   28 |         que->queData[que->tail] = data;
      |                                 ^
../data_structure/circled_que/circled_que.c: At top level:
../data_structure/circled_que/circled_que.c:33:7: error: conflicting types for 'deQue'; have 'void *(CircleQue_tpye *)'
   33 | void* deQue(CircleQue_tpye* que) {
      |       ^~~~~
../data_structure/circled_que/circled_que.h:23:5: note: previous declaration of 'deQue' with type 'int(CircleQue_tpye *)'
   23 | int deQue(CircleQue_tpye* que);
      |     ^~~~~
../data_structure/circled_que/circled_que.c: In function 'deQue':
../data_structure/circled_que/circled_que.c:9:22: warning: returning 'int' from a function with return type 'void *' makes pointer from integer without a cast [-Wint-conversion]
    9 | #define QUE_IS_EMPTY -1
      |                      ^
../data_structure/circled_que/circled_que.c:34:36: note: in expansion of macro 'QUE_IS_EMPTY'
   34 |         if(isQueEmpty(que)) return QUE_IS_EMPTY;
      |                                    ^~~~~~~~~~~~
../data_structure/circled_que/circled_que.c: In function 'queFront':
../data_structure/circled_que/circled_que.c:42:28: warning: returning 'void *' from a function with return type 'int' makes integer from pointer without a cast [-Wint-conversion]
   42 |         return que->queData[que->top];
      |                ~~~~~~~~~~~~^~~~~~~~~~
make: *** [data_structure/circled_que/subdir.mk:19: data_structure/circled_que/circled_que.o] Error 1
"make -j16 all" terminated with exit code 2. Build might be incomplete.
12:39:33 **** Incremental Build of configuration Debug for project 20250629_FND_TIM_Interruft ****
make -j16 all 
arm-none-eabi-size  20250629_FND_TIM_Interruft.elf 
   text	   data	    bss	    dec	    hex	filename
   2260	    160	   1616	   4036	    fc4	20250629_FND_TIM_Interruft.elf
Finished building: default.size.stdout
 
12:39:34 **** Incremental Build of configuration Debug for project 20250530_OV7670 ****
make -j16 all 
arm-none-eabi-size  20250530_OV7670.elf 
   text	   data	    bss	    dec	    hex	filename
  11916	     16	   1664	  13596	   351c	20250530_OV7670.elf
Finished building: default.size.stdout
 
12:39:35 **** Incremental Build of configuration Debug for project 20250618_LED_Blink ****
make -j16 all 
arm-none-eabi-size  20250618_LED_Blink.elf 
   text	   data	    bss	    dec	    hex	filename
   6004	     12	   1572	   7588	   1da4	20250618_LED_Blink.elf
Finished building: default.size.stdout
 
12:39:35 **** Incremental Build of configuration Debug for project 20250619_CounterShowOnSEG ****
make -j16 all 
arm-none-eabi-size  20250619_CounterShowOnSEG.elf 
   text	   data	    bss	    dec	    hex	filename
   2208	     96	   1608	   3912	    f48	20250619_CounterShowOnSEG.elf
Finished building: default.size.stdout
 
12:39:35 **** Incremental Build of configuration Debug for project 20250619_LedBar ****
make -j16 all 
arm-none-eabi-size  20250619_LedBar.elf 
   text	   data	    bss	    dec	    hex	filename
   1592	     64	   1600	   3256	    cb8	20250619_LedBar.elf
Finished building: default.size.stdout
 
12:39:36 **** Incremental Build of configuration Debug for project 20250620_FND_TIM_Interrupt ****
make -j16 all 
arm-none-eabi-size  20250620_FND_TIM_Interrupt.elf 
   text	   data	    bss	    dec	    hex	filename
   3284	    104	   1640	   5028	   13a4	20250620_FND_TIM_Interrupt.elf
Finished building: default.size.stdout
 
12:39:36 **** Incremental Build of configuration Debug for project 20250620_HW ****
make -j16 all 
arm-none-eabi-size  20250620_HW.elf 
   text	   data	    bss	    dec	    hex	filename
   3160	    160	   1616	   4936	   1348	20250620_HW.elf
Finished building: default.size.stdout
 
12:39:36 **** Incremental Build of configuration Debug for project 20250623_TImeWatch_StopWatch ****
make -j16 all 
arm-none-eabi-size  20250623_TImeWatch_StopWatch.elf 
   text	   data	    bss	    dec	    hex	filename
[...]
arm-none-eabi-gcc "../Core/ap/src/Presenter.c" -mcpu=cortex-m4 -std=gnu11 -g3 -DDEBUG -DUSE_HAL_DRIVER -DSTM32F411xE -c -I../Core/Inc -I../Drivers/STM32F4xx_HAL_Driver/Inc -I../Drivers/STM32F4xx_HAL_Driver/Inc/Legacy -I../Drivers/CMSIS/Device/ST/STM32F4xx/Include -I../Drivers/CMSIS/Include -I"C:/harman/STM32Cube/20250625_TImeWatch_StopWatch_IPO_Pattern/Core/ap" -I"C:/harman/STM32Cube/20250625_TImeWatch_StopWatch_IPO_Pattern/Core/driver/Button" -I"C:/harman/STM32Cube/20250625_TImeWatch_StopWatch_IPO_Pattern/Core/driver/FND" -I"C:/harman/STM32Cube/20250625_TImeWatch_StopWatch_IPO_Pattern/Core/driver/LedBar" -I"C:/harman/STM32Cube/20250625_TImeWatch_StopWatch_IPO_Pattern/Core/ap/Inc" -I"C:/harman/STM32Cube/20250625_TImeWatch_StopWatch_IPO_Pattern/Core/ap/src" -I"C:/harman/STM32Cube/20250625_TImeWatch_StopWatch_IPO_Pattern/data_structure/circled_que" -I"C:/harman/STM32Cube/20250625_TImeWatch_StopWatch_IPO_Pattern/Core/driver/LCD" -O0 -ffunction-sections -fdata-sections -Wall -fstack-usage -fcyclomatic-complexity -MMD -MP -MF"Core/ap/src/Presenter.d" -MT"Core/ap/src/Presenter.o" --specs=nano.specs -mfpu=fpv4-sp-d16 -mfloat-abi=hard -mthumb -o "Core/ap/src/Presenter.o"
arm-none-eabi-gcc "../Core/ap/src/ap_main.c" -mcpu=cortex-m4 -std=gnu11 -g3 -DDEBUG -DUSE_HAL_DRIVER -DSTM32F411xE -c -I../Core/Inc -I../Drivers/STM32F4xx_HAL_Driver/Inc -I../Drivers/STM32F4xx_HAL_Driver/Inc/Legacy -I../Drivers/CMSIS/Device/ST/STM32F4xx/Include -I../Drivers/CMSIS/Include -I"C:/harman/STM32Cube/20250625_TImeWatch_StopWatch_IPO_Pattern/Core/ap" -I"C:/harman/STM32Cube/20250625_TImeWatch_StopWatch_IPO_Pattern/Core/driver/Button" -I"C:/harman/STM32Cube/20250625_TImeWatch_StopWatch_IPO_Pattern/Core/driver/FND" -I"C:/harman/STM32Cube/20250625_TImeWatch_StopWatch_IPO_Pattern/Core/driver/LedBar" -I"C:/harman/STM32Cube/20250625_TImeWatch_StopWatch_IPO_Pattern/Core/ap/Inc" -I"C:/harman/STM32Cube/20250625_TImeWatch_StopWatch_IPO_Pattern/Core/ap/src" -I"C:/harman/STM32Cube/20250625_TImeWatch_StopWatch_IPO_Pattern/data_structure/circled_que" -I"C:/harman/STM32Cube/20250625_TImeWatch_StopWatch_IPO_Pattern/Core/driver/LCD" -O0 -ffunction-sections -fdata-sections -Wall -fstack-usage -fcyclomatic-complexity -MMD -MP -MF"Core/ap/src/ap_main.d" -MT"Core/ap/src/ap_main.o" --specs=nano.specs -mfpu=fpv4-sp-d16 -mfloat-abi=hard -mthumb -o "Core/ap/src/ap_main.o"
arm-none-eabi-gcc "../Core/ap/src/stopWatch.c" -mcpu=cortex-m4 -std=gnu11 -g3 -DDEBUG -DUSE_HAL_DRIVER -DSTM32F411xE -c -I../Core/Inc -I../Drivers/STM32F4xx_HAL_Driver/Inc -I../Drivers/STM32F4xx_HAL_Driver/Inc/Legacy -I../Drivers/CMSIS/Device/ST/STM32F4xx/Include -I../Drivers/CMSIS/Include -I"C:/harman/STM32Cube/20250625_TImeWatch_StopWatch_IPO_Pattern/Core/ap" -I"C:/harman/STM32Cube/20250625_TImeWatch_StopWatch_IPO_Pattern/Core/driver/Button" -I"C:/harman/STM32Cube/20250625_TImeWatch_StopWatch_IPO_Pattern/Core/driver/FND" -I"C:/harman/STM32Cube/20250625_TImeWatch_StopWatch_IPO_Pattern/Core/driver/LedBar" -I"C:/harman/STM32Cube/20250625_TImeWatch_StopWatch_IPO_Pattern/Core/ap/Inc" -I"C:/harman/STM32Cube/20250625_TImeWatch_StopWatch_IPO_Pattern/Core/ap/src" -I"C:/harman/STM32Cube/20250625_TImeWatch_StopWatch_IPO_Pattern/data_structure/circled_que" -I"C:/harman/STM32Cube/20250625_TImeWatch_StopWatch_IPO_Pattern/Core/driver/LCD" -O0 -ffunction-sections -fdata-sections -Wall -fstack-usage -fcyclomatic-complexity -MMD -MP -MF"Core/ap/src/stopWatch.d" -MT"Core/ap/src/stopWatch.o" --specs=nano.specs -mfpu=fpv4-sp-d16 -mfloat-abi=hard -mthumb -o "Core/ap/src/stopWatch.o"
arm-none-eabi-gcc "../Core/ap/src/timeWatch.c" -mcpu=cortex-m4 -std=gnu11 -g3 -DDEBUG -DUSE_HAL_DRIVER -DSTM32F411xE -c -I../Core/Inc -I../Drivers/STM32F4xx_HAL_Driver/Inc -I../Drivers/STM32F4xx_HAL_Driver/Inc/Legacy -I../Drivers/CMSIS/Device/ST/STM32F4xx/Include -I../Drivers/CMSIS/Include -I"C:/harman/STM32Cube/20250625_TImeWatch_StopWatch_IPO_Pattern/Core/ap" -I"C:/harman/STM32Cube/20250625_TImeWatch_StopWatch_IPO_Pattern/Core/driver/Button" -I"C:/harman/STM32Cube/20250625_TImeWatch_StopWatch_IPO_Pattern/Core/driver/FND" -I"C:/harman/STM32Cube/20250625_TImeWatch_StopWatch_IPO_Pattern/Core/driver/LedBar" -I"C:/harman/STM32Cube/20250625_TImeWatch_StopWatch_IPO_Pattern/Core/ap/Inc" -I"C:/harman/STM32Cube/20250625_TImeWatch_StopWatch_IPO_Pattern/Core/ap/src" -I"C:/harman/STM32Cube/20250625_TImeWatch_StopWatch_IPO_Pattern/data_structure/circled_que" -I"C:/harman/STM32Cube/20250625_TImeWatch_StopWatch_IPO_Pattern/Core/driver/LCD" -O0 -ffunction-sections -fdata-sections -Wall -fstack-usage -fcyclomatic-complexity -MMD -MP -MF"Core/ap/src/timeWatch.d" -MT"Core/ap/src/timeWatch.o" --specs=nano.specs -mfpu=fpv4-sp-d16 -mfloat-abi=hard -mthumb -o "Core/ap/src/timeWatch.o"
arm-none-eabi-gcc "../Core/Src/main.c" -mcpu=cortex-m4 -std=gnu11 -g3 -DDEBUG -DUSE_HAL_DRIVER -DSTM32F411xE -c -I../Core/Inc -I../Drivers/STM32F4xx_HAL_Driver/Inc -I../Drivers/STM32F4xx_HAL_Driver/Inc/Legacy -I../Drivers/CMSIS/Device/ST/STM32F4xx/Include -I../Drivers/CMSIS/Include -I"C:/harman/STM32Cube/20250625_TImeWatch_StopWatch_IPO_Pattern/Core/ap" -I"C:/harman/STM32Cube/20250625_TImeWatch_StopWatch_IPO_Pattern/Core/driver/Button" -I"C:/harman/STM32Cube/20250625_TImeWatch_StopWatch_IPO_Pattern/Core/driver/FND" -I"C:/harman/STM32Cube/20250625_TImeWatch_StopWatch_IPO_Pattern/Core/driver/LedBar" -I"C:/harman/STM32Cube/20250625_TImeWatch_StopWatch_IPO_Pattern/Core/ap/Inc" -I"C:/harman/STM32Cube/20250625_TImeWatch_StopWatch_IPO_Pattern/Core/ap/src" -I"C:/harman/STM32Cube/20250625_TImeWatch_StopWatch_IPO_Pattern/data_structure/circled_que" -I"C:/harman/STM32Cube/20250625_TImeWatch_StopWatch_IPO_Pattern/Core/driver/LCD" -O0 -ffunction-sections -fdata-sections -Wall -fstack-usage -fcyclomatic-complexity -MMD -MP -MF"Core/Src/main.d" -MT"Core/Src/main.o" --specs=nano.specs -mfpu=fpv4-sp-d16 -mfloat-abi=hard -mthumb -o "Core/Src/main.o"
../Core/ap/src/stopWatch.c: In function 'get_stopwatch':
../Core/ap/src/stopWatch.c:17:16: error: 'stopWatch' undeclared (first use in this function); did you mean 'stopWatch_s'?
   17 |         return stopWatch;
      |                ^~~~~~~~~
      |                stopWatch_s
../Core/ap/src/stopWatch.c:17:16: note: each undeclared identifier is reported only once for each function it appears in
../Core/ap/src/stopWatch.c: In function 'StopWatch_Incstop':
../Core/ap/src/stopWatch.c:28:13: error: 'stopWatch' undeclared (first use in this function); did you mean 'stopWatch_s'?
   28 |         if (stopWatch.msec < 1000 - 1) {
      |             ^~~~~~~~~
      |             stopWatch_s
../Core/ap/src/stopWatch.c: In function 'StopWatch_Excute':
../Core/ap/src/stopWatch.c:67:27: error: 'stopWatch' undeclared (first use in this function); did you mean 'stopWatch_s'?
   67 |         Presenter_OutData(stopWatch);
      |                           ^~~~~~~~~
      |                           stopWatch_s
../Core/ap/src/stopWatch.c: In function 'StopWatch_Clear':
../Core/ap/src/stopWatch.c:90:9: error: 'stopWatch' undeclared (first use in this function); did you mean 'stopWatch_s'?
   90 |         stopWatch.msec = 0;
      |         ^~~~~~~~~
      |         stopWatch_s
../Core/ap/src/stopWatch.c: In function 'get_stopwatch':
../Core/ap/src/stopWatch.c:18:1: warning: control reaches end of non-void function [-Wreturn-type]
   18 | }
      | ^
make: *** [Core/ap/src/subdir.mk:34: Core/ap/src/stopWatch.o] Error 1
make: *** Waiting for unfinished jobs....
../Core/ap/src/Listener.c: In function 'Listener_UartCallBack':
../Core/ap/src/Listener.c:97:27: warning: cast to pointer from integer of different size [-Wint-to-pointer-cast]
   97 |         enQue(&uartRxQue, (void*) rxData);
      |                           ^
../Core/ap/src/Presenter.c: In function 'Presenter_Excute':
../Core/ap/src/Presenter.c:45:52: warning: 'sprintf' may write a terminating nul past the end of the destination [-Wformat-overflow=]
   45 |         sprintf(str_stopwatch, "%02d:%02d:%02d.%02d", stopwatch_disData.hour, stopwatch_disData.min, stopwatch_disData.sec, stopwatch_disData.msec/10);
      |                                                    ^
../Core/ap/src/Presenter.c:45:9: note: 'sprintf' output between 12 and 17 bytes into a destination of size 16
   45 |         sprintf(str_stopwatch, "%02d:%02d:%02d.%02d", stopwatch_disData.hour, stopwatch_disData.min, stopwatch_disData.sec, stopwatch_disData.msec/10);
      |         ^~~~~~~~~~~~~~~~~~~~~~~~~~~~~~~~~~~~~~~~~~~~~~~~~~~~~~~~~~~~~~~~~~~~~~~~~~~~~~~~~~~~~~~~~~~~~~~~~~~~~~~~~~~~~~~~~~~~~~~~~~~~~~~~~~~~~~~~~~~~~~
"make -j16 all" terminated with exit code 2. Build might be incomplete.
18:18:15 **** Incremental Build of configuration Debug for project 20250530_OV7670 ****
make -j16 all 
arm-none-eabi-size  20250530_OV7670.elf 
   text	   data	    bss	    dec	    hex	filename
  11916	     16	   1664	  13596	   351c	20250530_OV7670.elf
Finished building: default.size.stdout
 
18:18:15 **** Incremental Build of configuration Debug for project 20250618_LED_Blink ****
make -j16 all 
arm-none-eabi-size  20250618_LED_Blink.elf 
   text	   data	    bss	    dec	    hex	filename
   6004	     12	   1572	   7588	   1da4	20250618_LED_Blink.elf
Finished building: default.size.stdout
 
18:18:16 **** Incremental Build of configuration Debug for project 20250619_CounterShowOnSEG ****
make -j16 all 
arm-none-eabi-size  20250619_CounterShowOnSEG.elf 
   text	   data	    bss	    dec	    hex	filename
   2208	     96	   1608	   3912	    f48	20250619_CounterShowOnSEG.elf
Finished building: default.size.stdout
 
18:18:16 **** Incremental Build of configuration Debug for project 20250619_LedBar ****
make -j16 all 
arm-none-eabi-size  20250619_LedBar.elf 
   text	   data	    bss	    dec	    hex	filename
   1592	     64	   1600	   3256	    cb8	20250619_LedBar.elf
Finished building: default.size.stdout
 
18:18:16 **** Incremental Build of configuration Debug for project 20250620_FND_TIM_Interrupt ****
make -j16 all 
arm-none-eabi-size  20250620_FND_TIM_Interrupt.elf 
   text	   data	    bss	    dec	    hex	filename
   3284	    104	   1640	   5028	   13a4	20250620_FND_TIM_Interrupt.elf
Finished building: default.size.stdout
 
18:18:17 **** Incremental Build of configuration Debug for project 20250620_HW ****
make -j16 all 
arm-none-eabi-size  20250620_HW.elf 
   text	   data	    bss	    dec	    hex	filename
   3160	    160	   1616	   4936	   1348	20250620_HW.elf
Finished building: default.size.stdout
 
18:18:17 **** Incremental Build of configuration Debug for project 20250623_TImeWatch_StopWatch ****
make -j16 all 
arm-none-eabi-size  20250623_TImeWatch_StopWatch.elf 
   text	   data	    bss	    dec	    hex	filename
  10512	    116	   1708	  12336	   3030	20250623_TImeWatch_StopWatch.elf
Finished building: default.size.stdout
 
18:18:17 **** Incremental Build of configuration Debug for project 20250624_TImeWatch_StopWatch ****
make -j16 all 
arm-none-eabi-size  20250624_TImeWatch_StopWatch.elf 
   text	   data	    bss	    dec	    hex	filename
  10560	    116	   1708	  12384	   3060	20250624_TImeWatch_StopWatch.elf
Finished building: default.size.stdout
 
18:18:18 **** Incremental Build of configuration Debug for project 20250624_TImeWatch_StopWatch_IPO_Pattern ****
make -j16 all 
arm-none-eabi-size  20250624_TImeWatch_StopWatch_IPO_Pattern.elf 
   text	   data	    bss	    dec	    hex	filename
  17076	    212	   2108	  19396	   4bc4	20250624_TImeWatch_StopWatch_IPO_Pattern.elf
Finished building: default.size.stdout
 
18:18:18 **** Incremental Build of configuration Debug for project 20250625_TImeWatch_StopWatch_IPO_Pattern ****
make -j16 all 
arm-none-eabi-gcc "../Core/ap/src/stopWatch.c" -mcpu=cortex-m4 -std=gnu11 -g3 -DDEBUG -DUSE_HAL_DRIVER -DSTM32F411xE -c -I../Core/Inc -I../Drivers/STM32F4xx_HAL_Driver/Inc -I../Drivers/STM32F4xx_HAL_Driver/Inc/Legacy -I../Drivers/CMSIS/Device/ST/STM32F4xx/Include -I../Drivers/CMSIS/Include -I"C:/harman/STM32Cube/20250625_TImeWatch_StopWatch_IPO_Pattern/Core/ap" -I"C:/harman/STM32Cube/20250625_TImeWatch_StopWatch_IPO_Pattern/Core/driver/Button" -I"C:/harman/STM32Cube/20250625_TImeWatch_StopWatch_IPO_Pattern/Core/driver/FND" -I"C:/harman/STM32Cube/20250625_TImeWatch_StopWatch_IPO_Pattern/Core/driver/LedBar" -I"C:/harman/STM32Cube/20250625_TImeWatch_StopWatch_IPO_Pattern/Core/ap/Inc" -I"C:/harman/STM32Cube/20250625_TImeWatch_StopWatch_IPO_Pattern/Core/ap/src" -I"C:/harman/STM32Cube/20250625_TImeWatch_StopWatch_IPO_Pattern/data_structure/circled_que" -I"C:/harman/STM32Cube/20250625_TImeWatch_StopWatch_IPO_Pattern/Core/driver/LCD" -O0 -ffunction-sections -fdata-sections -Wall -fstack-usage -fcyclomatic-complexity -MMD -MP -MF"Core/ap/src/stopWatch.d" -MT"Core/ap/src/stopWatch.o" --specs=nano.specs -mfpu=fpv4-sp-d16 -mfloat-abi=hard -mthumb -o "Core/ap/src/stopWatch.o"
arm-none-eabi-gcc -o "20250625_TImeWatch_StopWatch_IPO_Pattern.elf" @"objects.list"   -mcpu=cortex-m4 -T"C:\harman\STM32Cube\20250625_TImeWatch_StopWatch_IPO_Pattern\STM32F411RETX_FLASH.ld" --specs=nosys.specs -Wl,-Map="20250625_TImeWatch_StopWatch_IPO_Pattern.map" -Wl,--gc-sections -static --specs=nano.specs -mfpu=fpv4-sp-d16 -mfloat-abi=hard -mthumb -Wl,--start-group -lc -lm -Wl,--end-group
C:/ST/STM32CubeIDE_1.18.1/STM32CubeIDE/plugins/com.st.stm32cube.ide.mcu.externaltools.gnu-tools-for-stm32.13.3.rel1.win32_1.0.0.202411081344/tools/bin/../lib/gcc/arm-none-eabi/13.3.1/../../../../arm-none-eabi/bin/ld.exe: ./Core/ap/src/Presenter.o: in function `Presenter_OutData':
C:/harman/STM32Cube/20250625_TImeWatch_StopWatch_IPO_Pattern/Debug/../Core/ap/src/Presenter.c:29:(.text.Presenter_OutData+0x1c): undefined reference to `get_stopwatch'
collect2.exe: error: ld returned 1 exit status
make: *** [makefile:70: 20250625_TImeWatch_StopWatch_IPO_Pattern.elf] Error 1
"make -j16 all" terminated with exit code 2. Build might be incomplete.
18:18:19 **** Incremental Build of configuration Debug for project 20250629_FND_TIM_Interruft ****
make -j16 all 
arm-none-eabi-size  20250629_FND_TIM_Interruft.elf 
   text	   data	    bss	    dec	    hex	filename
   2260	    160	   1616	   4036	    fc4	20250629_FND_TIM_Interruft.elf
Finished building: default.size.stdout
 
18:18:21 **** Incremental Build of configuration Debug for project 20250625_TImeWatch_StopWatch_IPO_Pattern ****
make -j16 all 
arm-none-eabi-gcc -o "20250625_TImeWatch_StopWatch_IPO_Pattern.elf" @"objects.list"   -mcpu=cortex-m4 -T"C:\harman\STM32Cube\20250625_TImeWatch_StopWatch_IPO_Pattern\STM32F411RETX_FLASH.ld" --specs=nosys.specs -Wl,-Map="20250625_TImeWatch_StopWatch_IPO_Pattern.map" -Wl,--gc-sections -static --specs=nano.specs -mfpu=fpv4-sp-d16 -mfloat-abi=hard -mthumb -Wl,--start-group -lc -lm -Wl,--end-group
C:/ST/STM32CubeIDE_1.18.1/STM32CubeIDE/plugins/com.st.stm32cube.ide.mcu.externaltools.gnu-tools-for-stm32.13.3.rel1.win32_1.0.0.202411081344/tools/bin/../lib/gcc/arm-none-eabi/13.3.1/../../../../arm-none-eabi/bin/ld.exe: ./Core/ap/src/Presenter.o: in function `Presenter_OutData':
C:/harman/STM32Cube/20250625_TImeWatch_StopWatch_IPO_Pattern/Debug/../Core/ap/src/Presenter.c:29:(.text.Presenter_OutData+0x1c): undefined reference to `get_stopwatch'
collect2.exe: error: ld returned 1 exit status
make: *** [makefile:70: 20250625_TImeWatch_StopWatch_IPO_Pattern.elf] Error 1
"make -j16 all" terminated with exit code 2. Build might be incomplete.
18:18:40 **** Incremental Build of configuration Debug for project 20250625_TImeWatch_StopWatch_IPO_Pattern ****
make -j16 all 
arm-none-eabi-gcc "../Core/ap/src/stopWatch.c" -mcpu=cortex-m4 -std=gnu11 -g3 -DDEBUG -DUSE_HAL_DRIVER -DSTM32F411xE -c -I../Core/Inc -I../Drivers/STM32F4xx_HAL_Driver/Inc -I../Drivers/STM32F4xx_HAL_Driver/Inc/Legacy -I../Drivers/CMSIS/Device/ST/STM32F4xx/Include -I../Drivers/CMSIS/Include -I"C:/harman/STM32Cube/20250625_TImeWatch_StopWatch_IPO_Pattern/Core/ap" -I"C:/harman/STM32Cube/20250625_TImeWatch_StopWatch_IPO_Pattern/Core/driver/Button" -I"C:/harman/STM32Cube/20250625_TImeWatch_StopWatch_IPO_Pattern/Core/driver/FND" -I"C:/harman/STM32Cube/20250625_TImeWatch_StopWatch_IPO_Pattern/Core/driver/LedBar" -I"C:/harman/STM32Cube/20250625_TImeWatch_StopWatch_IPO_Pattern/Core/ap/Inc" -I"C:/harman/STM32Cube/20250625_TImeWatch_StopWatch_IPO_Pattern/Core/ap/src" -I"C:/harman/STM32Cube/20250625_TImeWatch_StopWatch_IPO_Pattern/data_structure/circled_que" -I"C:/harman/STM32Cube/20250625_TImeWatch_StopWatch_IPO_Pattern/Core/driver/LCD" -O0 -ffunction-sections -fdata-sections -Wall -fstack-usage -fcyclomatic-complexity -MMD -MP -MF"Core/ap/src/stopWatch.d" -MT"Core/ap/src/stopWatch.o" --specs=nano.specs -mfpu=fpv4-sp-d16 -mfloat-abi=hard -mthumb -o "Core/ap/src/stopWatch.o"
arm-none-eabi-gcc -o "20250625_TImeWatch_StopWatch_IPO_Pattern.elf" @"objects.list"   -mcpu=cortex-m4 -T"C:\harman\STM32Cube\20250625_TImeWatch_StopWatch_IPO_Pattern\STM32F411RETX_FLASH.ld" --specs=nosys.specs -Wl,-Map="20250625_TImeWatch_StopWatch_IPO_Pattern.map" -Wl,--gc-sections -static --specs=nano.specs -mfpu=fpv4-sp-d16 -mfloat-abi=hard -mthumb -Wl,--start-group -lc -lm -Wl,--end-group
Finished building target: 20250625_TImeWatch_StopWatch_IPO_Pattern.elf
 
arm-none-eabi-size  20250625_TImeWatch_StopWatch_IPO_Pattern.elf 
arm-none-eabi-objdump -h -S 20250625_TImeWatch_StopWatch_IPO_Pattern.elf  > "20250625_TImeWatch_StopWatch_IPO_Pattern.list"
   text	   data	    bss	    dec	    hex	filename
  23332	    212	   2244	  25788	   64bc	20250625_TImeWatch_StopWatch_IPO_Pattern.elf
Finished building: default.size.stdout
 
Finished building: 20250625_TImeWatch_StopWatch_IPO_Pattern.list
 
18:20:45 **** Incremental Build of configuration Debug for project 20250625_TImeWatch_StopWatch_IPO_Pattern ****
make -j16 all 
arm-none-eabi-gcc "../Core/ap/src/Presenter.c" -mcpu=cortex-m4 -std=gnu11 -g3 -DDEBUG -DUSE_HAL_DRIVER -DSTM32F411xE -c -I../Core/Inc -I../Drivers/STM32F4xx_HAL_Driver/Inc -I../Drivers/STM32F4xx_HAL_Driver/Inc/Legacy -I../Drivers/CMSIS/Device/ST/STM32F4xx/Include -I../Drivers/CMSIS/Include -I"C:/harman/STM32Cube/20250625_TImeWatch_StopWatch_IPO_Pattern/Core/ap" -I"C:/harman/STM32Cube/20250625_TImeWatch_StopWatch_IPO_Pattern/Core/driver/Button" -I"C:/harman/STM32Cube/20250625_TImeWatch_StopWatch_IPO_Pattern/Core/driver/FND" -I"C:/harman/STM32Cube/20250625_TImeWatch_StopWatch_IPO_Pattern/Core/driver/LedBar" -I"C:/harman/STM32Cube/20250625_TImeWatch_StopWatch_IPO_Pattern/Core/ap/Inc" -I"C:/harman/STM32Cube/20250625_TImeWatch_StopWatch_IPO_Pattern/Core/ap/src" -I"C:/harman/STM32Cube/20250625_TImeWatch_StopWatch_IPO_Pattern/data_structure/circled_que" -I"C:/harman/STM32Cube/20250625_TImeWatch_StopWatch_IPO_Pattern/Core/driver/LCD" -O0 -ffunction-sections -fdata-sections -Wall -fstack-usage -fcyclomatic-complexity -MMD -MP -MF"Core/ap/src/Presenter.d" -MT"Core/ap/src/Presenter.o" --specs=nano.specs -mfpu=fpv4-sp-d16 -mfloat-abi=hard -mthumb -o "Core/ap/src/Presenter.o"
arm-none-eabi-gcc -o "20250625_TImeWatch_StopWatch_IPO_Pattern.elf" @"objects.list"   -mcpu=cortex-m4 -T"C:\harman\STM32Cube\20250625_TImeWatch_StopWatch_IPO_Pattern\STM32F411RETX_FLASH.ld" --specs=nosys.specs -Wl,-Map="20250625_TImeWatch_StopWatch_IPO_Pattern.map" -Wl,--gc-sections -static --specs=nano.specs -mfpu=fpv4-sp-d16 -mfloat-abi=hard -mthumb -Wl,--start-group -lc -lm -Wl,--end-group
Finished building target: 20250625_TImeWatch_StopWatch_IPO_Pattern.elf
 
arm-none-eabi-size  20250625_TImeWatch_StopWatch_IPO_Pattern.elf 
arm-none-eabi-objdump -h -S 20250625_TImeWatch_StopWatch_IPO_Pattern.elf  > "20250625_TImeWatch_StopWatch_IPO_Pattern.list"
   text	   data	    bss	    dec	    hex	filename
  23332	    212	   2244	  25788	   64bc	20250625_TImeWatch_StopWatch_IPO_Pattern.elf
Finished building: default.size.stdout
 
Finished building: 20250625_TImeWatch_StopWatch_IPO_Pattern.list
 
