16:44:14 **** Incremental Build of configuration Debug for project 20250623_TImeWatch_StopWatch ****
make -j16 all 
arm-none-eabi-gcc "../Core/Src/main.c" -mcpu=cortex-m4 -std=gnu11 -g3 -DDEBUG -DUSE_HAL_DRIVER -DSTM32F411xE -c -I../Core/Inc -I../Drivers/STM32F4xx_HAL_Driver/Inc -I../Drivers/STM32F4xx_HAL_Driver/Inc/Legacy -I../Drivers/CMSIS/Device/ST/STM32F4xx/Include -I../Drivers/CMSIS/Include -I"C:/harman/STM32Cube/20250623_TImeWatch_StopWatch/Core/ap" -I"C:/harman/STM32Cube/20250623_TImeWatch_StopWatch/Core/driver/Button" -I"C:/harman/STM32Cube/20250623_TImeWatch_StopWatch/Core/driver/FND" -I"C:/harman/STM32Cube/20250623_TImeWatch_StopWatch/Core/driver/LedBar" -O0 -ffunction-sections -fdata-sections -Wall -fstack-usage -fcyclomatic-complexity -MMD -MP -MF"Core/Src/main.d" -MT"Core/Src/main.o" --specs=nano.specs -mfpu=fpv4-sp-d16 -mfloat-abi=hard -mthumb -o "Core/Src/main.o"
arm-none-eabi-gcc "../Core/Src/tim.c" -mcpu=cortex-m4 -std=gnu11 -g3 -DDEBUG -DUSE_HAL_DRIVER -DSTM32F411xE -c -I../Core/Inc -I../Drivers/STM32F4xx_HAL_Driver/Inc -I../Drivers/STM32F4xx_HAL_Driver/Inc/Legacy -I../Drivers/CMSIS/Device/ST/STM32F4xx/Include -I../Drivers/CMSIS/Include -I"C:/harman/STM32Cube/20250623_TImeWatch_StopWatch/Core/ap" -I"C:/harman/STM32Cube/20250623_TImeWatch_StopWatch/Core/driver/Button" -I"C:/harman/STM32Cube/20250623_TImeWatch_StopWatch/Core/driver/FND" -I"C:/harman/STM32Cube/20250623_TImeWatch_StopWatch/Core/driver/LedBar" -O0 -ffunction-sections -fdata-sections -Wall -fstack-usage -fcyclomatic-complexity -MMD -MP -MF"Core/Src/tim.d" -MT"Core/Src/tim.o" --specs=nano.specs -mfpu=fpv4-sp-d16 -mfloat-abi=hard -mthumb -o "Core/Src/tim.o"
arm-none-eabi-gcc -o "20250623_TImeWatch_StopWatch.elf" @"objects.list"   -mcpu=cortex-m4 -T"C:\harman\STM32Cube\20250623_TImeWatch_StopWatch\STM32F411RETX_FLASH.ld" --specs=nosys.specs -Wl,-Map="20250623_TImeWatch_StopWatch.map" -Wl,--gc-sections -static --specs=nano.specs -mfpu=fpv4-sp-d16 -mfloat-abi=hard -mthumb -Wl,--start-group -lc -lm -Wl,--end-group
C:/ST/STM32CubeIDE_1.18.1/STM32CubeIDE/plugins/com.st.stm32cube.ide.mcu.externaltools.gnu-tools-for-stm32.13.3.rel1.win32_1.0.0.202411081344/tools/bin/../lib/gcc/arm-none-eabi/13.3.1/../../../../arm-none-eabi/bin/ld.exe: ./Core/ap/StopWatch.o:C:/harman/STM32Cube/20250623_TImeWatch_StopWatch/Debug/../Core/ap/button_manager.h:13: multiple definition of `hBtnMode'; ./Core/Src/main.o:C:/harman/STM32Cube/20250623_TImeWatch_StopWatch/Core/ap/button_manager.h:13: first defined here
C:/ST/STM32CubeIDE_1.18.1/STM32CubeIDE/plugins/com.st.stm32cube.ide.mcu.externaltools.gnu-tools-for-stm32.13.3.rel1.win32_1.0.0.202411081344/tools/bin/../lib/gcc/arm-none-eabi/13.3.1/../../../../arm-none-eabi/bin/ld.exe: ./Core/ap/StopWatch.o:C:/harman/STM32Cube/20250623_TImeWatch_StopWatch/Debug/../Core/ap/button_manager.h:14: multiple definition of `hBtnRunStop'; ./Core/Src/main.o:C:/harman/STM32Cube/20250623_TImeWatch_StopWatch/Core/ap/button_manager.h:14: first defined here
C:/ST/STM32CubeIDE_1.18.1/STM32CubeIDE/plugins/com.st.stm32cube.ide.mcu.externaltools.gnu-tools-for-stm32.13.3.rel1.win32_1.0.0.202411081344/tools/bin/../lib/gcc/arm-none-eabi/13.3.1/../../../../arm-none-eabi/bin/ld.exe: ./Core/ap/StopWatch.o:C:/harman/STM32Cube/20250623_TImeWatch_StopWatch/Debug/../Core/ap/button_manager.h:15: multiple definition of `hBtnClear'; ./Core/Src/main.o:C:/harman/STM32Cube/20250623_TImeWatch_StopWatch/Core/ap/button_manager.h:15: first defined here
C:/ST/STM32CubeIDE_1.18.1/STM32CubeIDE/plugins/com.st.stm32cube.ide.mcu.externaltools.gnu-tools-for-stm32.13.3.rel1.win32_1.0.0.202411081344/tools/bin/../lib/gcc/arm-none-eabi/13.3.1/../../../../arm-none-eabi/bin/ld.exe: ./Core/ap/ap_main.o:C:/harman/STM32Cube/20250623_TImeWatch_StopWatch/Debug/../Core/ap/button_manager.h:13: multiple definition of `hBtnMode'; ./Core/Src/main.o:C:/harman/STM32Cube/20250623_TImeWatch_StopWatch/Core/ap/button_manager.h:13: first defined here
C:/ST/STM32CubeIDE_1.18.1/STM32CubeIDE/plugins/com.st.stm32cube.ide.mcu.externaltools.gnu-tools-for-stm32.13.3.rel1.win32_1.0.0.202411081344/tools/bin/../lib/gcc/arm-none-eabi/13.3.1/../../../../arm-none-eabi/bin/ld.exe: ./Core/ap/ap_main.o:C:/harman/STM32Cube/20250623_TImeWatch_StopWatch/Debug/../Core/ap/button_manager.h:14: multiple definition of `hBtnRunStop'; ./Core/Src/main.o:C:/harman/STM32Cube/20250623_TImeWatch_StopWatch/Core/ap/button_manager.h:14: first defined here
C:/ST/STM32CubeIDE_1.18.1/STM32CubeIDE/plugins/com.st.stm32cube.ide.mcu.externaltools.gnu-tools-for-stm32.13.3.rel1.win32_1.0.0.202411081344/tools/bin/../lib/gcc/arm-none-eabi/13.3.1/../../../../arm-none-eabi/bin/ld.exe: ./Core/ap/ap_main.o:C:/harman/STM32Cube/20250623_TImeWatch_StopWatch/Debug/../Core/ap/button_manager.h:15: multiple definition of `hBtnClear'; ./Core/Src/main.o:C:/harman/STM32Cube/20250623_TImeWatch_StopWatch/Core/ap/button_manager.h:15: first defined here
C:/ST/STM32CubeIDE_1.18.1/STM32CubeIDE/plugins/com.st.stm32cube.ide.mcu.externaltools.gnu-tools-for-stm32.13.3.rel1.win32_1.0.0.202411081344/tools/bin/../lib/gcc/arm-none-eabi/13.3.1/../../../../arm-none-eabi/bin/ld.exe: ./Core/ap/button_manager.o:C:/harman/STM32Cube/20250623_TImeWatch_StopWatch/Debug/../Core/ap/button_manager.h:13: multiple definition of `hBtnMode'; ./Core/Src/main.o:C:/harman/STM32Cube/20250623_TImeWatch_StopWatch/Core/ap/button_manager.h:13: first defined here
C:/ST/STM32CubeIDE_1.18.1/STM32CubeIDE/plugins/com.st.stm32cube.ide.mcu.externaltools.gnu-tools-for-stm32.13.3.rel1.win32_1.0.0.202411081344/tools/bin/../lib/gcc/arm-none-eabi/13.3.1/../../../../arm-none-eabi/bin/ld.exe: ./Core/ap/button_manager.o:C:/harman/STM32Cube/20250623_TImeWatch_StopWatch/Debug/../Core/ap/button_manager.h:14: multiple definition of `hBtnRunStop'; ./Core/Src/main.o:C:/harman/STM32Cube/20250623_TImeWatch_StopWatch/Core/ap/button_manager.h:14: first defined here
C:/ST/STM32CubeIDE_1.18.1/STM32CubeIDE/plugins/com.st.stm32cube.ide.mcu.externaltools.gnu-tools-for-stm32.13.3.rel1.win32_1.0.0.202411081344/tools/bin/../lib/gcc/arm-none-eabi/13.3.1/../../../../arm-none-eabi/bin/ld.exe: ./Core/ap/button_manager.o:C:/harman/STM32Cube/20250623_TImeWatch_StopWatch/Debug/../Core/ap/button_manager.h:15: multiple definition of `hBtnClear'; ./Core/Src/main.o:C:/harman/STM32Cube/20250623_TImeWatch_StopWatch/Core/ap/button_manager.h:15: first defined here
collect2.exe: error: ld returned 1 exit status
make: *** [makefile:68: 20250623_TImeWatch_StopWatch.elf] Error 1
"make -j16 all" terminated with exit code 2. Build might be incomplete.
16:45:15 **** Incremental Build of configuration Debug for project 20250530_OV7670 ****
make -j16 all 
arm-none-eabi-size  20250530_OV7670.elf 
   text	   data	    bss	    dec	    hex	filename
  11916	     16	   1664	  13596	   351c	20250530_OV7670.elf
Finished building: default.size.stdout
 
16:45:16 **** Incremental Build of configuration Debug for project 20250618_LED_Blink ****
make -j16 all 
arm-none-eabi-size  20250618_LED_Blink.elf 
   text	   data	    bss	    dec	    hex	filename
   6004	     12	   1572	   7588	   1da4	20250618_LED_Blink.elf
Finished building: default.size.stdout
 
16:45:16 **** Incremental Build of configuration Debug for project 20250619_CounterShowOnSEG ****
make -j16 all 
arm-none-eabi-size  20250619_CounterShowOnSEG.elf 
   text	   data	    bss	    dec	    hex	filename
   2208	     96	   1608	   3912	    f48	20250619_CounterShowOnSEG.elf
Finished building: default.size.stdout
 
16:45:16 **** Incremental Build of configuration Debug for project 20250619_LedBar ****
make -j16 all 
arm-none-eabi-size  20250619_LedBar.elf 
   text	   data	    bss	    dec	    hex	filename
   1592	     64	   1600	   3256	    cb8	20250619_LedBar.elf
Finished building: default.size.stdout
 
16:45:17 **** Incremental Build of configuration Debug for project 20250620_FND_TIM_Interrupt ****
make -j16 all 
arm-none-eabi-size  20250620_FND_TIM_Interrupt.elf 
   text	   data	    bss	    dec	    hex	filename
   3284	    104	   1640	   5028	   13a4	20250620_FND_TIM_Interrupt.elf
Finished building: default.size.stdout
 
16:45:17 **** Incremental Build of configuration Debug for project 20250620_HW ****
make -j16 all 
arm-none-eabi-size  20250620_HW.elf 
   text	   data	    bss	    dec	    hex	filename
   3160	    160	   1616	   4936	   1348	20250620_HW.elf
Finished building: default.size.stdout
 
16:45:17 **** Incremental Build of configuration Debug for project 20250623_TImeWatch_StopWatch ****
make -j16 all 
arm-none-eabi-gcc "../Core/ap/StopWatch.c" -mcpu=cortex-m4 -std=gnu11 -g3 -DDEBUG -DUSE_HAL_DRIVER -DSTM32F411xE -c -I../Core/Inc -I../Drivers/STM32F4xx_HAL_Driver/Inc -I../Drivers/STM32F4xx_HAL_Driver/Inc/Legacy -I../Drivers/CMSIS/Device/ST/STM32F4xx/Include -I../Drivers/CMSIS/Include -I"C:/harman/STM32Cube/20250623_TImeWatch_StopWatch/Core/ap" -I"C:/harman/STM32Cube/20250623_TImeWatch_StopWatch/Core/driver/Button" -I"C:/harman/STM32Cube/20250623_TImeWatch_StopWatch/Core/driver/FND" -I"C:/harman/STM32Cube/20250623_TImeWatch_StopWatch/Core/driver/LedBar" -O0 -ffunction-sections -fdata-sections -Wall -fstack-usage -fcyclomatic-complexity -MMD -MP -MF"Core/ap/StopWatch.d" -MT"Core/ap/StopWatch.o" --specs=nano.specs -mfpu=fpv4-sp-d16 -mfloat-abi=hard -mthumb -o "Core/ap/StopWatch.o"
arm-none-eabi-gcc "../Core/ap/TimeWatch.c" -mcpu=cortex-m4 -std=gnu11 -g3 -DDEBUG -DUSE_HAL_DRIVER -DSTM32F411xE -c -I../Core/Inc -I../Drivers/STM32F4xx_HAL_Driver/Inc -I../Drivers/STM32F4xx_HAL_Driver/Inc/Legacy -I../Drivers/CMSIS/Device/ST/STM32F4xx/Include -I../Drivers/CMSIS/Include -I"C:/harman/STM32Cube/20250623_TImeWatch_StopWatch/Core/ap" -I"C:/harman/STM32Cube/20250623_TImeWatch_StopWatch/Core/driver/Button" -I"C:/harman/STM32Cube/20250623_TImeWatch_StopWatch/Core/driver/FND" -I"C:/harman/STM32Cube/20250623_TImeWatch_StopWatch/Core/driver/LedBar" -O0 -ffunction-sections -fdata-sections -Wall -fstack-usage -fcyclomatic-complexity -MMD -MP -MF"Core/ap/TimeWatch.d" -MT"Core/ap/TimeWatch.o" --specs=nano.specs -mfpu=fpv4-sp-d16 -mfloat-abi=hard -mthumb -o "Core/ap/TimeWatch.o"
arm-none-eabi-gcc "../Core/ap/ap_main.c" -mcpu=cortex-m4 -std=gnu11 -g3 -DDEBUG -DUSE_HAL_DRIVER -DSTM32F411xE -c -I../Core/Inc -I../Drivers/STM32F4xx_HAL_Driver/Inc -I../Drivers/STM32F4xx_HAL_Driver/Inc/Legacy -I../Drivers/CMSIS/Device/ST/STM32F4xx/Include -I../Drivers/CMSIS/Include -I"C:/harman/STM32Cube/20250623_TImeWatch_StopWatch/Core/ap" -I"C:/harman/STM32Cube/20250623_TImeWatch_StopWatch/Core/driver/Button" -I"C:/harman/STM32Cube/20250623_TImeWatch_StopWatch/Core/driver/FND" -I"C:/harman/STM32Cube/20250623_TImeWatch_StopWatch/Core/driver/LedBar" -O0 -ffunction-sections -fdata-sections -Wall -fstack-usage -fcyclomatic-complexity -MMD -MP -MF"Core/ap/ap_main.d" -MT"Core/ap/ap_main.o" --specs=nano.specs -mfpu=fpv4-sp-d16 -mfloat-abi=hard -mthumb -o "Core/ap/ap_main.o"
arm-none-eabi-gcc "../Core/Src/main.c" -mcpu=cortex-m4 -std=gnu11 -g3 -DDEBUG -DUSE_HAL_DRIVER -DSTM32F411xE -c -I../Core/Inc -I../Drivers/STM32F4xx_HAL_Driver/Inc -I../Drivers/STM32F4xx_HAL_Driver/Inc/Legacy -I../Drivers/CMSIS/Device/ST/STM32F4xx/Include -I../Drivers/CMSIS/Include -I"C:/harman/STM32Cube/20250623_TImeWatch_StopWatch/Core/ap" -I"C:/harman/STM32Cube/20250623_TImeWatch_StopWatch/Core/driver/Button" -I"C:/harman/STM32Cube/20250623_TImeWatch_StopWatch/Core/driver/FND" -I"C:/harman/STM32Cube/20250623_TImeWatch_StopWatch/Core/driver/LedBar" -O0 -ffunction-sections -fdata-sections -Wall -fstack-usage -fcyclomatic-complexity -MMD -MP -MF"Core/Src/main.d" -MT"Core/Src/main.o" --specs=nano.specs -mfpu=fpv4-sp-d16 -mfloat-abi=hard -mthumb -o "Core/Src/main.o"
In file included from ../Core/ap/StopWatch.c:8:
../Core/ap/StopWatch.h:11:10: fatal error: button_manager.h: No such file or directory
   11 | #include "button_manager.h"
      |          ^~~~~~~~~~~~~~~~~~
compilation terminated.
make: *** [Core/ap/subdir.mk:25: Core/ap/StopWatch.o] Error 1
make: *** Waiting for unfinished jobs....
../Core/ap/TimeWatch.c: In function 'TimeWatch_Excute':
../Core/ap/TimeWatch.c:44:9: warning: implicit declaration of function 'FND_WtireData' [-Wimplicit-function-declaration]
   44 |         FND_WtireData(timeWatch.hour*100 + timeWatch.min, timeWatch_dot);
      |         ^~~~~~~~~~~~~
In file included from C:/harman/STM32Cube/20250623_TImeWatch_StopWatch/Core/ap/ap_main.h:17,
                 from ../Core/Src/main.c:26:
C:/harman/STM32Cube/20250623_TImeWatch_StopWatch/Core/ap/StopWatch.h:11:10: fatal error: button_manager.h: No such file or directory
   11 | #include "button_manager.h"
      |          ^~~~~~~~~~~~~~~~~~
compilation terminated.
In file included from ../Core/ap/ap_main.h:17,
                 from ../Core/ap/ap_main.c:8:
../Core/ap/StopWatch.h:11:10: fatal error: button_manager.h: No such file or directory
   11 | #include "button_manager.h"
      |          ^~~~~~~~~~~~~~~~~~
compilation terminated.
make: *** [Core/Src/subdir.mk:40: Core/Src/main.o] Error 1
make: *** [Core/ap/subdir.mk:25: Core/ap/ap_main.o] Error 1
"make -j16 all" terminated with exit code 2. Build might be incomplete.
16:45:18 **** Incremental Build of configuration Debug for project 20250629_FND_TIM_Interruft ****
make -j16 all 
arm-none-eabi-size  20250629_FND_TIM_Interruft.elf 
   text	   data	    bss	    dec	    hex	filename
   2260	    160	   1616	   4036	    fc4	20250629_FND_TIM_Interruft.elf
Finished building: default.size.stdout
 
16:45:28 **** Incremental Build of configuration Debug for project 20250530_OV7670 ****
make -j16 all 
arm-none-eabi-size  20250530_OV7670.elf 
   text	   data	    bss	    dec	    hex	filename
  11916	     16	   1664	  13596	   351c	20250530_OV7670.elf
Finished building: default.size.stdout
 
16:45:28 **** Incremental Build of configuration Debug for project 20250618_LED_Blink ****
make -j16 all 
arm-none-eabi-size  20250618_LED_Blink.elf 
   text	   data	    bss	    dec	    hex	filename
   6004	     12	   1572	   7588	   1da4	20250618_LED_Blink.elf
Finished building: default.size.stdout
 
16:45:28 **** Incremental Build of configuration Debug for project 20250619_CounterShowOnSEG ****
make -j16 all 
arm-none-eabi-size  20250619_CounterShowOnSEG.elf 
   text	   data	    bss	    dec	    hex	filename
   2208	     96	   1608	   3912	    f48	20250619_CounterShowOnSEG.elf
Finished building: default.size.stdout
 
16:45:28 **** Incremental Build of configuration Debug for project 20250619_LedBar ****
make -j16 all 
arm-none-eabi-size  20250619_LedBar.elf 
   text	   data	    bss	    dec	    hex	filename
   1592	     64	   1600	   3256	    cb8	20250619_LedBar.elf
Finished building: default.size.stdout
 
16:45:29 **** Incremental Build of configuration Debug for project 20250620_FND_TIM_Interrupt ****
make -j16 all 
arm-none-eabi-size  20250620_FND_TIM_Interrupt.elf 
   text	   data	    bss	    dec	    hex	filename
   3284	    104	   1640	   5028	   13a4	20250620_FND_TIM_Interrupt.elf
Finished building: default.size.stdout
 
16:45:29 **** Incremental Build of configuration Debug for project 20250620_HW ****
make -j16 all 
arm-none-eabi-size  20250620_HW.elf 
   text	   data	    bss	    dec	    hex	filename
   3160	    160	   1616	   4936	   1348	20250620_HW.elf
Finished building: default.size.stdout
 
16:45:29 **** Incremental Build of configuration Debug for project 20250623_TImeWatch_StopWatch ****
make -j16 all 
arm-none-eabi-gcc "../Core/ap/StopWatch.c" -mcpu=cortex-m4 -std=gnu11 -g3 -DDEBUG -DUSE_HAL_DRIVER -DSTM32F411xE -c -I../Core/Inc -I../Drivers/STM32F4xx_HAL_Driver/Inc -I../Drivers/STM32F4xx_HAL_Driver/Inc/Legacy -I../Drivers/CMSIS/Device/ST/STM32F4xx/Include -I../Drivers/CMSIS/Include -I"C:/harman/STM32Cube/20250623_TImeWatch_StopWatch/Core/ap" -I"C:/harman/STM32Cube/20250623_TImeWatch_StopWatch/Core/driver/Button" -I"C:/harman/STM32Cube/20250623_TImeWatch_StopWatch/Core/driver/FND" -I"C:/harman/STM32Cube/20250623_TImeWatch_StopWatch/Core/driver/LedBar" -O0 -ffunction-sections -fdata-sections -Wall -fstack-usage -fcyclomatic-complexity -MMD -MP -MF"Core/ap/StopWatch.d" -MT"Core/ap/StopWatch.o" --specs=nano.specs -mfpu=fpv4-sp-d16 -mfloat-abi=hard -mthumb -o "Core/ap/StopWatch.o"
arm-none-eabi-gcc "../Core/ap/ap_main.c" -mcpu=cortex-m4 -std=gnu11 -g3 -DDEBUG -DUSE_HAL_DRIVER -DSTM32F411xE -c -I../Core/Inc -I../Drivers/STM32F4xx_HAL_Driver/Inc -I../Drivers/STM32F4xx_HAL_Driver/Inc/Legacy -I../Drivers/CMSIS/Device/ST/STM32F4xx/Include -I../Drivers/CMSIS/Include -I"C:/harman/STM32Cube/20250623_TImeWatch_StopWatch/Core/ap" -I"C:/harman/STM32Cube/20250623_TImeWatch_StopWatch/Core/driver/Button" -I"C:/harman/STM32Cube/20250623_TImeWatch_StopWatch/Core/driver/FND" -I"C:/harman/STM32Cube/20250623_TImeWatch_StopWatch/Core/driver/LedBar" -O0 -ffunction-sections -fdata-sections -Wall -fstack-usage -fcyclomatic-complexity -MMD -MP -MF"Core/ap/ap_main.d" -MT"Core/ap/ap_main.o" --specs=nano.specs -mfpu=fpv4-sp-d16 -mfloat-abi=hard -mthumb -o "Core/ap/ap_main.o"
arm-none-eabi-gcc "../Core/Src/main.c" -mcpu=cortex-m4 -std=gnu11 -g3 -DDEBUG -DUSE_HAL_DRIVER -DSTM32F411xE -c -I../Core/Inc -I../Drivers/STM32F4xx_HAL_Driver/Inc -I../Drivers/STM32F4xx_HAL_Driver/Inc/Legacy -I../Drivers/CMSIS/Device/ST/STM32F4xx/Include -I../Drivers/CMSIS/Include -I"C:/harman/STM32Cube/20250623_TImeWatch_StopWatch/Core/ap" -I"C:/harman/STM32Cube/20250623_TImeWatch_StopWatch/Core/driver/Button" -I"C:/harman/STM32Cube/20250623_TImeWatch_StopWatch/Core/driver/FND" -I"C:/harman/STM32Cube/20250623_TImeWatch_StopWatch/Core/driver/LedBar" -O0 -ffunction-sections -fdata-sections -Wall -fstack-usage -fcyclomatic-complexity -MMD -MP -MF"Core/Src/main.d" -MT"Core/Src/main.o" --specs=nano.specs -mfpu=fpv4-sp-d16 -mfloat-abi=hard -mthumb -o "Core/Src/main.o"
../Core/ap/StopWatch.c: In function 'StopWatch_IncTime':
../Core/ap/StopWatch.c:41:9: error: 'hBtnMode' undeclared (first use in this function)
   41 |         hBtnMode
      |         ^~~~~~~~
../Core/ap/StopWatch.c:41:9: note: each undeclared identifier is reported only once for each function it appears in
../Core/ap/StopWatch.c:41:17: error: expected ';' before 'if'
   41 |         hBtnMode
      |                 ^
      |                 ;
   42 |         if(stopWatch.min < 60 - 1) {
      |         ~~       
../Core/ap/StopWatch.c: In function 'StopWatch_Stop':
../Core/ap/StopWatch.c:56:13: warning: implicit declaration of function 'Button_GetState' [-Wimplicit-function-declaration]
   56 |         if (Button_GetState(&hBtnRunStop) == ACT_PUSHED) {
      |             ^~~~~~~~~~~~~~~
../Core/ap/StopWatch.c:56:30: error: 'hBtnRunStop' undeclared (first use in this function)
   56 |         if (Button_GetState(&hBtnRunStop) == ACT_PUSHED) {
      |                              ^~~~~~~~~~~
../Core/ap/StopWatch.c:56:46: error: 'ACT_PUSHED' undeclared (first use in this function)
   56 |         if (Button_GetState(&hBtnRunStop) == ACT_PUSHED) {
      |                                              ^~~~~~~~~~
../Core/ap/StopWatch.c:58:36: error: 'hBtnClear' undeclared (first use in this function)
   58 |         } else if(Button_GetState(&hBtnClear) == ACT_PUSHED) {
      |                                    ^~~~~~~~~
../Core/ap/StopWatch.c: In function 'StopWatch_Run':
../Core/ap/StopWatch.c:64:30: error: 'hBtnRunStop' undeclared (first use in this function)
   64 |         if (Button_GetState(&hBtnRunStop) == ACT_PUSHED) {
      |                              ^~~~~~~~~~~
../Core/ap/StopWatch.c:64:46: error: 'ACT_PUSHED' undeclared (first use in this function)
   64 |         if (Button_GetState(&hBtnRunStop) == ACT_PUSHED) {
      |                                              ^~~~~~~~~~
make: *** [Core/ap/subdir.mk:25: Core/ap/StopWatch.o] Error 1
make: *** Waiting for unfinished jobs....
"make -j16 all" terminated with exit code 2. Build might be incomplete.
16:45:30 **** Incremental Build of configuration Debug for project 20250629_FND_TIM_Interruft ****
make -j16 all 
arm-none-eabi-size  20250629_FND_TIM_Interruft.elf 
   text	   data	    bss	    dec	    hex	filename
   2260	    160	   1616	   4036	    fc4	20250629_FND_TIM_Interruft.elf
Finished building: default.size.stdout
 
16:45:31 **** Incremental Build of configuration Debug for project 20250530_OV7670 ****
make -j16 all 
arm-none-eabi-size  20250530_OV7670.elf 
   text	   data	    bss	    dec	    hex	filename
  11916	     16	   1664	  13596	   351c	20250530_OV7670.elf
Finished building: default.size.stdout
 
16:45:31 **** Incremental Build of configuration Debug for project 20250618_LED_Blink ****
make -j16 all 
arm-none-eabi-size  20250618_LED_Blink.elf 
   text	   data	    bss	    dec	    hex	filename
   6004	     12	   1572	   7588	   1da4	20250618_LED_Blink.elf
Finished building: default.size.stdout
 
16:45:31 **** Incremental Build of configuration Debug for project 20250619_CounterShowOnSEG ****
make -j16 all 
arm-none-eabi-size  20250619_CounterShowOnSEG.elf 
   text	   data	    bss	    dec	    hex	filename
   2208	     96	   1608	   3912	    f48	20250619_CounterShowOnSEG.elf
Finished building: default.size.stdout
 
16:45:32 **** Incremental Build of configuration Debug for project 20250619_LedBar ****
make -j16 all 
arm-none-eabi-size  20250619_LedBar.elf 
   text	   data	    bss	    dec	    hex	filename
   1592	     64	   1600	   3256	    cb8	20250619_LedBar.elf
Finished building: default.size.stdout
 
16:45:32 **** Incremental Build of configuration Debug for project 20250620_FND_TIM_Interrupt ****
make -j16 all 
arm-none-eabi-size  20250620_FND_TIM_Interrupt.elf 
   text	   data	    bss	    dec	    hex	filename
   3284	    104	   1640	   5028	   13a4	20250620_FND_TIM_Interrupt.elf
Finished building: default.size.stdout
 
16:45:32 **** Incremental Build of configuration Debug for project 20250620_HW ****
make -j16 all 
arm-none-eabi-size  20250620_HW.elf 
   text	   data	    bss	    dec	    hex	filename
   3160	    160	   1616	   4936	   1348	20250620_HW.elf
Finished building: default.size.stdout
 
16:45:32 **** Incremental Build of configuration Debug for project 20250623_TImeWatch_StopWatch ****
make -j16 all 
arm-none-eabi-gcc "../Core/ap/StopWatch.c" -mcpu=cortex-m4 -std=gnu11 -g3 -DDEBUG -DUSE_HAL_DRIVER -DSTM32F411xE -c -I../Core/Inc -I../Drivers/STM32F4xx_HAL_Driver/Inc -I../Drivers/STM32F4xx_HAL_Driver/Inc/Legacy -I../Drivers/CMSIS/Device/ST/STM32F4xx/Include -I../Drivers/CMSIS/Include -I"C:/harman/STM32Cube/20250623_TImeWatch_StopWatch/Core/ap" -I"C:/harman/STM32Cube/20250623_TImeWatch_StopWatch/Core/driver/Button" -I"C:/harman/STM32Cube/20250623_TImeWatch_StopWatch/Core/driver/FND" -I"C:/harman/STM32Cube/20250623_TImeWatch_StopWatch/Core/driver/LedBar" -O0 -ffunction-sections -fdata-sections -Wall -fstack-usage -fcyclomatic-complexity -MMD -MP -MF"Core/ap/StopWatch.d" -MT"Core/ap/StopWatch.o" --specs=nano.specs -mfpu=fpv4-sp-d16 -mfloat-abi=hard -mthumb -o "Core/ap/StopWatch.o"
../Core/ap/StopWatch.c: In function 'StopWatch_Stop':
../Core/ap/StopWatch.c:56:13: warning: implicit declaration of function 'Button_GetState' [-Wimplicit-function-declaration]
   56 |         if (Button_GetState(&hBtnRunStop) == ACT_PUSHED) {
      |             ^~~~~~~~~~~~~~~
../Core/ap/StopWatch.c:56:30: error: 'hBtnRunStop' undeclared (first use in this function)
   56 |         if (Button_GetState(&hBtnRunStop) == ACT_PUSHED) {
      |                              ^~~~~~~~~~~
../Core/ap/StopWatch.c:56:30: note: each undeclared identifier is reported only once for each function it appears in
../Core/ap/StopWatch.c:56:46: error: 'ACT_PUSHED' undeclared (first use in this function)
   56 |         if (Button_GetState(&hBtnRunStop) == ACT_PUSHED) {
      |                                              ^~~~~~~~~~
../Core/ap/StopWatch.c:58:36: error: 'hBtnClear' undeclared (first use in this function)
   58 |         } else if(Button_GetState(&hBtnClear) == ACT_PUSHED) {
      |                                    ^~~~~~~~~
../Core/ap/StopWatch.c: In function 'StopWatch_Run':
../Core/ap/StopWatch.c:64:30: error: 'hBtnRunStop' undeclared (first use in this function)
   64 |         if (Button_GetState(&hBtnRunStop) == ACT_PUSHED) {
      |                              ^~~~~~~~~~~
../Core/ap/StopWatch.c:64:46: error: 'ACT_PUSHED' undeclared (first use in this function)
   64 |         if (Button_GetState(&hBtnRunStop) == ACT_PUSHED) {
      |                                              ^~~~~~~~~~
make: *** [Core/ap/subdir.mk:25: Core/ap/StopWatch.o] Error 1
"make -j16 all" terminated with exit code 2. Build might be incomplete.
16:45:33 **** Incremental Build of configuration Debug for project 20250629_FND_TIM_Interruft ****
make -j16 all 
arm-none-eabi-size  20250629_FND_TIM_Interruft.elf 
   text	   data	    bss	    dec	    hex	filename
   2260	    160	   1616	   4036	    fc4	20250629_FND_TIM_Interruft.elf
Finished building: default.size.stdout
 
16:45:44 **** Incremental Build of configuration Debug for project 20250530_OV7670 ****
make -j16 all 
arm-none-eabi-size  20250530_OV7670.elf 
   text	   data	    bss	    dec	    hex	filename
  11916	     16	   1664	  13596	   351c	20250530_OV7670.elf
Finished building: default.size.stdout
 
16:45:45 **** Incremental Build of configuration Debug for project 20250618_LED_Blink ****
make -j16 all 
arm-none-eabi-size  20250618_LED_Blink.elf 
   text	   data	    bss	    dec	    hex	filename
   6004	     12	   1572	   7588	   1da4	20250618_LED_Blink.elf
Finished building: default.size.stdout
 
16:45:45 **** Incremental Build of configuration Debug for project 20250619_CounterShowOnSEG ****
make -j16 all 
arm-none-eabi-size  20250619_CounterShowOnSEG.elf 
   text	   data	    bss	    dec	    hex	filename
   2208	     96	   1608	   3912	    f48	20250619_CounterShowOnSEG.elf
Finished building: default.size.stdout
 
16:45:45 **** Incremental Build of configuration Debug for project 20250619_LedBar ****
make -j16 all 
arm-none-eabi-size  20250619_LedBar.elf 
   text	   data	    bss	    dec	    hex	filename
   1592	     64	   1600	   3256	    cb8	20250619_LedBar.elf
Finished building: default.size.stdout
 
16:45:46 **** Incremental Build of configuration Debug for project 20250620_FND_TIM_Interrupt ****
make -j16 all 
arm-none-eabi-size  20250620_FND_TIM_Interrupt.elf 
   text	   data	    bss	    dec	    hex	filename
   3284	    104	   1640	   5028	   13a4	20250620_FND_TIM_Interrupt.elf
Finished building: default.size.stdout
 
16:45:46 **** Incremental Build of configuration Debug for project 20250620_HW ****
make -j16 all 
arm-none-eabi-size  20250620_HW.elf 
   text	   data	    bss	    dec	    hex	filename
   3160	    160	   1616	   4936	   1348	20250620_HW.elf
Finished building: default.size.stdout
 
16:45:46 **** Incremental Build of configuration Debug for project 20250623_TImeWatch_StopWatch ****
make -j16 all 
arm-none-eabi-gcc "../Core/ap/StopWatch.c" -mcpu=cortex-m4 -std=gnu11 -g3 -DDEBUG -DUSE_HAL_DRIVER -DSTM32F411xE -c -I../Core/Inc -I../Drivers/STM32F4xx_HAL_Driver/Inc -I../Drivers/STM32F4xx_HAL_Driver/Inc/Legacy -I../Drivers/CMSIS/Device/ST/STM32F4xx/Include -I../Drivers/CMSIS/Include -I"C:/harman/STM32Cube/20250623_TImeWatch_StopWatch/Core/ap" -I"C:/harman/STM32Cube/20250623_TImeWatch_StopWatch/Core/driver/Button" -I"C:/harman/STM32Cube/20250623_TImeWatch_StopWatch/Core/driver/FND" -I"C:/harman/STM32Cube/20250623_TImeWatch_StopWatch/Core/driver/LedBar" -O0 -ffunction-sections -fdata-sections -Wall -fstack-usage -fcyclomatic-complexity -MMD -MP -MF"Core/ap/StopWatch.d" -MT"Core/ap/StopWatch.o" --specs=nano.specs -mfpu=fpv4-sp-d16 -mfloat-abi=hard -mthumb -o "Core/ap/StopWatch.o"
arm-none-eabi-gcc "../Core/ap/ap_main.c" -mcpu=cortex-m4 -std=gnu11 -g3 -DDEBUG -DUSE_HAL_DRIVER -DSTM32F411xE -c -I../Core/Inc -I../Drivers/STM32F4xx_HAL_Driver/Inc -I../Drivers/STM32F4xx_HAL_Driver/Inc/Legacy -I../Drivers/CMSIS/Device/ST/STM32F4xx/Include -I../Drivers/CMSIS/Include -I"C:/harman/STM32Cube/20250623_TImeWatch_StopWatch/Core/ap" -I"C:/harman/STM32Cube/20250623_TImeWatch_StopWatch/Core/driver/Button" -I"C:/harman/STM32Cube/20250623_TImeWatch_StopWatch/Core/driver/FND" -I"C:/harman/STM32Cube/20250623_TImeWatch_StopWatch/Core/driver/LedBar" -O0 -ffunction-sections -fdata-sections -Wall -fstack-usage -fcyclomatic-complexity -MMD -MP -MF"Core/ap/ap_main.d" -MT"Core/ap/ap_main.o" --specs=nano.specs -mfpu=fpv4-sp-d16 -mfloat-abi=hard -mthumb -o "Core/ap/ap_main.o"
arm-none-eabi-gcc "../Core/Src/main.c" -mcpu=cortex-m4 -std=gnu11 -g3 -DDEBUG -DUSE_HAL_DRIVER -DSTM32F411xE -c -I../Core/Inc -I../Drivers/STM32F4xx_HAL_Driver/Inc -I../Drivers/STM32F4xx_HAL_Driver/Inc/Legacy -I../Drivers/CMSIS/Device/ST/STM32F4xx/Include -I../Drivers/CMSIS/Include -I"C:/harman/STM32Cube/20250623_TImeWatch_StopWatch/Core/ap" -I"C:/harman/STM32Cube/20250623_TImeWatch_StopWatch/Core/driver/Button" -I"C:/harman/STM32Cube/20250623_TImeWatch_StopWatch/Core/driver/FND" -I"C:/harman/STM32Cube/20250623_TImeWatch_StopWatch/Core/driver/LedBar" -O0 -ffunction-sections -fdata-sections -Wall -fstack-usage -fcyclomatic-complexity -MMD -MP -MF"Core/Src/main.d" -MT"Core/Src/main.o" --specs=nano.specs -mfpu=fpv4-sp-d16 -mfloat-abi=hard -mthumb -o "Core/Src/main.o"
../Core/ap/StopWatch.c: In function 'StopWatch_Stop':
../Core/ap/StopWatch.c:56:30: error: 'hBtnRunStop' undeclared (first use in this function)
   56 |         if (Button_GetState(&hBtnRunStop) == ACT_PUSHED) {
      |                              ^~~~~~~~~~~
../Core/ap/StopWatch.c:56:30: note: each undeclared identifier is reported only once for each function it appears in
../Core/ap/StopWatch.c:58:36: error: 'hBtnClear' undeclared (first use in this function)
   58 |         } else if(Button_GetState(&hBtnClear) == ACT_PUSHED) {
      |                                    ^~~~~~~~~
../Core/ap/StopWatch.c: In function 'StopWatch_Run':
../Core/ap/StopWatch.c:64:30: error: 'hBtnRunStop' undeclared (first use in this function)
   64 |         if (Button_GetState(&hBtnRunStop) == ACT_PUSHED) {
      |                              ^~~~~~~~~~~
make: *** [Core/ap/subdir.mk:25: Core/ap/StopWatch.o] Error 1
make: *** Waiting for unfinished jobs....
"make -j16 all" terminated with exit code 2. Build might be incomplete.
16:45:47 **** Incremental Build of configuration Debug for project 20250629_FND_TIM_Interruft ****
make -j16 all 
arm-none-eabi-size  20250629_FND_TIM_Interruft.elf 
   text	   data	    bss	    dec	    hex	filename
   2260	    160	   1616	   4036	    fc4	20250629_FND_TIM_Interruft.elf
Finished building: default.size.stdout
 
16:46:59 **** Incremental Build of configuration Debug for project 20250530_OV7670 ****
make -j16 all 
arm-none-eabi-size  20250530_OV7670.elf 
   text	   data	    bss	    dec	    hex	filename
  11916	     16	   1664	  13596	   351c	20250530_OV7670.elf
Finished building: default.size.stdout
 
16:46:59 **** Incremental Build of configuration Debug for project 20250618_LED_Blink ****
make -j16 all 
arm-none-eabi-size  20250618_LED_Blink.elf 
   text	   data	    bss	    dec	    hex	filename
   6004	     12	   1572	   7588	   1da4	20250618_LED_Blink.elf
Finished building: default.size.stdout
 
16:47:00 **** Incremental Build of configuration Debug for project 20250619_CounterShowOnSEG ****
make -j16 all 
arm-none-eabi-size  20250619_CounterShowOnSEG.elf 
   text	   data	    bss	    dec	    hex	filename
   2208	     96	   1608	   3912	    f48	20250619_CounterShowOnSEG.elf
Finished building: default.size.stdout
 
16:47:00 **** Incremental Build of configuration Debug for project 20250619_LedBar ****
make -j16 all 
arm-none-eabi-size  20250619_LedBar.elf 
   text	   data	    bss	    dec	    hex	filename
   1592	     64	   1600	   3256	    cb8	20250619_LedBar.elf
Finished building: default.size.stdout
 
16:47:00 **** Incremental Build of configuration Debug for project 20250620_FND_TIM_Interrupt ****
make -j16 all 
arm-none-eabi-size  20250620_FND_TIM_Interrupt.elf 
   text	   data	    bss	    dec	    hex	filename
   3284	    104	   1640	   5028	   13a4	20250620_FND_TIM_Interrupt.elf
Finished building: default.size.stdout
 
16:47:01 **** Incremental Build of configuration Debug for project 20250620_HW ****
make -j16 all 
arm-none-eabi-size  20250620_HW.elf 
   text	   data	    bss	    dec	    hex	filename
   3160	    160	   1616	   4936	   1348	20250620_HW.elf
Finished building: default.size.stdout
 
16:47:01 **** Incremental Build of configuration Debug for project 20250623_TImeWatch_StopWatch ****
make -j16 all 
arm-none-eabi-gcc "../Core/ap/StopWatch.c" -mcpu=cortex-m4 -std=gnu11 -g3 -DDEBUG -DUSE_HAL_DRIVER -DSTM32F411xE -c -I../Core/Inc -I../Drivers/STM32F4xx_HAL_Driver/Inc -I../Drivers/STM32F4xx_HAL_Driver/Inc/Legacy -I../Drivers/CMSIS/Device/ST/STM32F4xx/Include -I../Drivers/CMSIS/Include -I"C:/harman/STM32Cube/20250623_TImeWatch_StopWatch/Core/ap" -I"C:/harman/STM32Cube/20250623_TImeWatch_StopWatch/Core/driver/Button" -I"C:/harman/STM32Cube/20250623_TImeWatch_StopWatch/Core/driver/FND" -I"C:/harman/STM32Cube/20250623_TImeWatch_StopWatch/Core/driver/LedBar" -O0 -ffunction-sections -fdata-sections -Wall -fstack-usage -fcyclomatic-complexity -MMD -MP -MF"Core/ap/StopWatch.d" -MT"Core/ap/StopWatch.o" --specs=nano.specs -mfpu=fpv4-sp-d16 -mfloat-abi=hard -mthumb -o "Core/ap/StopWatch.o"
arm-none-eabi-gcc "../Core/ap/ap_main.c" -mcpu=cortex-m4 -std=gnu11 -g3 -DDEBUG -DUSE_HAL_DRIVER -DSTM32F411xE -c -I../Core/Inc -I../Drivers/STM32F4xx_HAL_Driver/Inc -I../Drivers/STM32F4xx_HAL_Driver/Inc/Legacy -I../Drivers/CMSIS/Device/ST/STM32F4xx/Include -I../Drivers/CMSIS/Include -I"C:/harman/STM32Cube/20250623_TImeWatch_StopWatch/Core/ap" -I"C:/harman/STM32Cube/20250623_TImeWatch_StopWatch/Core/driver/Button" -I"C:/harman/STM32Cube/20250623_TImeWatch_StopWatch/Core/driver/FND" -I"C:/harman/STM32Cube/20250623_TImeWatch_StopWatch/Core/driver/LedBar" -O0 -ffunction-sections -fdata-sections -Wall -fstack-usage -fcyclomatic-complexity -MMD -MP -MF"Core/ap/ap_main.d" -MT"Core/ap/ap_main.o" --specs=nano.specs -mfpu=fpv4-sp-d16 -mfloat-abi=hard -mthumb -o "Core/ap/ap_main.o"
arm-none-eabi-gcc "../Core/Src/main.c" -mcpu=cortex-m4 -std=gnu11 -g3 -DDEBUG -DUSE_HAL_DRIVER -DSTM32F411xE -c -I../Core/Inc -I../Drivers/STM32F4xx_HAL_Driver/Inc -I../Drivers/STM32F4xx_HAL_Driver/Inc/Legacy -I../Drivers/CMSIS/Device/ST/STM32F4xx/Include -I../Drivers/CMSIS/Include -I"C:/harman/STM32Cube/20250623_TImeWatch_StopWatch/Core/ap" -I"C:/harman/STM32Cube/20250623_TImeWatch_StopWatch/Core/driver/Button" -I"C:/harman/STM32Cube/20250623_TImeWatch_StopWatch/Core/driver/FND" -I"C:/harman/STM32Cube/20250623_TImeWatch_StopWatch/Core/driver/LedBar" -O0 -ffunction-sections -fdata-sections -Wall -fstack-usage -fcyclomatic-complexity -MMD -MP -MF"Core/Src/main.d" -MT"Core/Src/main.o" --specs=nano.specs -mfpu=fpv4-sp-d16 -mfloat-abi=hard -mthumb -o "Core/Src/main.o"
../Core/ap/StopWatch.c:18:16: error: redefinition of 'struct timeWatch'
   18 | typedef struct timeWatch{
      |                ^~~~~~~~~
In file included from ../Core/ap/ap_main.h:16,
                 from ../Core/ap/StopWatch.h:13,
                 from ../Core/ap/StopWatch.c:8:
../Core/ap/TimeWatch.h:13:16: note: originally defined here
   13 | typedef struct timeWatch{
      |                ^~~~~~~~~
make: *** [Core/ap/subdir.mk:25: Core/ap/StopWatch.o] Error 1
make: *** Waiting for unfinished jobs....
"make -j16 all" terminated with exit code 2. Build might be incomplete.
16:47:01 **** Incremental Build of configuration Debug for project 20250629_FND_TIM_Interruft ****
make -j16 all 
arm-none-eabi-size  20250629_FND_TIM_Interruft.elf 
   text	   data	    bss	    dec	    hex	filename
   2260	    160	   1616	   4036	    fc4	20250629_FND_TIM_Interruft.elf
Finished building: default.size.stdout
 
16:47:13 **** Incremental Build of configuration Debug for project 20250530_OV7670 ****
make -j16 all 
arm-none-eabi-size  20250530_OV7670.elf 
   text	   data	    bss	    dec	    hex	filename
  11916	     16	   1664	  13596	   351c	20250530_OV7670.elf
Finished building: default.size.stdout
 
16:47:14 **** Incremental Build of configuration Debug for project 20250618_LED_Blink ****
make -j16 all 
arm-none-eabi-size  20250618_LED_Blink.elf 
   text	   data	    bss	    dec	    hex	filename
   6004	     12	   1572	   7588	   1da4	20250618_LED_Blink.elf
Finished building: default.size.stdout
 
16:47:14 **** Incremental Build of configuration Debug for project 20250619_CounterShowOnSEG ****
make -j16 all 
arm-none-eabi-size  20250619_CounterShowOnSEG.elf 
   text	   data	    bss	    dec	    hex	filename
   2208	     96	   1608	   3912	    f48	20250619_CounterShowOnSEG.elf
Finished building: default.size.stdout
 
16:47:14 **** Incremental Build of configuration Debug for project 20250619_LedBar ****
make -j16 all 
arm-none-eabi-size  20250619_LedBar.elf 
   text	   data	    bss	    dec	    hex	filename
   1592	     64	   1600	   3256	    cb8	20250619_LedBar.elf
Finished building: default.size.stdout
 
16:47:14 **** Incremental Build of configuration Debug for project 20250620_FND_TIM_Interrupt ****
make -j16 all 
arm-none-eabi-size  20250620_FND_TIM_Interrupt.elf 
   text	   data	    bss	    dec	    hex	filename
   3284	    104	   1640	   5028	   13a4	20250620_FND_TIM_Interrupt.elf
Finished building: default.size.stdout
 
16:47:15 **** Incremental Build of configuration Debug for project 20250620_HW ****
make -j16 all 
arm-none-eabi-size  20250620_HW.elf 
   text	   data	    bss	    dec	    hex	filename
   3160	    160	   1616	   4936	   1348	20250620_HW.elf
Finished building: default.size.stdout
 
16:47:15 **** Incremental Build of configuration Debug for project 20250623_TImeWatch_StopWatch ****
make -j16 all 
arm-none-eabi-gcc "../Core/ap/StopWatch.c" -mcpu=cortex-m4 -std=gnu11 -g3 -DDEBUG -DUSE_HAL_DRIVER -DSTM32F411xE -c -I../Core/Inc -I../Drivers/STM32F4xx_HAL_Driver/Inc -I../Drivers/STM32F4xx_HAL_Driver/Inc/Legacy -I../Drivers/CMSIS/Device/ST/STM32F4xx/Include -I../Drivers/CMSIS/Include -I"C:/harman/STM32Cube/20250623_TImeWatch_StopWatch/Core/ap" -I"C:/harman/STM32Cube/20250623_TImeWatch_StopWatch/Core/driver/Button" -I"C:/harman/STM32Cube/20250623_TImeWatch_StopWatch/Core/driver/FND" -I"C:/harman/STM32Cube/20250623_TImeWatch_StopWatch/Core/driver/LedBar" -O0 -ffunction-sections -fdata-sections -Wall -fstack-usage -fcyclomatic-complexity -MMD -MP -MF"Core/ap/StopWatch.d" -MT"Core/ap/StopWatch.o" --specs=nano.specs -mfpu=fpv4-sp-d16 -mfloat-abi=hard -mthumb -o "Core/ap/StopWatch.o"
arm-none-eabi-gcc -o "20250623_TImeWatch_StopWatch.elf" @"objects.list"   -mcpu=cortex-m4 -T"C:\harman\STM32Cube\20250623_TImeWatch_StopWatch\STM32F411RETX_FLASH.ld" --specs=nosys.specs -Wl,-Map="20250623_TImeWatch_StopWatch.map" -Wl,--gc-sections -static --specs=nano.specs -mfpu=fpv4-sp-d16 -mfloat-abi=hard -mthumb -Wl,--start-group -lc -lm -Wl,--end-group
C:/ST/STM32CubeIDE_1.18.1/STM32CubeIDE/plugins/com.st.stm32cube.ide.mcu.externaltools.gnu-tools-for-stm32.13.3.rel1.win32_1.0.0.202411081344/tools/bin/../lib/gcc/arm-none-eabi/13.3.1/../../../../arm-none-eabi/bin/ld.exe: ./Core/ap/StopWatch.o:C:/harman/STM32Cube/20250623_TImeWatch_StopWatch/Debug/../Core/ap/ap_main.h:19: multiple definition of `hBtnMode'; ./Core/Src/main.o:C:/harman/STM32Cube/20250623_TImeWatch_StopWatch/Core/ap/ap_main.h:19: first defined here
C:/ST/STM32CubeIDE_1.18.1/STM32CubeIDE/plugins/com.st.stm32cube.ide.mcu.externaltools.gnu-tools-for-stm32.13.3.rel1.win32_1.0.0.202411081344/tools/bin/../lib/gcc/arm-none-eabi/13.3.1/../../../../arm-none-eabi/bin/ld.exe: ./Core/ap/StopWatch.o:C:/harman/STM32Cube/20250623_TImeWatch_StopWatch/Debug/../Core/ap/ap_main.h:20: multiple definition of `hBtnRunStop'; ./Core/Src/main.o:C:/harman/STM32Cube/20250623_TImeWatch_StopWatch/Core/ap/ap_main.h:20: first defined here
C:/ST/STM32CubeIDE_1.18.1/STM32CubeIDE/plugins/com.st.stm32cube.ide.mcu.externaltools.gnu-tools-for-stm32.13.3.rel1.win32_1.0.0.202411081344/tools/bin/../lib/gcc/arm-none-eabi/13.3.1/../../../../arm-none-eabi/bin/ld.exe: ./Core/ap/StopWatch.o:C:/harman/STM32Cube/20250623_TImeWatch_StopWatch/Debug/../Core/ap/ap_main.h:21: multiple definition of `hBtnClear'; ./Core/Src/main.o:C:/harman/STM32Cube/20250623_TImeWatch_StopWatch/Core/ap/ap_main.h:21: first defined here
C:/ST/STM32CubeIDE_1.18.1/STM32CubeIDE/plugins/com.st.stm32cube.ide.mcu.externaltools.gnu-tools-for-stm32.13.3.rel1.win32_1.0.0.202411081344/tools/bin/../lib/gcc/arm-none-eabi/13.3.1/../../../../arm-none-eabi/bin/ld.exe: ./Core/ap/ap_main.o:C:/harman/STM32Cube/20250623_TImeWatch_StopWatch/Debug/../Core/ap/ap_main.h:19: multiple definition of `hBtnMode'; ./Core/Src/main.o:C:/harman/STM32Cube/20250623_TImeWatch_StopWatch/Core/ap/ap_main.h:19: first defined here
C:/ST/STM32CubeIDE_1.18.1/STM32CubeIDE/plugins/com.st.stm32cube.ide.mcu.externaltools.gnu-tools-for-stm32.13.3.rel1.win32_1.0.0.202411081344/tools/bin/../lib/gcc/arm-none-eabi/13.3.1/../../../../arm-none-eabi/bin/ld.exe: ./Core/ap/ap_main.o:C:/harman/STM32Cube/20250623_TImeWatch_StopWatch/Debug/../Core/ap/ap_main.h:20: multiple definition of `hBtnRunStop'; ./Core/Src/main.o:C:/harman/STM32Cube/20250623_TImeWatch_StopWatch/Core/ap/ap_main.h:20: first defined here
C:/ST/STM32CubeIDE_1.18.1/STM32CubeIDE/plugins/com.st.stm32cube.ide.mcu.externaltools.gnu-tools-for-stm32.13.3.rel1.win32_1.0.0.202411081344/tools/bin/../lib/gcc/arm-none-eabi/13.3.1/../../../../arm-none-eabi/bin/ld.exe: ./Core/ap/ap_main.o:C:/harman/STM32Cube/20250623_TImeWatch_StopWatch/Debug/../Core/ap/ap_main.h:21: multiple definition of `hBtnClear'; ./Core/Src/main.o:C:/harman/STM32Cube/20250623_TImeWatch_StopWatch/Core/ap/ap_main.h:21: first defined here
collect2.exe: error: ld returned 1 exit status
make: *** [makefile:68: 20250623_TImeWatch_StopWatch.elf] Error 1
"make -j16 all" terminated with exit code 2. Build might be incomplete.
16:47:16 **** Incremental Build of configuration Debug for project 20250629_FND_TIM_Interruft ****
make -j16 all 
arm-none-eabi-size  20250629_FND_TIM_Interruft.elf 
   text	   data	    bss	    dec	    hex	filename
   2260	    160	   1616	   4036	    fc4	20250629_FND_TIM_Interruft.elf
Finished building: default.size.stdout
 
16:47:19 **** Incremental Build of configuration Debug for project 20250623_TImeWatch_StopWatch ****
make -j16 all 
arm-none-eabi-gcc -o "20250623_TImeWatch_StopWatch.elf" @"objects.list"   -mcpu=cortex-m4 -T"C:\harman\STM32Cube\20250623_TImeWatch_StopWatch\STM32F411RETX_FLASH.ld" --specs=nosys.specs -Wl,-Map="20250623_TImeWatch_StopWatch.map" -Wl,--gc-sections -static --specs=nano.specs -mfpu=fpv4-sp-d16 -mfloat-abi=hard -mthumb -Wl,--start-group -lc -lm -Wl,--end-group
C:/ST/STM32CubeIDE_1.18.1/STM32CubeIDE/plugins/com.st.stm32cube.ide.mcu.externaltools.gnu-tools-for-stm32.13.3.rel1.win32_1.0.0.202411081344/tools/bin/../lib/gcc/arm-none-eabi/13.3.1/../../../../arm-none-eabi/bin/ld.exe: ./Core/ap/StopWatch.o:C:/harman/STM32Cube/20250623_TImeWatch_StopWatch/Debug/../Core/ap/ap_main.h:19: multiple definition of `hBtnMode'; ./Core/Src/main.o:C:/harman/STM32Cube/20250623_TImeWatch_StopWatch/Core/ap/ap_main.h:19: first defined here
C:/ST/STM32CubeIDE_1.18.1/STM32CubeIDE/plugins/com.st.stm32cube.ide.mcu.externaltools.gnu-tools-for-stm32.13.3.rel1.win32_1.0.0.202411081344/tools/bin/../lib/gcc/arm-none-eabi/13.3.1/../../../../arm-none-eabi/bin/ld.exe: ./Core/ap/StopWatch.o:C:/harman/STM32Cube/20250623_TImeWatch_StopWatch/Debug/../Core/ap/ap_main.h:20: multiple definition of `hBtnRunStop'; ./Core/Src/main.o:C:/harman/STM32Cube/20250623_TImeWatch_StopWatch/Core/ap/ap_main.h:20: first defined here
C:/ST/STM32CubeIDE_1.18.1/STM32CubeIDE/plugins/com.st.stm32cube.ide.mcu.externaltools.gnu-tools-for-stm32.13.3.rel1.win32_1.0.0.202411081344/tools/bin/../lib/gcc/arm-none-eabi/13.3.1/../../../../arm-none-eabi/bin/ld.exe: ./Core/ap/StopWatch.o:C:/harman/STM32Cube/20250623_TImeWatch_StopWatch/Debug/../Core/ap/ap_main.h:21: multiple definition of `hBtnClear'; ./Core/Src/main.o:C:/harman/STM32Cube/20250623_TImeWatch_StopWatch/Core/ap/ap_main.h:21: first defined here
C:/ST/STM32CubeIDE_1.18.1/STM32CubeIDE/plugins/com.st.stm32cube.ide.mcu.externaltools.gnu-tools-for-stm32.13.3.rel1.win32_1.0.0.202411081344/tools/bin/../lib/gcc/arm-none-eabi/13.3.1/../../../../arm-none-eabi/bin/ld.exe: ./Core/ap/ap_main.o:C:/harman/STM32Cube/20250623_TImeWatch_StopWatch/Debug/../Core/ap/ap_main.h:19: multiple definition of `hBtnMode'; ./Core/Src/main.o:C:/harman/STM32Cube/20250623_TImeWatch_StopWatch/Core/ap/ap_main.h:19: first defined here
C:/ST/STM32CubeIDE_1.18.1/STM32CubeIDE/plugins/com.st.stm32cube.ide.mcu.externaltools.gnu-tools-for-stm32.13.3.rel1.win32_1.0.0.202411081344/tools/bin/../lib/gcc/arm-none-eabi/13.3.1/../../../../arm-none-eabi/bin/ld.exe: ./Core/ap/ap_main.o:C:/harman/STM32Cube/20250623_TImeWatch_StopWatch/Debug/../Core/ap/ap_main.h:20: multiple definition of `hBtnRunStop'; ./Core/Src/main.o:C:/harman/STM32Cube/20250623_TImeWatch_StopWatch/Core/ap/ap_main.h:20: first defined here
C:/ST/STM32CubeIDE_1.18.1/STM32CubeIDE/plugins/com.st.stm32cube.ide.mcu.externaltools.gnu-tools-for-stm32.13.3.rel1.win32_1.0.0.202411081344/tools/bin/../lib/gcc/arm-none-eabi/13.3.1/../../../../arm-none-eabi/bin/ld.exe: ./Core/ap/ap_main.o:C:/harman/STM32Cube/20250623_TImeWatch_StopWatch/Debug/../Core/ap/ap_main.h:21: multiple definition of `hBtnClear'; ./Core/Src/main.o:C:/harman/STM32Cube/20250623_TImeWatch_StopWatch/Core/ap/ap_main.h:21: first defined here
collect2.exe: error: ld returned 1 exit status
make: *** [makefile:68: 20250623_TImeWatch_StopWatch.elf] Error 1
"make -j16 all" terminated with exit code 2. Build might be incomplete.
16:47:43 **** Incremental Build of configuration Debug for project 20250530_OV7670 ****
make -j16 all 
arm-none-eabi-size  20250530_OV7670.elf 
   text	   data	    bss	    dec	    hex	filename
  11916	     16	   1664	  13596	   351c	20250530_OV7670.elf
Finished building: default.size.stdout
 
16:47:43 **** Incremental Build of configuration Debug for project 20250618_LED_Blink ****
make -j16 all 
arm-none-eabi-size  20250618_LED_Blink.elf 
   text	   data	    bss	    dec	    hex	filename
   6004	     12	   1572	   7588	   1da4	20250618_LED_Blink.elf
Finished building: default.size.stdout
 
16:47:44 **** Incremental Build of configuration Debug for project 20250619_CounterShowOnSEG ****
make -j16 all 
arm-none-eabi-size  20250619_CounterShowOnSEG.elf 
   text	   data	    bss	    dec	    hex	filename
   2208	     96	   1608	   3912	    f48	20250619_CounterShowOnSEG.elf
Finished building: default.size.stdout
 
16:47:44 **** Incremental Build of configuration Debug for project 20250619_LedBar ****
make -j16 all 
arm-none-eabi-size  20250619_LedBar.elf 
   text	   data	    bss	    dec	    hex	filename
   1592	     64	   1600	   3256	    cb8	20250619_LedBar.elf
Finished building: default.size.stdout
 
16:47:44 **** Incremental Build of configuration Debug for project 20250620_FND_TIM_Interrupt ****
make -j16 all 
arm-none-eabi-size  20250620_FND_TIM_Interrupt.elf 
   text	   data	    bss	    dec	    hex	filename
   3284	    104	   1640	   5028	   13a4	20250620_FND_TIM_Interrupt.elf
Finished building: default.size.stdout
 
16:47:44 **** Incremental Build of configuration Debug for project 20250620_HW ****
make -j16 all 
arm-none-eabi-size  20250620_HW.elf 
   text	   data	    bss	    dec	    hex	filename
   3160	    160	   1616	   4936	   1348	20250620_HW.elf
Finished building: default.size.stdout
 
16:47:45 **** Incremental Build of configuration Debug for project 20250623_TImeWatch_StopWatch ****
make -j16 all 
arm-none-eabi-gcc "../Core/ap/StopWatch.c" -mcpu=cortex-m4 -std=gnu11 -g3 -DDEBUG -DUSE_HAL_DRIVER -DSTM32F411xE -c -I../Core/Inc -I../Drivers/STM32F4xx_HAL_Driver/Inc -I../Drivers/STM32F4xx_HAL_Driver/Inc/Legacy -I../Drivers/CMSIS/Device/ST/STM32F4xx/Include -I../Drivers/CMSIS/Include -I"C:/harman/STM32Cube/20250623_TImeWatch_StopWatch/Core/ap" -I"C:/harman/STM32Cube/20250623_TImeWatch_StopWatch/Core/driver/Button" -I"C:/harman/STM32Cube/20250623_TImeWatch_StopWatch/Core/driver/FND" -I"C:/harman/STM32Cube/20250623_TImeWatch_StopWatch/Core/driver/LedBar" -O0 -ffunction-sections -fdata-sections -Wall -fstack-usage -fcyclomatic-complexity -MMD -MP -MF"Core/ap/StopWatch.d" -MT"Core/ap/StopWatch.o" --specs=nano.specs -mfpu=fpv4-sp-d16 -mfloat-abi=hard -mthumb -o "Core/ap/StopWatch.o"
arm-none-eabi-gcc "../Core/ap/ap_main.c" -mcpu=cortex-m4 -std=gnu11 -g3 -DDEBUG -DUSE_HAL_DRIVER -DSTM32F411xE -c -I../Core/Inc -I../Drivers/STM32F4xx_HAL_Driver/Inc -I../Drivers/STM32F4xx_HAL_Driver/Inc/Legacy -I../Drivers/CMSIS/Device/ST/STM32F4xx/Include -I../Drivers/CMSIS/Include -I"C:/harman/STM32Cube/20250623_TImeWatch_StopWatch/Core/ap" -I"C:/harman/STM32Cube/20250623_TImeWatch_StopWatch/Core/driver/Button" -I"C:/harman/STM32Cube/20250623_TImeWatch_StopWatch/Core/driver/FND" -I"C:/harman/STM32Cube/20250623_TImeWatch_StopWatch/Core/driver/LedBar" -O0 -ffunction-sections -fdata-sections -Wall -fstack-usage -fcyclomatic-complexity -MMD -MP -MF"Core/ap/ap_main.d" -MT"Core/ap/ap_main.o" --specs=nano.specs -mfpu=fpv4-sp-d16 -mfloat-abi=hard -mthumb -o "Core/ap/ap_main.o"
arm-none-eabi-gcc "../Core/Src/main.c" -mcpu=cortex-m4 -std=gnu11 -g3 -DDEBUG -DUSE_HAL_DRIVER -DSTM32F411xE -c -I../Core/Inc -I../Drivers/STM32F4xx_HAL_Driver/Inc -I../Drivers/STM32F4xx_HAL_Driver/Inc/Legacy -I../Drivers/CMSIS/Device/ST/STM32F4xx/Include -I../Drivers/CMSIS/Include -I"C:/harman/STM32Cube/20250623_TImeWatch_StopWatch/Core/ap" -I"C:/harman/STM32Cube/20250623_TImeWatch_StopWatch/Core/driver/Button" -I"C:/harman/STM32Cube/20250623_TImeWatch_StopWatch/Core/driver/FND" -I"C:/harman/STM32Cube/20250623_TImeWatch_StopWatch/Core/driver/LedBar" -O0 -ffunction-sections -fdata-sections -Wall -fstack-usage -fcyclomatic-complexity -MMD -MP -MF"Core/Src/main.d" -MT"Core/Src/main.o" --specs=nano.specs -mfpu=fpv4-sp-d16 -mfloat-abi=hard -mthumb -o "Core/Src/main.o"
../Core/ap/StopWatch.c: In function 'StopWatch_Stop':
../Core/ap/StopWatch.c:56:30: error: 'hBtnRunStop' undeclared (first use in this function)
   56 |         if (Button_GetState(&hBtnRunStop) == ACT_PUSHED) {
      |                              ^~~~~~~~~~~
../Core/ap/StopWatch.c:56:30: note: each undeclared identifier is reported only once for each function it appears in
../Core/ap/StopWatch.c:58:36: error: 'hBtnClear' undeclared (first use in this function)
   58 |         } else if(Button_GetState(&hBtnClear) == ACT_PUSHED) {
      |                                    ^~~~~~~~~
../Core/ap/StopWatch.c: In function 'StopWatch_Run':
../Core/ap/StopWatch.c:64:30: error: 'hBtnRunStop' undeclared (first use in this function)
   64 |         if (Button_GetState(&hBtnRunStop) == ACT_PUSHED) {
      |                              ^~~~~~~~~~~
../Core/ap/ap_main.c: In function 'HAL_TIM_PeriodElapsedCallback':
../Core/ap/ap_main.c:19:17: warning: statement with no effect [-Wunused-value]
   19 |                 TimeWatch_IncTimeCallBack
      |                 ^~~~~~~~~~~~~~~~~~~~~~~~~
../Core/ap/ap_main.c:19:42: error: expected ';' before 'Button_Handler_t'
   19 |                 TimeWatch_IncTimeCallBack
      |                                          ^
      |                                          ;
   20 |                 Button_Handler_t hBtnMode;
      |                 ~~~~~~~~~~~~~~~~          
make: *** [Core/ap/subdir.mk:25: Core/ap/StopWatch.o] Error 1
make: *** Waiting for unfinished jobs....
../Core/ap/ap_main.c:22:45: error: expected expression before ')' token
   22 |                 Button_Handler_t hBtnClear;();
      |                                             ^
../Core/ap/ap_main.c:22:34: warning: unused variable 'hBtnClear' [-Wunused-variable]
   22 |                 Button_Handler_t hBtnClear;();
      |                                  ^~~~~~~~~
../Core/ap/ap_main.c:21:34: warning: unused variable 'hBtnRunStop' [-Wunused-variable]
   21 |                 Button_Handler_t hBtnRunStop;
      |                                  ^~~~~~~~~~~
make: *** [Core/ap/subdir.mk:25: Core/ap/ap_main.o] Error 1
"make -j16 all" terminated with exit code 2. Build might be incomplete.
16:47:45 **** Incremental Build of configuration Debug for project 20250629_FND_TIM_Interruft ****
make -j16 all 
arm-none-eabi-size  20250629_FND_TIM_Interruft.elf 
   text	   data	    bss	    dec	    hex	filename
   2260	    160	   1616	   4036	    fc4	20250629_FND_TIM_Interruft.elf
Finished building: default.size.stdout
 
16:47:46 **** Incremental Build of configuration Debug for project 20250530_OV7670 ****
make -j16 all 
arm-none-eabi-size  20250530_OV7670.elf 
   text	   data	    bss	    dec	    hex	filename
  11916	     16	   1664	  13596	   351c	20250530_OV7670.elf
Finished building: default.size.stdout
 
16:47:46 **** Incremental Build of configuration Debug for project 20250618_LED_Blink ****
make -j16 all 
arm-none-eabi-size  20250618_LED_Blink.elf 
   text	   data	    bss	    dec	    hex	filename
   6004	     12	   1572	   7588	   1da4	20250618_LED_Blink.elf
Finished building: default.size.stdout
 
16:47:46 **** Incremental Build of configuration Debug for project 20250619_CounterShowOnSEG ****
make -j16 all 
arm-none-eabi-size  20250619_CounterShowOnSEG.elf 
   text	   data	    bss	    dec	    hex	filename
   2208	     96	   1608	   3912	    f48	20250619_CounterShowOnSEG.elf
Finished building: default.size.stdout
 
16:47:47 **** Incremental Build of configuration Debug for project 20250619_LedBar ****
make -j16 all 
arm-none-eabi-size  20250619_LedBar.elf 
   text	   data	    bss	    dec	    hex	filename
   1592	     64	   1600	   3256	    cb8	20250619_LedBar.elf
Finished building: default.size.stdout
 
16:47:47 **** Incremental Build of configuration Debug for project 20250620_FND_TIM_Interrupt ****
make -j16 all 
arm-none-eabi-size  20250620_FND_TIM_Interrupt.elf 
   text	   data	    bss	    dec	    hex	filename
   3284	    104	   1640	   5028	   13a4	20250620_FND_TIM_Interrupt.elf
Finished building: default.size.stdout
 
16:47:47 **** Incremental Build of configuration Debug for project 20250620_HW ****
make -j16 all 
arm-none-eabi-size  20250620_HW.elf 
   text	   data	    bss	    dec	    hex	filename
   3160	    160	   1616	   4936	   1348	20250620_HW.elf
Finished building: default.size.stdout
 
16:47:48 **** Incremental Build of configuration Debug for project 20250623_TImeWatch_StopWatch ****
make -j16 all 
arm-none-eabi-gcc "../Core/ap/StopWatch.c" -mcpu=cortex-m4 -std=gnu11 -g3 -DDEBUG -DUSE_HAL_DRIVER -DSTM32F411xE -c -I../Core/Inc -I../Drivers/STM32F4xx_HAL_Driver/Inc -I../Drivers/STM32F4xx_HAL_Driver/Inc/Legacy -I../Drivers/CMSIS/Device/ST/STM32F4xx/Include -I../Drivers/CMSIS/Include -I"C:/harman/STM32Cube/20250623_TImeWatch_StopWatch/Core/ap" -I"C:/harman/STM32Cube/20250623_TImeWatch_StopWatch/Core/driver/Button" -I"C:/harman/STM32Cube/20250623_TImeWatch_StopWatch/Core/driver/FND" -I"C:/harman/STM32Cube/20250623_TImeWatch_StopWatch/Core/driver/LedBar" -O0 -ffunction-sections -fdata-sections -Wall -fstack-usage -fcyclomatic-complexity -MMD -MP -MF"Core/ap/StopWatch.d" -MT"Core/ap/StopWatch.o" --specs=nano.specs -mfpu=fpv4-sp-d16 -mfloat-abi=hard -mthumb -o "Core/ap/StopWatch.o"
arm-none-eabi-gcc "../Core/ap/ap_main.c" -mcpu=cortex-m4 -std=gnu11 -g3 -DDEBUG -DUSE_HAL_DRIVER -DSTM32F411xE -c -I../Core/Inc -I../Drivers/STM32F4xx_HAL_Driver/Inc -I../Drivers/STM32F4xx_HAL_Driver/Inc/Legacy -I../Drivers/CMSIS/Device/ST/STM32F4xx/Include -I../Drivers/CMSIS/Include -I"C:/harman/STM32Cube/20250623_TImeWatch_StopWatch/Core/ap" -I"C:/harman/STM32Cube/20250623_TImeWatch_StopWatch/Core/driver/Button" -I"C:/harman/STM32Cube/20250623_TImeWatch_StopWatch/Core/driver/FND" -I"C:/harman/STM32Cube/20250623_TImeWatch_StopWatch/Core/driver/LedBar" -O0 -ffunction-sections -fdata-sections -Wall -fstack-usage -fcyclomatic-complexity -MMD -MP -MF"Core/ap/ap_main.d" -MT"Core/ap/ap_main.o" --specs=nano.specs -mfpu=fpv4-sp-d16 -mfloat-abi=hard -mthumb -o "Core/ap/ap_main.o"
../Core/ap/StopWatch.c: In function 'StopWatch_Stop':
../Core/ap/StopWatch.c:56:30: error: 'hBtnRunStop' undeclared (first use in this function)
   56 |         if (Button_GetState(&hBtnRunStop) == ACT_PUSHED) {
      |                              ^~~~~~~~~~~
../Core/ap/StopWatch.c:56:30: note: each undeclared identifier is reported only once for each function it appears in
../Core/ap/StopWatch.c:58:36: error: 'hBtnClear' undeclared (first use in this function)
   58 |         } else if(Button_GetState(&hBtnClear) == ACT_PUSHED) {
      |                                    ^~~~~~~~~
../Core/ap/StopWatch.c: In function 'StopWatch_Run':
../Core/ap/StopWatch.c:64:30: error: 'hBtnRunStop' undeclared (first use in this function)
   64 |         if (Button_GetState(&hBtnRunStop) == ACT_PUSHED) {
      |                              ^~~~~~~~~~~
make: *** [Core/ap/subdir.mk:25: Core/ap/StopWatch.o] Error 1
make: *** Waiting for unfinished jobs....
"make -j16 all" terminated with exit code 2. Build might be incomplete.
16:47:48 **** Incremental Build of configuration Debug for project 20250629_FND_TIM_Interruft ****
make -j16 all 
arm-none-eabi-size  20250629_FND_TIM_Interruft.elf 
   text	   data	    bss	    dec	    hex	filename
   2260	    160	   1616	   4036	    fc4	20250629_FND_TIM_Interruft.elf
Finished building: default.size.stdout
 
16:50:26 **** Incremental Build of configuration Debug for project 20250530_OV7670 ****
make -j16 all 
arm-none-eabi-size  20250530_OV7670.elf 
   text	   data	    bss	    dec	    hex	filename
  11916	     16	   1664	  13596	   351c	20250530_OV7670.elf
Finished building: default.size.stdout
 
16:50:27 **** Incremental Build of configuration Debug for project 20250618_LED_Blink ****
make -j16 all 
arm-none-eabi-size  20250618_LED_Blink.elf 
   text	   data	    bss	    dec	    hex	filename
   6004	     12	   1572	   7588	   1da4	20250618_LED_Blink.elf
Finished building: default.size.stdout
 
16:50:27 **** Incremental Build of configuration Debug for project 20250619_CounterShowOnSEG ****
make -j16 all 
arm-none-eabi-size  20250619_CounterShowOnSEG.elf 
   text	   data	    bss	    dec	    hex	filename
   2208	     96	   1608	   3912	    f48	20250619_CounterShowOnSEG.elf
Finished building: default.size.stdout
 
16:50:27 **** Incremental Build of configuration Debug for project 20250619_LedBar ****
make -j16 all 
arm-none-eabi-size  20250619_LedBar.elf 
   text	   data	    bss	    dec	    hex	filename
   1592	     64	   1600	   3256	    cb8	20250619_LedBar.elf
Finished building: default.size.stdout
 
16:50:27 **** Incremental Build of configuration Debug for project 20250620_FND_TIM_Interrupt ****
make -j16 all 
arm-none-eabi-size  20250620_FND_TIM_Interrupt.elf 
   text	   data	    bss	    dec	    hex	filename
   3284	    104	   1640	   5028	   13a4	20250620_FND_TIM_Interrupt.elf
Finished building: default.size.stdout
 
16:50:28 **** Incremental Build of configuration Debug for project 20250620_HW ****
make -j16 all 
arm-none-eabi-size  20250620_HW.elf 
   text	   data	    bss	    dec	    hex	filename
   3160	    160	   1616	   4936	   1348	20250620_HW.elf
Finished building: default.size.stdout
 
16:50:28 **** Incremental Build of configuration Debug for project 20250623_TImeWatch_StopWatch ****
make -j16 all 
arm-none-eabi-gcc "../Core/ap/StopWatch.c" -mcpu=cortex-m4 -std=gnu11 -g3 -DDEBUG -DUSE_HAL_DRIVER -DSTM32F411xE -c -I../Core/Inc -I../Drivers/STM32F4xx_HAL_Driver/Inc -I../Drivers/STM32F4xx_HAL_Driver/Inc/Legacy -I../Drivers/CMSIS/Device/ST/STM32F4xx/Include -I../Drivers/CMSIS/Include -I"C:/harman/STM32Cube/20250623_TImeWatch_StopWatch/Core/ap" -I"C:/harman/STM32Cube/20250623_TImeWatch_StopWatch/Core/driver/Button" -I"C:/harman/STM32Cube/20250623_TImeWatch_StopWatch/Core/driver/FND" -I"C:/harman/STM32Cube/20250623_TImeWatch_StopWatch/Core/driver/LedBar" -O0 -ffunction-sections -fdata-sections -Wall -fstack-usage -fcyclomatic-complexity -MMD -MP -MF"Core/ap/StopWatch.d" -MT"Core/ap/StopWatch.o" --specs=nano.specs -mfpu=fpv4-sp-d16 -mfloat-abi=hard -mthumb -o "Core/ap/StopWatch.o"
../Core/ap/StopWatch.c:81:1: error: expected ';', ',' or ')' before 'Button_Handler_t'
   81 | Button_Handler_t RunStop
      | ^~~~~~~~~~~~~~~~
make: *** [Core/ap/subdir.mk:25: Core/ap/StopWatch.o] Error 1
"make -j16 all" terminated with exit code 2. Build might be incomplete.
16:50:28 **** Incremental Build of configuration Debug for project 20250629_FND_TIM_Interruft ****
make -j16 all 
arm-none-eabi-size  20250629_FND_TIM_Interruft.elf 
   text	   data	    bss	    dec	    hex	filename
   2260	    160	   1616	   4036	    fc4	20250629_FND_TIM_Interruft.elf
Finished building: default.size.stdout
 
16:50:36 **** Incremental Build of configuration Debug for project 20250530_OV7670 ****
make -j16 all 
arm-none-eabi-size  20250530_OV7670.elf 
   text	   data	    bss	    dec	    hex	filename
  11916	     16	   1664	  13596	   351c	20250530_OV7670.elf
Finished building: default.size.stdout
 
16:50:36 **** Incremental Build of configuration Debug for project 20250618_LED_Blink ****
make -j16 all 
arm-none-eabi-size  20250618_LED_Blink.elf 
   text	   data	    bss	    dec	    hex	filename
   6004	     12	   1572	   7588	   1da4	20250618_LED_Blink.elf
Finished building: default.size.stdout
 
16:50:36 **** Incremental Build of configuration Debug for project 20250619_CounterShowOnSEG ****
make -j16 all 
arm-none-eabi-size  20250619_CounterShowOnSEG.elf 
   text	   data	    bss	    dec	    hex	filename
   2208	     96	   1608	   3912	    f48	20250619_CounterShowOnSEG.elf
Finished building: default.size.stdout
 
16:50:36 **** Incremental Build of configuration Debug for project 20250619_LedBar ****
make -j16 all 
arm-none-eabi-size  20250619_LedBar.elf 
   text	   data	    bss	    dec	    hex	filename
   1592	     64	   1600	   3256	    cb8	20250619_LedBar.elf
Finished building: default.size.stdout
 
16:50:37 **** Incremental Build of configuration Debug for project 20250620_FND_TIM_Interrupt ****
make -j16 all 
arm-none-eabi-size  20250620_FND_TIM_Interrupt.elf 
   text	   data	    bss	    dec	    hex	filename
   3284	    104	   1640	   5028	   13a4	20250620_FND_TIM_Interrupt.elf
Finished building: default.size.stdout
 
16:50:37 **** Incremental Build of configuration Debug for project 20250620_HW ****
make -j16 all 
arm-none-eabi-size  20250620_HW.elf 
   text	   data	    bss	    dec	    hex	filename
   3160	    160	   1616	   4936	   1348	20250620_HW.elf
Finished building: default.size.stdout
 
16:50:37 **** Incremental Build of configuration Debug for project 20250623_TImeWatch_StopWatch ****
make -j16 all 
arm-none-eabi-gcc "../Core/ap/StopWatch.c" -mcpu=cortex-m4 -std=gnu11 -g3 -DDEBUG -DUSE_HAL_DRIVER -DSTM32F411xE -c -I../Core/Inc -I../Drivers/STM32F4xx_HAL_Driver/Inc -I../Drivers/STM32F4xx_HAL_Driver/Inc/Legacy -I../Drivers/CMSIS/Device/ST/STM32F4xx/Include -I../Drivers/CMSIS/Include -I"C:/harman/STM32Cube/20250623_TImeWatch_StopWatch/Core/ap" -I"C:/harman/STM32Cube/20250623_TImeWatch_StopWatch/Core/driver/Button" -I"C:/harman/STM32Cube/20250623_TImeWatch_StopWatch/Core/driver/FND" -I"C:/harman/STM32Cube/20250623_TImeWatch_StopWatch/Core/driver/LedBar" -O0 -ffunction-sections -fdata-sections -Wall -fstack-usage -fcyclomatic-complexity -MMD -MP -MF"Core/ap/StopWatch.d" -MT"Core/ap/StopWatch.o" --specs=nano.specs -mfpu=fpv4-sp-d16 -mfloat-abi=hard -mthumb -o "Core/ap/StopWatch.o"
arm-none-eabi-gcc -o "20250623_TImeWatch_StopWatch.elf" @"objects.list"   -mcpu=cortex-m4 -T"C:\harman\STM32Cube\20250623_TImeWatch_StopWatch\STM32F411RETX_FLASH.ld" --specs=nosys.specs -Wl,-Map="20250623_TImeWatch_StopWatch.map" -Wl,--gc-sections -static --specs=nano.specs -mfpu=fpv4-sp-d16 -mfloat-abi=hard -mthumb -Wl,--start-group -lc -lm -Wl,--end-group
C:/ST/STM32CubeIDE_1.18.1/STM32CubeIDE/plugins/com.st.stm32cube.ide.mcu.externaltools.gnu-tools-for-stm32.13.3.rel1.win32_1.0.0.202411081344/tools/bin/../lib/gcc/arm-none-eabi/13.3.1/../../../../arm-none-eabi/bin/ld.exe: ./Core/ap/ap_main.o:C:/harman/STM32Cube/20250623_TImeWatch_StopWatch/Debug/../Core/ap/ap_main.c:10: multiple definition of `hBtnMode'; ./Core/ap/StopWatch.o:C:/harman/STM32Cube/20250623_TImeWatch_StopWatch/Debug/../Core/ap/StopWatch.c:16: first defined here
C:/ST/STM32CubeIDE_1.18.1/STM32CubeIDE/plugins/com.st.stm32cube.ide.mcu.externaltools.gnu-tools-for-stm32.13.3.rel1.win32_1.0.0.202411081344/tools/bin/../lib/gcc/arm-none-eabi/13.3.1/../../../../arm-none-eabi/bin/ld.exe: ./Core/ap/ap_main.o:C:/harman/STM32Cube/20250623_TImeWatch_StopWatch/Debug/../Core/ap/ap_main.c:11: multiple definition of `hBtnRunStop'; ./Core/ap/StopWatch.o:C:/harman/STM32Cube/20250623_TImeWatch_StopWatch/Debug/../Core/ap/StopWatch.c:17: first defined here
C:/ST/STM32CubeIDE_1.18.1/STM32CubeIDE/plugins/com.st.stm32cube.ide.mcu.externaltools.gnu-tools-for-stm32.13.3.rel1.win32_1.0.0.202411081344/tools/bin/../lib/gcc/arm-none-eabi/13.3.1/../../../../arm-none-eabi/bin/ld.exe: ./Core/ap/ap_main.o:C:/harman/STM32Cube/20250623_TImeWatch_StopWatch/Debug/../Core/ap/ap_main.c:12: multiple definition of `hBtnClear'; ./Core/ap/StopWatch.o:C:/harman/STM32Cube/20250623_TImeWatch_StopWatch/Debug/../Core/ap/StopWatch.c:18: first defined here
collect2.exe: error: ld returned 1 exit status
make: *** [makefile:68: 20250623_TImeWatch_StopWatch.elf] Error 1
"make -j16 all" terminated with exit code 2. Build might be incomplete.
16:50:38 **** Incremental Build of configuration Debug for project 20250629_FND_TIM_Interruft ****
make -j16 all 
arm-none-eabi-size  20250629_FND_TIM_Interruft.elf 
   text	   data	    bss	    dec	    hex	filename
   2260	    160	   1616	   4036	    fc4	20250629_FND_TIM_Interruft.elf
Finished building: default.size.stdout
 
16:50:44 **** Incremental Build of configuration Debug for project 20250530_OV7670 ****
make -j16 all 
arm-none-eabi-size  20250530_OV7670.elf 
   text	   data	    bss	    dec	    hex	filename
  11916	     16	   1664	  13596	   351c	20250530_OV7670.elf
Finished building: default.size.stdout
 
16:50:44 **** Incremental Build of configuration Debug for project 20250618_LED_Blink ****
make -j16 all 
arm-none-eabi-size  20250618_LED_Blink.elf 
   text	   data	    bss	    dec	    hex	filename
   6004	     12	   1572	   7588	   1da4	20250618_LED_Blink.elf
Finished building: default.size.stdout
 
16:50:44 **** Incremental Build of configuration Debug for project 20250619_CounterShowOnSEG ****
make -j16 all 
arm-none-eabi-size  20250619_CounterShowOnSEG.elf 
   text	   data	    bss	    dec	    hex	filename
   2208	     96	   1608	   3912	    f48	20250619_CounterShowOnSEG.elf
Finished building: default.size.stdout
 
16:50:44 **** Incremental Build of configuration Debug for project 20250619_LedBar ****
make -j16 all 
arm-none-eabi-size  20250619_LedBar.elf 
   text	   data	    bss	    dec	    hex	filename
   1592	     64	   1600	   3256	    cb8	20250619_LedBar.elf
Finished building: default.size.stdout
 
16:50:45 **** Incremental Build of configuration Debug for project 20250620_FND_TIM_Interrupt ****
make -j16 all 
arm-none-eabi-size  20250620_FND_TIM_Interrupt.elf 
   text	   data	    bss	    dec	    hex	filename
   3284	    104	   1640	   5028	   13a4	20250620_FND_TIM_Interrupt.elf
Finished building: default.size.stdout
 
16:50:45 **** Incremental Build of configuration Debug for project 20250620_HW ****
make -j16 all 
arm-none-eabi-size  20250620_HW.elf 
   text	   data	    bss	    dec	    hex	filename
   3160	    160	   1616	   4936	   1348	20250620_HW.elf
Finished building: default.size.stdout
 
16:50:45 **** Incremental Build of configuration Debug for project 20250623_TImeWatch_StopWatch ****
make -j16 all 
arm-none-eabi-gcc "../Core/ap/StopWatch.c" -mcpu=cortex-m4 -std=gnu11 -g3 -DDEBUG -DUSE_HAL_DRIVER -DSTM32F411xE -c -I../Core/Inc -I../Drivers/STM32F4xx_HAL_Driver/Inc -I../Drivers/STM32F4xx_HAL_Driver/Inc/Legacy -I../Drivers/CMSIS/Device/ST/STM32F4xx/Include -I../Drivers/CMSIS/Include -I"C:/harman/STM32Cube/20250623_TImeWatch_StopWatch/Core/ap" -I"C:/harman/STM32Cube/20250623_TImeWatch_StopWatch/Core/driver/Button" -I"C:/harman/STM32Cube/20250623_TImeWatch_StopWatch/Core/driver/FND" -I"C:/harman/STM32Cube/20250623_TImeWatch_StopWatch/Core/driver/LedBar" -O0 -ffunction-sections -fdata-sections -Wall -fstack-usage -fcyclomatic-complexity -MMD -MP -MF"Core/ap/StopWatch.d" -MT"Core/ap/StopWatch.o" --specs=nano.specs -mfpu=fpv4-sp-d16 -mfloat-abi=hard -mthumb -o "Core/ap/StopWatch.o"
arm-none-eabi-gcc -o "20250623_TImeWatch_StopWatch.elf" @"objects.list"   -mcpu=cortex-m4 -T"C:\harman\STM32Cube\20250623_TImeWatch_StopWatch\STM32F411RETX_FLASH.ld" --specs=nosys.specs -Wl,-Map="20250623_TImeWatch_StopWatch.map" -Wl,--gc-sections -static --specs=nano.specs -mfpu=fpv4-sp-d16 -mfloat-abi=hard -mthumb -Wl,--start-group -lc -lm -Wl,--end-group
C:/ST/STM32CubeIDE_1.18.1/STM32CubeIDE/plugins/com.st.stm32cube.ide.mcu.externaltools.gnu-tools-for-stm32.13.3.rel1.win32_1.0.0.202411081344/tools/bin/../lib/gcc/arm-none-eabi/13.3.1/../../../../arm-none-eabi/bin/ld.exe: ./Core/ap/ap_main.o:C:/harman/STM32Cube/20250623_TImeWatch_StopWatch/Debug/../Core/ap/ap_main.c:10: multiple definition of `hBtnMode'; ./Core/ap/StopWatch.o:C:/harman/STM32Cube/20250623_TImeWatch_StopWatch/Debug/../Core/ap/StopWatch.c:16: first defined here
C:/ST/STM32CubeIDE_1.18.1/STM32CubeIDE/plugins/com.st.stm32cube.ide.mcu.externaltools.gnu-tools-for-stm32.13.3.rel1.win32_1.0.0.202411081344/tools/bin/../lib/gcc/arm-none-eabi/13.3.1/../../../../arm-none-eabi/bin/ld.exe: ./Core/ap/ap_main.o:C:/harman/STM32Cube/20250623_TImeWatch_StopWatch/Debug/../Core/ap/ap_main.c:11: multiple definition of `hBtnRunStop'; ./Core/ap/StopWatch.o:C:/harman/STM32Cube/20250623_TImeWatch_StopWatch/Debug/../Core/ap/StopWatch.c:17: first defined here
C:/ST/STM32CubeIDE_1.18.1/STM32CubeIDE/plugins/com.st.stm32cube.ide.mcu.externaltools.gnu-tools-for-stm32.13.3.rel1.win32_1.0.0.202411081344/tools/bin/../lib/gcc/arm-none-eabi/13.3.1/../../../../arm-none-eabi/bin/ld.exe: ./Core/ap/ap_main.o:C:/harman/STM32Cube/20250623_TImeWatch_StopWatch/Debug/../Core/ap/ap_main.c:12: multiple definition of `hBtnClear'; ./Core/ap/StopWatch.o:C:/harman/STM32Cube/20250623_TImeWatch_StopWatch/Debug/../Core/ap/StopWatch.c:18: first defined here
collect2.exe: error: ld returned 1 exit status
make: *** [makefile:68: 20250623_TImeWatch_StopWatch.elf] Error 1
"make -j16 all" terminated with exit code 2. Build might be incomplete.
16:50:46 **** Incremental Build of configuration Debug for project 20250629_FND_TIM_Interruft ****
make -j16 all 
arm-none-eabi-size  20250629_FND_TIM_Interruft.elf 
   text	   data	    bss	    dec	    hex	filename
   2260	    160	   1616	   4036	    fc4	20250629_FND_TIM_Interruft.elf
Finished building: default.size.stdout
 
16:50:53 **** Incremental Build of configuration Debug for project 20250530_OV7670 ****
make -j16 all 
arm-none-eabi-size  20250530_OV7670.elf 
   text	   data	    bss	    dec	    hex	filename
  11916	     16	   1664	  13596	   351c	20250530_OV7670.elf
Finished building: default.size.stdout
 
16:50:53 **** Incremental Build of configuration Debug for project 20250618_LED_Blink ****
make -j16 all 
arm-none-eabi-size  20250618_LED_Blink.elf 
   text	   data	    bss	    dec	    hex	filename
   6004	     12	   1572	   7588	   1da4	20250618_LED_Blink.elf
Finished building: default.size.stdout
 
16:50:54 **** Incremental Build of configuration Debug for project 20250619_CounterShowOnSEG ****
make -j16 all 
arm-none-eabi-size  20250619_CounterShowOnSEG.elf 
   text	   data	    bss	    dec	    hex	filename
   2208	     96	   1608	   3912	    f48	20250619_CounterShowOnSEG.elf
Finished building: default.size.stdout
 
16:50:54 **** Incremental Build of configuration Debug for project 20250619_LedBar ****
make -j16 all 
arm-none-eabi-size  20250619_LedBar.elf 
   text	   data	    bss	    dec	    hex	filename
   1592	     64	   1600	   3256	    cb8	20250619_LedBar.elf
Finished building: default.size.stdout
 
16:50:54 **** Incremental Build of configuration Debug for project 20250620_FND_TIM_Interrupt ****
make -j16 all 
arm-none-eabi-size  20250620_FND_TIM_Interrupt.elf 
   text	   data	    bss	    dec	    hex	filename
   3284	    104	   1640	   5028	   13a4	20250620_FND_TIM_Interrupt.elf
Finished building: default.size.stdout
 
16:50:54 **** Incremental Build of configuration Debug for project 20250620_HW ****
make -j16 all 
arm-none-eabi-size  20250620_HW.elf 
   text	   data	    bss	    dec	    hex	filename
   3160	    160	   1616	   4936	   1348	20250620_HW.elf
Finished building: default.size.stdout
 
16:50:55 **** Incremental Build of configuration Debug for project 20250623_TImeWatch_StopWatch ****
make -j16 all 
arm-none-eabi-gcc "../Core/ap/StopWatch.c" -mcpu=cortex-m4 -std=gnu11 -g3 -DDEBUG -DUSE_HAL_DRIVER -DSTM32F411xE -c -I../Core/Inc -I../Drivers/STM32F4xx_HAL_Driver/Inc -I../Drivers/STM32F4xx_HAL_Driver/Inc/Legacy -I../Drivers/CMSIS/Device/ST/STM32F4xx/Include -I../Drivers/CMSIS/Include -I"C:/harman/STM32Cube/20250623_TImeWatch_StopWatch/Core/ap" -I"C:/harman/STM32Cube/20250623_TImeWatch_StopWatch/Core/driver/Button" -I"C:/harman/STM32Cube/20250623_TImeWatch_StopWatch/Core/driver/FND" -I"C:/harman/STM32Cube/20250623_TImeWatch_StopWatch/Core/driver/LedBar" -O0 -ffunction-sections -fdata-sections -Wall -fstack-usage -fcyclomatic-complexity -MMD -MP -MF"Core/ap/StopWatch.d" -MT"Core/ap/StopWatch.o" --specs=nano.specs -mfpu=fpv4-sp-d16 -mfloat-abi=hard -mthumb -o "Core/ap/StopWatch.o"
arm-none-eabi-gcc "../Core/ap/ap_main.c" -mcpu=cortex-m4 -std=gnu11 -g3 -DDEBUG -DUSE_HAL_DRIVER -DSTM32F411xE -c -I../Core/Inc -I../Drivers/STM32F4xx_HAL_Driver/Inc -I../Drivers/STM32F4xx_HAL_Driver/Inc/Legacy -I../Drivers/CMSIS/Device/ST/STM32F4xx/Include -I../Drivers/CMSIS/Include -I"C:/harman/STM32Cube/20250623_TImeWatch_StopWatch/Core/ap" -I"C:/harman/STM32Cube/20250623_TImeWatch_StopWatch/Core/driver/Button" -I"C:/harman/STM32Cube/20250623_TImeWatch_StopWatch/Core/driver/FND" -I"C:/harman/STM32Cube/20250623_TImeWatch_StopWatch/Core/driver/LedBar" -O0 -ffunction-sections -fdata-sections -Wall -fstack-usage -fcyclomatic-complexity -MMD -MP -MF"Core/ap/ap_main.d" -MT"Core/ap/ap_main.o" --specs=nano.specs -mfpu=fpv4-sp-d16 -mfloat-abi=hard -mthumb -o "Core/ap/ap_main.o"
arm-none-eabi-gcc "../Core/Src/main.c" -mcpu=cortex-m4 -std=gnu11 -g3 -DDEBUG -DUSE_HAL_DRIVER -DSTM32F411xE -c -I../Core/Inc -I../Drivers/STM32F4xx_HAL_Driver/Inc -I../Drivers/STM32F4xx_HAL_Driver/Inc/Legacy -I../Drivers/CMSIS/Device/ST/STM32F4xx/Include -I../Drivers/CMSIS/Include -I"C:/harman/STM32Cube/20250623_TImeWatch_StopWatch/Core/ap" -I"C:/harman/STM32Cube/20250623_TImeWatch_StopWatch/Core/driver/Button" -I"C:/harman/STM32Cube/20250623_TImeWatch_StopWatch/Core/driver/FND" -I"C:/harman/STM32Cube/20250623_TImeWatch_StopWatch/Core/driver/LedBar" -O0 -ffunction-sections -fdata-sections -Wall -fstack-usage -fcyclomatic-complexity -MMD -MP -MF"Core/Src/main.d" -MT"Core/Src/main.o" --specs=nano.specs -mfpu=fpv4-sp-d16 -mfloat-abi=hard -mthumb -o "Core/Src/main.o"
../Core/ap/ap_main.c: In function 'StopWatchButton_Init':
../Core/ap/ap_main.c:14:38: error: storage class specified for parameter 'watch_state_t'
   14 | typedef enum {TIME_WATCH,STOP_WATCH} watch_state_t;
      |                                      ^~~~~~~~~~~~~
../Core/ap/ap_main.c:16:60: error: expected '=', ',', ';', 'asm' or '__attribute__' before '{' token
   16 | void HAL_TIM_PeriodElapsedCallback(TIM_HandleTypeDef *htim){
      |                                                            ^
../Core/ap/ap_main.c:25:1: error: expected '=', ',', ';', 'asm' or '__attribute__' before '{' token
   25 | {
      | ^
../Core/ap/ap_main.c:50:16: error: expected '=', ',', ';', 'asm' or '__attribute__' before '{' token
   50 | void ap_init() {
      |                ^
In file included from ../Core/ap/ap_main.h:17,
                 from ../Core/ap/ap_main.c:8:
../Core/ap/StopWatch.h:17:105: error: old-style parameter declarations in prototyped function definition
   17 | void StopWatchButton_Init(Button_Handler_t Mode, Button_Handler_t RunStop, Button_Handler_t Clear);void StopWatchButton_Init(Button_Handler_t Mode, Button_Handler_t RunStop, Button_Handler_t Clear)
      |                                                                                                         ^~~~~~~~~~~~~~~~~~~~
../Core/ap/ap_main.c:57: error: expected '{' at end of input
../Core/ap/StopWatch.c: In function 'StopWatchButton_Init':
../Core/ap/StopWatch.c:20:31: error: storage class specified for parameter 'STOPWATCH_STATE'
   20 | typedef enum {STOP,RUN,CLEAR} STOPWATCH_STATE;
      |                               ^~~~~~~~~~~~~~~
../Core/ap/StopWatch.c:27:2: error: storage class specified for parameter 'stopatch_t'
   27 | }stopatch_t;
      |  ^~~~~~~~~~
../Core/ap/StopWatch.c:29:1: error: expected declaration specifiers before 'stopatch_t'
   29 | stopatch_t stopWatch = {0,0,0,0};
      | ^~~~~~~~~~
../Core/ap/StopWatch.c:29:33: error: expected declaration specifiers before ';' token
   29 | stopatch_t stopWatch = {0,0,0,0};
      |                                 ^
../Core/ap/StopWatch.c:30:24: error: expected '=', ',', ';', 'asm' or '__attribute__' before 'stopwatch_state'
   30 | static STOPWATCH_STATE stopwatch_state = STOP;
      |                        ^~~~~~~~~~~~~~~
../Core/ap/StopWatch.c:33:26: error: expected '=', ',', ';', 'asm' or '__attribute__' before '{' token
   33 | void StopWatch_IncTime() {
      |                          ^
../Core/ap/StopWatch.c:59:22: error: expected '=', ',', ';', 'asm' or '__attribute__' before '{' token
   59 | void StopWatch_Stop(){
      |                      ^
../Core/ap/StopWatch.c:67:21: error: expected '=', ',', ';', 'asm' or '__attribute__' before '{' token
   67 | void StopWatch_Run(){
      |                     ^
../Core/ap/StopWatch.c:73:23: error: expected '=', ',', ';', 'asm' or '__attribute__' before '{' token
   73 | void StopWatch_Clear(){
      |                       ^
../Core/ap/StopWatch.c:80:99: error: expected '=', ',', ';', 'asm' or '__attribute__' before '{' token
   80 | void StopWatchButton_Init(Button_Handler_t Mode, Button_Handler_t RunStop, Button_Handler_t Clear){
      |                                                                                                   ^
../Core/ap/StopWatch.c:86:34: error: expected '=', ',', ';', 'asm' or '__attribute__' before '{' token
   86 | void StopWatch_IncTimeCallBack() {
      |                                  ^
../Core/ap/StopWatch.c:92:25: error: expected '=', ',', ';', 'asm' or '__attribute__' before '{' token
   92 | void StopWatch_Excute() {
      |                         ^
In file included from ../Core/ap/StopWatch.c:8:
../Core/ap/StopWatch.h:17:105: error: old-style parameter declarations in prototyped function definition
   17 | void StopWatchButton_Init(Button_Handler_t Mode, Button_Handler_t RunStop, Button_Handler_t Clear);void StopWatchButton_Init(Button_Handler_t Mode, Button_Handler_t RunStop, Button_Handler_t Clear)
      |                                                                                                         ^~~~~~~~~~~~~~~~~~~~
../Core/ap/StopWatch.c:106: error: expected '{' at end of input
make: *** [Core/ap/subdir.mk:25: Core/ap/ap_main.o] Error 1
make: *** Waiting for unfinished jobs....
make: *** [Core/ap/subdir.mk:25: Core/ap/StopWatch.o] Error 1
../Core/Src/main.c: In function 'StopWatchButton_Init':
../Core/Src/main.c:66:1: error: expected '=', ',', ';', 'asm' or '__attribute__' before '{' token
   66 | {
      | ^
../Core/Src/main.c:112:1: error: expected '=', ',', ';', 'asm' or '__attribute__' before '{' token
  112 | {
      | ^
../Core/Src/main.c:161:1: error: expected '=', ',', ';', 'asm' or '__attribute__' before '{' token
  161 | {
      | ^
In file included from C:/harman/STM32Cube/20250623_TImeWatch_StopWatch/Core/ap/ap_main.h:17,
                 from ../Core/Src/main.c:26:
[...]
arm-none-eabi-gcc -o "20250623_TImeWatch_StopWatch.elf" @"objects.list"   -mcpu=cortex-m4 -T"C:\harman\STM32Cube\20250623_TImeWatch_StopWatch\STM32F411RETX_FLASH.ld" --specs=nosys.specs -Wl,-Map="20250623_TImeWatch_StopWatch.map" -Wl,--gc-sections -static --specs=nano.specs -mfpu=fpv4-sp-d16 -mfloat-abi=hard -mthumb -Wl,--start-group -lc -lm -Wl,--end-group
Finished building target: 20250623_TImeWatch_StopWatch.elf
 
arm-none-eabi-size  20250623_TImeWatch_StopWatch.elf 
arm-none-eabi-objdump -h -S 20250623_TImeWatch_StopWatch.elf  > "20250623_TImeWatch_StopWatch.list"
   text	   data	    bss	    dec	    hex	filename
  10408	    116	   1708	  12232	   2fc8	20250623_TImeWatch_StopWatch.elf
Finished building: default.size.stdout
 
Finished building: 20250623_TImeWatch_StopWatch.list
 
17:35:59 **** Incremental Build of configuration Debug for project 20250623_TImeWatch_StopWatch ****
make -j16 all 
arm-none-eabi-gcc "../Core/ap/TimeWatch.c" -mcpu=cortex-m4 -std=gnu11 -g3 -DDEBUG -DUSE_HAL_DRIVER -DSTM32F411xE -c -I../Core/Inc -I../Drivers/STM32F4xx_HAL_Driver/Inc -I../Drivers/STM32F4xx_HAL_Driver/Inc/Legacy -I../Drivers/CMSIS/Device/ST/STM32F4xx/Include -I../Drivers/CMSIS/Include -I"C:/harman/STM32Cube/20250623_TImeWatch_StopWatch/Core/ap" -I"C:/harman/STM32Cube/20250623_TImeWatch_StopWatch/Core/driver/Button" -I"C:/harman/STM32Cube/20250623_TImeWatch_StopWatch/Core/driver/FND" -I"C:/harman/STM32Cube/20250623_TImeWatch_StopWatch/Core/driver/LedBar" -O0 -ffunction-sections -fdata-sections -Wall -fstack-usage -fcyclomatic-complexity -MMD -MP -MF"Core/ap/TimeWatch.d" -MT"Core/ap/TimeWatch.o" --specs=nano.specs -mfpu=fpv4-sp-d16 -mfloat-abi=hard -mthumb -o "Core/ap/TimeWatch.o"
arm-none-eabi-gcc -o "20250623_TImeWatch_StopWatch.elf" @"objects.list"   -mcpu=cortex-m4 -T"C:\harman\STM32Cube\20250623_TImeWatch_StopWatch\STM32F411RETX_FLASH.ld" --specs=nosys.specs -Wl,-Map="20250623_TImeWatch_StopWatch.map" -Wl,--gc-sections -static --specs=nano.specs -mfpu=fpv4-sp-d16 -mfloat-abi=hard -mthumb -Wl,--start-group -lc -lm -Wl,--end-group
Finished building target: 20250623_TImeWatch_StopWatch.elf
 
arm-none-eabi-size  20250623_TImeWatch_StopWatch.elf 
arm-none-eabi-objdump -h -S 20250623_TImeWatch_StopWatch.elf  > "20250623_TImeWatch_StopWatch.list"
   text	   data	    bss	    dec	    hex	filename
  10408	    116	   1708	  12232	   2fc8	20250623_TImeWatch_StopWatch.elf
Finished building: default.size.stdout
 
Finished building: 20250623_TImeWatch_StopWatch.list
 
17:36:57 **** Incremental Build of configuration Debug for project 20250623_TImeWatch_StopWatch ****
make -j16 all 
arm-none-eabi-gcc "../Core/ap/StopWatch.c" -mcpu=cortex-m4 -std=gnu11 -g3 -DDEBUG -DUSE_HAL_DRIVER -DSTM32F411xE -c -I../Core/Inc -I../Drivers/STM32F4xx_HAL_Driver/Inc -I../Drivers/STM32F4xx_HAL_Driver/Inc/Legacy -I../Drivers/CMSIS/Device/ST/STM32F4xx/Include -I../Drivers/CMSIS/Include -I"C:/harman/STM32Cube/20250623_TImeWatch_StopWatch/Core/ap" -I"C:/harman/STM32Cube/20250623_TImeWatch_StopWatch/Core/driver/Button" -I"C:/harman/STM32Cube/20250623_TImeWatch_StopWatch/Core/driver/FND" -I"C:/harman/STM32Cube/20250623_TImeWatch_StopWatch/Core/driver/LedBar" -O0 -ffunction-sections -fdata-sections -Wall -fstack-usage -fcyclomatic-complexity -MMD -MP -MF"Core/ap/StopWatch.d" -MT"Core/ap/StopWatch.o" --specs=nano.specs -mfpu=fpv4-sp-d16 -mfloat-abi=hard -mthumb -o "Core/ap/StopWatch.o"
../Core/ap/StopWatch.c: In function 'StopWatchDotBlink':
../Core/ap/StopWatch.c:79:37: error: 'timeWatchDotData' undeclared (first use in this function); did you mean 'stopWatchDotData'?
   79 |         if(stopWatch.msec%100 < 50) timeWatchDotData |= (1U << 3);
      |                                     ^~~~~~~~~~~~~~~~
      |                                     stopWatchDotData
../Core/ap/StopWatch.c:79:37: note: each undeclared identifier is reported only once for each function it appears in
make: *** [Core/ap/subdir.mk:25: Core/ap/StopWatch.o] Error 1
"make -j16 all" terminated with exit code 2. Build might be incomplete.
17:37:14 **** Incremental Build of configuration Debug for project 20250530_OV7670 ****
make -j16 all 
arm-none-eabi-size  20250530_OV7670.elf 
   text	   data	    bss	    dec	    hex	filename
  11916	     16	   1664	  13596	   351c	20250530_OV7670.elf
Finished building: default.size.stdout
 
17:37:14 **** Incremental Build of configuration Debug for project 20250618_LED_Blink ****
make -j16 all 
arm-none-eabi-size  20250618_LED_Blink.elf 
   text	   data	    bss	    dec	    hex	filename
   6004	     12	   1572	   7588	   1da4	20250618_LED_Blink.elf
Finished building: default.size.stdout
 
17:37:14 **** Incremental Build of configuration Debug for project 20250619_CounterShowOnSEG ****
make -j16 all 
arm-none-eabi-size  20250619_CounterShowOnSEG.elf 
   text	   data	    bss	    dec	    hex	filename
   2208	     96	   1608	   3912	    f48	20250619_CounterShowOnSEG.elf
Finished building: default.size.stdout
 
17:37:14 **** Incremental Build of configuration Debug for project 20250619_LedBar ****
make -j16 all 
arm-none-eabi-size  20250619_LedBar.elf 
   text	   data	    bss	    dec	    hex	filename
   1592	     64	   1600	   3256	    cb8	20250619_LedBar.elf
Finished building: default.size.stdout
 
17:37:15 **** Incremental Build of configuration Debug for project 20250620_FND_TIM_Interrupt ****
make -j16 all 
arm-none-eabi-size  20250620_FND_TIM_Interrupt.elf 
   text	   data	    bss	    dec	    hex	filename
   3284	    104	   1640	   5028	   13a4	20250620_FND_TIM_Interrupt.elf
Finished building: default.size.stdout
 
17:37:15 **** Incremental Build of configuration Debug for project 20250620_HW ****
make -j16 all 
arm-none-eabi-size  20250620_HW.elf 
   text	   data	    bss	    dec	    hex	filename
   3160	    160	   1616	   4936	   1348	20250620_HW.elf
Finished building: default.size.stdout
 
17:37:15 **** Incremental Build of configuration Debug for project 20250623_TImeWatch_StopWatch ****
make -j16 all 
arm-none-eabi-gcc "../Core/ap/StopWatch.c" -mcpu=cortex-m4 -std=gnu11 -g3 -DDEBUG -DUSE_HAL_DRIVER -DSTM32F411xE -c -I../Core/Inc -I../Drivers/STM32F4xx_HAL_Driver/Inc -I../Drivers/STM32F4xx_HAL_Driver/Inc/Legacy -I../Drivers/CMSIS/Device/ST/STM32F4xx/Include -I../Drivers/CMSIS/Include -I"C:/harman/STM32Cube/20250623_TImeWatch_StopWatch/Core/ap" -I"C:/harman/STM32Cube/20250623_TImeWatch_StopWatch/Core/driver/Button" -I"C:/harman/STM32Cube/20250623_TImeWatch_StopWatch/Core/driver/FND" -I"C:/harman/STM32Cube/20250623_TImeWatch_StopWatch/Core/driver/LedBar" -O0 -ffunction-sections -fdata-sections -Wall -fstack-usage -fcyclomatic-complexity -MMD -MP -MF"Core/ap/StopWatch.d" -MT"Core/ap/StopWatch.o" --specs=nano.specs -mfpu=fpv4-sp-d16 -mfloat-abi=hard -mthumb -o "Core/ap/StopWatch.o"
arm-none-eabi-gcc "../Core/ap/TimeWatch.c" -mcpu=cortex-m4 -std=gnu11 -g3 -DDEBUG -DUSE_HAL_DRIVER -DSTM32F411xE -c -I../Core/Inc -I../Drivers/STM32F4xx_HAL_Driver/Inc -I../Drivers/STM32F4xx_HAL_Driver/Inc/Legacy -I../Drivers/CMSIS/Device/ST/STM32F4xx/Include -I../Drivers/CMSIS/Include -I"C:/harman/STM32Cube/20250623_TImeWatch_StopWatch/Core/ap" -I"C:/harman/STM32Cube/20250623_TImeWatch_StopWatch/Core/driver/Button" -I"C:/harman/STM32Cube/20250623_TImeWatch_StopWatch/Core/driver/FND" -I"C:/harman/STM32Cube/20250623_TImeWatch_StopWatch/Core/driver/LedBar" -O0 -ffunction-sections -fdata-sections -Wall -fstack-usage -fcyclomatic-complexity -MMD -MP -MF"Core/ap/TimeWatch.d" -MT"Core/ap/TimeWatch.o" --specs=nano.specs -mfpu=fpv4-sp-d16 -mfloat-abi=hard -mthumb -o "Core/ap/TimeWatch.o"
arm-none-eabi-gcc -o "20250623_TImeWatch_StopWatch.elf" @"objects.list"   -mcpu=cortex-m4 -T"C:\harman\STM32Cube\20250623_TImeWatch_StopWatch\STM32F411RETX_FLASH.ld" --specs=nosys.specs -Wl,-Map="20250623_TImeWatch_StopWatch.map" -Wl,--gc-sections -static --specs=nano.specs -mfpu=fpv4-sp-d16 -mfloat-abi=hard -mthumb -Wl,--start-group -lc -lm -Wl,--end-group
Finished building target: 20250623_TImeWatch_StopWatch.elf
 
arm-none-eabi-size  20250623_TImeWatch_StopWatch.elf 
arm-none-eabi-objdump -h -S 20250623_TImeWatch_StopWatch.elf  > "20250623_TImeWatch_StopWatch.list"
   text	   data	    bss	    dec	    hex	filename
  10408	    116	   1708	  12232	   2fc8	20250623_TImeWatch_StopWatch.elf
Finished building: default.size.stdout
 
Finished building: 20250623_TImeWatch_StopWatch.list
 
17:37:16 **** Incremental Build of configuration Debug for project 20250629_FND_TIM_Interruft ****
make -j16 all 
arm-none-eabi-size  20250629_FND_TIM_Interruft.elf 
   text	   data	    bss	    dec	    hex	filename
   2260	    160	   1616	   4036	    fc4	20250629_FND_TIM_Interruft.elf
Finished building: default.size.stdout
 
17:37:19 **** Incremental Build of configuration Debug for project 20250623_TImeWatch_StopWatch ****
make -j16 all 
arm-none-eabi-size  20250623_TImeWatch_StopWatch.elf 
   text	   data	    bss	    dec	    hex	filename
  10408	    116	   1708	  12232	   2fc8	20250623_TImeWatch_StopWatch.elf
Finished building: default.size.stdout
 
17:37:47 **** Incremental Build of configuration Debug for project 20250623_TImeWatch_StopWatch ****
make -j16 all 
arm-none-eabi-gcc "../Core/ap/TimeWatch.c" -mcpu=cortex-m4 -std=gnu11 -g3 -DDEBUG -DUSE_HAL_DRIVER -DSTM32F411xE -c -I../Core/Inc -I../Drivers/STM32F4xx_HAL_Driver/Inc -I../Drivers/STM32F4xx_HAL_Driver/Inc/Legacy -I../Drivers/CMSIS/Device/ST/STM32F4xx/Include -I../Drivers/CMSIS/Include -I"C:/harman/STM32Cube/20250623_TImeWatch_StopWatch/Core/ap" -I"C:/harman/STM32Cube/20250623_TImeWatch_StopWatch/Core/driver/Button" -I"C:/harman/STM32Cube/20250623_TImeWatch_StopWatch/Core/driver/FND" -I"C:/harman/STM32Cube/20250623_TImeWatch_StopWatch/Core/driver/LedBar" -O0 -ffunction-sections -fdata-sections -Wall -fstack-usage -fcyclomatic-complexity -MMD -MP -MF"Core/ap/TimeWatch.d" -MT"Core/ap/TimeWatch.o" --specs=nano.specs -mfpu=fpv4-sp-d16 -mfloat-abi=hard -mthumb -o "Core/ap/TimeWatch.o"
arm-none-eabi-gcc -o "20250623_TImeWatch_StopWatch.elf" @"objects.list"   -mcpu=cortex-m4 -T"C:\harman\STM32Cube\20250623_TImeWatch_StopWatch\STM32F411RETX_FLASH.ld" --specs=nosys.specs -Wl,-Map="20250623_TImeWatch_StopWatch.map" -Wl,--gc-sections -static --specs=nano.specs -mfpu=fpv4-sp-d16 -mfloat-abi=hard -mthumb -Wl,--start-group -lc -lm -Wl,--end-group
Finished building target: 20250623_TImeWatch_StopWatch.elf
 
arm-none-eabi-size  20250623_TImeWatch_StopWatch.elf 
arm-none-eabi-objdump -h -S 20250623_TImeWatch_StopWatch.elf  > "20250623_TImeWatch_StopWatch.list"
   text	   data	    bss	    dec	    hex	filename
  10392	    116	   1708	  12216	   2fb8	20250623_TImeWatch_StopWatch.elf
Finished building: default.size.stdout
 
Finished building: 20250623_TImeWatch_StopWatch.list
 
17:38:24 **** Incremental Build of configuration Debug for project 20250623_TImeWatch_StopWatch ****
make -j16 all 
arm-none-eabi-gcc "../Core/ap/StopWatch.c" -mcpu=cortex-m4 -std=gnu11 -g3 -DDEBUG -DUSE_HAL_DRIVER -DSTM32F411xE -c -I../Core/Inc -I../Drivers/STM32F4xx_HAL_Driver/Inc -I../Drivers/STM32F4xx_HAL_Driver/Inc/Legacy -I../Drivers/CMSIS/Device/ST/STM32F4xx/Include -I../Drivers/CMSIS/Include -I"C:/harman/STM32Cube/20250623_TImeWatch_StopWatch/Core/ap" -I"C:/harman/STM32Cube/20250623_TImeWatch_StopWatch/Core/driver/Button" -I"C:/harman/STM32Cube/20250623_TImeWatch_StopWatch/Core/driver/FND" -I"C:/harman/STM32Cube/20250623_TImeWatch_StopWatch/Core/driver/LedBar" -O0 -ffunction-sections -fdata-sections -Wall -fstack-usage -fcyclomatic-complexity -MMD -MP -MF"Core/ap/StopWatch.d" -MT"Core/ap/StopWatch.o" --specs=nano.specs -mfpu=fpv4-sp-d16 -mfloat-abi=hard -mthumb -o "Core/ap/StopWatch.o"
arm-none-eabi-gcc -o "20250623_TImeWatch_StopWatch.elf" @"objects.list"   -mcpu=cortex-m4 -T"C:\harman\STM32Cube\20250623_TImeWatch_StopWatch\STM32F411RETX_FLASH.ld" --specs=nosys.specs -Wl,-Map="20250623_TImeWatch_StopWatch.map" -Wl,--gc-sections -static --specs=nano.specs -mfpu=fpv4-sp-d16 -mfloat-abi=hard -mthumb -Wl,--start-group -lc -lm -Wl,--end-group
Finished building target: 20250623_TImeWatch_StopWatch.elf
 
arm-none-eabi-size  20250623_TImeWatch_StopWatch.elf 
arm-none-eabi-objdump -h -S 20250623_TImeWatch_StopWatch.elf  > "20250623_TImeWatch_StopWatch.list"
   text	   data	    bss	    dec	    hex	filename
  10384	    116	   1700	  12200	   2fa8	20250623_TImeWatch_StopWatch.elf
Finished building: default.size.stdout
 
Finished building: 20250623_TImeWatch_StopWatch.list
 
17:38:51 **** Incremental Build of configuration Debug for project 20250623_TImeWatch_StopWatch ****
make -j16 all 
arm-none-eabi-gcc "../Core/ap/StopWatch.c" -mcpu=cortex-m4 -std=gnu11 -g3 -DDEBUG -DUSE_HAL_DRIVER -DSTM32F411xE -c -I../Core/Inc -I../Drivers/STM32F4xx_HAL_Driver/Inc -I../Drivers/STM32F4xx_HAL_Driver/Inc/Legacy -I../Drivers/CMSIS/Device/ST/STM32F4xx/Include -I../Drivers/CMSIS/Include -I"C:/harman/STM32Cube/20250623_TImeWatch_StopWatch/Core/ap" -I"C:/harman/STM32Cube/20250623_TImeWatch_StopWatch/Core/driver/Button" -I"C:/harman/STM32Cube/20250623_TImeWatch_StopWatch/Core/driver/FND" -I"C:/harman/STM32Cube/20250623_TImeWatch_StopWatch/Core/driver/LedBar" -O0 -ffunction-sections -fdata-sections -Wall -fstack-usage -fcyclomatic-complexity -MMD -MP -MF"Core/ap/StopWatch.d" -MT"Core/ap/StopWatch.o" --specs=nano.specs -mfpu=fpv4-sp-d16 -mfloat-abi=hard -mthumb -o "Core/ap/StopWatch.o"
arm-none-eabi-gcc -o "20250623_TImeWatch_StopWatch.elf" @"objects.list"   -mcpu=cortex-m4 -T"C:\harman\STM32Cube\20250623_TImeWatch_StopWatch\STM32F411RETX_FLASH.ld" --specs=nosys.specs -Wl,-Map="20250623_TImeWatch_StopWatch.map" -Wl,--gc-sections -static --specs=nano.specs -mfpu=fpv4-sp-d16 -mfloat-abi=hard -mthumb -Wl,--start-group -lc -lm -Wl,--end-group
Finished building target: 20250623_TImeWatch_StopWatch.elf
 
arm-none-eabi-size  20250623_TImeWatch_StopWatch.elf 
arm-none-eabi-objdump -h -S 20250623_TImeWatch_StopWatch.elf  > "20250623_TImeWatch_StopWatch.list"
   text	   data	    bss	    dec	    hex	filename
  10392	    116	   1708	  12216	   2fb8	20250623_TImeWatch_StopWatch.elf
Finished building: default.size.stdout
 
Finished building: 20250623_TImeWatch_StopWatch.list
 
17:39:25 **** Incremental Build of configuration Debug for project 20250623_TImeWatch_StopWatch ****
make -j16 all 
arm-none-eabi-gcc "../Core/ap/StopWatch.c" -mcpu=cortex-m4 -std=gnu11 -g3 -DDEBUG -DUSE_HAL_DRIVER -DSTM32F411xE -c -I../Core/Inc -I../Drivers/STM32F4xx_HAL_Driver/Inc -I../Drivers/STM32F4xx_HAL_Driver/Inc/Legacy -I../Drivers/CMSIS/Device/ST/STM32F4xx/Include -I../Drivers/CMSIS/Include -I"C:/harman/STM32Cube/20250623_TImeWatch_StopWatch/Core/ap" -I"C:/harman/STM32Cube/20250623_TImeWatch_StopWatch/Core/driver/Button" -I"C:/harman/STM32Cube/20250623_TImeWatch_StopWatch/Core/driver/FND" -I"C:/harman/STM32Cube/20250623_TImeWatch_StopWatch/Core/driver/LedBar" -O0 -ffunction-sections -fdata-sections -Wall -fstack-usage -fcyclomatic-complexity -MMD -MP -MF"Core/ap/StopWatch.d" -MT"Core/ap/StopWatch.o" --specs=nano.specs -mfpu=fpv4-sp-d16 -mfloat-abi=hard -mthumb -o "Core/ap/StopWatch.o"
arm-none-eabi-gcc -o "20250623_TImeWatch_StopWatch.elf" @"objects.list"   -mcpu=cortex-m4 -T"C:\harman\STM32Cube\20250623_TImeWatch_StopWatch\STM32F411RETX_FLASH.ld" --specs=nosys.specs -Wl,-Map="20250623_TImeWatch_StopWatch.map" -Wl,--gc-sections -static --specs=nano.specs -mfpu=fpv4-sp-d16 -mfloat-abi=hard -mthumb -Wl,--start-group -lc -lm -Wl,--end-group
Finished building target: 20250623_TImeWatch_StopWatch.elf
 
arm-none-eabi-size  20250623_TImeWatch_StopWatch.elf 
arm-none-eabi-objdump -h -S 20250623_TImeWatch_StopWatch.elf  > "20250623_TImeWatch_StopWatch.list"
   text	   data	    bss	    dec	    hex	filename
  10512	    116	   1708	  12336	   3030	20250623_TImeWatch_StopWatch.elf
Finished building: default.size.stdout
 
Finished building: 20250623_TImeWatch_StopWatch.list
 
17:39:46 **** Incremental Build of configuration Debug for project 20250623_TImeWatch_StopWatch ****
make -j16 all 
arm-none-eabi-gcc "../Core/ap/StopWatch.c" -mcpu=cortex-m4 -std=gnu11 -g3 -DDEBUG -DUSE_HAL_DRIVER -DSTM32F411xE -c -I../Core/Inc -I../Drivers/STM32F4xx_HAL_Driver/Inc -I../Drivers/STM32F4xx_HAL_Driver/Inc/Legacy -I../Drivers/CMSIS/Device/ST/STM32F4xx/Include -I../Drivers/CMSIS/Include -I"C:/harman/STM32Cube/20250623_TImeWatch_StopWatch/Core/ap" -I"C:/harman/STM32Cube/20250623_TImeWatch_StopWatch/Core/driver/Button" -I"C:/harman/STM32Cube/20250623_TImeWatch_StopWatch/Core/driver/FND" -I"C:/harman/STM32Cube/20250623_TImeWatch_StopWatch/Core/driver/LedBar" -O0 -ffunction-sections -fdata-sections -Wall -fstack-usage -fcyclomatic-complexity -MMD -MP -MF"Core/ap/StopWatch.d" -MT"Core/ap/StopWatch.o" --specs=nano.specs -mfpu=fpv4-sp-d16 -mfloat-abi=hard -mthumb -o "Core/ap/StopWatch.o"
arm-none-eabi-gcc -o "20250623_TImeWatch_StopWatch.elf" @"objects.list"   -mcpu=cortex-m4 -T"C:\harman\STM32Cube\20250623_TImeWatch_StopWatch\STM32F411RETX_FLASH.ld" --specs=nosys.specs -Wl,-Map="20250623_TImeWatch_StopWatch.map" -Wl,--gc-sections -static --specs=nano.specs -mfpu=fpv4-sp-d16 -mfloat-abi=hard -mthumb -Wl,--start-group -lc -lm -Wl,--end-group
Finished building target: 20250623_TImeWatch_StopWatch.elf
 
arm-none-eabi-size  20250623_TImeWatch_StopWatch.elf 
arm-none-eabi-objdump -h -S 20250623_TImeWatch_StopWatch.elf  > "20250623_TImeWatch_StopWatch.list"
   text	   data	    bss	    dec	    hex	filename
  10512	    116	   1708	  12336	   3030	20250623_TImeWatch_StopWatch.elf
Finished building: default.size.stdout
 
Finished building: 20250623_TImeWatch_StopWatch.list
 
17:40:03 **** Incremental Build of configuration Debug for project 20250623_TImeWatch_StopWatch ****
make -j16 all 
arm-none-eabi-gcc "../Core/ap/StopWatch.c" -mcpu=cortex-m4 -std=gnu11 -g3 -DDEBUG -DUSE_HAL_DRIVER -DSTM32F411xE -c -I../Core/Inc -I../Drivers/STM32F4xx_HAL_Driver/Inc -I../Drivers/STM32F4xx_HAL_Driver/Inc/Legacy -I../Drivers/CMSIS/Device/ST/STM32F4xx/Include -I../Drivers/CMSIS/Include -I"C:/harman/STM32Cube/20250623_TImeWatch_StopWatch/Core/ap" -I"C:/harman/STM32Cube/20250623_TImeWatch_StopWatch/Core/driver/Button" -I"C:/harman/STM32Cube/20250623_TImeWatch_StopWatch/Core/driver/FND" -I"C:/harman/STM32Cube/20250623_TImeWatch_StopWatch/Core/driver/LedBar" -O0 -ffunction-sections -fdata-sections -Wall -fstack-usage -fcyclomatic-complexity -MMD -MP -MF"Core/ap/StopWatch.d" -MT"Core/ap/StopWatch.o" --specs=nano.specs -mfpu=fpv4-sp-d16 -mfloat-abi=hard -mthumb -o "Core/ap/StopWatch.o"
arm-none-eabi-gcc -o "20250623_TImeWatch_StopWatch.elf" @"objects.list"   -mcpu=cortex-m4 -T"C:\harman\STM32Cube\20250623_TImeWatch_StopWatch\STM32F411RETX_FLASH.ld" --specs=nosys.specs -Wl,-Map="20250623_TImeWatch_StopWatch.map" -Wl,--gc-sections -static --specs=nano.specs -mfpu=fpv4-sp-d16 -mfloat-abi=hard -mthumb -Wl,--start-group -lc -lm -Wl,--end-group
Finished building target: 20250623_TImeWatch_StopWatch.elf
 
arm-none-eabi-size  20250623_TImeWatch_StopWatch.elf 
arm-none-eabi-objdump -h -S 20250623_TImeWatch_StopWatch.elf  > "20250623_TImeWatch_StopWatch.list"
   text	   data	    bss	    dec	    hex	filename
  10512	    116	   1708	  12336	   3030	20250623_TImeWatch_StopWatch.elf
Finished building: default.size.stdout
 
Finished building: 20250623_TImeWatch_StopWatch.list
 
