13:43:50 **** Incremental Build of configuration Debug for project 250708_ILI9341_TFT_LCD ****
make -j16 all 
arm-none-eabi-size  250708_ILI9341_TFT_LCD.elf 
   text	   data	    bss	    dec	    hex	filename
 197024	    116	   2380	 199520	  30b60	250708_ILI9341_TFT_LCD.elf
Finished building: default.size.stdout
 
13:44:08 **** Incremental Build of configuration Debug for project 250708_ILI9341_TFT_LCD ****
make -j16 all 
arm-none-eabi-size  250708_ILI9341_TFT_LCD.elf 
   text	   data	    bss	    dec	    hex	filename
 197024	    116	   2380	 199520	  30b60	250708_ILI9341_TFT_LCD.elf
Finished building: default.size.stdout
 
13:45:06 **** Incremental Build of configuration Debug for project 250708_OV7670 ****
make -j16 all 
arm-none-eabi-size  250708_OV7670.elf 
   text	   data	    bss	    dec	    hex	filename
  50904	    112	 156280	 207296	  329c0	250708_OV7670.elf
Finished building: default.size.stdout
 
13:45:18 **** Incremental Build of configuration Debug for project 250708_OV7670 ****
make -j16 all 
arm-none-eabi-size  250708_OV7670.elf 
   text	   data	    bss	    dec	    hex	filename
  50904	    112	 156280	 207296	  329c0	250708_OV7670.elf
Finished building: default.size.stdout
 
13:46:59 **** Incremental Build of configuration Debug for project 250708_OV7670 ****
make -j16 all 
arm-none-eabi-gcc "../Core/Src/main.c" -mcpu=cortex-m7 -std=gnu11 -g3 -DDEBUG -DUSE_PWR_LDO_SUPPLY -DUSE_HAL_DRIVER -DSTM32H743xx -c -I../Core/Inc -I../Drivers/STM32H7xx_HAL_Driver/Inc -I../Drivers/STM32H7xx_HAL_Driver/Inc/Legacy -I../Drivers/CMSIS/Device/ST/STM32H7xx/Include -I../Drivers/CMSIS/Include -I"C:/harman/STM32Cube/250708_OV7670/Core/Lib/ili9341" -I"C:/harman/STM32Cube/250708_OV7670/Core/OV7670" -O0 -ffunction-sections -fdata-sections -Wall -fstack-usage -fcyclomatic-complexity -MMD -MP -MF"Core/Src/main.d" -MT"Core/Src/main.o" --specs=nano.specs -mfpu=fpv5-d16 -mfloat-abi=hard -mthumb -o "Core/Src/main.o"
arm-none-eabi-gcc -o "250708_OV7670.elf" @"objects.list"   -mcpu=cortex-m7 -T"C:\harman\STM32Cube\250708_OV7670\STM32H743XIHX_FLASH.ld" --specs=nosys.specs -Wl,-Map="250708_OV7670.map" -Wl,--gc-sections -static --specs=nano.specs -mfpu=fpv5-d16 -mfloat-abi=hard -mthumb -Wl,--start-group -lc -lm -Wl,--end-group
Finished building target: 250708_OV7670.elf
 
arm-none-eabi-size  250708_OV7670.elf 
arm-none-eabi-objdump -h -S 250708_OV7670.elf  > "250708_OV7670.list"
   text	   data	    bss	    dec	    hex	filename
  51168	    112	 156280	 207560	  32ac8	250708_OV7670.elf
Finished building: default.size.stdout
 
Finished building: 250708_OV7670.list
 
13:51:32 **** Incremental Build of configuration Debug for project 250708_OV7670 ****
make -j16 all 
arm-none-eabi-gcc "../Core/Src/main.c" -mcpu=cortex-m7 -std=gnu11 -g3 -DDEBUG -DUSE_PWR_LDO_SUPPLY -DUSE_HAL_DRIVER -DSTM32H743xx -c -I../Core/Inc -I../Drivers/STM32H7xx_HAL_Driver/Inc -I../Drivers/STM32H7xx_HAL_Driver/Inc/Legacy -I../Drivers/CMSIS/Device/ST/STM32H7xx/Include -I../Drivers/CMSIS/Include -I"C:/harman/STM32Cube/250708_OV7670/Core/Lib/ili9341" -I"C:/harman/STM32Cube/250708_OV7670/Core/OV7670" -O0 -ffunction-sections -fdata-sections -Wall -fstack-usage -fcyclomatic-complexity -MMD -MP -MF"Core/Src/main.d" -MT"Core/Src/main.o" --specs=nano.specs -mfpu=fpv5-d16 -mfloat-abi=hard -mthumb -o "Core/Src/main.o"
arm-none-eabi-gcc -o "250708_OV7670.elf" @"objects.list"   -mcpu=cortex-m7 -T"C:\harman\STM32Cube\250708_OV7670\STM32H743XIHX_FLASH.ld" --specs=nosys.specs -Wl,-Map="250708_OV7670.map" -Wl,--gc-sections -static --specs=nano.specs -mfpu=fpv5-d16 -mfloat-abi=hard -mthumb -Wl,--start-group -lc -lm -Wl,--end-group
Finished building target: 250708_OV7670.elf
 
arm-none-eabi-size  250708_OV7670.elf 
arm-none-eabi-objdump -h -S 250708_OV7670.elf  > "250708_OV7670.list"
   text	   data	    bss	    dec	    hex	filename
  51168	    112	 156280	 207560	  32ac8	250708_OV7670.elf
Finished building: default.size.stdout
 
Finished building: 250708_OV7670.list
 
13:53:58 **** Incremental Build of configuration Debug for project 250708_OV7670 ****
make -j16 all 
arm-none-eabi-gcc "../Core/Src/main.c" -mcpu=cortex-m7 -std=gnu11 -g3 -DDEBUG -DUSE_PWR_LDO_SUPPLY -DUSE_HAL_DRIVER -DSTM32H743xx -c -I../Core/Inc -I../Drivers/STM32H7xx_HAL_Driver/Inc -I../Drivers/STM32H7xx_HAL_Driver/Inc/Legacy -I../Drivers/CMSIS/Device/ST/STM32H7xx/Include -I../Drivers/CMSIS/Include -I"C:/harman/STM32Cube/250708_OV7670/Core/Lib/ili9341" -I"C:/harman/STM32Cube/250708_OV7670/Core/OV7670" -O0 -ffunction-sections -fdata-sections -Wall -fstack-usage -fcyclomatic-complexity -MMD -MP -MF"Core/Src/main.d" -MT"Core/Src/main.o" --specs=nano.specs -mfpu=fpv5-d16 -mfloat-abi=hard -mthumb -o "Core/Src/main.o"
arm-none-eabi-gcc -o "250708_OV7670.elf" @"objects.list"   -mcpu=cortex-m7 -T"C:\harman\STM32Cube\250708_OV7670\STM32H743XIHX_FLASH.ld" --specs=nosys.specs -Wl,-Map="250708_OV7670.map" -Wl,--gc-sections -static --specs=nano.specs -mfpu=fpv5-d16 -mfloat-abi=hard -mthumb -Wl,--start-group -lc -lm -Wl,--end-group
Finished building target: 250708_OV7670.elf
 
arm-none-eabi-size  250708_OV7670.elf 
arm-none-eabi-objdump -h -S 250708_OV7670.elf  > "250708_OV7670.list"
   text	   data	    bss	    dec	    hex	filename
  51168	    112	 156280	 207560	  32ac8	250708_OV7670.elf
Finished building: default.size.stdout
 
Finished building: 250708_OV7670.list
 
13:54:04 **** Incremental Build of configuration Debug for project 250708_OV7670 ****
make -j16 all 
arm-none-eabi-size  250708_OV7670.elf 
   text	   data	    bss	    dec	    hex	filename
  51168	    112	 156280	 207560	  32ac8	250708_OV7670.elf
Finished building: default.size.stdout
 
13:55:40 **** Incremental Build of configuration Debug for project 250708_OV7670 ****
make -j16 all 
arm-none-eabi-gcc "../Core/Src/main.c" -mcpu=cortex-m7 -std=gnu11 -g3 -DDEBUG -DUSE_PWR_LDO_SUPPLY -DUSE_HAL_DRIVER -DSTM32H743xx -c -I../Core/Inc -I../Drivers/STM32H7xx_HAL_Driver/Inc -I../Drivers/STM32H7xx_HAL_Driver/Inc/Legacy -I../Drivers/CMSIS/Device/ST/STM32H7xx/Include -I../Drivers/CMSIS/Include -I"C:/harman/STM32Cube/250708_OV7670/Core/Lib/ili9341" -I"C:/harman/STM32Cube/250708_OV7670/Core/OV7670" -O0 -ffunction-sections -fdata-sections -Wall -fstack-usage -fcyclomatic-complexity -MMD -MP -MF"Core/Src/main.d" -MT"Core/Src/main.o" --specs=nano.specs -mfpu=fpv5-d16 -mfloat-abi=hard -mthumb -o "Core/Src/main.o"
arm-none-eabi-gcc -o "250708_OV7670.elf" @"objects.list"   -mcpu=cortex-m7 -T"C:\harman\STM32Cube\250708_OV7670\STM32H743XIHX_FLASH.ld" --specs=nosys.specs -Wl,-Map="250708_OV7670.map" -Wl,--gc-sections -static --specs=nano.specs -mfpu=fpv5-d16 -mfloat-abi=hard -mthumb -Wl,--start-group -lc -lm -Wl,--end-group
Finished building target: 250708_OV7670.elf
 
arm-none-eabi-size  250708_OV7670.elf 
arm-none-eabi-objdump -h -S 250708_OV7670.elf  > "250708_OV7670.list"
   text	   data	    bss	    dec	    hex	filename
  51168	    112	 156280	 207560	  32ac8	250708_OV7670.elf
Finished building: default.size.stdout
 
Finished building: 250708_OV7670.list
 
15:10:56 **** Incremental Build of configuration Debug for project 250708_OV7670 ****
make -j16 all 
arm-none-eabi-size  250708_OV7670.elf 
   text	   data	    bss	    dec	    hex	filename
  51168	    112	 156280	 207560	  32ac8	250708_OV7670.elf
Finished building: default.size.stdout
 
15:15:04 **** Incremental Build of configuration Debug for project 250708_OV7670 ****
make -j16 all 
arm-none-eabi-size  250708_OV7670.elf 
   text	   data	    bss	    dec	    hex	filename
  51168	    112	 156280	 207560	  32ac8	250708_OV7670.elf
Finished building: default.size.stdout
 
16:07:47 **** Incremental Build of configuration Debug for project 250708_OV7670 ****
make -j16 all 
arm-none-eabi-gcc "../Core/Src/main.c" -mcpu=cortex-m7 -std=gnu11 -g3 -DDEBUG -DUSE_PWR_LDO_SUPPLY -DUSE_HAL_DRIVER -DSTM32H743xx -c -I../Core/Inc -I../Drivers/STM32H7xx_HAL_Driver/Inc -I../Drivers/STM32H7xx_HAL_Driver/Inc/Legacy -I../Drivers/CMSIS/Device/ST/STM32H7xx/Include -I../Drivers/CMSIS/Include -I"C:/harman/STM32Cube/250708_OV7670/Core/Lib/ili9341" -I"C:/harman/STM32Cube/250708_OV7670/Core/OV7670" -O0 -ffunction-sections -fdata-sections -Wall -fstack-usage -fcyclomatic-complexity -MMD -MP -MF"Core/Src/main.d" -MT"Core/Src/main.o" --specs=nano.specs -mfpu=fpv5-d16 -mfloat-abi=hard -mthumb -o "Core/Src/main.o"
arm-none-eabi-gcc -o "250708_OV7670.elf" @"objects.list"   -mcpu=cortex-m7 -T"C:\harman\STM32Cube\250708_OV7670\STM32H743XIHX_FLASH.ld" --specs=nosys.specs -Wl,-Map="250708_OV7670.map" -Wl,--gc-sections -static --specs=nano.specs -mfpu=fpv5-d16 -mfloat-abi=hard -mthumb -Wl,--start-group -lc -lm -Wl,--end-group
Finished building target: 250708_OV7670.elf
 
arm-none-eabi-size  250708_OV7670.elf 
arm-none-eabi-objdump -h -S 250708_OV7670.elf  > "250708_OV7670.list"
   text	   data	    bss	    dec	    hex	filename
  51168	    112	 156280	 207560	  32ac8	250708_OV7670.elf
Finished building: default.size.stdout
 
Finished building: 250708_OV7670.list
 
