../Core/ap/src/Presenter.c:22:6:Presenter_OutData	16	static
../Core/ap/src/Presenter.c:27:6:Presenter_Excute	8	static
../Core/ap/src/Presenter.c:36:6:Presenter_DispTimeWatch	16	static
../Core/ap/src/Presenter.c:41:6:Presenter_DispStopWatch	16	static
../Core/ap/src/Presenter.c:47:6:Presenter_DisTimeWatchFnd	16	static
../Core/ap/src/Presenter.c:57:6:Presenter_DisStopWatchFnd	16	static
../Core/ap/src/Presenter.c:73:6:Presenter_DisMonitorTimeWatch	88	static
../Core/ap/src/Presenter.c:78:6:Presenter_DisMonitorStopWatch	88	static
